#
# There is insufficient memory for the Java Runtime Environment to continue.
# Native memory allocation (malloc) failed to allocate 32744 bytes. Error detail: Chunk::new
# Possible reasons:
#   The system is out of physical RAM or swap space
#   This process is running with CompressedOops enabled, and the Java Heap may be blocking the growth of the native heap
# Possible solutions:
#   Reduce memory load on the system
#   Increase physical memory or swap space
#   Check if swap backing store is full
#   Decrease Java heap size (-Xmx/-Xms)
#   Decrease number of Java threads
#   Decrease Java thread stack sizes (-Xss)
#   Set larger code cache with -XX:ReservedCodeCacheSize=
#   JVM is running with Unscaled Compressed Oops mode in which the Java heap is
#     placed in the first 4GB address space. The Java Heap base address is the
#     maximum limit for the native heap growth. Please use -XX:HeapBaseMinAddress
#     to set the Java Heap base and to place the Java Heap above 4GB virtual address.
# This output file may be truncated or incomplete.
#
#  Out of Memory Error (arena.cpp:168), pid=41036, tid=41176
#
# JRE version: OpenJDK Runtime Environment Temurin-21.0.12.1+1 (21.0.12.1+1) (build 21.0.12.1+1-LTS)
# Java VM: OpenJDK 64-Bit Server VM Temurin-21.0.12.1+1 (21.0.12.1+1-LTS, mixed mode, sharing, tiered, compressed oops, compressed class ptrs, g1 gc, windows-amd64)
# No core dump will be written. Minidumps are not enabled by default on client versions of Windows
#

---------------  S U M M A R Y ------------

Command Line: --add-opens=java.base/java.lang=ALL-UNNAMED --add-opens=java.base/java.lang.invoke=ALL-UNNAMED --add-opens=java.base/java.util=ALL-UNNAMED --add-opens=java.prefs/java.util.prefs=ALL-UNNAMED --add-exports=jdk.compiler/com.sun.tools.javac.api=ALL-UNNAMED --add-exports=jdk.compiler/com.sun.tools.javac.util=ALL-UNNAMED --add-opens=java.base/java.util=ALL-UNNAMED --add-opens=java.prefs/java.util.prefs=ALL-UNNAMED --add-opens=java.base/java.nio.charset=ALL-UNNAMED --add-opens=java.base/java.net=ALL-UNNAMED --add-opens=java.base/java.util.concurrent.atomic=ALL-UNNAMED --add-opens=java.xml/javax.xml.namespace=ALL-UNNAMED -Xmx1536m -Dfile.encoding=UTF-8 -Duser.country=ES -Duser.language=es -Duser.variant -javaagent:C:\Users\Lucas Hernandez\.gradle\wrapper\dists\gradle-8.14.3-all\10utluxaxniiv4wxiphsi49nj\gradle-8.14.3\lib\agents\gradle-instrumentation-agent-8.14.3.jar org.gradle.launcher.daemon.bootstrap.GradleDaemon 8.14.3

Host: AMD Ryzen 5 7430U with Radeon Graphics, 12 cores, 15G,  Windows 11 , 64 bit Build 26100 (10.0.26100.9444)
Time: Wed Oct  7 16:07:49 2026 Hora de verano romance elapsed time: 68.495064 seconds (0d 0h 1m 8s)

---------------  T H R E A D  ---------------

Current thread (0x0000015e5802db40):  JavaThread "C2 CompilerThread0" daemon [_thread_in_native, id=41176, stack(0x0000004f50700000,0x0000004f50800000) (1024K)]


Current CompileTask:
C2:68495 3652       4       java.io.DataInputStream::readFully (59 bytes)

Stack: [0x0000004f50700000,0x0000004f50800000]
Native frames: (J=compiled Java code, j=interpreted, Vv=VM code, C=native code)
V  [jvm.dll+0x6d83e9]
V  [jvm.dll+0x8b5736]
V  [jvm.dll+0x8b7cee]
V  [jvm.dll+0x8b83d3]
V  [jvm.dll+0x284596]
V  [jvm.dll+0xc685d]
V  [jvm.dll+0xc6da1]
V  [jvm.dll+0x1489ce]
V  [jvm.dll+0x14794b]
V  [jvm.dll+0x6dd958]
V  [jvm.dll+0x24cacb]
V  [jvm.dll+0x24bce0]
V  [jvm.dll+0x1cb4ae]
V  [jvm.dll+0x25baad]
V  [jvm.dll+0x25a03a]
V  [jvm.dll+0x3f8aae]
V  [jvm.dll+0x8600cd]
V  [jvm.dll+0x6d6c1d]
C  [ucrtbase.dll+0x2cd30]
C  [KERNEL32.DLL+0x2cd87]
C  [ntdll.dll+0xacaec]


---------------  P R O C E S S  ---------------

Threads class SMR info:
_java_thread_list=0x0000015e5e3ba160, length=29, elements={
0x0000015e7fca0e30, 0x0000015e58025f80, 0x0000015e58027700, 0x0000015e5802ae90,
0x0000015e5802b8f0, 0x0000015e5802c350, 0x0000015e5802cdb0, 0x0000015e5802db40,
0x0000015e58033620, 0x0000015e58227f70, 0x0000015e581de910, 0x0000015e584cdbe0,
0x0000015e58542810, 0x0000015e5d3ed1f0, 0x0000015e5d4776c0, 0x0000015e58226cf0,
0x0000015e5dd777e0, 0x0000015e5d164b10, 0x0000015e5d165ec0, 0x0000015e5d1651a0,
0x0000015e5d164480, 0x0000015e5d167900, 0x0000015e5d165830, 0x0000015e5d166550,
0x0000015e5d166be0, 0x0000015e5fc97f80, 0x0000015e5fc98ca0, 0x0000015e5fc9a6e0,
0x0000015e5fc99330
}

Java Threads: ( => current thread )
  0x0000015e7fca0e30 JavaThread "main"                              [_thread_blocked, id=41096, stack(0x0000004f4f900000,0x0000004f4fa00000) (1024K)]
  0x0000015e58025f80 JavaThread "Reference Handler"          daemon [_thread_blocked, id=41152, stack(0x0000004f50100000,0x0000004f50200000) (1024K)]
  0x0000015e58027700 JavaThread "Finalizer"                  daemon [_thread_blocked, id=41156, stack(0x0000004f50200000,0x0000004f50300000) (1024K)]
  0x0000015e5802ae90 JavaThread "Signal Dispatcher"          daemon [_thread_blocked, id=41160, stack(0x0000004f50300000,0x0000004f50400000) (1024K)]
  0x0000015e5802b8f0 JavaThread "Attach Listener"            daemon [_thread_blocked, id=41164, stack(0x0000004f50400000,0x0000004f50500000) (1024K)]
  0x0000015e5802c350 JavaThread "Service Thread"             daemon [_thread_blocked, id=41168, stack(0x0000004f50500000,0x0000004f50600000) (1024K)]
  0x0000015e5802cdb0 JavaThread "Monitor Deflation Thread"   daemon [_thread_blocked, id=41172, stack(0x0000004f50600000,0x0000004f50700000) (1024K)]
=>0x0000015e5802db40 JavaThread "C2 CompilerThread0"         daemon [_thread_in_native, id=41176, stack(0x0000004f50700000,0x0000004f50800000) (1024K)]
  0x0000015e58033620 JavaThread "C1 CompilerThread0"         daemon [_thread_blocked, id=41180, stack(0x0000004f50800000,0x0000004f50900000) (1024K)]
  0x0000015e58227f70 JavaThread "Common-Cleaner"             daemon [_thread_blocked, id=41188, stack(0x0000004f50900000,0x0000004f50a00000) (1024K)]
  0x0000015e581de910 JavaThread "Notification Thread"        daemon [_thread_blocked, id=41192, stack(0x0000004f50a00000,0x0000004f50b00000) (1024K)]
  0x0000015e584cdbe0 JavaThread "Daemon health stats"               [_thread_blocked, id=42740, stack(0x0000004f50f00000,0x0000004f51000000) (1024K)]
  0x0000015e58542810 JavaThread "Incoming local TCP Connector on port 62010"        [_thread_in_native, id=43004, stack(0x0000004f51000000,0x0000004f51100000) (1024K)]
  0x0000015e5d3ed1f0 JavaThread "Daemon periodic checks"            [_thread_blocked, id=40884, stack(0x0000004f51100000,0x0000004f51200000) (1024K)]
  0x0000015e5d4776c0 JavaThread "Daemon"                            [_thread_blocked, id=41720, stack(0x0000004f51200000,0x0000004f51300000) (1024K)]
  0x0000015e58226cf0 JavaThread "Handler for socket connection from /127.0.0.1:62010 to /127.0.0.1:62011"        [_thread_in_native, id=41724, stack(0x0000004f51300000,0x0000004f51400000) (1024K)]
  0x0000015e5dd777e0 JavaThread "Cancel handler"                    [_thread_blocked, id=41228, stack(0x0000004f51400000,0x0000004f51500000) (1024K)]
  0x0000015e5d164b10 JavaThread "Daemon worker"                     [_thread_in_Java, id=37524, stack(0x0000004f51500000,0x0000004f51600000) (1024K)]
  0x0000015e5d165ec0 JavaThread "Asynchronous log dispatcher for DefaultDaemonConnection: socket connection from /127.0.0.1:62010 to /127.0.0.1:62011"        [_thread_blocked, id=28336, stack(0x0000004f51600000,0x0000004f51700000) (1024K)]
  0x0000015e5d1651a0 JavaThread "Stdin handler"                     [_thread_blocked, id=11552, stack(0x0000004f51700000,0x0000004f51800000) (1024K)]
  0x0000015e5d164480 JavaThread "Daemon client event forwarder"        [_thread_blocked, id=4640, stack(0x0000004f51800000,0x0000004f51900000) (1024K)]
  0x0000015e5d167900 JavaThread "Cache worker for journal cache (C:\Users\Lucas Hernandez\.gradle\caches\journal-1)"        [_thread_blocked, id=33296, stack(0x0000004f51900000,0x0000004f51a00000) (1024K)]
  0x0000015e5d165830 JavaThread "File lock request listener"        [_thread_in_native, id=8464, stack(0x0000004f51a00000,0x0000004f51b00000) (1024K)]
  0x0000015e5d166550 JavaThread "File lock release action executor"        [_thread_blocked, id=32756, stack(0x0000004f51b00000,0x0000004f51c00000) (1024K)]
  0x0000015e5d166be0 JavaThread "Cache worker for file hash cache (C:\Users\Lucas Hernandez\.gradle\caches\8.14.3\fileHashes)"        [_thread_blocked, id=15720, stack(0x0000004f51c00000,0x0000004f51d00000) (1024K)]
  0x0000015e5fc97f80 JavaThread "Cache worker for file hash cache (C:\Users\Lucas Hernandez\OneDrive - UDIT\Documents\DI\dam2-productos-archivos\android\.gradle\8.14.3\fileHashes)"        [_thread_blocked, id=35696, stack(0x0000004f4f600000,0x0000004f4f700000) (1024K)]
  0x0000015e5fc98ca0 JavaThread "Cache worker for Build Output Cleanup Cache (C:\Users\Lucas Hernandez\OneDrive - UDIT\Documents\DI\dam2-productos-archivos\android\.gradle\buildOutputCleanup)"        [_thread_blocked, id=40280, stack(0x0000004f52400000,0x0000004f52500000) (1024K)]
  0x0000015e5fc9a6e0 JavaThread "File watcher server"        daemon [_thread_in_native, id=5248, stack(0x0000004f52500000,0x0000004f52600000) (1024K)]
  0x0000015e5fc99330 JavaThread "File watcher consumer"      daemon [_thread_blocked, id=26712, stack(0x0000004f52600000,0x0000004f52700000) (1024K)]
Total: 29

Other Threads:
  0x0000015e5800b6d0 VMThread "VM Thread"                           [id=41140, stack(0x0000004f50000000,0x0000004f50100000) (1024K)]
  0x0000015e16f37ed0 WatcherThread "VM Periodic Task Thread"        [id=41136, stack(0x0000004f4ff00000,0x0000004f50000000) (1024K)]
  0x0000015e7fcecbc0 WorkerThread "GC Thread#0"                     [id=41108, stack(0x0000004f4fa00000,0x0000004f4fb00000) (1024K)]
  0x0000015e58360cd0 WorkerThread "GC Thread#1"                     [id=41288, stack(0x0000004f50b00000,0x0000004f50c00000) (1024K)]
  0x0000015e58361080 WorkerThread "GC Thread#2"                     [id=41292, stack(0x0000004f50c00000,0x0000004f50d00000) (1024K)]
  0x0000015e58361430 WorkerThread "GC Thread#3"                     [id=41296, stack(0x0000004f50d00000,0x0000004f50e00000) (1024K)]
  0x0000015e583617e0 WorkerThread "GC Thread#4"                     [id=41300, stack(0x0000004f50e00000,0x0000004f50f00000) (1024K)]
  0x0000015e5e3f9160 WorkerThread "GC Thread#5"                     [id=43812, stack(0x0000004f51d00000,0x0000004f51e00000) (1024K)]
  0x0000015e5e3f8650 WorkerThread "GC Thread#6"                     [id=43816, stack(0x0000004f51e00000,0x0000004f51f00000) (1024K)]
  0x0000015e5e3f8db0 WorkerThread "GC Thread#7"                     [id=43820, stack(0x0000004f51f00000,0x0000004f52000000) (1024K)]
  0x0000015e5f20e4b0 WorkerThread "GC Thread#8"                     [id=43824, stack(0x0000004f52000000,0x0000004f52100000) (1024K)]
  0x0000015e5f20ec10 WorkerThread "GC Thread#9"                     [id=43828, stack(0x0000004f52100000,0x0000004f52200000) (1024K)]
  0x0000015e7fcf99c0 ConcurrentGCThread "G1 Main Marker"            [id=41112, stack(0x0000004f4fb00000,0x0000004f4fc00000) (1024K)]
  0x0000015e7fcfa2e0 WorkerThread "G1 Conc#0"                       [id=41116, stack(0x0000004f4fc00000,0x0000004f4fd00000) (1024K)]
  0x0000015e5f20bc20 WorkerThread "G1 Conc#1"                       [id=43528, stack(0x0000004f52200000,0x0000004f52300000) (1024K)]
  0x0000015e5f20d9a0 WorkerThread "G1 Conc#2"                       [id=39344, stack(0x0000004f52300000,0x0000004f52400000) (1024K)]
  0x0000015e16e052b0 ConcurrentGCThread "G1 Refine#0"               [id=41120, stack(0x0000004f4fd00000,0x0000004f4fe00000) (1024K)]
  0x0000015e16e05ae0 ConcurrentGCThread "G1 Service"                [id=41124, stack(0x0000004f4fe00000,0x0000004f4ff00000) (1024K)]
Total: 18

Threads with active compile tasks:
C2 CompilerThread0  68523 3652       4       java.io.DataInputStream::readFully (59 bytes)
Total: 1

VM state: not at safepoint (normal execution)

VM Mutex/Monitor currently owned by a thread: None

Heap address: 0x00000000a0000000, size: 1536 MB, Compressed Oops mode: 32-bit

CDS archive(s) mapped at: [0x0000015e17000000-0x0000015e17ba0000-0x0000015e17ba0000), size 12189696, SharedBaseAddress: 0x0000015e17000000, ArchiveRelocationMode: 1.
Compressed class space mapped at: 0x0000015e18000000-0x0000015e58000000, reserved size: 1073741824
Narrow klass base: 0x0000015e17000000, Narrow klass shift: 0, Narrow klass range: 0x100000000

GC Precious Log:
 CardTable entry size: 512
 Card Set container configuration: InlinePtr #cards 5 size 8 Array Of Cards #cards 12 size 40 Howl #buckets 4 coarsen threshold 1843 Howl Bitmap #cards 512 size 80 coarsen threshold 460 Card regions per heap region 1 cards per card region 2048
 CPUs: 12 total, 12 available
 Memory: 15754M
 Large Page Support: Disabled
 NUMA Support: Disabled
 Compressed Oops: Enabled (32-bit)
 Heap Region Size: 1M
 Heap Min Capacity: 8M
 Heap Initial Capacity: 248M
 Heap Max Capacity: 1536M
 Pre-touch: Disabled
 Parallel Workers: 10
 Concurrent Workers: 3
 Concurrent Refinement Workers: 10
 Periodic GC: Disabled

Heap:
 garbage-first heap   total 89088K, used 65319K [0x00000000a0000000, 0x0000000100000000)
  region size 1024K, 43 young (44032K), 3 survivors (3072K)
 Metaspace       used 25964K, committed 26880K, reserved 1114112K
  class space    used 3905K, committed 4352K, reserved 1048576K

Heap Regions: E=young(eden), S=young(survivor), O=old, HS=humongous(starts), HC=humongous(continues), CS=collection set, F=free, TAMS=top-at-mark-start, PB=parsable bottom
|   0|0x00000000a0000000, 0x00000000a0100000, 0x00000000a0100000|100%|HS|  |TAMS 0x00000000a0000000| PB 0x00000000a0000000| Complete 
|   1|0x00000000a0100000, 0x00000000a0200000, 0x00000000a0200000|100%|HC|  |TAMS 0x00000000a0100000| PB 0x00000000a0100000| Complete 
|   2|0x00000000a0200000, 0x00000000a0300000, 0x00000000a0300000|100%|HC|  |TAMS 0x00000000a0200000| PB 0x00000000a0200000| Complete 
|   3|0x00000000a0300000, 0x00000000a0400000, 0x00000000a0400000|100%| O|  |TAMS 0x00000000a0300000| PB 0x00000000a0300000| Untracked 
|   4|0x00000000a0400000, 0x00000000a0500000, 0x00000000a0500000|100%| O|  |TAMS 0x00000000a0400000| PB 0x00000000a0400000| Untracked 
|   5|0x00000000a0500000, 0x00000000a0600000, 0x00000000a0600000|100%| O|  |TAMS 0x00000000a0500000| PB 0x00000000a0500000| Untracked 
|   6|0x00000000a0600000, 0x00000000a0700000, 0x00000000a0700000|100%|HS|  |TAMS 0x00000000a0600000| PB 0x00000000a0600000| Complete 
|   7|0x00000000a0700000, 0x00000000a0800000, 0x00000000a0800000|100%| O|  |TAMS 0x00000000a0700000| PB 0x00000000a0700000| Untracked 
|   8|0x00000000a0800000, 0x00000000a0900000, 0x00000000a0900000|100%| O|  |TAMS 0x00000000a0800000| PB 0x00000000a0800000| Untracked 
|   9|0x00000000a0900000, 0x00000000a0a00000, 0x00000000a0a00000|100%| O|  |TAMS 0x00000000a0900000| PB 0x00000000a0900000| Untracked 
|  10|0x00000000a0a00000, 0x00000000a0b00000, 0x00000000a0b00000|100%| O|  |TAMS 0x00000000a0a00000| PB 0x00000000a0a00000| Untracked 
|  11|0x00000000a0b00000, 0x00000000a0c00000, 0x00000000a0c00000|100%| O|  |TAMS 0x00000000a0b00000| PB 0x00000000a0b00000| Untracked 
|  12|0x00000000a0c00000, 0x00000000a0d00000, 0x00000000a0d00000|100%| O|  |TAMS 0x00000000a0c00000| PB 0x00000000a0c00000| Untracked 
|  13|0x00000000a0d00000, 0x00000000a0e00000, 0x00000000a0e00000|100%| O|  |TAMS 0x00000000a0d00000| PB 0x00000000a0d00000| Untracked 
|  14|0x00000000a0e00000, 0x00000000a0f00000, 0x00000000a0f00000|100%| O|  |TAMS 0x00000000a0e00000| PB 0x00000000a0e00000| Untracked 
|  15|0x00000000a0f00000, 0x00000000a1000000, 0x00000000a1000000|100%| O|  |TAMS 0x00000000a0f00000| PB 0x00000000a0f00000| Untracked 
|  16|0x00000000a1000000, 0x00000000a1100000, 0x00000000a1100000|100%| O|  |TAMS 0x00000000a1000000| PB 0x00000000a1000000| Untracked 
|  17|0x00000000a1100000, 0x00000000a1200000, 0x00000000a1200000|100%| O|  |TAMS 0x00000000a1100000| PB 0x00000000a1100000| Untracked 
|  18|0x00000000a1200000, 0x00000000a1300000, 0x00000000a1300000|100%| O|  |TAMS 0x00000000a1200000| PB 0x00000000a1200000| Untracked 
|  19|0x00000000a1300000, 0x00000000a1400000, 0x00000000a1400000|100%| O|  |TAMS 0x00000000a1300000| PB 0x00000000a1300000| Untracked 
|  20|0x00000000a1400000, 0x00000000a1500000, 0x00000000a1500000|100%| O|  |TAMS 0x00000000a1400000| PB 0x00000000a1400000| Untracked 
|  21|0x00000000a1500000, 0x00000000a1600000, 0x00000000a1600000|100%| O|  |TAMS 0x00000000a1500000| PB 0x00000000a1500000| Untracked 
|  22|0x00000000a1600000, 0x00000000a1699800, 0x00000000a1700000| 59%| O|Cm|TAMS 0x00000000a1600000| PB 0x00000000a1600000| Complete 
|  23|0x00000000a1700000, 0x00000000a1700000, 0x00000000a1800000|  0%| F|  |TAMS 0x00000000a1700000| PB 0x00000000a1700000| Untracked 
|  24|0x00000000a1800000, 0x00000000a1800000, 0x00000000a1900000|  0%| F|  |TAMS 0x00000000a1800000| PB 0x00000000a1800000| Untracked 
|  25|0x00000000a1900000, 0x00000000a1900000, 0x00000000a1a00000|  0%| F|  |TAMS 0x00000000a1900000| PB 0x00000000a1900000| Untracked 
|  26|0x00000000a1a00000, 0x00000000a1a00000, 0x00000000a1b00000|  0%| F|  |TAMS 0x00000000a1a00000| PB 0x00000000a1a00000| Untracked 
|  27|0x00000000a1b00000, 0x00000000a1b00000, 0x00000000a1c00000|  0%| F|  |TAMS 0x00000000a1b00000| PB 0x00000000a1b00000| Untracked 
|  28|0x00000000a1c00000, 0x00000000a1c00000, 0x00000000a1d00000|  0%| F|  |TAMS 0x00000000a1c00000| PB 0x00000000a1c00000| Untracked 
|  29|0x00000000a1d00000, 0x00000000a1d00000, 0x00000000a1e00000|  0%| F|  |TAMS 0x00000000a1d00000| PB 0x00000000a1d00000| Untracked 
|  30|0x00000000a1e00000, 0x00000000a1e00000, 0x00000000a1f00000|  0%| F|  |TAMS 0x00000000a1e00000| PB 0x00000000a1e00000| Untracked 
|  31|0x00000000a1f00000, 0x00000000a1f00000, 0x00000000a2000000|  0%| F|  |TAMS 0x00000000a1f00000| PB 0x00000000a1f00000| Untracked 
|  32|0x00000000a2000000, 0x00000000a2000000, 0x00000000a2100000|  0%| F|  |TAMS 0x00000000a2000000| PB 0x00000000a2000000| Untracked 
|  33|0x00000000a2100000, 0x00000000a2100000, 0x00000000a2200000|  0%| F|  |TAMS 0x00000000a2100000| PB 0x00000000a2100000| Untracked 
|  34|0x00000000a2200000, 0x00000000a2200000, 0x00000000a2300000|  0%| F|  |TAMS 0x00000000a2200000| PB 0x00000000a2200000| Untracked 
|  35|0x00000000a2300000, 0x00000000a2300000, 0x00000000a2400000|  0%| F|  |TAMS 0x00000000a2300000| PB 0x00000000a2300000| Untracked 
|  36|0x00000000a2400000, 0x00000000a2400000, 0x00000000a2500000|  0%| F|  |TAMS 0x00000000a2400000| PB 0x00000000a2400000| Untracked 
|  37|0x00000000a2500000, 0x00000000a2500000, 0x00000000a2600000|  0%| F|  |TAMS 0x00000000a2500000| PB 0x00000000a2500000| Untracked 
|  38|0x00000000a2600000, 0x00000000a2600000, 0x00000000a2700000|  0%| F|  |TAMS 0x00000000a2600000| PB 0x00000000a2600000| Untracked 
|  39|0x00000000a2700000, 0x00000000a2700000, 0x00000000a2800000|  0%| F|  |TAMS 0x00000000a2700000| PB 0x00000000a2700000| Untracked 
|  40|0x00000000a2800000, 0x00000000a2800000, 0x00000000a2900000|  0%| F|  |TAMS 0x00000000a2800000| PB 0x00000000a2800000| Untracked 
|  41|0x00000000a2900000, 0x00000000a2900000, 0x00000000a2a00000|  0%| F|  |TAMS 0x00000000a2900000| PB 0x00000000a2900000| Untracked 
|  42|0x00000000a2a00000, 0x00000000a2a00000, 0x00000000a2b00000|  0%| F|  |TAMS 0x00000000a2a00000| PB 0x00000000a2a00000| Untracked 
|  43|0x00000000a2b00000, 0x00000000a2b00000, 0x00000000a2c00000|  0%| F|  |TAMS 0x00000000a2b00000| PB 0x00000000a2b00000| Untracked 
|  44|0x00000000a2c00000, 0x00000000a2d00000, 0x00000000a2d00000|100%| E|  |TAMS 0x00000000a2c00000| PB 0x00000000a2c00000| Complete 
|  45|0x00000000a2d00000, 0x00000000a2e00000, 0x00000000a2e00000|100%| E|CS|TAMS 0x00000000a2d00000| PB 0x00000000a2d00000| Complete 
|  46|0x00000000a2e00000, 0x00000000a2f00000, 0x00000000a2f00000|100%| E|CS|TAMS 0x00000000a2e00000| PB 0x00000000a2e00000| Complete 
|  47|0x00000000a2f00000, 0x00000000a3000000, 0x00000000a3000000|100%| E|CS|TAMS 0x00000000a2f00000| PB 0x00000000a2f00000| Complete 
|  48|0x00000000a3000000, 0x00000000a3100000, 0x00000000a3100000|100%| E|CS|TAMS 0x00000000a3000000| PB 0x00000000a3000000| Complete 
|  49|0x00000000a3100000, 0x00000000a3200000, 0x00000000a3200000|100%| E|CS|TAMS 0x00000000a3100000| PB 0x00000000a3100000| Complete 
|  50|0x00000000a3200000, 0x00000000a3300000, 0x00000000a3300000|100%| E|CS|TAMS 0x00000000a3200000| PB 0x00000000a3200000| Complete 
|  51|0x00000000a3300000, 0x00000000a3400000, 0x00000000a3400000|100%| E|CS|TAMS 0x00000000a3300000| PB 0x00000000a3300000| Complete 
|  52|0x00000000a3400000, 0x00000000a3500000, 0x00000000a3500000|100%| E|CS|TAMS 0x00000000a3400000| PB 0x00000000a3400000| Complete 
|  53|0x00000000a3500000, 0x00000000a3600000, 0x00000000a3600000|100%| E|CS|TAMS 0x00000000a3500000| PB 0x00000000a3500000| Complete 
|  54|0x00000000a3600000, 0x00000000a3700000, 0x00000000a3700000|100%| E|CS|TAMS 0x00000000a3600000| PB 0x00000000a3600000| Complete 
|  55|0x00000000a3700000, 0x00000000a3800000, 0x00000000a3800000|100%| E|CS|TAMS 0x00000000a3700000| PB 0x00000000a3700000| Complete 
|  56|0x00000000a3800000, 0x00000000a3900000, 0x00000000a3900000|100%| E|CS|TAMS 0x00000000a3800000| PB 0x00000000a3800000| Complete 
|  57|0x00000000a3900000, 0x00000000a3a00000, 0x00000000a3a00000|100%| E|CS|TAMS 0x00000000a3900000| PB 0x00000000a3900000| Complete 
|  58|0x00000000a3a00000, 0x00000000a3b00000, 0x00000000a3b00000|100%| E|CS|TAMS 0x00000000a3a00000| PB 0x00000000a3a00000| Complete 
|  59|0x00000000a3b00000, 0x00000000a3c00000, 0x00000000a3c00000|100%| E|CS|TAMS 0x00000000a3b00000| PB 0x00000000a3b00000| Complete 
|  60|0x00000000a3c00000, 0x00000000a3d00000, 0x00000000a3d00000|100%| E|CS|TAMS 0x00000000a3c00000| PB 0x00000000a3c00000| Complete 
|  61|0x00000000a3d00000, 0x00000000a3e00000, 0x00000000a3e00000|100%| E|CS|TAMS 0x00000000a3d00000| PB 0x00000000a3d00000| Complete 
|  62|0x00000000a3e00000, 0x00000000a3f00000, 0x00000000a3f00000|100%| E|CS|TAMS 0x00000000a3e00000| PB 0x00000000a3e00000| Complete 
|  63|0x00000000a3f00000, 0x00000000a4000000, 0x00000000a4000000|100%| E|CS|TAMS 0x00000000a3f00000| PB 0x00000000a3f00000| Complete 
|  64|0x00000000a4000000, 0x00000000a4100000, 0x00000000a4100000|100%| E|CS|TAMS 0x00000000a4000000| PB 0x00000000a4000000| Complete 
|  65|0x00000000a4100000, 0x00000000a4200000, 0x00000000a4200000|100%| E|CS|TAMS 0x00000000a4100000| PB 0x00000000a4100000| Complete 
|  66|0x00000000a4200000, 0x00000000a4300000, 0x00000000a4300000|100%| E|CS|TAMS 0x00000000a4200000| PB 0x00000000a4200000| Complete 
|  67|0x00000000a4300000, 0x00000000a4400000, 0x00000000a4400000|100%| E|CS|TAMS 0x00000000a4300000| PB 0x00000000a4300000| Complete 
|  68|0x00000000a4400000, 0x00000000a4500000, 0x00000000a4500000|100%| E|CS|TAMS 0x00000000a4400000| PB 0x00000000a4400000| Complete 
|  69|0x00000000a4500000, 0x00000000a4600000, 0x00000000a4600000|100%| E|CS|TAMS 0x00000000a4500000| PB 0x00000000a4500000| Complete 
|  70|0x00000000a4600000, 0x00000000a4700000, 0x00000000a4700000|100%| E|CS|TAMS 0x00000000a4600000| PB 0x00000000a4600000| Complete 
|  71|0x00000000a4700000, 0x00000000a4800000, 0x00000000a4800000|100%| E|CS|TAMS 0x00000000a4700000| PB 0x00000000a4700000| Complete 
|  72|0x00000000a4800000, 0x00000000a4900000, 0x00000000a4900000|100%| E|CS|TAMS 0x00000000a4800000| PB 0x00000000a4800000| Complete 
|  73|0x00000000a4900000, 0x00000000a4a00000, 0x00000000a4a00000|100%| E|CS|TAMS 0x00000000a4900000| PB 0x00000000a4900000| Complete 
|  74|0x00000000a4a00000, 0x00000000a4b00000, 0x00000000a4b00000|100%| E|CS|TAMS 0x00000000a4a00000| PB 0x00000000a4a00000| Complete 
|  75|0x00000000a4b00000, 0x00000000a4c00000, 0x00000000a4c00000|100%| E|CS|TAMS 0x00000000a4b00000| PB 0x00000000a4b00000| Complete 
|  76|0x00000000a4c00000, 0x00000000a4d00000, 0x00000000a4d00000|100%| E|CS|TAMS 0x00000000a4c00000| PB 0x00000000a4c00000| Complete 
|  77|0x00000000a4d00000, 0x00000000a4e00000, 0x00000000a4e00000|100%| E|CS|TAMS 0x00000000a4d00000| PB 0x00000000a4d00000| Complete 
|  78|0x00000000a4e00000, 0x00000000a4f00000, 0x00000000a4f00000|100%| E|CS|TAMS 0x00000000a4e00000| PB 0x00000000a4e00000| Complete 
|  79|0x00000000a4f00000, 0x00000000a5000000, 0x00000000a5000000|100%| E|CS|TAMS 0x00000000a4f00000| PB 0x00000000a4f00000| Complete 
|  80|0x00000000a5000000, 0x00000000a5100000, 0x00000000a5100000|100%| E|CS|TAMS 0x00000000a5000000| PB 0x00000000a5000000| Complete 
|  81|0x00000000a5100000, 0x00000000a5200000, 0x00000000a5200000|100%| E|CS|TAMS 0x00000000a5100000| PB 0x00000000a5100000| Complete 
|  82|0x00000000a5200000, 0x00000000a5300000, 0x00000000a5300000|100%| E|CS|TAMS 0x00000000a5200000| PB 0x00000000a5200000| Complete 
| 232|0x00000000ae800000, 0x00000000ae8306f8, 0x00000000ae900000| 18%| S|CS|TAMS 0x00000000ae800000| PB 0x00000000ae800000| Complete 
| 233|0x00000000ae900000, 0x00000000aea00000, 0x00000000aea00000|100%| S|CS|TAMS 0x00000000ae900000| PB 0x00000000ae900000| Complete 
| 234|0x00000000aea00000, 0x00000000aeb00000, 0x00000000aeb00000|100%| S|CS|TAMS 0x00000000aea00000| PB 0x00000000aea00000| Complete 
| 247|0x00000000af700000, 0x00000000af800000, 0x00000000af800000|100%| E|CS|TAMS 0x00000000af700000| PB 0x00000000af700000| Complete 

Card table byte_map: [0x0000015e12770000,0x0000015e12a70000] _byte_map_base: 0x0000015e12270000

Marking Bits: (CMBitMap*) 0x0000015e7fced0e0
 Bits: [0x0000015e12a70000, 0x0000015e14270000)

Polling page: 0x0000015e7ded0000

Metaspace:

Usage:
  Non-class:     21.55 MB used.
      Class:      3.81 MB used.
       Both:     25.36 MB used.

Virtual space:
  Non-class space:       64.00 MB reserved,      22.00 MB ( 34%) committed,  1 nodes.
      Class space:        1.00 GB reserved,       4.25 MB ( <1%) committed,  1 nodes.
             Both:        1.06 GB reserved,      26.25 MB (  2%) committed. 

Chunk freelists:
   Non-Class:  9.20 MB
       Class:  11.57 MB
        Both:  20.77 MB

MaxMetaspaceSize: unlimited
CompressedClassSpaceSize: 1.00 GB
Initial GC threshold: 21.00 MB
Current GC threshold: 35.25 MB
CDS: on
 - commit_granule_bytes: 65536.
 - commit_granule_words: 8192.
 - virtual_space_node_default_size: 8388608.
 - enlarge_chunks_in_place: 1.
 - use_allocation_guard: 0.


Internal statistics:

num_allocs_failed_limit: 3.
num_arena_births: 1466.
num_arena_deaths: 0.
num_vsnodes_births: 2.
num_vsnodes_deaths: 0.
num_space_committed: 420.
num_space_uncommitted: 0.
num_chunks_returned_to_freelist: 3.
num_chunks_taken_from_freelist: 2656.
num_chunk_merges: 3.
num_chunk_splits: 1694.
num_chunks_enlarged: 1028.
num_inconsistent_stats: 0.

CodeHeap 'non-profiled nmethods': size=120000Kb used=2209Kb max_used=2209Kb free=117790Kb
 bounds [0x0000015e0ac10000, 0x0000015e0ae80000, 0x0000015e12140000]
CodeHeap 'profiled nmethods': size=120000Kb used=7373Kb max_used=7373Kb free=112626Kb
 bounds [0x0000015e03140000, 0x0000015e03880000, 0x0000015e0a670000]
CodeHeap 'non-nmethods': size=5760Kb used=1446Kb max_used=1464Kb free=4313Kb
 bounds [0x0000015e0a670000, 0x0000015e0a8e0000, 0x0000015e0ac10000]
CodeCache: size=245760Kb, used=11028Kb, max_used=11046Kb, free=234729Kb
 total_blobs=4240, nmethods=3653, adapters=489, full_count=0
Compilation: enabled, stopped_count=0, restarted_count=0

Compilation events (20 events):
Event: 68.445 Thread 0x0000015e58033620 3644  s    1       java.net.DatagramPacket::getAddress (5 bytes)
Event: 68.445 Thread 0x0000015e58033620 nmethod 3644 0x0000015e0ae37510 code [0x0000015e0ae376a0, 0x0000015e0ae37828]
Event: 68.455 Thread 0x0000015e5802db40 3646       4       java.io.BufferedInputStream::getBufIfOpen (6 bytes)
Event: 68.456 Thread 0x0000015e58033620 3647       1       sun.util.calendar.BaseCalendar$Date::getCachedJan1 (5 bytes)
Event: 68.456 Thread 0x0000015e58033620 nmethod 3647 0x0000015e0ae37b90 code [0x0000015e0ae37d20, 0x0000015e0ae37de8]
Event: 68.456 Thread 0x0000015e58033620 3648       3       java.util.GregorianCalendar::getWeekNumber (89 bytes)
Event: 68.456 Thread 0x0000015e58033620 nmethod 3648 0x0000015e03868210 code [0x0000015e038683e0, 0x0000015e03868840]
Event: 68.456 Thread 0x0000015e58033620 3649       3       sun.util.calendar.AbstractCalendar::getDayOfWeekDateOnOrBefore (31 bytes)
Event: 68.457 Thread 0x0000015e58033620 nmethod 3649 0x0000015e03868990 code [0x0000015e03868b40, 0x0000015e03868d20]
Event: 68.458 Thread 0x0000015e5802db40 nmethod 3646 0x0000015e0ae37e90 code [0x0000015e0ae38020, 0x0000015e0ae38300]
Event: 68.466 Thread 0x0000015e5802db40 3650       4       java.lang.ClassLoader::loadClass (7 bytes)
Event: 68.466 Thread 0x0000015e5802db40 nmethod 3650 0x0000015e0ae38410 code [0x0000015e0ae385a0, 0x0000015e0ae38650]
Event: 68.471 Thread 0x0000015e58033620 3651   !   3       java.io.BufferedInputStream::read (69 bytes)
Event: 68.471 Thread 0x0000015e5802db40 3652       4       java.io.DataInputStream::readFully (59 bytes)
Event: 68.472 Thread 0x0000015e58033620 nmethod 3651 0x0000015e03868e10 code [0x0000015e038690a0, 0x0000015e03869ce0]
Event: 68.472 Thread 0x0000015e58033620 3653       3       com.google.common.io.CountingInputStream::read (33 bytes)
Event: 68.472 Thread 0x0000015e58033620 nmethod 3653 0x0000015e0386a190 code [0x0000015e0386a340, 0x0000015e0386a560]
Event: 68.472 Thread 0x0000015e58033620 3654       3       org.gradle.cache.internal.btree.BlockPointer::pos (56 bytes)
Event: 68.473 Thread 0x0000015e58033620 nmethod 3654 0x0000015e0386a690 code [0x0000015e0386a8e0, 0x0000015e0386b080]
Event: 68.483 Thread 0x0000015e58033620 3655   !   3       java.lang.invoke.AbstractValidatingLambdaMetafactory::<init> (559 bytes)

GC Heap History (8 events):
Event: 1.855 GC heap before
{Heap before GC invocations=0 (full 0):
 garbage-first heap   total 253952K, used 23552K [0x00000000a0000000, 0x0000000100000000)
  region size 1024K, 23 young (23552K), 0 survivors (0K)
 Metaspace       used 900K, committed 1024K, reserved 1114112K
  class space    used 72K, committed 128K, reserved 1048576K
}
Event: 1.887 GC heap after
{Heap after GC invocations=1 (full 0):
 garbage-first heap   total 253952K, used 1600K [0x00000000a0000000, 0x0000000100000000)
  region size 1024K, 2 young (2048K), 2 survivors (2048K)
 Metaspace       used 900K, committed 1024K, reserved 1114112K
  class space    used 72K, committed 128K, reserved 1048576K
}
Event: 13.004 GC heap before
{Heap before GC invocations=1 (full 0):
 garbage-first heap   total 253952K, used 40512K [0x00000000a0000000, 0x0000000100000000)
  region size 1024K, 38 young (38912K), 2 survivors (2048K)
 Metaspace       used 4429K, committed 4608K, reserved 1114112K
  class space    used 557K, committed 640K, reserved 1048576K
}
Event: 13.013 GC heap after
{Heap after GC invocations=2 (full 0):
 garbage-first heap   total 253952K, used 10815K [0x00000000a0000000, 0x0000000100000000)
  region size 1024K, 5 young (5120K), 5 survivors (5120K)
 Metaspace       used 4429K, committed 4608K, reserved 1114112K
  class space    used 557K, committed 640K, reserved 1048576K
}
Event: 55.814 GC heap before
{Heap before GC invocations=2 (full 0):
 garbage-first heap   total 253952K, used 148031K [0x00000000a0000000, 0x0000000100000000)
  region size 1024K, 137 young (140288K), 5 survivors (5120K)
 Metaspace       used 19507K, committed 20160K, reserved 1114112K
  class space    used 2844K, committed 3136K, reserved 1048576K
}
Event: 55.865 GC heap after
{Heap after GC invocations=3 (full 0):
 garbage-first heap   total 253952K, used 23194K [0x00000000a0000000, 0x0000000100000000)
  region size 1024K, 17 young (17408K), 17 survivors (17408K)
 Metaspace       used 19507K, committed 20160K, reserved 1114112K
  class space    used 2844K, committed 3136K, reserved 1048576K
}
Event: 59.646 GC heap before
{Heap before GC invocations=3 (full 0):
 garbage-first heap   total 253952K, used 35482K [0x00000000a0000000, 0x0000000100000000)
  region size 1024K, 30 young (30720K), 17 survivors (17408K)
 Metaspace       used 20852K, committed 21504K, reserved 1114112K
  class space    used 3072K, committed 3392K, reserved 1048576K
}
Event: 59.668 GC heap after
{Heap after GC invocations=4 (full 0):
 garbage-first heap   total 253952K, used 25383K [0x00000000a0000000, 0x0000000100000000)
  region size 1024K, 3 young (3072K), 3 survivors (3072K)
 Metaspace       used 20852K, committed 21504K, reserved 1114112K
  class space    used 3072K, committed 3392K, reserved 1048576K
}

Dll operation events (20 events):
Event: 0.436 Attempting to load shared library C:\Users\Lucas Hernandez\.vscode\extensions\redhat.java-1.56.0-win32-x64\jre\21.0.12.1-win32-x86_64\bin\nio.dll
Event: 0.438 Loaded shared library C:\Users\Lucas Hernandez\.vscode\extensions\redhat.java-1.56.0-win32-x64\jre\21.0.12.1-win32-x86_64\bin\nio.dll
Event: 0.447 Attempting to load shared library C:\Users\Lucas Hernandez\.vscode\extensions\redhat.java-1.56.0-win32-x64\jre\21.0.12.1-win32-x86_64\bin\zip.dll
Event: 0.447 Loaded shared library C:\Users\Lucas Hernandez\.vscode\extensions\redhat.java-1.56.0-win32-x64\jre\21.0.12.1-win32-x86_64\bin\zip.dll
Event: 1.899 Attempting to load shared library C:\Users\Lucas Hernandez\.vscode\extensions\redhat.java-1.56.0-win32-x64\jre\21.0.12.1-win32-x86_64\bin\jimage.dll
Event: 1.899 Loaded shared library C:\Users\Lucas Hernandez\.vscode\extensions\redhat.java-1.56.0-win32-x64\jre\21.0.12.1-win32-x86_64\bin\jimage.dll
Event: 3.988 Attempting to load shared library C:\Users\Lucas Hernandez\.vscode\extensions\redhat.java-1.56.0-win32-x64\jre\21.0.12.1-win32-x86_64\bin\verify.dll
Event: 3.998 Loaded shared library C:\Users\Lucas Hernandez\.vscode\extensions\redhat.java-1.56.0-win32-x64\jre\21.0.12.1-win32-x86_64\bin\verify.dll
Event: 5.322 Attempting to load shared library C:\Users\Lucas Hernandez\.gradle\native\1def1411415f61bf3af743bc5b6707747c0891f09f0c88961ee8f79bc544acac\windows-amd64\native-platform.dll
Event: 5.325 Loaded shared library C:\Users\Lucas Hernandez\.gradle\native\1def1411415f61bf3af743bc5b6707747c0891f09f0c88961ee8f79bc544acac\windows-amd64\native-platform.dll
Event: 5.390 Attempting to load shared library C:\Users\Lucas Hernandez\.gradle\native\0.2.7\x86_64-windows-gnu\gradle-fileevents.dll
Event: 5.392 Loaded shared library C:\Users\Lucas Hernandez\.gradle\native\0.2.7\x86_64-windows-gnu\gradle-fileevents.dll
Event: 32.388 Attempting to load shared library C:\Users\Lucas Hernandez\.vscode\extensions\redhat.java-1.56.0-win32-x64\jre\21.0.12.1-win32-x86_64\bin\management.dll
Event: 32.388 Loaded shared library C:\Users\Lucas Hernandez\.vscode\extensions\redhat.java-1.56.0-win32-x64\jre\21.0.12.1-win32-x86_64\bin\management.dll
Event: 32.437 Attempting to load shared library C:\Users\Lucas Hernandez\.vscode\extensions\redhat.java-1.56.0-win32-x64\jre\21.0.12.1-win32-x86_64\bin\management_ext.dll
Event: 32.437 Loaded shared library C:\Users\Lucas Hernandez\.vscode\extensions\redhat.java-1.56.0-win32-x64\jre\21.0.12.1-win32-x86_64\bin\management_ext.dll
Event: 35.499 Attempting to load shared library C:\Users\Lucas Hernandez\.vscode\extensions\redhat.java-1.56.0-win32-x64\jre\21.0.12.1-win32-x86_64\bin\extnet.dll
Event: 35.501 Loaded shared library C:\Users\Lucas Hernandez\.vscode\extensions\redhat.java-1.56.0-win32-x64\jre\21.0.12.1-win32-x86_64\bin\extnet.dll
Event: 37.378 Attempting to load shared library C:\Users\Lucas Hernandez\.vscode\extensions\redhat.java-1.56.0-win32-x64\jre\21.0.12.1-win32-x86_64\bin\sunmscapi.dll
Event: 37.382 Loaded shared library C:\Users\Lucas Hernandez\.vscode\extensions\redhat.java-1.56.0-win32-x64\jre\21.0.12.1-win32-x86_64\bin\sunmscapi.dll

Deoptimization events (20 events):
Event: 68.455 Thread 0x0000015e5d167900 Uncommon trap: trap_request=0xffffffc6 fr.pc=0x0000015e0ad9a9fc relative=0x00000000000014dc
Event: 68.455 Thread 0x0000015e5d167900 Uncommon trap: reason=bimorphic_or_optimized_type_check action=maybe_recompile pc=0x0000015e0ad9a9fc method=java.io.DataInputStream.readFully([BII)V @ 30 c2
Event: 68.455 Thread 0x0000015e5d167900 DEOPT PACKING pc=0x0000015e0ad9a9fc sp=0x0000004f519fe470
Event: 68.455 Thread 0x0000015e5d167900 DEOPT UNPACKING pc=0x0000015e0a6c4422 sp=0x0000004f519fe458 mode 2
Event: 68.455 Thread 0x0000015e5d167900 Uncommon trap: trap_request=0xffffff45 fr.pc=0x0000015e0ad9d3a4 relative=0x0000000000001144
Event: 68.455 Thread 0x0000015e5d167900 Uncommon trap: reason=unstable_if action=reinterpret pc=0x0000015e0ad9d3a4 method=java.io.BufferedInputStream.read([BII)I @ 4 c2
Event: 68.455 Thread 0x0000015e5d167900 DEOPT PACKING pc=0x0000015e0ad9d3a4 sp=0x0000004f519fe360
Event: 68.455 Thread 0x0000015e5d167900 DEOPT UNPACKING pc=0x0000015e0a6c4422 sp=0x0000004f519fe358 mode 2
Event: 68.455 Thread 0x0000015e5d167900 Uncommon trap: trap_request=0xffffffc6 fr.pc=0x0000015e0ad9a9fc relative=0x00000000000014dc
Event: 68.455 Thread 0x0000015e5d167900 Uncommon trap: reason=bimorphic_or_optimized_type_check action=maybe_recompile pc=0x0000015e0ad9a9fc method=java.io.DataInputStream.readFully([BII)V @ 30 c2
Event: 68.455 Thread 0x0000015e5d167900 DEOPT PACKING pc=0x0000015e0ad9a9fc sp=0x0000004f519fe3e0
Event: 68.455 Thread 0x0000015e5d167900 DEOPT UNPACKING pc=0x0000015e0a6c4422 sp=0x0000004f519fe3c8 mode 2
Event: 68.455 Thread 0x0000015e5d167900 Uncommon trap: trap_request=0xffffffc6 fr.pc=0x0000015e0ad9a9fc relative=0x00000000000014dc
Event: 68.455 Thread 0x0000015e5d167900 Uncommon trap: reason=bimorphic_or_optimized_type_check action=maybe_recompile pc=0x0000015e0ad9a9fc method=java.io.DataInputStream.readFully([BII)V @ 30 c2
Event: 68.455 Thread 0x0000015e5d167900 DEOPT PACKING pc=0x0000015e0ad9a9fc sp=0x0000004f519fe3e0
Event: 68.455 Thread 0x0000015e5d167900 DEOPT UNPACKING pc=0x0000015e0a6c4422 sp=0x0000004f519fe3c8 mode 2
Event: 68.455 Thread 0x0000015e5d167900 Uncommon trap: trap_request=0xffffffc6 fr.pc=0x0000015e0ad9a9fc relative=0x00000000000014dc
Event: 68.455 Thread 0x0000015e5d167900 Uncommon trap: reason=bimorphic_or_optimized_type_check action=maybe_recompile pc=0x0000015e0ad9a9fc method=java.io.DataInputStream.readFully([BII)V @ 30 c2
Event: 68.455 Thread 0x0000015e5d167900 DEOPT PACKING pc=0x0000015e0ad9a9fc sp=0x0000004f519fe3f0
Event: 68.455 Thread 0x0000015e5d167900 DEOPT UNPACKING pc=0x0000015e0a6c4422 sp=0x0000004f519fe3d8 mode 2

Classes loaded (20 events):
Event: 63.458 Loading class java/util/Collections$2
Event: 63.459 Loading class java/util/Collections$2 done
Event: 63.984 Loading class java/util/function/UnaryOperator
Event: 63.984 Loading class java/util/function/UnaryOperator done
Event: 64.039 Loading class java/util/concurrent/TimeoutException
Event: 64.039 Loading class java/util/concurrent/TimeoutException done
Event: 64.040 Loading class java/util/concurrent/CancellationException
Event: 64.040 Loading class java/util/concurrent/CancellationException done
Event: 64.151 Loading class java/util/concurrent/locks/AbstractQueuedSynchronizer$SharedNode
Event: 64.151 Loading class java/util/concurrent/locks/AbstractQueuedSynchronizer$SharedNode done
Event: 64.166 Loading class java/io/InterruptedIOException
Event: 64.166 Loading class java/io/InterruptedIOException done
Event: 64.182 Loading class java/util/ArrayDeque$DeqSpliterator
Event: 64.182 Loading class java/util/ArrayDeque$DeqSpliterator done
Event: 64.838 Loading class java/io/StringReader
Event: 64.839 Loading class java/io/StringReader done
Event: 64.889 Loading class java/math/MutableBigInteger
Event: 64.895 Loading class java/math/MutableBigInteger done
Event: 65.050 Loading class sun/nio/fs/WindowsPath$1
Event: 65.050 Loading class sun/nio/fs/WindowsPath$1 done

Classes unloaded (0 events):
No events

Classes redefined (0 events):
No events

Internal exceptions (20 events):
Event: 61.892 Thread 0x0000015e5d164b10 Exception <a 'java/lang/NoSuchMethodError'{0x00000000a4957ca8}: 'java.lang.Object java.lang.invoke.DelegatingMethodHandle$Holder.reinvoke_L(java.lang.Object, java.lang.Object, java.lang.Object, java.lang.Object, java.lang.Object, java.lang.Object, java.lang.Object, java.lang.Object, java.lang.Object, java.lang.Object, java.lang.Object, java.lang.Object, java.lang.Object, java.lang.Object, java.lang.Object, java.lang.Object, java.lang.Object, java.lang.Object, java.lang.Object, java.lang.Object, java.lang.O
Event: 61.901 Thread 0x0000015e5d164b10 Exception <a 'java/lang/NoSuchMethodError'{0x00000000a4963658}: 'java.lang.Object java.lang.invoke.DirectMethodHandle$Holder.invokeSpecial(java.lang.Object, java.lang.Object, java.lang.Object, java.lang.Object, java.lang.Object, java.lang.Object, java.lang.Object, java.lang.Object, java.lang.Object, java.lang.Object, java.lang.Object, java.lang.Object, java.lang.Object, java.lang.Object, java.lang.Object, java.lang.Object, java.lang.Object, java.lang.Object, java.lang.Object, java.lang.Object, java.lang.Ob
Event: 61.902 Thread 0x0000015e5d164b10 Exception <a 'java/lang/NoSuchMethodError'{0x00000000a4968fd8}: 'java.lang.Object java.lang.invoke.Invokers$Holder.invoker(java.lang.Object, java.lang.Object, java.lang.Object, java.lang.Object, java.lang.Object, java.lang.Object, java.lang.Object, java.lang.Object, java.lang.Object, java.lang.Object, java.lang.Object, java.lang.Object, java.lang.Object, java.lang.Object, java.lang.Object, java.lang.Object, java.lang.Object, java.lang.Object, java.lang.Object, java.lang.Object, java.lang.Object, java.lang.
Event: 61.903 Thread 0x0000015e5d164b10 Exception <a 'java/lang/NoSuchMethodError'{0x00000000a496f358}: 'java.lang.Object java.lang.invoke.DelegatingMethodHandle$Holder.delegate(java.lang.Object, java.lang.Object, java.lang.Object, java.lang.Object, java.lang.Object, java.lang.Object, java.lang.Object, java.lang.Object, java.lang.Object, java.lang.Object, java.lang.Object, java.lang.Object, java.lang.Object, java.lang.Object, java.lang.Object, java.lang.Object, java.lang.Object, java.lang.Object, java.lang.Object, java.lang.Object, java.lang.Obj
Event: 62.706 Thread 0x0000015e5d164b10 Exception <a 'java/lang/NoSuchMethodError'{0x00000000a4640cb8}: 'java.lang.Object java.lang.invoke.DirectMethodHandle$Holder.invokeStaticInit(java.lang.Object, java.lang.Object, java.lang.Object, java.lang.Object)'> (0x00000000a4640cb8) 
thrown [s\src\hotspot\share\interpreter\linkResolver.cpp, line 773]
Event: 63.195 Thread 0x0000015e5d164b10 Exception <a 'java/lang/NoSuchMethodError'{0x00000000a45d3d90}: 'java.lang.Object java.lang.invoke.DirectMethodHandle$Holder.newInvokeSpecial(java.lang.Object, java.lang.Object, java.lang.Object, java.lang.Object, java.lang.Object, java.lang.Object, java.lang.Object, java.lang.Object)'> (0x00000000a45d3d90) 
thrown [s\src\hotspot\share\interpreter\linkResolver.cpp, line 773]
Event: 63.401 Thread 0x0000015e5d164b10 Exception <a 'java/lang/IncompatibleClassChangeError'{0x00000000a4306230}: Found class java.lang.Object, but interface was expected> (0x00000000a4306230) 
thrown [s\src\hotspot\share\interpreter\linkResolver.cpp, line 840]
Event: 63.517 Thread 0x0000015e5d164b10 Exception <a 'java/lang/NoSuchMethodError'{0x00000000a436cad8}: 'java.lang.Object java.lang.invoke.DirectMethodHandle$Holder.invokeVirtual(java.lang.Object, java.lang.Object, java.lang.Object, java.lang.Object, java.lang.Object, java.lang.Object, java.lang.Object, java.lang.Object, java.lang.Object, java.lang.Object, java.lang.Object, java.lang.Object, java.lang.Object)'> (0x00000000a436cad8) 
thrown [s\src\hotspot\share\interpreter\linkResolver.cpp, line 773]
Event: 63.517 Thread 0x0000015e5d164b10 Exception <a 'java/lang/NoSuchMethodError'{0x00000000a4371d10}: 'java.lang.Object java.lang.invoke.DirectMethodHandle$Holder.invokeSpecial(java.lang.Object, java.lang.Object, java.lang.Object, java.lang.Object, java.lang.Object, java.lang.Object, java.lang.Object, java.lang.Object, java.lang.Object, java.lang.Object, java.lang.Object, java.lang.Object, java.lang.Object, java.lang.Object)'> (0x00000000a4371d10) 
thrown [s\src\hotspot\share\interpreter\linkResolver.cpp, line 773]
Event: 63.518 Thread 0x0000015e5d164b10 Exception <a 'java/lang/NoSuchMethodError'{0x00000000a4376a60}: 'java.lang.Object java.lang.invoke.DelegatingMethodHandle$Holder.reinvoke_L(java.lang.Object, java.lang.Object, java.lang.Object, java.lang.Object, java.lang.Object, java.lang.Object, java.lang.Object, java.lang.Object, java.lang.Object, java.lang.Object, java.lang.Object, java.lang.Object, java.lang.Object)'> (0x00000000a4376a60) 
thrown [s\src\hotspot\share\interpreter\linkResolver.cpp, line 773]
Event: 63.625 Thread 0x0000015e5d164b10 Exception <a 'java/lang/NoSuchMethodError'{0x00000000a4110c80}: 'void java.lang.invoke.DirectMethodHandle$Holder.invokeStaticInit(java.lang.Object, java.lang.Object)'> (0x00000000a4110c80) 
thrown [s\src\hotspot\share\interpreter\linkResolver.cpp, line 773]
Event: 63.955 Thread 0x0000015e5d164b10 Exception <a 'java/lang/NoSuchMethodError'{0x00000000a3efcaf8}: 'java.lang.Object java.lang.invoke.DirectMethodHandle$Holder.newInvokeSpecial(java.lang.Object, java.lang.Object, java.lang.Object, java.lang.Object, java.lang.Object, java.lang.Object, java.lang.Object, java.lang.Object, java.lang.Object)'> (0x00000000a3efcaf8) 
thrown [s\src\hotspot\share\interpreter\linkResolver.cpp, line 773]
Event: 64.175 Thread 0x0000015e5d164b10 Exception <a 'java/lang/NoSuchMethodError'{0x00000000a3a4c5b8}: 'int java.lang.invoke.DirectMethodHandle$Holder.invokeVirtual(java.lang.Object, java.lang.Object)'> (0x00000000a3a4c5b8) 
thrown [s\src\hotspot\share\interpreter\linkResolver.cpp, line 773]
Event: 64.302 Thread 0x0000015e5d164b10 Implicit null exception at 0x0000015e0ace0141 to 0x0000015e0ace1187
Event: 64.307 Thread 0x0000015e5d164b10 Exception <a 'java/lang/NoSuchMethodError'{0x00000000a377a020}: 'void java.lang.invoke.DirectMethodHandle$Holder.invokeInterface(java.lang.Object, java.lang.Object, java.lang.Object, java.lang.Object, java.lang.Object)'> (0x00000000a377a020) 
thrown [s\src\hotspot\share\interpreter\linkResolver.cpp, line 773]
Event: 64.336 Thread 0x0000015e5d164b10 Exception <a 'java/lang/NoSuchMethodError'{0x00000000a37b9498}: 'void java.lang.invoke.DirectMethodHandle$Holder.invokeStatic(java.lang.Object, java.lang.Object, java.lang.Object, java.lang.Object, java.lang.Object, java.lang.Object)'> (0x00000000a37b9498) 
thrown [s\src\hotspot\share\interpreter\linkResolver.cpp, line 773]
Event: 64.966 Thread 0x0000015e5d164b10 Exception <a 'java/lang/IncompatibleClassChangeError'{0x00000000a2fe5fd0}: Found class java.lang.Object, but interface was expected> (0x00000000a2fe5fd0) 
thrown [s\src\hotspot\share\interpreter\linkResolver.cpp, line 840]
Event: 68.449 Thread 0x0000015e5d164b10 Exception <a 'java/lang/NoSuchMethodError'{0x00000000a2dd0448}: 'java.lang.Object java.lang.invoke.DirectMethodHandle$Holder.newInvokeSpecial(java.lang.Object, java.lang.Object, long)'> (0x00000000a2dd0448) 
thrown [s\src\hotspot\share\interpreter\linkResolver.cpp, line 773]
Event: 68.450 Thread 0x0000015e5d164b10 Exception <a 'java/lang/NoSuchMethodError'{0x00000000a2dd47f0}: 'java.lang.Object java.lang.invoke.Invokers$Holder.linkToTargetMethod(java.lang.Object, long, java.lang.Object)'> (0x00000000a2dd47f0) 
thrown [s\src\hotspot\share\interpreter\linkResolver.cpp, line 773]
Event: 68.455 Thread 0x0000015e5d167900 Implicit null exception at 0x0000015e0ad9c2b4 to 0x0000015e0ad9d394

ZGC Phase Switch (0 events):
No events

VM Operations (20 events):
Event: 62.204 Executing safepoint VM operation: Cleanup
Event: 62.205 Executing safepoint VM operation: Cleanup done
Event: 63.219 Executing safepoint VM operation: Cleanup
Event: 63.235 Executing safepoint VM operation: Cleanup done
Event: 64.246 Executing safepoint VM operation: Cleanup
Event: 64.246 Executing safepoint VM operation: Cleanup done
Event: 64.257 Executing non-safepoint VM operation: HandshakeAllThreads (Deoptimize)
Event: 64.257 Executing non-safepoint VM operation: HandshakeAllThreads (Deoptimize) done
Event: 64.957 Executing non-safepoint VM operation: HandshakeAllThreads (Deoptimize)
Event: 64.957 Executing non-safepoint VM operation: HandshakeAllThreads (Deoptimize) done
Event: 64.993 Executing non-safepoint VM operation: HandshakeAllThreads (Deoptimize)
Event: 64.993 Executing non-safepoint VM operation: HandshakeAllThreads (Deoptimize) done
Event: 66.000 Executing safepoint VM operation: Cleanup
Event: 66.001 Executing safepoint VM operation: Cleanup done
Event: 68.017 Executing safepoint VM operation: Cleanup
Event: 68.018 Executing safepoint VM operation: Cleanup done
Event: 68.449 Executing non-safepoint VM operation: HandshakeAllThreads (Deoptimize)
Event: 68.449 Executing non-safepoint VM operation: HandshakeAllThreads (Deoptimize) done
Event: 68.451 Executing non-safepoint VM operation: HandshakeAllThreads (Deoptimize)
Event: 68.451 Executing non-safepoint VM operation: HandshakeAllThreads (Deoptimize) done

Memory protections (0 events):
No events

Nmethod flushes (0 events):
No events

Events (20 events):
Event: 0.410 Thread 0x0000015e7fca0e30 Thread added: 0x0000015e58227f70
Event: 0.547 Thread 0x0000015e7fca0e30 Thread added: 0x0000015e581de910
Event: 32.965 Thread 0x0000015e7fca0e30 Thread added: 0x0000015e584cdbe0
Event: 36.792 Thread 0x0000015e7fca0e30 Thread added: 0x0000015e58542810
Event: 37.364 Thread 0x0000015e7fca0e30 Thread added: 0x0000015e5d3ed1f0
Event: 37.603 Thread 0x0000015e58542810 Thread added: 0x0000015e5d4776c0
Event: 37.630 Thread 0x0000015e5d4776c0 Thread added: 0x0000015e58226cf0
Event: 37.758 Thread 0x0000015e5d4776c0 Thread added: 0x0000015e5dd777e0
Event: 37.782 Thread 0x0000015e5d4776c0 Thread added: 0x0000015e5d164b10
Event: 37.922 Thread 0x0000015e5d164b10 Thread added: 0x0000015e5d165ec0
Event: 37.958 Thread 0x0000015e5d164b10 Thread added: 0x0000015e5d1651a0
Event: 38.005 Thread 0x0000015e5d164b10 Thread added: 0x0000015e5d164480
Event: 45.218 Thread 0x0000015e5d164b10 Thread added: 0x0000015e5d167900
Event: 45.299 Thread 0x0000015e5d164b10 Thread added: 0x0000015e5d165830
Event: 45.417 Thread 0x0000015e5d165830 Thread added: 0x0000015e5d166550
Event: 45.962 Thread 0x0000015e5d164b10 Thread added: 0x0000015e5d166be0
Event: 61.462 Thread 0x0000015e5d164b10 Thread added: 0x0000015e5fc97f80
Event: 61.611 Thread 0x0000015e5d164b10 Thread added: 0x0000015e5fc98ca0
Event: 64.150 Thread 0x0000015e5d164b10 Thread added: 0x0000015e5fc9a6e0
Event: 64.172 Thread 0x0000015e5d164b10 Thread added: 0x0000015e5fc99330


Dynamic libraries:
0x00007ff61a400000 - 0x00007ff61a40e000 	C:\Users\Lucas Hernandez\.vscode\extensions\redhat.java-1.56.0-win32-x64\jre\21.0.12.1-win32-x86_64\bin\java.exe
0x00007ffa77d80000 - 0x00007ffa77fe7000 	C:\WINDOWS\SYSTEM32\ntdll.dll
0x00007ffa765c0000 - 0x00007ffa7668b000 	C:\WINDOWS\System32\KERNEL32.DLL
0x00007ffa74f80000 - 0x00007ffa75382000 	C:\WINDOWS\System32\KERNELBASE.dll
0x00007ffa75940000 - 0x00007ffa75a8c000 	C:\WINDOWS\System32\ucrtbase.dll
0x00007ffa54440000 - 0x00007ffa54458000 	C:\Users\Lucas Hernandez\.vscode\extensions\redhat.java-1.56.0-win32-x64\jre\21.0.12.1-win32-x86_64\bin\jli.dll
0x00007ffa76d80000 - 0x00007ffa76f4f000 	C:\WINDOWS\System32\USER32.dll
0x00007ffa75630000 - 0x00007ffa75657000 	C:\WINDOWS\System32\win32u.dll
0x00007ffa55230000 - 0x00007ffa5524e000 	C:\Users\Lucas Hernandez\.vscode\extensions\redhat.java-1.56.0-win32-x64\jre\21.0.12.1-win32-x86_64\bin\VCRUNTIME140.dll
0x00007ffa626a0000 - 0x00007ffa62930000 	C:\WINDOWS\WinSxS\amd64_microsoft.windows.common-controls_6595b64144ccf1df_6.0.26100.9278_none_3e0d1ba8e3303201\COMCTL32.dll
0x00007ffa77060000 - 0x00007ffa77109000 	C:\WINDOWS\System32\msvcrt.dll
0x00007ffa76590000 - 0x00007ffa765bb000 	C:\WINDOWS\System32\GDI32.dll
0x00007ffa75390000 - 0x00007ffa754b9000 	C:\WINDOWS\System32\gdi32full.dll
0x00007ffa75580000 - 0x00007ffa75623000 	C:\WINDOWS\System32\msvcp_win.dll
0x00007ffa75db0000 - 0x00007ffa75de1000 	C:\WINDOWS\System32\IMM32.DLL
0x00007ffa60070000 - 0x00007ffa6007c000 	C:\Users\Lucas Hernandez\.vscode\extensions\redhat.java-1.56.0-win32-x64\jre\21.0.12.1-win32-x86_64\bin\vcruntime140_1.dll
0x00007ffa258a0000 - 0x00007ffa2592d000 	C:\Users\Lucas Hernandez\.vscode\extensions\redhat.java-1.56.0-win32-x64\jre\21.0.12.1-win32-x86_64\bin\msvcp140.dll
0x00007ff9a90d0000 - 0x00007ff9a9e72000 	C:\Users\Lucas Hernandez\.vscode\extensions\redhat.java-1.56.0-win32-x64\jre\21.0.12.1-win32-x86_64\bin\server\jvm.dll
0x00007ffa76b60000 - 0x00007ffa76c1c000 	C:\WINDOWS\System32\ADVAPI32.dll
0x00007ffa771a0000 - 0x00007ffa77249000 	C:\WINDOWS\System32\sechost.dll
0x00007ffa76a40000 - 0x00007ffa76b58000 	C:\WINDOWS\System32\RPCRT4.dll
0x00007ffa75c10000 - 0x00007ffa75c90000 	C:\WINDOWS\System32\WS2_32.dll
0x00007ffa6c150000 - 0x00007ffa6c186000 	C:\WINDOWS\SYSTEM32\WINMM.dll
0x00007ffa6cd30000 - 0x00007ffa6cd3b000 	C:\WINDOWS\SYSTEM32\VERSION.dll
0x00007ffa74e00000 - 0x00007ffa74e5e000 	C:\WINDOWS\SYSTEM32\POWRPROF.dll
0x00007ffa74de0000 - 0x00007ffa74df5000 	C:\WINDOWS\SYSTEM32\UMPDC.dll
0x00007ffa73c30000 - 0x00007ffa73c4b000 	C:\WINDOWS\SYSTEM32\kernel.appcore.dll
0x00007ffa5ff20000 - 0x00007ffa5ff2a000 	C:\Users\Lucas Hernandez\.vscode\extensions\redhat.java-1.56.0-win32-x64\jre\21.0.12.1-win32-x86_64\bin\jimage.dll
0x00007ffa68aa0000 - 0x00007ffa68cec000 	C:\WINDOWS\SYSTEM32\DBGHELP.DLL
0x00007ffa766b0000 - 0x00007ffa76a35000 	C:\WINDOWS\System32\combase.dll
0x00007ffa776e0000 - 0x00007ffa777b9000 	C:\WINDOWS\System32\OLEAUT32.dll
0x00007ffa5e7b0000 - 0x00007ffa5e7eb000 	C:\WINDOWS\SYSTEM32\dbgcore.DLL
0x00007ffa75880000 - 0x00007ffa7592c000 	C:\WINDOWS\System32\bcryptPrimitives.dll
0x00007ffa58db0000 - 0x00007ffa58dbf000 	C:\Users\Lucas Hernandez\.vscode\extensions\redhat.java-1.56.0-win32-x64\jre\21.0.12.1-win32-x86_64\bin\instrument.dll
0x00007ffa54380000 - 0x00007ffa543a0000 	C:\Users\Lucas Hernandez\.vscode\extensions\redhat.java-1.56.0-win32-x64\jre\21.0.12.1-win32-x86_64\bin\java.dll
0x00007ffa75df0000 - 0x00007ffa76588000 	C:\WINDOWS\System32\SHELL32.dll
0x00007ffa729c0000 - 0x00007ffa7326e000 	C:\WINDOWS\SYSTEM32\windows.storage.dll
0x00007ffa76f60000 - 0x00007ffa7705b000 	C:\WINDOWS\System32\SHCORE.dll
0x00007ffa77b40000 - 0x00007ffa77ba6000 	C:\WINDOWS\System32\shlwapi.dll
0x00007ffa74ea0000 - 0x00007ffa74ec9000 	C:\WINDOWS\SYSTEM32\profapi.dll
0x00007ffa54120000 - 0x00007ffa54138000 	C:\Users\Lucas Hernandez\.vscode\extensions\redhat.java-1.56.0-win32-x64\jre\21.0.12.1-win32-x86_64\bin\zip.dll
0x00007ffa5f810000 - 0x00007ffa5f820000 	C:\Users\Lucas Hernandez\.vscode\extensions\redhat.java-1.56.0-win32-x64\jre\21.0.12.1-win32-x86_64\bin\net.dll
0x00007ffa6ca10000 - 0x00007ffa6cb3a000 	C:\WINDOWS\SYSTEM32\WINHTTP.dll
0x00007ffa74210000 - 0x00007ffa7427c000 	C:\WINDOWS\system32\mswsock.dll
0x00007ffa53680000 - 0x00007ffa53696000 	C:\Users\Lucas Hernandez\.vscode\extensions\redhat.java-1.56.0-win32-x64\jre\21.0.12.1-win32-x86_64\bin\nio.dll
0x00007ffa57e70000 - 0x00007ffa57e80000 	C:\Users\Lucas Hernandez\.vscode\extensions\redhat.java-1.56.0-win32-x64\jre\21.0.12.1-win32-x86_64\bin\verify.dll
0x00007ffa47ff0000 - 0x00007ffa48017000 	C:\Users\Lucas Hernandez\.gradle\native\1def1411415f61bf3af743bc5b6707747c0891f09f0c88961ee8f79bc544acac\windows-amd64\native-platform.dll
0x00007ffa25c60000 - 0x00007ffa25cd8000 	C:\Users\Lucas Hernandez\.gradle\native\0.2.7\x86_64-windows-gnu\gradle-fileevents.dll
0x00007ffa6fe70000 - 0x00007ffa6fe7a000 	C:\Users\Lucas Hernandez\.vscode\extensions\redhat.java-1.56.0-win32-x64\jre\21.0.12.1-win32-x86_64\bin\management.dll
0x00007ffa6fe60000 - 0x00007ffa6fe6c000 	C:\Users\Lucas Hernandez\.vscode\extensions\redhat.java-1.56.0-win32-x64\jre\21.0.12.1-win32-x86_64\bin\management_ext.dll
0x00007ffa77c00000 - 0x00007ffa77c08000 	C:\WINDOWS\System32\PSAPI.DLL
0x00007ffa735d0000 - 0x00007ffa73603000 	C:\WINDOWS\SYSTEM32\IPHLPAPI.DLL
0x00007ffa77c10000 - 0x00007ffa77c1a000 	C:\WINDOWS\System32\NSI.dll
0x00007ffa60960000 - 0x00007ffa60969000 	C:\Users\Lucas Hernandez\.vscode\extensions\redhat.java-1.56.0-win32-x64\jre\21.0.12.1-win32-x86_64\bin\extnet.dll
0x00007ffa74520000 - 0x00007ffa7453b000 	C:\WINDOWS\SYSTEM32\CRYPTSP.dll
0x00007ffa73b90000 - 0x00007ffa73bc9000 	C:\WINDOWS\system32\rsaenh.dll
0x00007ffa742c0000 - 0x00007ffa742f4000 	C:\WINDOWS\SYSTEM32\USERENV.dll
0x00007ffa74e70000 - 0x00007ffa74e9a000 	C:\WINDOWS\SYSTEM32\bcrypt.dll
0x00007ffa74500000 - 0x00007ffa7450c000 	C:\WINDOWS\SYSTEM32\CRYPTBASE.dll
0x00007ffa60950000 - 0x00007ffa6095e000 	C:\Users\Lucas Hernandez\.vscode\extensions\redhat.java-1.56.0-win32-x64\jre\21.0.12.1-win32-x86_64\bin\sunmscapi.dll
0x00007ffa756f0000 - 0x00007ffa7586e000 	C:\WINDOWS\System32\CRYPT32.dll
0x00007ffa74740000 - 0x00007ffa74770000 	C:\WINDOWS\SYSTEM32\ncrypt.dll
0x00007ffa746f0000 - 0x00007ffa7472f000 	C:\WINDOWS\SYSTEM32\NTASN1.dll
0x00007ffa3a230000 - 0x00007ffa3a238000 	C:\WINDOWS\system32\wshunix.dll

JVMTI agents:
C:\Users\Lucas Hernandez\.gradle\wrapper\dists\gradle-8.14.3-all\10utluxaxniiv4wxiphsi49nj\gradle-8.14.3\lib\agents\gradle-instrumentation-agent-8.14.3.jar path:C:\Users\Lucas Hernandez\.vscode\extensions\redhat.java-1.56.0-win32-x64\jre\21.0.12.1-win32-x86_64\bin\instrument.dll, loaded, initialized, instrumentlib options:none

dbghelp: loaded successfully - version: 4.0.5 - missing functions: none
symbol engine: initialized successfully - sym options: 0x614 - pdb path: .;C:\Users\Lucas Hernandez\.vscode\extensions\redhat.java-1.56.0-win32-x64\jre\21.0.12.1-win32-x86_64\bin;C:\WINDOWS\SYSTEM32;C:\WINDOWS\WinSxS\amd64_microsoft.windows.common-controls_6595b64144ccf1df_6.0.26100.9278_none_3e0d1ba8e3303201;C:\Users\Lucas Hernandez\.vscode\extensions\redhat.java-1.56.0-win32-x64\jre\21.0.12.1-win32-x86_64\bin\server;C:\Users\Lucas Hernandez\.gradle\native\1def1411415f61bf3af743bc5b6707747c0891f09f0c88961ee8f79bc544acac\windows-amd64;C:\Users\Lucas Hernandez\.gradle\native\0.2.7\x86_64-windows-gnu

VM Arguments:
jvm_args: --add-opens=java.base/java.lang=ALL-UNNAMED --add-opens=java.base/java.lang.invoke=ALL-UNNAMED --add-opens=java.base/java.util=ALL-UNNAMED --add-opens=java.prefs/java.util.prefs=ALL-UNNAMED --add-exports=jdk.compiler/com.sun.tools.javac.api=ALL-UNNAMED --add-exports=jdk.compiler/com.sun.tools.javac.util=ALL-UNNAMED --add-opens=java.base/java.util=ALL-UNNAMED --add-opens=java.prefs/java.util.prefs=ALL-UNNAMED --add-opens=java.base/java.nio.charset=ALL-UNNAMED --add-opens=java.base/java.net=ALL-UNNAMED --add-opens=java.base/java.util.concurrent.atomic=ALL-UNNAMED --add-opens=java.xml/javax.xml.namespace=ALL-UNNAMED -Xmx1536m -Dfile.encoding=UTF-8 -Duser.country=ES -Duser.language=es -Duser.variant -javaagent:C:\Users\Lucas Hernandez\.gradle\wrapper\dists\gradle-8.14.3-all\10utluxaxniiv4wxiphsi49nj\gradle-8.14.3\lib\agents\gradle-instrumentation-agent-8.14.3.jar 
java_command: org.gradle.launcher.daemon.bootstrap.GradleDaemon 8.14.3
java_class_path (initial): C:\Users\Lucas Hernandez\.gradle\wrapper\dists\gradle-8.14.3-all\10utluxaxniiv4wxiphsi49nj\gradle-8.14.3\lib\gradle-daemon-main-8.14.3.jar
Launcher Type: SUN_STANDARD

[Global flags]
     intx CICompilerCount                          = 4                                         {product} {ergonomic}
     uint ConcGCThreads                            = 3                                         {product} {ergonomic}
     uint G1ConcRefinementThreads                  = 10                                        {product} {ergonomic}
   size_t G1HeapRegionSize                         = 1048576                                   {product} {ergonomic}
    uintx GCDrainStackTargetSize                   = 64                                        {product} {ergonomic}
   size_t InitialHeapSize                          = 260046848                                 {product} {ergonomic}
   size_t MarkStackSize                            = 4194304                                   {product} {ergonomic}
   size_t MaxHeapSize                              = 1610612736                                {product} {command line}
   size_t MaxNewSize                               = 965738496                                 {product} {ergonomic}
   size_t MinHeapDeltaBytes                        = 1048576                                   {product} {ergonomic}
   size_t MinHeapSize                              = 8388608                                   {product} {ergonomic}
    uintx NonNMethodCodeHeapSize                   = 5839372                                {pd product} {ergonomic}
    uintx NonProfiledCodeHeapSize                  = 122909434                              {pd product} {ergonomic}
    uintx ProfiledCodeHeapSize                     = 122909434                              {pd product} {ergonomic}
    uintx ReservedCodeCacheSize                    = 251658240                              {pd product} {ergonomic}
     bool SegmentedCodeCache                       = true                                      {product} {ergonomic}
   size_t SoftMaxHeapSize                          = 1610612736                             {manageable} {ergonomic}
     bool UseCompressedOops                        = true                           {product lp64_product} {ergonomic}
     bool UseG1GC                                  = true                                      {product} {ergonomic}
     bool UseLargePagesIndividualAllocation        = false                                  {pd product} {ergonomic}

Logging:
Log output configuration:
 #0: stdout all=warning uptime,level,tags foldmultilines=false
 #1: stderr all=off uptime,level,tags foldmultilines=false

Release file:
JAVA_VERSION="21.0.12.1" 
MODULES="java.base java.compiler java.datatransfer java.xml java.prefs java.desktop java.instrument java.logging java.management java.security.sasl java.naming java.rmi java.management.rmi java.net.http java.scripting java.security.jgss java.transaction.xa java.sql java.sql.rowset java.xml.crypto java.se java.smartcardio jdk.accessibility jdk.internal.jvmstat jdk.attach jdk.charsets jdk.internal.opt jdk.zipfs jdk.compiler jdk.crypto.ec jdk.crypto.cryptoki jdk.crypto.mscapi jdk.dynalink jdk.internal.ed jdk.editpad jdk.hotspot.agent jdk.httpserver jdk.internal.le jdk.internal.vm.ci jdk.internal.vm.compiler jdk.internal.vm.compiler.management jdk.jartool jdk.javadoc jdk.jcmd jdk.management jdk.management.agent jdk.jconsole jdk.jdeps jdk.jdwp.agent jdk.jdi jdk.jfr jdk.jshell jdk.jsobject jdk.jstatd jdk.localedata jdk.management.jfr jdk.naming.dns jdk.naming.rmi jdk.net jdk.nio.mapmode jdk.random jdk.sctp jdk.security.auth jdk.security.jgss jdk.unsupported jdk.unsupported.desktop jdk.xml.dom" 

Environment Variables:
JAVA_HOME=C:\Program Files\Eclipse Adoptium\jdk-17.0.20.101-hotspot\
PATH=C:\Program Files\Eclipse Adoptium\jdk-17.0.20.101-hotspot\bin;C:\Users\Lucas Hernandez\AppData\Local\Programs\Python\Python314\Scripts\;C:\Users\Lucas Hernandez\AppData\Local\Programs\Python\Python314\;C:\app\dbhomeXE\bin;C:\WINDOWS\system32;C:\WINDOWS;C:\WINDOWS\System32\Wbem;C:\WINDOWS\System32\WindowsPowerShell\v1.0\;C:\WINDOWS\System32\OpenSSH\;C:\Program Files\Docker\Docker\resources\bin;C:\Program Files\nodejs\;C:\ProgramData\chocolatey\bin;C:\Program Files\dotnet\;C:\Program Files\Git\cmd;C:\Program Files\MySQL\MySQL Shell 8.0\bin\;C:\Users\Lucas Hernandez\AppData\Local\Microsoft\WindowsApps;C:\Program Files\JetBrains\IntelliJ IDEA 2025.2.2\bin;C:\Users\Lucas Hernandez\AppData\Local\GitHubDesktop\bin;C:\Users\Lucas Hernandez\AppData\Local\Programs\Microsoft VS Code\bin;C:\Users\Lucas Hernandez\AppData\Local\Python\bin;C:\Users\Lucas Hernandez\AppData\Local\Programs\cursor\resources\app\bin;C:\Users\Lucas Hernandez\AppData\Roaming\npm;C:\src\flutter\bin;;C:\Android\sdk\platform-tools;C:\Android\sdk\cmdline-tools\latest\bin;C:\Android\sdk\emulator
USERNAME=Lucas Hernandez
OS=Windows_NT
PROCESSOR_IDENTIFIER=AMD64 Family 23 Model 104 Stepping 1, AuthenticAMD
TMP=C:\Users\LUCASH~1\AppData\Local\Temp
TEMP=C:\Users\LUCASH~1\AppData\Local\Temp




Periodic native trim disabled

---------------  S Y S T E M  ---------------

OS:
 Windows 11 , 64 bit Build 26100 (10.0.26100.9444)
OS uptime: 11 days 18:59 hours
Hyper-V role detected

CPU: total 12 (initial active 12) (12 cores per cpu, 2 threads per core) family 23 model 104 stepping 1 microcode 0x8608103, cx8, cmov, fxsr, ht, mmx, 3dnowpref, sse, sse2, sse3, ssse3, sse4a, sse4.1, sse4.2, popcnt, lzcnt, tsc, tscinvbit, avx, avx2, aes, clmul, bmi1, bmi2, adx, sha, fma, vzeroupper, clflush, clflushopt, hv, rdtscp, rdpid, f16c
Processor Information for processor 0
  Max Mhz: 2100, Current Mhz: 2100, Mhz Limit: 2100
Processor Information for processor 1
  Max Mhz: 2100, Current Mhz: 2100, Mhz Limit: 2100
Processor Information for processor 2
  Max Mhz: 2100, Current Mhz: 2100, Mhz Limit: 2100
Processor Information for processor 3
  Max Mhz: 2100, Current Mhz: 1988, Mhz Limit: 2100
Processor Information for processor 4
  Max Mhz: 2100, Current Mhz: 2100, Mhz Limit: 2100
Processor Information for processor 5
  Max Mhz: 2100, Current Mhz: 2100, Mhz Limit: 2100
Processor Information for processor 6
  Max Mhz: 2100, Current Mhz: 2100, Mhz Limit: 2100
Processor Information for processor 7
  Max Mhz: 2100, Current Mhz: 2100, Mhz Limit: 2100
Processor Information for processor 8
  Max Mhz: 2100, Current Mhz: 2100, Mhz Limit: 2100
Processor Information for processor 9
  Max Mhz: 2100, Current Mhz: 2100, Mhz Limit: 2100
Processor Information for processor 10
  Max Mhz: 2100, Current Mhz: 2100, Mhz Limit: 2100
Processor Information for processor 11
  Max Mhz: 2100, Current Mhz: 2100, Mhz Limit: 2100

Memory: 4k page, system-wide physical 15754M (191M free)
TotalPageFile size 64906M (AvailPageFile size 0M)
current process WorkingSet (physical memory assigned to process): 152M, peak: 246M
current process commit charge ("private bytes"): 238M, peak: 411M

vm_info: OpenJDK 64-Bit Server VM (21.0.12.1+1-LTS) for windows-amd64 JRE (21.0.12.1+1-LTS), built on 2026-08-18T00:00:00Z by "admin" with MS VC++ 17.12 (VS2022)

END.
