#
# There is insufficient memory for the Java Runtime Environment to continue.
# Native memory allocation (malloc) failed to allocate 175840 bytes. Error detail: Chunk::new
# Possible reasons:
#   The system is out of physical RAM or swap space
#   This process is running with CompressedOops enabled, and the Java Heap may be blocking the growth of the native heap
# Possible solutions:
#   Reduce memory load on the system
#   Increase physical memory or swap space
#   Check if swap backing store is full
#   Decrease Java heap size (-Xmx/-Xms)
#   Decrease number of Java threads
#   Decrease Java thread stack sizes (-Xss)
#   Set larger code cache with -XX:ReservedCodeCacheSize=
#   JVM is running with Unscaled Compressed Oops mode in which the Java heap is
#     placed in the first 4GB address space. The Java Heap base address is the
#     maximum limit for the native heap growth. Please use -XX:HeapBaseMinAddress
#     to set the Java Heap base and to place the Java Heap above 4GB virtual address.
# This output file may be truncated or incomplete.
#
#  Out of Memory Error (arena.cpp:168), pid=39364, tid=18448
#
# JRE version: OpenJDK Runtime Environment Temurin-21.0.12.1+1 (21.0.12.1+1) (build 21.0.12.1+1-LTS)
# Java VM: OpenJDK 64-Bit Server VM Temurin-21.0.12.1+1 (21.0.12.1+1-LTS, mixed mode, sharing, tiered, compressed oops, compressed class ptrs, g1 gc, windows-amd64)
# No core dump will be written. Minidumps are not enabled by default on client versions of Windows
#

---------------  S U M M A R Y ------------

Command Line: --add-opens=java.base/java.lang=ALL-UNNAMED --add-opens=java.base/java.lang.invoke=ALL-UNNAMED --add-opens=java.base/java.util=ALL-UNNAMED --add-opens=java.prefs/java.util.prefs=ALL-UNNAMED --add-exports=jdk.compiler/com.sun.tools.javac.api=ALL-UNNAMED --add-exports=jdk.compiler/com.sun.tools.javac.util=ALL-UNNAMED --add-opens=java.base/java.util=ALL-UNNAMED --add-opens=java.prefs/java.util.prefs=ALL-UNNAMED --add-opens=java.base/java.nio.charset=ALL-UNNAMED --add-opens=java.base/java.net=ALL-UNNAMED --add-opens=java.base/java.util.concurrent.atomic=ALL-UNNAMED --add-opens=java.xml/javax.xml.namespace=ALL-UNNAMED -Xmx1536m -Dfile.encoding=UTF-8 -Duser.country=ES -Duser.language=es -Duser.variant -javaagent:C:\Users\Lucas Hernandez\.gradle\wrapper\dists\gradle-8.14.3-all\10utluxaxniiv4wxiphsi49nj\gradle-8.14.3\lib\agents\gradle-instrumentation-agent-8.14.3.jar org.gradle.launcher.daemon.bootstrap.GradleDaemon 8.14.3

Host: AMD Ryzen 5 7430U with Radeon Graphics, 12 cores, 15G,  Windows 11 , 64 bit Build 26100 (10.0.26100.9444)
Time: Wed Oct  7 16:17:00 2026 Hora de verano romance elapsed time: 62.332725 seconds (0d 0h 1m 2s)

---------------  T H R E A D  ---------------

Current thread (0x000001977af697a0):  JavaThread "C2 CompilerThread0" daemon [_thread_in_native, id=18448, stack(0x0000007908e00000,0x0000007908f00000) (1024K)]


Current CompileTask:
C2:62332 4413       4       java.util.Properties$LineReader::readLine (584 bytes)

Stack: [0x0000007908e00000,0x0000007908f00000]
Native frames: (J=compiled Java code, j=interpreted, Vv=VM code, C=native code)
V  [jvm.dll+0x6d83e9]
V  [jvm.dll+0x8b5736]
V  [jvm.dll+0x8b7cee]
V  [jvm.dll+0x8b83d3]
V  [jvm.dll+0x284596]
V  [jvm.dll+0xc685d]
V  [jvm.dll+0xc6da1]
V  [jvm.dll+0x3bf18b]
V  [jvm.dll+0x1e3f42]
V  [jvm.dll+0x24c853]
V  [jvm.dll+0x24bce0]
V  [jvm.dll+0x1cb4ae]
V  [jvm.dll+0x25baad]
V  [jvm.dll+0x25a03a]
V  [jvm.dll+0x3f8aae]
V  [jvm.dll+0x8600cd]
V  [jvm.dll+0x6d6c1d]
C  [ucrtbase.dll+0x2cd30]
C  [KERNEL32.DLL+0x2cd87]
C  [ntdll.dll+0xacaec]


---------------  P R O C E S S  ---------------

Threads class SMR info:
_java_thread_list=0x0000019757482bf0, length=32, elements={
0x000001977095ab80, 0x000001977af61f40, 0x000001977af629a0, 0x000001977af66af0,
0x000001977af67550, 0x000001977af67fb0, 0x000001977af68a10, 0x000001977af697a0,
0x000001977afd4640, 0x000001977b148b80, 0x000001977b1aed90, 0x000001977b06a7f0,
0x000001975550e610, 0x00000197553b5e40, 0x00000197541a0950, 0x000001975419f5a0,
0x0000019754bda0e0, 0x0000019754bdae00, 0x0000019754bd7980, 0x0000019754bdb490,
0x0000019754bdc1b0, 0x0000019754bdc840, 0x0000019754bd93c0, 0x0000019754bdbb20,
0x0000019754bd9a50, 0x0000019754bda770, 0x0000019754bd86a0, 0x0000019754bd8d30,
0x0000019754bdefa0, 0x0000019754bde280, 0x0000019754bdced0, 0x0000019754bdd560
}

Java Threads: ( => current thread )
  0x000001977095ab80 JavaThread "main"                              [_thread_blocked, id=45332, stack(0x0000007908000000,0x0000007908100000) (1024K)]
  0x000001977af61f40 JavaThread "Reference Handler"          daemon [_thread_blocked, id=10356, stack(0x0000007908800000,0x0000007908900000) (1024K)]
  0x000001977af629a0 JavaThread "Finalizer"                  daemon [_thread_blocked, id=44048, stack(0x0000007908900000,0x0000007908a00000) (1024K)]
  0x000001977af66af0 JavaThread "Signal Dispatcher"          daemon [_thread_blocked, id=40656, stack(0x0000007908a00000,0x0000007908b00000) (1024K)]
  0x000001977af67550 JavaThread "Attach Listener"            daemon [_thread_blocked, id=16268, stack(0x0000007908b00000,0x0000007908c00000) (1024K)]
  0x000001977af67fb0 JavaThread "Service Thread"             daemon [_thread_blocked, id=29168, stack(0x0000007908c00000,0x0000007908d00000) (1024K)]
  0x000001977af68a10 JavaThread "Monitor Deflation Thread"   daemon [_thread_blocked, id=45064, stack(0x0000007908d00000,0x0000007908e00000) (1024K)]
=>0x000001977af697a0 JavaThread "C2 CompilerThread0"         daemon [_thread_in_native, id=18448, stack(0x0000007908e00000,0x0000007908f00000) (1024K)]
  0x000001977afd4640 JavaThread "C1 CompilerThread0"         daemon [_thread_blocked, id=45104, stack(0x0000007908f00000,0x0000007909000000) (1024K)]
  0x000001977b148b80 JavaThread "Common-Cleaner"             daemon [_thread_blocked, id=24388, stack(0x0000007909000000,0x0000007909100000) (1024K)]
  0x000001977b1aed90 JavaThread "Notification Thread"        daemon [_thread_blocked, id=44664, stack(0x0000007909100000,0x0000007909200000) (1024K)]
  0x000001977b06a7f0 JavaThread "Daemon health stats"               [_thread_blocked, id=39268, stack(0x0000007909600000,0x0000007909700000) (1024K)]
  0x000001975550e610 JavaThread "Incoming local TCP Connector on port 50731"        [_thread_in_native, id=45132, stack(0x0000007909700000,0x0000007909800000) (1024K)]
  0x00000197553b5e40 JavaThread "Daemon periodic checks"            [_thread_blocked, id=41568, stack(0x0000007909800000,0x0000007909900000) (1024K)]
  0x00000197541a0950 JavaThread "Daemon"                            [_thread_blocked, id=9928, stack(0x0000007909900000,0x0000007909a00000) (1024K)]
  0x000001975419f5a0 JavaThread "Daemon worker"                     [_thread_in_native, id=42472, stack(0x0000007909c00000,0x0000007909d00000) (1024K)]
  0x0000019754bda0e0 JavaThread "Cache worker for journal cache (C:\Users\Lucas Hernandez\.gradle\caches\journal-1)"        [_thread_blocked, id=46116, stack(0x000000790a000000,0x000000790a100000) (1024K)]
  0x0000019754bdae00 JavaThread "File lock request listener"        [_thread_in_native, id=46120, stack(0x000000790a100000,0x000000790a200000) (1024K)]
  0x0000019754bd7980 JavaThread "File lock release action executor"        [_thread_blocked, id=46876, stack(0x000000790a200000,0x000000790a300000) (1024K)]
  0x0000019754bdb490 JavaThread "Cache worker for file hash cache (C:\Users\Lucas Hernandez\.gradle\caches\8.14.3\fileHashes)"        [_thread_blocked, id=12088, stack(0x0000007907e00000,0x0000007907f00000) (1024K)]
  0x0000019754bdc1b0 JavaThread "File watcher server"        daemon [_thread_in_native, id=45236, stack(0x000000790ac00000,0x000000790ad00000) (1024K)]
  0x0000019754bdc840 JavaThread "File watcher consumer"      daemon [_thread_blocked, id=44864, stack(0x000000790ad00000,0x000000790ae00000) (1024K)]
  0x0000019754bd93c0 JavaThread "VFS cleanup"                       [_thread_blocked, id=3360, stack(0x0000007909d00000,0x0000007909e00000) (1024K)]
  0x0000019754bdbb20 JavaThread "Handler for socket connection from /127.0.0.1:50731 to /127.0.0.1:59533"        [_thread_in_native, id=39048, stack(0x0000007909a00000,0x0000007909b00000) (1024K)]
  0x0000019754bd9a50 JavaThread "Cancel handler"                    [_thread_blocked, id=10664, stack(0x0000007909b00000,0x0000007909c00000) (1024K)]
  0x0000019754bda770 JavaThread "Asynchronous log dispatcher for DefaultDaemonConnection: socket connection from /127.0.0.1:50731 to /127.0.0.1:59533"        [_thread_blocked, id=17172, stack(0x0000007909e00000,0x0000007909f00000) (1024K)]
  0x0000019754bd86a0 JavaThread "Stdin handler"                     [_thread_blocked, id=27468, stack(0x0000007909f00000,0x000000790a000000) (1024K)]
  0x0000019754bd8d30 JavaThread "Daemon client event forwarder"        [_thread_blocked, id=39464, stack(0x000000790aa00000,0x000000790ab00000) (1024K)]
  0x0000019754bdefa0 JavaThread "Cache worker for file hash cache (C:\Users\Lucas Hernandez\OneDrive - UDIT\Documents\DI\dam2-productos-archivos\android\.gradle\8.14.3\fileHashes)"        [_thread_blocked, id=14576, stack(0x000000790ab00000,0x000000790ac00000) (1024K)]
  0x0000019754bde280 JavaThread "Cache worker for Build Output Cleanup Cache (C:\Users\Lucas Hernandez\OneDrive - UDIT\Documents\DI\dam2-productos-archivos\android\.gradle\buildOutputCleanup)"        [_thread_blocked, id=16128, stack(0x000000790ae00000,0x000000790af00000) (1024K)]
  0x0000019754bdced0 JavaThread "jar transforms"                    [_thread_blocked, id=45492, stack(0x000000790af00000,0x000000790b000000) (1024K)]
  0x0000019754bdd560 JavaThread "jar transforms Thread 2"           [_thread_blocked, id=42400, stack(0x000000790b000000,0x000000790b100000) (1024K)]
Total: 32

Other Threads:
  0x000001977af3e940 VMThread "VM Thread"                           [id=39544, stack(0x0000007908700000,0x0000007908800000) (1024K)]
  0x000001977af33040 WatcherThread "VM Periodic Task Thread"        [id=33704, stack(0x0000007908600000,0x0000007908700000) (1024K)]
  0x0000019772d6c360 WorkerThread "GC Thread#0"                     [id=25252, stack(0x0000007908100000,0x0000007908200000) (1024K)]
  0x000001977b28fe70 WorkerThread "GC Thread#1"                     [id=38292, stack(0x0000007909200000,0x0000007909300000) (1024K)]
  0x000001975402c060 WorkerThread "GC Thread#2"                     [id=38944, stack(0x0000007909300000,0x0000007909400000) (1024K)]
  0x000001975402c410 WorkerThread "GC Thread#3"                     [id=37912, stack(0x0000007909400000,0x0000007909500000) (1024K)]
  0x000001975402c7c0 WorkerThread "GC Thread#4"                     [id=30972, stack(0x0000007909500000,0x0000007909600000) (1024K)]
  0x00000197561152e0 WorkerThread "GC Thread#5"                     [id=44532, stack(0x000000790a300000,0x000000790a400000) (1024K)]
  0x0000019756115690 WorkerThread "GC Thread#6"                     [id=41912, stack(0x000000790a400000,0x000000790a500000) (1024K)]
  0x0000019756115df0 WorkerThread "GC Thread#7"                     [id=8732, stack(0x000000790a500000,0x000000790a600000) (1024K)]
  0x00000197561161a0 WorkerThread "GC Thread#8"                     [id=44044, stack(0x000000790a600000,0x000000790a700000) (1024K)]
  0x00000197561147d0 WorkerThread "GC Thread#9"                     [id=39444, stack(0x000000790a700000,0x000000790a800000) (1024K)]
  0x0000019772d79350 ConcurrentGCThread "G1 Main Marker"            [id=45416, stack(0x0000007908200000,0x0000007908300000) (1024K)]
  0x0000019772d79e60 WorkerThread "G1 Conc#0"                       [id=24692, stack(0x0000007908300000,0x0000007908400000) (1024K)]
  0x000001977af91290 WorkerThread "G1 Conc#1"                       [id=28656, stack(0x000000790a800000,0x000000790a900000) (1024K)]
  0x000001977af91640 WorkerThread "G1 Conc#2"                       [id=36568, stack(0x000000790a900000,0x000000790aa00000) (1024K)]
  0x000001977ae02220 ConcurrentGCThread "G1 Refine#0"               [id=23724, stack(0x0000007908400000,0x0000007908500000) (1024K)]
  0x000001977ae02bb0 ConcurrentGCThread "G1 Service"                [id=45232, stack(0x0000007908500000,0x0000007908600000) (1024K)]
Total: 18

Threads with active compile tasks:
C2 CompilerThread0  62373 4413       4       java.util.Properties$LineReader::readLine (584 bytes)
Total: 1

VM state: not at safepoint (normal execution)

VM Mutex/Monitor currently owned by a thread: None

Heap address: 0x00000000a0000000, size: 1536 MB, Compressed Oops mode: 32-bit

CDS archive(s) mapped at: [0x000001970f000000-0x000001970fba0000-0x000001970fba0000), size 12189696, SharedBaseAddress: 0x000001970f000000, ArchiveRelocationMode: 1.
Compressed class space mapped at: 0x0000019710000000-0x0000019750000000, reserved size: 1073741824
Narrow klass base: 0x000001970f000000, Narrow klass shift: 0, Narrow klass range: 0x100000000

GC Precious Log:
 CardTable entry size: 512
 Card Set container configuration: InlinePtr #cards 5 size 8 Array Of Cards #cards 12 size 40 Howl #buckets 4 coarsen threshold 1843 Howl Bitmap #cards 512 size 80 coarsen threshold 460 Card regions per heap region 1 cards per card region 2048
 CPUs: 12 total, 12 available
 Memory: 15754M
 Large Page Support: Disabled
 NUMA Support: Disabled
 Compressed Oops: Enabled (32-bit)
 Heap Region Size: 1M
 Heap Min Capacity: 8M
 Heap Initial Capacity: 248M
 Heap Max Capacity: 1536M
 Pre-touch: Disabled
 Parallel Workers: 10
 Concurrent Workers: 3
 Concurrent Refinement Workers: 10
 Periodic GC: Disabled

Heap:
 garbage-first heap   total 89088K, used 48461K [0x00000000a0000000, 0x0000000100000000)
  region size 1024K, 27 young (27648K), 4 survivors (4096K)
 Metaspace       used 32045K, committed 32960K, reserved 1114112K
  class space    used 4676K, committed 5120K, reserved 1048576K

Heap Regions: E=young(eden), S=young(survivor), O=old, HS=humongous(starts), HC=humongous(continues), CS=collection set, F=free, TAMS=top-at-mark-start, PB=parsable bottom
|   0|0x00000000a0000000, 0x00000000a0100000, 0x00000000a0100000|100%|HS|  |TAMS 0x00000000a0000000| PB 0x00000000a0000000| Complete 
|   1|0x00000000a0100000, 0x00000000a0200000, 0x00000000a0200000|100%|HC|  |TAMS 0x00000000a0100000| PB 0x00000000a0100000| Complete 
|   2|0x00000000a0200000, 0x00000000a0300000, 0x00000000a0300000|100%|HC|  |TAMS 0x00000000a0200000| PB 0x00000000a0200000| Complete 
|   3|0x00000000a0300000, 0x00000000a0400000, 0x00000000a0400000|100%| O|  |TAMS 0x00000000a0300000| PB 0x00000000a0300000| Untracked 
|   4|0x00000000a0400000, 0x00000000a0500000, 0x00000000a0500000|100%| O|  |TAMS 0x00000000a0400000| PB 0x00000000a0400000| Untracked 
|   5|0x00000000a0500000, 0x00000000a0600000, 0x00000000a0600000|100%| O|  |TAMS 0x00000000a0500000| PB 0x00000000a0500000| Untracked 
|   6|0x00000000a0600000, 0x00000000a0700000, 0x00000000a0700000|100%|HS|  |TAMS 0x00000000a0600000| PB 0x00000000a0600000| Complete 
|   7|0x00000000a0700000, 0x00000000a0800000, 0x00000000a0800000|100%| O|  |TAMS 0x00000000a0700000| PB 0x00000000a0700000| Untracked 
|   8|0x00000000a0800000, 0x00000000a0900000, 0x00000000a0900000|100%| O|  |TAMS 0x00000000a0800000| PB 0x00000000a0800000| Untracked 
|   9|0x00000000a0900000, 0x00000000a0a00000, 0x00000000a0a00000|100%| O|  |TAMS 0x00000000a0900000| PB 0x00000000a0900000| Untracked 
|  10|0x00000000a0a00000, 0x00000000a0b00000, 0x00000000a0b00000|100%| O|  |TAMS 0x00000000a0a00000| PB 0x00000000a0a00000| Untracked 
|  11|0x00000000a0b00000, 0x00000000a0c00000, 0x00000000a0c00000|100%| O|  |TAMS 0x00000000a0b00000| PB 0x00000000a0b00000| Untracked 
|  12|0x00000000a0c00000, 0x00000000a0d00000, 0x00000000a0d00000|100%| O|  |TAMS 0x00000000a0c00000| PB 0x00000000a0c00000| Untracked 
|  13|0x00000000a0d00000, 0x00000000a0e00000, 0x00000000a0e00000|100%| O|  |TAMS 0x00000000a0d00000| PB 0x00000000a0d00000| Untracked 
|  14|0x00000000a0e00000, 0x00000000a0f00000, 0x00000000a0f00000|100%| O|  |TAMS 0x00000000a0e00000| PB 0x00000000a0e00000| Untracked 
|  15|0x00000000a0f00000, 0x00000000a1000000, 0x00000000a1000000|100%| O|  |TAMS 0x00000000a0f00000| PB 0x00000000a0f00000| Untracked 
|  16|0x00000000a1000000, 0x00000000a1100000, 0x00000000a1100000|100%| O|  |TAMS 0x00000000a1000000| PB 0x00000000a1000000| Untracked 
|  17|0x00000000a1100000, 0x00000000a1200000, 0x00000000a1200000|100%| O|  |TAMS 0x00000000a1100000| PB 0x00000000a1100000| Untracked 
|  18|0x00000000a1200000, 0x00000000a1300000, 0x00000000a1300000|100%| O|  |TAMS 0x00000000a1200000| PB 0x00000000a1200000| Untracked 
|  19|0x00000000a1300000, 0x00000000a1400000, 0x00000000a1400000|100%| O|  |TAMS 0x00000000a1300000| PB 0x00000000a1300000| Untracked 
|  20|0x00000000a1400000, 0x00000000a1500000, 0x00000000a1500000|100%| O|  |TAMS 0x00000000a1400000| PB 0x00000000a1400000| Untracked 
|  21|0x00000000a1500000, 0x00000000a1600000, 0x00000000a1600000|100%| O|  |TAMS 0x00000000a1500000| PB 0x00000000a1500000| Untracked 
|  22|0x00000000a1600000, 0x00000000a1700000, 0x00000000a1700000|100%| O|  |TAMS 0x00000000a1600000| PB 0x00000000a1600000| Untracked 
|  23|0x00000000a1700000, 0x00000000a170b820, 0x00000000a1800000|  4%| O|Cm|TAMS 0x00000000a1700000| PB 0x00000000a1700000| Complete 
|  24|0x00000000a1800000, 0x00000000a1800000, 0x00000000a1900000|  0%| F|  |TAMS 0x00000000a1800000| PB 0x00000000a1800000| Untracked 
|  25|0x00000000a1900000, 0x00000000a1900000, 0x00000000a1a00000|  0%| F|  |TAMS 0x00000000a1900000| PB 0x00000000a1900000| Untracked 
|  26|0x00000000a1a00000, 0x00000000a1a00000, 0x00000000a1b00000|  0%| F|  |TAMS 0x00000000a1a00000| PB 0x00000000a1a00000| Untracked 
|  27|0x00000000a1b00000, 0x00000000a1b00000, 0x00000000a1c00000|  0%| F|  |TAMS 0x00000000a1b00000| PB 0x00000000a1b00000| Untracked 
|  28|0x00000000a1c00000, 0x00000000a1c00000, 0x00000000a1d00000|  0%| F|  |TAMS 0x00000000a1c00000| PB 0x00000000a1c00000| Untracked 
|  29|0x00000000a1d00000, 0x00000000a1d00000, 0x00000000a1e00000|  0%| F|  |TAMS 0x00000000a1d00000| PB 0x00000000a1d00000| Untracked 
|  30|0x00000000a1e00000, 0x00000000a1e00000, 0x00000000a1f00000|  0%| F|  |TAMS 0x00000000a1e00000| PB 0x00000000a1e00000| Untracked 
|  31|0x00000000a1f00000, 0x00000000a1f47f00, 0x00000000a2000000| 28%| S|CS|TAMS 0x00000000a1f00000| PB 0x00000000a1f00000| Complete 
|  32|0x00000000a2000000, 0x00000000a2100000, 0x00000000a2100000|100%| S|CS|TAMS 0x00000000a2000000| PB 0x00000000a2000000| Complete 
|  33|0x00000000a2100000, 0x00000000a2200000, 0x00000000a2200000|100%| S|CS|TAMS 0x00000000a2100000| PB 0x00000000a2100000| Complete 
|  34|0x00000000a2200000, 0x00000000a2300000, 0x00000000a2300000|100%| S|CS|TAMS 0x00000000a2200000| PB 0x00000000a2200000| Complete 
|  35|0x00000000a2300000, 0x00000000a2300000, 0x00000000a2400000|  0%| F|  |TAMS 0x00000000a2300000| PB 0x00000000a2300000| Untracked 
|  36|0x00000000a2400000, 0x00000000a2400000, 0x00000000a2500000|  0%| F|  |TAMS 0x00000000a2400000| PB 0x00000000a2400000| Untracked 
|  37|0x00000000a2500000, 0x00000000a2500000, 0x00000000a2600000|  0%| F|  |TAMS 0x00000000a2500000| PB 0x00000000a2500000| Untracked 
|  38|0x00000000a2600000, 0x00000000a2600000, 0x00000000a2700000|  0%| F|  |TAMS 0x00000000a2600000| PB 0x00000000a2600000| Untracked 
|  39|0x00000000a2700000, 0x00000000a2700000, 0x00000000a2800000|  0%| F|  |TAMS 0x00000000a2700000| PB 0x00000000a2700000| Untracked 
|  40|0x00000000a2800000, 0x00000000a2800000, 0x00000000a2900000|  0%| F|  |TAMS 0x00000000a2800000| PB 0x00000000a2800000| Untracked 
|  41|0x00000000a2900000, 0x00000000a2900000, 0x00000000a2a00000|  0%| F|  |TAMS 0x00000000a2900000| PB 0x00000000a2900000| Untracked 
|  42|0x00000000a2a00000, 0x00000000a2a00000, 0x00000000a2b00000|  0%| F|  |TAMS 0x00000000a2a00000| PB 0x00000000a2a00000| Untracked 
|  43|0x00000000a2b00000, 0x00000000a2b00000, 0x00000000a2c00000|  0%| F|  |TAMS 0x00000000a2b00000| PB 0x00000000a2b00000| Untracked 
|  44|0x00000000a2c00000, 0x00000000a2c00000, 0x00000000a2d00000|  0%| F|  |TAMS 0x00000000a2c00000| PB 0x00000000a2c00000| Untracked 
|  45|0x00000000a2d00000, 0x00000000a2d00000, 0x00000000a2e00000|  0%| F|  |TAMS 0x00000000a2d00000| PB 0x00000000a2d00000| Untracked 
|  46|0x00000000a2e00000, 0x00000000a2e00000, 0x00000000a2f00000|  0%| F|  |TAMS 0x00000000a2e00000| PB 0x00000000a2e00000| Untracked 
|  47|0x00000000a2f00000, 0x00000000a2f00000, 0x00000000a3000000|  0%| F|  |TAMS 0x00000000a2f00000| PB 0x00000000a2f00000| Untracked 
|  48|0x00000000a3000000, 0x00000000a3000000, 0x00000000a3100000|  0%| F|  |TAMS 0x00000000a3000000| PB 0x00000000a3000000| Untracked 
|  49|0x00000000a3100000, 0x00000000a3100000, 0x00000000a3200000|  0%| F|  |TAMS 0x00000000a3100000| PB 0x00000000a3100000| Untracked 
|  50|0x00000000a3200000, 0x00000000a3200000, 0x00000000a3300000|  0%| F|  |TAMS 0x00000000a3200000| PB 0x00000000a3200000| Untracked 
|  51|0x00000000a3300000, 0x00000000a3300000, 0x00000000a3400000|  0%| F|  |TAMS 0x00000000a3300000| PB 0x00000000a3300000| Untracked 
|  52|0x00000000a3400000, 0x00000000a3400000, 0x00000000a3500000|  0%| F|  |TAMS 0x00000000a3400000| PB 0x00000000a3400000| Untracked 
|  53|0x00000000a3500000, 0x00000000a3500000, 0x00000000a3600000|  0%| F|  |TAMS 0x00000000a3500000| PB 0x00000000a3500000| Untracked 
|  54|0x00000000a3600000, 0x00000000a3600000, 0x00000000a3700000|  0%| F|  |TAMS 0x00000000a3600000| PB 0x00000000a3600000| Untracked 
|  55|0x00000000a3700000, 0x00000000a3700000, 0x00000000a3800000|  0%| F|  |TAMS 0x00000000a3700000| PB 0x00000000a3700000| Untracked 
|  56|0x00000000a3800000, 0x00000000a3800000, 0x00000000a3900000|  0%| F|  |TAMS 0x00000000a3800000| PB 0x00000000a3800000| Untracked 
|  57|0x00000000a3900000, 0x00000000a3900000, 0x00000000a3a00000|  0%| F|  |TAMS 0x00000000a3900000| PB 0x00000000a3900000| Untracked 
|  58|0x00000000a3a00000, 0x00000000a3a00000, 0x00000000a3b00000|  0%| F|  |TAMS 0x00000000a3a00000| PB 0x00000000a3a00000| Untracked 
|  59|0x00000000a3b00000, 0x00000000a3b00000, 0x00000000a3c00000|  0%| F|  |TAMS 0x00000000a3b00000| PB 0x00000000a3b00000| Untracked 
|  60|0x00000000a3c00000, 0x00000000a3c00000, 0x00000000a3d00000|  0%| F|  |TAMS 0x00000000a3c00000| PB 0x00000000a3c00000| Untracked 
|  61|0x00000000a3d00000, 0x00000000a3d00000, 0x00000000a3e00000|  0%| F|  |TAMS 0x00000000a3d00000| PB 0x00000000a3d00000| Untracked 
|  62|0x00000000a3e00000, 0x00000000a3e00000, 0x00000000a3f00000|  0%| F|  |TAMS 0x00000000a3e00000| PB 0x00000000a3e00000| Untracked 
|  63|0x00000000a3f00000, 0x00000000a3f00000, 0x00000000a4000000|  0%| F|  |TAMS 0x00000000a3f00000| PB 0x00000000a3f00000| Untracked 
|  64|0x00000000a4000000, 0x00000000a407d510, 0x00000000a4100000| 48%| E|  |TAMS 0x00000000a4000000| PB 0x00000000a4000000| Complete 
|  65|0x00000000a4100000, 0x00000000a4200000, 0x00000000a4200000|100%| E|CS|TAMS 0x00000000a4100000| PB 0x00000000a4100000| Complete 
|  66|0x00000000a4200000, 0x00000000a4300000, 0x00000000a4300000|100%| E|CS|TAMS 0x00000000a4200000| PB 0x00000000a4200000| Complete 
|  67|0x00000000a4300000, 0x00000000a4400000, 0x00000000a4400000|100%| E|CS|TAMS 0x00000000a4300000| PB 0x00000000a4300000| Complete 
|  68|0x00000000a4400000, 0x00000000a4500000, 0x00000000a4500000|100%| E|CS|TAMS 0x00000000a4400000| PB 0x00000000a4400000| Complete 
|  69|0x00000000a4500000, 0x00000000a4600000, 0x00000000a4600000|100%| E|  |TAMS 0x00000000a4500000| PB 0x00000000a4500000| Complete 
|  70|0x00000000a4600000, 0x00000000a4700000, 0x00000000a4700000|100%| E|CS|TAMS 0x00000000a4600000| PB 0x00000000a4600000| Complete 
|  71|0x00000000a4700000, 0x00000000a4800000, 0x00000000a4800000|100%| E|CS|TAMS 0x00000000a4700000| PB 0x00000000a4700000| Complete 
|  72|0x00000000a4800000, 0x00000000a4900000, 0x00000000a4900000|100%| E|CS|TAMS 0x00000000a4800000| PB 0x00000000a4800000| Complete 
|  73|0x00000000a4900000, 0x00000000a4a00000, 0x00000000a4a00000|100%| E|CS|TAMS 0x00000000a4900000| PB 0x00000000a4900000| Complete 
|  74|0x00000000a4a00000, 0x00000000a4b00000, 0x00000000a4b00000|100%| E|CS|TAMS 0x00000000a4a00000| PB 0x00000000a4a00000| Complete 
|  75|0x00000000a4b00000, 0x00000000a4c00000, 0x00000000a4c00000|100%| E|CS|TAMS 0x00000000a4b00000| PB 0x00000000a4b00000| Complete 
|  76|0x00000000a4c00000, 0x00000000a4d00000, 0x00000000a4d00000|100%| E|CS|TAMS 0x00000000a4c00000| PB 0x00000000a4c00000| Complete 
|  77|0x00000000a4d00000, 0x00000000a4e00000, 0x00000000a4e00000|100%| E|CS|TAMS 0x00000000a4d00000| PB 0x00000000a4d00000| Complete 
|  78|0x00000000a4e00000, 0x00000000a4f00000, 0x00000000a4f00000|100%| E|CS|TAMS 0x00000000a4e00000| PB 0x00000000a4e00000| Complete 
|  79|0x00000000a4f00000, 0x00000000a5000000, 0x00000000a5000000|100%| E|CS|TAMS 0x00000000a4f00000| PB 0x00000000a4f00000| Complete 
|  80|0x00000000a5000000, 0x00000000a5100000, 0x00000000a5100000|100%| E|CS|TAMS 0x00000000a5000000| PB 0x00000000a5000000| Complete 
|  81|0x00000000a5100000, 0x00000000a5200000, 0x00000000a5200000|100%| E|CS|TAMS 0x00000000a5100000| PB 0x00000000a5100000| Complete 
|  82|0x00000000a5200000, 0x00000000a5300000, 0x00000000a5300000|100%| E|CS|TAMS 0x00000000a5200000| PB 0x00000000a5200000| Complete 
|  83|0x00000000a5300000, 0x00000000a5400000, 0x00000000a5400000|100%| E|CS|TAMS 0x00000000a5300000| PB 0x00000000a5300000| Complete 
| 243|0x00000000af300000, 0x00000000af400000, 0x00000000af400000|100%| E|CS|TAMS 0x00000000af300000| PB 0x00000000af300000| Complete 
| 244|0x00000000af400000, 0x00000000af500000, 0x00000000af500000|100%| E|CS|TAMS 0x00000000af400000| PB 0x00000000af400000| Complete 
| 247|0x00000000af700000, 0x00000000af800000, 0x00000000af800000|100%| E|CS|TAMS 0x00000000af700000| PB 0x00000000af700000| Complete 

Card table byte_map: [0x0000019776780000,0x0000019776a80000] _byte_map_base: 0x0000019776280000

Marking Bits: (CMBitMap*) 0x0000019772d6ca70
 Bits: [0x0000019776a80000, 0x0000019778280000)

Polling page: 0x0000019770b50000

Metaspace:

Usage:
  Non-class:     26.73 MB used.
      Class:      4.57 MB used.
       Both:     31.29 MB used.

Virtual space:
  Non-class space:       64.00 MB reserved,      27.19 MB ( 42%) committed,  1 nodes.
      Class space:        1.00 GB reserved,       5.00 MB ( <1%) committed,  1 nodes.
             Both:        1.06 GB reserved,      32.19 MB (  3%) committed. 

Chunk freelists:
   Non-Class:  4.38 MB
       Class:  11.00 MB
        Both:  15.38 MB

MaxMetaspaceSize: unlimited
CompressedClassSpaceSize: 1.00 GB
Initial GC threshold: 21.00 MB
Current GC threshold: 35.12 MB
CDS: on
 - commit_granule_bytes: 65536.
 - commit_granule_words: 8192.
 - virtual_space_node_default_size: 8388608.
 - enlarge_chunks_in_place: 1.
 - use_allocation_guard: 0.


Internal statistics:

num_allocs_failed_limit: 3.
num_arena_births: 1620.
num_arena_deaths: 0.
num_vsnodes_births: 2.
num_vsnodes_deaths: 0.
num_space_committed: 515.
num_space_uncommitted: 0.
num_chunks_returned_to_freelist: 3.
num_chunks_taken_from_freelist: 3006.
num_chunk_merges: 3.
num_chunk_splits: 1917.
num_chunks_enlarged: 1190.
num_inconsistent_stats: 0.

CodeHeap 'non-profiled nmethods': size=120000Kb used=2507Kb max_used=2507Kb free=117492Kb
 bounds [0x0000019707ad0000, 0x0000019707d50000, 0x000001970f000000]
CodeHeap 'profiled nmethods': size=120000Kb used=8808Kb max_used=8808Kb free=111191Kb
 bounds [0x0000019700000000, 0x00000197008a0000, 0x0000019707530000]
CodeHeap 'non-nmethods': size=5760Kb used=1442Kb max_used=1486Kb free=4317Kb
 bounds [0x0000019707530000, 0x00000197077a0000, 0x0000019707ad0000]
CodeCache: size=245760Kb, used=12757Kb, max_used=12801Kb, free=233000Kb
 total_blobs=5028, nmethods=4431, adapters=501, full_count=0
Compilation: enabled, stopped_count=0, restarted_count=0

Compilation events (20 events):
Event: 62.058 Thread 0x000001977afd4640 nmethod 4403 0x0000019707d41d90 code [0x0000019707d41f20, 0x0000019707d41fe8]
Event: 62.059 Thread 0x000001977af697a0 4404       4       java.lang.Object::<init> (1 bytes)
Event: 62.059 Thread 0x000001977af697a0 nmethod 4404 0x0000019707d42090 code [0x0000019707d42220, 0x0000019707d422e8]
Event: 62.061 Thread 0x000001977afd4640 4405       3       java.util.stream.ReduceOps::makeRef (42 bytes)
Event: 62.062 Thread 0x000001977afd4640 nmethod 4405 0x000001970088b710 code [0x000001970088b920, 0x000001970088c108]
Event: 62.062 Thread 0x000001977afd4640 4406       3       java.util.stream.ReduceOps$3::<init> (28 bytes)
Event: 62.062 Thread 0x000001977afd4640 nmethod 4406 0x000001970088c390 code [0x000001970088c540, 0x000001970088c8d0]
Event: 62.062 Thread 0x000001977afd4640 4407       3       java.util.stream.ReduceOps$3ReducingSink::begin (14 bytes)
Event: 62.063 Thread 0x000001977afd4640 nmethod 4407 0x000001970088ca10 code [0x000001970088cbc0, 0x000001970088cdf0]
Event: 62.086 Thread 0x000001977afd4640 4408       3       org.codehaus.groovy.reflection.ParameterTypes::setParametersTypes (32 bytes)
Event: 62.086 Thread 0x000001977afd4640 nmethod 4408 0x000001970088cf10 code [0x000001970088d0c0, 0x000001970088d2e8]
Event: 62.093 Thread 0x000001977afd4640 4409       3       java.util.stream.Collectors$CollectorImpl::<init> (32 bytes)
Event: 62.094 Thread 0x000001977afd4640 nmethod 4409 0x000001970088d410 code [0x000001970088d5c0, 0x000001970088d950]
Event: 62.114 Thread 0x000001977afd4640 4410       3       org.codehaus.groovy.reflection.CachedClass$3$$Lambda/0x00000197104ed288::test (8 bytes)
Event: 62.115 Thread 0x000001977afd4640 nmethod 4410 0x000001970088da10 code [0x000001970088dbe0, 0x000001970088df58]
Event: 62.115 Thread 0x000001977afd4640 4411       3       org.codehaus.groovy.reflection.CachedClass$3::lambda$initValue$0 (18 bytes)
Event: 62.115 Thread 0x000001977afd4640 nmethod 4411 0x000001970088e090 code [0x000001970088e240, 0x000001970088e440]
Event: 62.308 Thread 0x000001977afd4640 4412       3       sun.nio.fs.WindowsPath::toWindowsPath (32 bytes)
Event: 62.308 Thread 0x000001977afd4640 nmethod 4412 0x000001970088e590 code [0x000001970088e760, 0x000001970088ebe8]
Event: 62.310 Thread 0x000001977af697a0 4413       4       java.util.Properties$LineReader::readLine (584 bytes)

GC Heap History (10 events):
Event: 1.070 GC heap before
{Heap before GC invocations=0 (full 0):
 garbage-first heap   total 253952K, used 23552K [0x00000000a0000000, 0x0000000100000000)
  region size 1024K, 23 young (23552K), 0 survivors (0K)
 Metaspace       used 900K, committed 1024K, reserved 1114112K
  class space    used 72K, committed 128K, reserved 1048576K
}
Event: 1.083 GC heap after
{Heap after GC invocations=1 (full 0):
 garbage-first heap   total 253952K, used 1536K [0x00000000a0000000, 0x0000000100000000)
  region size 1024K, 2 young (2048K), 2 survivors (2048K)
 Metaspace       used 900K, committed 1024K, reserved 1114112K
  class space    used 72K, committed 128K, reserved 1048576K
}
Event: 4.669 GC heap before
{Heap before GC invocations=1 (full 0):
 garbage-first heap   total 253952K, used 40448K [0x00000000a0000000, 0x0000000100000000)
  region size 1024K, 38 young (38912K), 2 survivors (2048K)
 Metaspace       used 4407K, committed 4608K, reserved 1114112K
  class space    used 557K, committed 640K, reserved 1048576K
}
Event: 4.679 GC heap after
{Heap after GC invocations=2 (full 0):
 garbage-first heap   total 253952K, used 10679K [0x00000000a0000000, 0x0000000100000000)
  region size 1024K, 5 young (5120K), 5 survivors (5120K)
 Metaspace       used 4407K, committed 4608K, reserved 1114112K
  class space    used 557K, committed 640K, reserved 1048576K
}
Event: 40.819 GC heap before
{Heap before GC invocations=2 (full 0):
 garbage-first heap   total 253952K, used 159159K [0x00000000a0000000, 0x0000000100000000)
  region size 1024K, 148 young (151552K), 5 survivors (5120K)
 Metaspace       used 20535K, committed 21248K, reserved 1114112K
  class space    used 3021K, committed 3392K, reserved 1048576K
}
Event: 40.973 GC heap after
{Heap after GC invocations=3 (full 0):
 garbage-first heap   total 253952K, used 23399K [0x00000000a0000000, 0x0000000100000000)
  region size 1024K, 17 young (17408K), 17 survivors (17408K)
 Metaspace       used 20535K, committed 21248K, reserved 1114112K
  class space    used 3021K, committed 3392K, reserved 1048576K
}
Event: 41.396 GC heap before
{Heap before GC invocations=3 (full 0):
 garbage-first heap   total 253952K, used 25447K [0x00000000a0000000, 0x0000000100000000)
  region size 1024K, 20 young (20480K), 17 survivors (17408K)
 Metaspace       used 20833K, committed 21504K, reserved 1114112K
  class space    used 3066K, committed 3392K, reserved 1048576K
}
Event: 41.412 GC heap after
{Heap after GC invocations=4 (full 0):
 garbage-first heap   total 253952K, used 25451K [0x00000000a0000000, 0x0000000100000000)
  region size 1024K, 2 young (2048K), 2 survivors (2048K)
 Metaspace       used 20833K, committed 21504K, reserved 1114112K
  class space    used 3066K, committed 3392K, reserved 1048576K
}
Event: 49.739 GC heap before
{Heap before GC invocations=5 (full 0):
 garbage-first heap   total 89088K, used 76651K [0x00000000a0000000, 0x0000000100000000)
  region size 1024K, 52 young (53248K), 2 survivors (2048K)
 Metaspace       used 27817K, committed 28800K, reserved 1114112K
  class space    used 4165K, committed 4672K, reserved 1048576K
}
Event: 49.744 GC heap after
{Heap after GC invocations=6 (full 0):
 garbage-first heap   total 89088K, used 26957K [0x00000000a0000000, 0x0000000100000000)
  region size 1024K, 4 young (4096K), 4 survivors (4096K)
 Metaspace       used 27817K, committed 28800K, reserved 1114112K
  class space    used 4165K, committed 4672K, reserved 1048576K
}

Dll operation events (20 events):
Event: 0.276 Attempting to load shared library C:\Users\Lucas Hernandez\.vscode\extensions\redhat.java-1.56.0-win32-x64\jre\21.0.12.1-win32-x86_64\bin\nio.dll
Event: 0.277 Loaded shared library C:\Users\Lucas Hernandez\.vscode\extensions\redhat.java-1.56.0-win32-x64\jre\21.0.12.1-win32-x86_64\bin\nio.dll
Event: 0.283 Attempting to load shared library C:\Users\Lucas Hernandez\.vscode\extensions\redhat.java-1.56.0-win32-x64\jre\21.0.12.1-win32-x86_64\bin\zip.dll
Event: 0.283 Loaded shared library C:\Users\Lucas Hernandez\.vscode\extensions\redhat.java-1.56.0-win32-x64\jre\21.0.12.1-win32-x86_64\bin\zip.dll
Event: 1.087 Attempting to load shared library C:\Users\Lucas Hernandez\.vscode\extensions\redhat.java-1.56.0-win32-x64\jre\21.0.12.1-win32-x86_64\bin\jimage.dll
Event: 1.087 Loaded shared library C:\Users\Lucas Hernandez\.vscode\extensions\redhat.java-1.56.0-win32-x64\jre\21.0.12.1-win32-x86_64\bin\jimage.dll
Event: 1.667 Attempting to load shared library C:\Users\Lucas Hernandez\.vscode\extensions\redhat.java-1.56.0-win32-x64\jre\21.0.12.1-win32-x86_64\bin\verify.dll
Event: 1.668 Loaded shared library C:\Users\Lucas Hernandez\.vscode\extensions\redhat.java-1.56.0-win32-x64\jre\21.0.12.1-win32-x86_64\bin\verify.dll
Event: 1.927 Attempting to load shared library C:\Users\Lucas Hernandez\.gradle\native\1def1411415f61bf3af743bc5b6707747c0891f09f0c88961ee8f79bc544acac\windows-amd64\native-platform.dll
Event: 1.929 Loaded shared library C:\Users\Lucas Hernandez\.gradle\native\1def1411415f61bf3af743bc5b6707747c0891f09f0c88961ee8f79bc544acac\windows-amd64\native-platform.dll
Event: 1.948 Attempting to load shared library C:\Users\Lucas Hernandez\.gradle\native\0.2.7\x86_64-windows-gnu\gradle-fileevents.dll
Event: 1.950 Loaded shared library C:\Users\Lucas Hernandez\.gradle\native\0.2.7\x86_64-windows-gnu\gradle-fileevents.dll
Event: 13.637 Attempting to load shared library C:\Users\Lucas Hernandez\.vscode\extensions\redhat.java-1.56.0-win32-x64\jre\21.0.12.1-win32-x86_64\bin\management.dll
Event: 13.638 Loaded shared library C:\Users\Lucas Hernandez\.vscode\extensions\redhat.java-1.56.0-win32-x64\jre\21.0.12.1-win32-x86_64\bin\management.dll
Event: 13.657 Attempting to load shared library C:\Users\Lucas Hernandez\.vscode\extensions\redhat.java-1.56.0-win32-x64\jre\21.0.12.1-win32-x86_64\bin\management_ext.dll
Event: 13.669 Loaded shared library C:\Users\Lucas Hernandez\.vscode\extensions\redhat.java-1.56.0-win32-x64\jre\21.0.12.1-win32-x86_64\bin\management_ext.dll
Event: 15.933 Attempting to load shared library C:\Users\Lucas Hernandez\.vscode\extensions\redhat.java-1.56.0-win32-x64\jre\21.0.12.1-win32-x86_64\bin\extnet.dll
Event: 15.949 Loaded shared library C:\Users\Lucas Hernandez\.vscode\extensions\redhat.java-1.56.0-win32-x64\jre\21.0.12.1-win32-x86_64\bin\extnet.dll
Event: 17.885 Attempting to load shared library C:\Users\Lucas Hernandez\.vscode\extensions\redhat.java-1.56.0-win32-x64\jre\21.0.12.1-win32-x86_64\bin\sunmscapi.dll
Event: 17.892 Loaded shared library C:\Users\Lucas Hernandez\.vscode\extensions\redhat.java-1.56.0-win32-x64\jre\21.0.12.1-win32-x86_64\bin\sunmscapi.dll

Deoptimization events (20 events):
Event: 60.780 Thread 0x000001975419f5a0 Uncommon trap: trap_request=0xffffff45 fr.pc=0x0000019707c0d4f0 relative=0x0000000000000650
Event: 60.781 Thread 0x000001975419f5a0 Uncommon trap: reason=unstable_if action=reinterpret pc=0x0000019707c0d4f0 method=jdk.internal.org.objectweb.asm.MethodWriter.visitVarInsn(II)V @ 108 c2
Event: 60.781 Thread 0x000001975419f5a0 DEOPT PACKING pc=0x0000019707c0d4f0 sp=0x0000007909cf0710
Event: 60.781 Thread 0x000001975419f5a0 DEOPT UNPACKING pc=0x0000019707584422 sp=0x0000007909cf06d8 mode 2
Event: 60.781 Thread 0x000001975419f5a0 Uncommon trap: trap_request=0xffffff45 fr.pc=0x0000019707cfb974 relative=0x00000000000015b4
Event: 60.781 Thread 0x000001975419f5a0 Uncommon trap: reason=unstable_if action=reinterpret pc=0x0000019707cfb974 method=jdk.internal.org.objectweb.asm.MethodWriter.visitMethodInsn(ILjava/lang/String;Ljava/lang/String;Ljava/lang/String;Z)V @ 81 c2
Event: 60.781 Thread 0x000001975419f5a0 DEOPT PACKING pc=0x0000019707cfb974 sp=0x0000007909cf06e0
Event: 60.781 Thread 0x000001975419f5a0 DEOPT UNPACKING pc=0x0000019707584422 sp=0x0000007909cf06a0 mode 2
Event: 60.781 Thread 0x000001975419f5a0 Uncommon trap: trap_request=0xffffff45 fr.pc=0x0000019707cc1154 relative=0x0000000000000b34
Event: 60.781 Thread 0x000001975419f5a0 Uncommon trap: reason=unstable_if action=reinterpret pc=0x0000019707cc1154 method=jdk.internal.org.objectweb.asm.MethodWriter.visitInsn(I)V @ 24 c2
Event: 60.781 Thread 0x000001975419f5a0 DEOPT PACKING pc=0x0000019707cc1154 sp=0x0000007909cf06f0
Event: 60.781 Thread 0x000001975419f5a0 DEOPT UNPACKING pc=0x0000019707584422 sp=0x0000007909cf06d8 mode 2
Event: 60.784 Thread 0x000001975419f5a0 Uncommon trap: trap_request=0xffffff45 fr.pc=0x0000019707c6aa48 relative=0x0000000000001388
Event: 60.784 Thread 0x000001975419f5a0 Uncommon trap: reason=unstable_if action=reinterpret pc=0x0000019707c6aa48 method=java.lang.invoke.LambdaForm.useCount(Ljava/lang/invoke/LambdaForm$Name;)I @ 8 c2
Event: 60.784 Thread 0x000001975419f5a0 DEOPT PACKING pc=0x0000019707c6aa48 sp=0x0000007909cf5fd0
Event: 60.784 Thread 0x000001975419f5a0 DEOPT UNPACKING pc=0x0000019707584422 sp=0x0000007909cf5e30 mode 2
Event: 62.310 Thread 0x000001975419f5a0 Uncommon trap: trap_request=0xffffff45 fr.pc=0x0000019707b83a14 relative=0x00000000000006d4
Event: 62.310 Thread 0x000001975419f5a0 Uncommon trap: reason=unstable_if action=reinterpret pc=0x0000019707b83a14 method=java.util.Properties$LineReader.readLine()I @ 95 c2
Event: 62.310 Thread 0x000001975419f5a0 DEOPT PACKING pc=0x0000019707b83a14 sp=0x0000007909cf87e0
Event: 62.310 Thread 0x000001975419f5a0 DEOPT UNPACKING pc=0x0000019707584422 sp=0x0000007909cf87a0 mode 2

Classes loaded (20 events):
Event: 62.059 Loading class javax/swing/event/TableColumnModelListener done
Event: 62.063 Loading class javax/swing/Icon
Event: 62.063 Loading class javax/swing/Icon done
Event: 62.063 Loading class javax/swing/AbstractButton$Handler
Event: 62.063 Loading class javax/swing/event/ChangeListener
Event: 62.063 Loading class javax/swing/event/ChangeListener done
Event: 62.063 Loading class javax/swing/AbstractButton$Handler done
Event: 62.063 Loading class javax/swing/ButtonModel
Event: 62.081 Loading class javax/swing/ButtonModel done
Event: 62.081 Loading class java/awt/LayoutManager
Event: 62.081 Loading class java/awt/LayoutManager done
Event: 62.081 Loading class java/awt/event/ItemEvent
Event: 62.081 Loading class java/awt/event/ItemEvent done
Event: 62.081 Loading class javax/swing/plaf/ButtonUI
Event: 62.081 Loading class javax/swing/plaf/ButtonUI done
Event: 62.095 Loading class javax/swing/event/TableModelEvent
Event: 62.095 Loading class javax/swing/event/TableModelEvent done
Event: 62.329 Loading class java/time/YearMonth
Event: 62.329 Loading class java/time/YearMonth done
Event: 62.329 Loading class java/time/OffsetTime

Classes unloaded (0 events):
No events

Classes redefined (0 events):
No events

Internal exceptions (20 events):
Event: 48.472 Thread 0x000001975419f5a0 Exception <a 'java/lang/IncompatibleClassChangeError'{0x00000000a27be490}: Found class java.lang.Object, but interface was expected> (0x00000000a27be490) 
thrown [s\src\hotspot\share\interpreter\linkResolver.cpp, line 840]
Event: 48.958 Thread 0x000001975419f5a0 Exception <a 'java/lang/NoSuchMethodError'{0x00000000a25122e0}: 'java.lang.Object java.lang.invoke.DirectMethodHandle$Holder.newInvokeSpecial(java.lang.Object, java.lang.Object, long)'> (0x00000000a25122e0) 
thrown [s\src\hotspot\share\interpreter\linkResolver.cpp, line 773]
Event: 48.959 Thread 0x000001975419f5a0 Exception <a 'java/lang/NoSuchMethodError'{0x00000000a2516688}: 'java.lang.Object java.lang.invoke.Invokers$Holder.linkToTargetMethod(java.lang.Object, long, java.lang.Object)'> (0x00000000a2516688) 
thrown [s\src\hotspot\share\interpreter\linkResolver.cpp, line 773]
Event: 49.375 Thread 0x000001975419f5a0 Exception <a 'java/lang/NoSuchMethodError'{0x00000000a24eaf80}: 'int java.lang.invoke.DirectMethodHandle$Holder.invokeInterface(java.lang.Object, java.lang.Object)'> (0x00000000a24eaf80) 
thrown [s\src\hotspot\share\interpreter\linkResolver.cpp, line 773]
Event: 49.577 Thread 0x000001975419f5a0 Exception <a 'java/lang/NoSuchMethodError'{0x00000000a2375890}: 'java.lang.Object java.lang.invoke.DirectMethodHandle$Holder.invokeVirtual(java.lang.Object, java.lang.Object, int)'> (0x00000000a2375890) 
thrown [s\src\hotspot\share\interpreter\linkResolver.cpp, line 773]
Event: 49.899 Thread 0x000001975419f5a0 Exception <a 'java/lang/NoSuchMethodError'{0x00000000af732f68}: 'java.lang.Object java.lang.invoke.DirectMethodHandle$Holder.invokeStatic(java.lang.Object, java.lang.Object, int, java.lang.Object)'> (0x00000000af732f68) 
thrown [s\src\hotspot\share\interpreter\linkResolver.cpp, line 773]
Event: 49.899 Thread 0x000001975419f5a0 Exception <a 'java/lang/NoSuchMethodError'{0x00000000af73a1e0}: 'java.lang.Object java.lang.invoke.DirectMethodHandle$Holder.newInvokeSpecial(java.lang.Object, java.lang.Object, int, java.lang.Object)'> (0x00000000af73a1e0) 
thrown [s\src\hotspot\share\interpreter\linkResolver.cpp, line 773]
Event: 49.905 Thread 0x000001975419f5a0 Exception <a 'java/lang/NoSuchMethodError'{0x00000000af73e870}: 'java.lang.Object java.lang.invoke.DirectMethodHandle$Holder.invokeSpecial(java.lang.Object, java.lang.Object, java.lang.Object, int, java.lang.Object)'> (0x00000000af73e870) 
thrown [s\src\hotspot\share\interpreter\linkResolver.cpp, line 773]
Event: 55.630 Thread 0x000001975419f5a0 Exception <a 'java/lang/NoSuchMethodError'{0x00000000a5123638}: 'void java.lang.invoke.DirectMethodHandle$Holder.invokeInterface(java.lang.Object, java.lang.Object, java.lang.Object, java.lang.Object, java.lang.Object, java.lang.Object, java.lang.Object)'> (0x00000000a5123638) 
thrown [s\src\hotspot\share\interpreter\linkResolver.cpp, line 773]
Event: 55.631 Thread 0x000001975419f5a0 Exception <a 'java/lang/NoSuchMethodError'{0x00000000a5127fc0}: 'void java.lang.invoke.DelegatingMethodHandle$Holder.reinvoke_L(java.lang.Object, java.lang.Object, java.lang.Object, java.lang.Object, java.lang.Object, java.lang.Object, java.lang.Object)'> (0x00000000a5127fc0) 
thrown [s\src\hotspot\share\interpreter\linkResolver.cpp, line 773]
Event: 56.770 Thread 0x000001975419f5a0 Exception <a 'java/lang/NoSuchMethodError'{0x00000000a50b9128}: 'java.lang.Object java.lang.invoke.DirectMethodHandle$Holder.invokeStaticInit(java.lang.Object, java.lang.Object, java.lang.Object, java.lang.Object, java.lang.Object, java.lang.Object, java.lang.Object)'> (0x00000000a50b9128) 
thrown [s\src\hotspot\share\interpreter\linkResolver.cpp, line 773]
Event: 56.983 Thread 0x000001975419f5a0 Exception <a 'java/lang/NoSuchMethodError'{0x00000000a50dec88}: 'java.lang.Object java.lang.invoke.DirectMethodHandle$Holder.invokeSpecial(java.lang.Object, java.lang.Object, java.lang.Object, int, java.lang.Object, java.lang.Object)'> (0x00000000a50dec88) 
thrown [s\src\hotspot\share\interpreter\linkResolver.cpp, line 773]
Event: 60.780 Thread 0x000001975419f5a0 Implicit null exception at 0x0000019707c0cfb4 to 0x0000019707c0d4e4
Event: 60.781 Thread 0x000001975419f5a0 Implicit null exception at 0x0000019707cfa4c3 to 0x0000019707cfb964
Event: 60.781 Thread 0x000001975419f5a0 Implicit null exception at 0x0000019707cc06ad to 0x0000019707cc1144
Event: 60.781 Thread 0x000001975419f5a0 Exception <a 'java/lang/NoSuchMethodError'{0x00000000a4ae5110}: 'java.lang.reflect.Method[] java.lang.Class.getDeclaredMethods(java.lang.Class)'> (0x00000000a4ae5110) 
thrown [s\src\hotspot\share\interpreter\linkResolver.cpp, line 773]
Event: 60.869 Thread 0x000001975419f5a0 Exception <a 'java/lang/NoSuchMethodError'{0x00000000a49625e8}: 'java.lang.Object java.lang.invoke.DirectMethodHandle$Holder.invokeStaticInit(java.lang.Object, java.lang.Object, java.lang.Object)'> (0x00000000a49625e8) 
thrown [s\src\hotspot\share\interpreter\linkResolver.cpp, line 773]
Event: 61.097 Thread 0x000001975419f5a0 Exception <a 'java/lang/NoSuchMethodError'{0x00000000a48f5ca8}: 'void java.lang.invoke.DirectMethodHandle$Holder.invokeStaticInit(java.lang.Object, java.lang.Object, java.lang.Object)'> (0x00000000a48f5ca8) 
thrown [s\src\hotspot\share\interpreter\linkResolver.cpp, line 773]
Event: 61.102 Thread 0x000001975419f5a0 Exception <a 'java/lang/NoSuchMethodError'{0x00000000a471a0a8}: 'void java.lang.invoke.DirectMethodHandle$Holder.invokeStaticInit(java.lang.Object, java.lang.Object, java.lang.Object, java.lang.Object, java.lang.Object)'> (0x00000000a471a0a8) 
thrown [s\src\hotspot\share\interpreter\linkResolver.cpp, line 773]
Event: 61.117 Thread 0x000001975419f5a0 Exception <a 'java/lang/NoSuchMethodError'{0x00000000a4772eb8}: 'int java.lang.invoke.DirectMethodHandle$Holder.invokeStaticInit(java.lang.Object, java.lang.Object, java.lang.Object, java.lang.Object)'> (0x00000000a4772eb8) 
thrown [s\src\hotspot\share\interpreter\linkResolver.cpp, line 773]

ZGC Phase Switch (0 events):
No events

VM Operations (20 events):
Event: 55.686 Executing non-safepoint VM operation: HandshakeAllThreads (Deoptimize)
Event: 55.686 Executing non-safepoint VM operation: HandshakeAllThreads (Deoptimize) done
Event: 56.690 Executing safepoint VM operation: Cleanup
Event: 56.705 Executing safepoint VM operation: Cleanup done
Event: 57.712 Executing safepoint VM operation: Cleanup
Event: 57.743 Executing safepoint VM operation: Cleanup done
Event: 58.750 Executing safepoint VM operation: Cleanup
Event: 58.796 Executing safepoint VM operation: Cleanup done
Event: 59.807 Executing safepoint VM operation: Cleanup
Event: 59.808 Executing safepoint VM operation: Cleanup done
Event: 60.260 Executing non-safepoint VM operation: HandshakeAllThreads (HandshakeForDeflation)
Event: 60.291 Executing non-safepoint VM operation: HandshakeAllThreads (HandshakeForDeflation) done
Event: 60.291 Executing non-safepoint VM operation: RendezvousGCThreads
Event: 60.291 Executing non-safepoint VM operation: RendezvousGCThreads done
Event: 60.757 Executing non-safepoint VM operation: HandshakeAllThreads (Deoptimize)
Event: 60.757 Executing non-safepoint VM operation: HandshakeAllThreads (Deoptimize) done
Event: 61.764 Executing safepoint VM operation: Cleanup
Event: 61.858 Executing safepoint VM operation: Cleanup done
Event: 61.879 Executing non-safepoint VM operation: HandshakeAllThreads (Deoptimize)
Event: 61.879 Executing non-safepoint VM operation: HandshakeAllThreads (Deoptimize) done

Memory protections (0 events):
No events

Nmethod flushes (0 events):
No events

Events (20 events):
Event: 42.723 Thread 0x000001975419f5a0 Thread added: 0x0000019754bdbb20
Event: 44.259 Thread 0x000001975419f5a0 Thread added: 0x0000019754bdc1b0
Event: 44.284 Thread 0x000001975419f5a0 Thread added: 0x0000019754bdc840
Event: 46.118 Thread 0x0000019754bdbb20 Thread exited: 0x0000019754bdbb20
Event: 46.379 Thread 0x0000019754bd8d30 Thread exited: 0x0000019754bd8d30
Event: 46.390 Thread 0x0000019754bd9a50 Thread exited: 0x0000019754bd9a50
Event: 46.392 Thread 0x0000019754bda770 Thread exited: 0x0000019754bda770
Event: 46.405 Thread 0x0000019754bd86a0 Thread exited: 0x0000019754bd86a0
Event: 47.078 Thread 0x00000197541a0950 Thread added: 0x0000019754bd93c0
Event: 47.081 Thread 0x00000197541a02c0 Thread exited: 0x00000197541a02c0
Event: 47.087 Thread 0x000001975419fc30 Thread exited: 0x000001975419fc30
Event: 47.679 Thread 0x00000197541a0950 Thread added: 0x0000019754bdbb20
Event: 47.737 Thread 0x00000197541a0950 Thread added: 0x0000019754bd9a50
Event: 47.795 Thread 0x000001975419f5a0 Thread added: 0x0000019754bda770
Event: 47.801 Thread 0x000001975419f5a0 Thread added: 0x0000019754bd86a0
Event: 47.804 Thread 0x000001975419f5a0 Thread added: 0x0000019754bd8d30
Event: 47.856 Thread 0x000001975419f5a0 Thread added: 0x0000019754bdefa0
Event: 48.114 Thread 0x000001975419f5a0 Thread added: 0x0000019754bde280
Event: 49.913 Thread 0x000001975419f5a0 Thread added: 0x0000019754bdced0
Event: 53.964 Thread 0x000001975419f5a0 Thread added: 0x0000019754bdd560


Dynamic libraries:
0x00007ff61a400000 - 0x00007ff61a40e000 	C:\Users\Lucas Hernandez\.vscode\extensions\redhat.java-1.56.0-win32-x64\jre\21.0.12.1-win32-x86_64\bin\java.exe
0x00007ffa77d80000 - 0x00007ffa77fe7000 	C:\WINDOWS\SYSTEM32\ntdll.dll
0x00007ffa765c0000 - 0x00007ffa7668b000 	C:\WINDOWS\System32\KERNEL32.DLL
0x00007ffa74f80000 - 0x00007ffa75382000 	C:\WINDOWS\System32\KERNELBASE.dll
0x00007ffa75940000 - 0x00007ffa75a8c000 	C:\WINDOWS\System32\ucrtbase.dll
0x00007ffa54440000 - 0x00007ffa54458000 	C:\Users\Lucas Hernandez\.vscode\extensions\redhat.java-1.56.0-win32-x64\jre\21.0.12.1-win32-x86_64\bin\jli.dll
0x00007ffa55230000 - 0x00007ffa5524e000 	C:\Users\Lucas Hernandez\.vscode\extensions\redhat.java-1.56.0-win32-x64\jre\21.0.12.1-win32-x86_64\bin\VCRUNTIME140.dll
0x00007ffa76d80000 - 0x00007ffa76f4f000 	C:\WINDOWS\System32\USER32.dll
0x00007ffa75630000 - 0x00007ffa75657000 	C:\WINDOWS\System32\win32u.dll
0x00007ffa626a0000 - 0x00007ffa62930000 	C:\WINDOWS\WinSxS\amd64_microsoft.windows.common-controls_6595b64144ccf1df_6.0.26100.9278_none_3e0d1ba8e3303201\COMCTL32.dll
0x00007ffa76590000 - 0x00007ffa765bb000 	C:\WINDOWS\System32\GDI32.dll
0x00007ffa75390000 - 0x00007ffa754b9000 	C:\WINDOWS\System32\gdi32full.dll
0x00007ffa77060000 - 0x00007ffa77109000 	C:\WINDOWS\System32\msvcrt.dll
0x00007ffa75580000 - 0x00007ffa75623000 	C:\WINDOWS\System32\msvcp_win.dll
0x00007ffa75db0000 - 0x00007ffa75de1000 	C:\WINDOWS\System32\IMM32.DLL
0x00007ffa60070000 - 0x00007ffa6007c000 	C:\Users\Lucas Hernandez\.vscode\extensions\redhat.java-1.56.0-win32-x64\jre\21.0.12.1-win32-x86_64\bin\vcruntime140_1.dll
0x00007ffa258a0000 - 0x00007ffa2592d000 	C:\Users\Lucas Hernandez\.vscode\extensions\redhat.java-1.56.0-win32-x64\jre\21.0.12.1-win32-x86_64\bin\msvcp140.dll
0x00007ff9a90d0000 - 0x00007ff9a9e72000 	C:\Users\Lucas Hernandez\.vscode\extensions\redhat.java-1.56.0-win32-x64\jre\21.0.12.1-win32-x86_64\bin\server\jvm.dll
0x00007ffa76b60000 - 0x00007ffa76c1c000 	C:\WINDOWS\System32\ADVAPI32.dll
0x00007ffa771a0000 - 0x00007ffa77249000 	C:\WINDOWS\System32\sechost.dll
0x00007ffa76a40000 - 0x00007ffa76b58000 	C:\WINDOWS\System32\RPCRT4.dll
0x00007ffa75c10000 - 0x00007ffa75c90000 	C:\WINDOWS\System32\WS2_32.dll
0x00007ffa74e00000 - 0x00007ffa74e5e000 	C:\WINDOWS\SYSTEM32\POWRPROF.dll
0x00007ffa6c150000 - 0x00007ffa6c186000 	C:\WINDOWS\SYSTEM32\WINMM.dll
0x00007ffa6cd30000 - 0x00007ffa6cd3b000 	C:\WINDOWS\SYSTEM32\VERSION.dll
0x00007ffa74de0000 - 0x00007ffa74df5000 	C:\WINDOWS\SYSTEM32\UMPDC.dll
0x00007ffa73c30000 - 0x00007ffa73c4b000 	C:\WINDOWS\SYSTEM32\kernel.appcore.dll
0x00007ffa5ff20000 - 0x00007ffa5ff2a000 	C:\Users\Lucas Hernandez\.vscode\extensions\redhat.java-1.56.0-win32-x64\jre\21.0.12.1-win32-x86_64\bin\jimage.dll
0x00007ffa68aa0000 - 0x00007ffa68cec000 	C:\WINDOWS\SYSTEM32\DBGHELP.DLL
0x00007ffa766b0000 - 0x00007ffa76a35000 	C:\WINDOWS\System32\combase.dll
0x00007ffa776e0000 - 0x00007ffa777b9000 	C:\WINDOWS\System32\OLEAUT32.dll
0x00007ffa5e7b0000 - 0x00007ffa5e7eb000 	C:\WINDOWS\SYSTEM32\dbgcore.DLL
0x00007ffa75880000 - 0x00007ffa7592c000 	C:\WINDOWS\System32\bcryptPrimitives.dll
0x00007ffa58db0000 - 0x00007ffa58dbf000 	C:\Users\Lucas Hernandez\.vscode\extensions\redhat.java-1.56.0-win32-x64\jre\21.0.12.1-win32-x86_64\bin\instrument.dll
0x00007ffa54380000 - 0x00007ffa543a0000 	C:\Users\Lucas Hernandez\.vscode\extensions\redhat.java-1.56.0-win32-x64\jre\21.0.12.1-win32-x86_64\bin\java.dll
0x00007ffa75df0000 - 0x00007ffa76588000 	C:\WINDOWS\System32\SHELL32.dll
0x00007ffa729c0000 - 0x00007ffa7326e000 	C:\WINDOWS\SYSTEM32\windows.storage.dll
0x00007ffa76f60000 - 0x00007ffa7705b000 	C:\WINDOWS\System32\SHCORE.dll
0x00007ffa77b40000 - 0x00007ffa77ba6000 	C:\WINDOWS\System32\shlwapi.dll
0x00007ffa74ea0000 - 0x00007ffa74ec9000 	C:\WINDOWS\SYSTEM32\profapi.dll
0x00007ffa54120000 - 0x00007ffa54138000 	C:\Users\Lucas Hernandez\.vscode\extensions\redhat.java-1.56.0-win32-x64\jre\21.0.12.1-win32-x86_64\bin\zip.dll
0x00007ffa5f810000 - 0x00007ffa5f820000 	C:\Users\Lucas Hernandez\.vscode\extensions\redhat.java-1.56.0-win32-x64\jre\21.0.12.1-win32-x86_64\bin\net.dll
0x00007ffa6ca10000 - 0x00007ffa6cb3a000 	C:\WINDOWS\SYSTEM32\WINHTTP.dll
0x00007ffa74210000 - 0x00007ffa7427c000 	C:\WINDOWS\system32\mswsock.dll
0x00007ffa53680000 - 0x00007ffa53696000 	C:\Users\Lucas Hernandez\.vscode\extensions\redhat.java-1.56.0-win32-x64\jre\21.0.12.1-win32-x86_64\bin\nio.dll
0x00007ffa57e70000 - 0x00007ffa57e80000 	C:\Users\Lucas Hernandez\.vscode\extensions\redhat.java-1.56.0-win32-x64\jre\21.0.12.1-win32-x86_64\bin\verify.dll
0x00007ffa47ff0000 - 0x00007ffa48017000 	C:\Users\Lucas Hernandez\.gradle\native\1def1411415f61bf3af743bc5b6707747c0891f09f0c88961ee8f79bc544acac\windows-amd64\native-platform.dll
0x00007ffa25c60000 - 0x00007ffa25cd8000 	C:\Users\Lucas Hernandez\.gradle\native\0.2.7\x86_64-windows-gnu\gradle-fileevents.dll
0x00007ffa6fe70000 - 0x00007ffa6fe7a000 	C:\Users\Lucas Hernandez\.vscode\extensions\redhat.java-1.56.0-win32-x64\jre\21.0.12.1-win32-x86_64\bin\management.dll
0x00007ffa6fe60000 - 0x00007ffa6fe6c000 	C:\Users\Lucas Hernandez\.vscode\extensions\redhat.java-1.56.0-win32-x64\jre\21.0.12.1-win32-x86_64\bin\management_ext.dll
0x00007ffa77c00000 - 0x00007ffa77c08000 	C:\WINDOWS\System32\PSAPI.DLL
0x00007ffa735d0000 - 0x00007ffa73603000 	C:\WINDOWS\SYSTEM32\IPHLPAPI.DLL
0x00007ffa77c10000 - 0x00007ffa77c1a000 	C:\WINDOWS\System32\NSI.dll
0x00007ffa60960000 - 0x00007ffa60969000 	C:\Users\Lucas Hernandez\.vscode\extensions\redhat.java-1.56.0-win32-x64\jre\21.0.12.1-win32-x86_64\bin\extnet.dll
0x00007ffa74520000 - 0x00007ffa7453b000 	C:\WINDOWS\SYSTEM32\CRYPTSP.dll
0x00007ffa73b90000 - 0x00007ffa73bc9000 	C:\WINDOWS\system32\rsaenh.dll
0x00007ffa742c0000 - 0x00007ffa742f4000 	C:\WINDOWS\SYSTEM32\USERENV.dll
0x00007ffa74e70000 - 0x00007ffa74e9a000 	C:\WINDOWS\SYSTEM32\bcrypt.dll
0x00007ffa74500000 - 0x00007ffa7450c000 	C:\WINDOWS\SYSTEM32\CRYPTBASE.dll
0x00007ffa60950000 - 0x00007ffa6095e000 	C:\Users\Lucas Hernandez\.vscode\extensions\redhat.java-1.56.0-win32-x64\jre\21.0.12.1-win32-x86_64\bin\sunmscapi.dll
0x00007ffa756f0000 - 0x00007ffa7586e000 	C:\WINDOWS\System32\CRYPT32.dll
0x00007ffa74740000 - 0x00007ffa74770000 	C:\WINDOWS\SYSTEM32\ncrypt.dll
0x00007ffa746f0000 - 0x00007ffa7472f000 	C:\WINDOWS\SYSTEM32\NTASN1.dll
0x00007ffa3a230000 - 0x00007ffa3a238000 	C:\WINDOWS\system32\wshunix.dll

JVMTI agents:
C:\Users\Lucas Hernandez\.gradle\wrapper\dists\gradle-8.14.3-all\10utluxaxniiv4wxiphsi49nj\gradle-8.14.3\lib\agents\gradle-instrumentation-agent-8.14.3.jar path:C:\Users\Lucas Hernandez\.vscode\extensions\redhat.java-1.56.0-win32-x64\jre\21.0.12.1-win32-x86_64\bin\instrument.dll, loaded, initialized, instrumentlib options:none

dbghelp: loaded successfully - version: 4.0.5 - missing functions: none
symbol engine: initialized successfully - sym options: 0x614 - pdb path: .;C:\Users\Lucas Hernandez\.vscode\extensions\redhat.java-1.56.0-win32-x64\jre\21.0.12.1-win32-x86_64\bin;C:\WINDOWS\SYSTEM32;C:\WINDOWS\WinSxS\amd64_microsoft.windows.common-controls_6595b64144ccf1df_6.0.26100.9278_none_3e0d1ba8e3303201;C:\Users\Lucas Hernandez\.vscode\extensions\redhat.java-1.56.0-win32-x64\jre\21.0.12.1-win32-x86_64\bin\server;C:\Users\Lucas Hernandez\.gradle\native\1def1411415f61bf3af743bc5b6707747c0891f09f0c88961ee8f79bc544acac\windows-amd64;C:\Users\Lucas Hernandez\.gradle\native\0.2.7\x86_64-windows-gnu

VM Arguments:
jvm_args: --add-opens=java.base/java.lang=ALL-UNNAMED --add-opens=java.base/java.lang.invoke=ALL-UNNAMED --add-opens=java.base/java.util=ALL-UNNAMED --add-opens=java.prefs/java.util.prefs=ALL-UNNAMED --add-exports=jdk.compiler/com.sun.tools.javac.api=ALL-UNNAMED --add-exports=jdk.compiler/com.sun.tools.javac.util=ALL-UNNAMED --add-opens=java.base/java.util=ALL-UNNAMED --add-opens=java.prefs/java.util.prefs=ALL-UNNAMED --add-opens=java.base/java.nio.charset=ALL-UNNAMED --add-opens=java.base/java.net=ALL-UNNAMED --add-opens=java.base/java.util.concurrent.atomic=ALL-UNNAMED --add-opens=java.xml/javax.xml.namespace=ALL-UNNAMED -Xmx1536m -Dfile.encoding=UTF-8 -Duser.country=ES -Duser.language=es -Duser.variant -javaagent:C:\Users\Lucas Hernandez\.gradle\wrapper\dists\gradle-8.14.3-all\10utluxaxniiv4wxiphsi49nj\gradle-8.14.3\lib\agents\gradle-instrumentation-agent-8.14.3.jar 
java_command: org.gradle.launcher.daemon.bootstrap.GradleDaemon 8.14.3
java_class_path (initial): C:\Users\Lucas Hernandez\.gradle\wrapper\dists\gradle-8.14.3-all\10utluxaxniiv4wxiphsi49nj\gradle-8.14.3\lib\gradle-daemon-main-8.14.3.jar
Launcher Type: SUN_STANDARD

[Global flags]
     intx CICompilerCount                          = 4                                         {product} {ergonomic}
     uint ConcGCThreads                            = 3                                         {product} {ergonomic}
     uint G1ConcRefinementThreads                  = 10                                        {product} {ergonomic}
   size_t G1HeapRegionSize                         = 1048576                                   {product} {ergonomic}
    uintx GCDrainStackTargetSize                   = 64                                        {product} {ergonomic}
   size_t InitialHeapSize                          = 260046848                                 {product} {ergonomic}
   size_t MarkStackSize                            = 4194304                                   {product} {ergonomic}
   size_t MaxHeapSize                              = 1610612736                                {product} {command line}
   size_t MaxNewSize                               = 965738496                                 {product} {ergonomic}
   size_t MinHeapDeltaBytes                        = 1048576                                   {product} {ergonomic}
   size_t MinHeapSize                              = 8388608                                   {product} {ergonomic}
    uintx NonNMethodCodeHeapSize                   = 5839372                                {pd product} {ergonomic}
    uintx NonProfiledCodeHeapSize                  = 122909434                              {pd product} {ergonomic}
    uintx ProfiledCodeHeapSize                     = 122909434                              {pd product} {ergonomic}
    uintx ReservedCodeCacheSize                    = 251658240                              {pd product} {ergonomic}
     bool SegmentedCodeCache                       = true                                      {product} {ergonomic}
   size_t SoftMaxHeapSize                          = 1610612736                             {manageable} {ergonomic}
     bool UseCompressedOops                        = true                           {product lp64_product} {ergonomic}
     bool UseG1GC                                  = true                                      {product} {ergonomic}
     bool UseLargePagesIndividualAllocation        = false                                  {pd product} {ergonomic}

Logging:
Log output configuration:
 #0: stdout all=warning uptime,level,tags foldmultilines=false
 #1: stderr all=off uptime,level,tags foldmultilines=false

Release file:
JAVA_VERSION="21.0.12.1" 
MODULES="java.base java.compiler java.datatransfer java.xml java.prefs java.desktop java.instrument java.logging java.management java.security.sasl java.naming java.rmi java.management.rmi java.net.http java.scripting java.security.jgss java.transaction.xa java.sql java.sql.rowset java.xml.crypto java.se java.smartcardio jdk.accessibility jdk.internal.jvmstat jdk.attach jdk.charsets jdk.internal.opt jdk.zipfs jdk.compiler jdk.crypto.ec jdk.crypto.cryptoki jdk.crypto.mscapi jdk.dynalink jdk.internal.ed jdk.editpad jdk.hotspot.agent jdk.httpserver jdk.internal.le jdk.internal.vm.ci jdk.internal.vm.compiler jdk.internal.vm.compiler.management jdk.jartool jdk.javadoc jdk.jcmd jdk.management jdk.management.agent jdk.jconsole jdk.jdeps jdk.jdwp.agent jdk.jdi jdk.jfr jdk.jshell jdk.jsobject jdk.jstatd jdk.localedata jdk.management.jfr jdk.naming.dns jdk.naming.rmi jdk.net jdk.nio.mapmode jdk.random jdk.sctp jdk.security.auth jdk.security.jgss jdk.unsupported jdk.unsupported.desktop jdk.xml.dom" 

Environment Variables:
JAVA_HOME=C:\Program Files\Eclipse Adoptium\jdk-17.0.20.101-hotspot\
PATH=C:\Program Files\Eclipse Adoptium\jdk-17.0.20.101-hotspot\bin;C:\Users\Lucas Hernandez\AppData\Local\Programs\Python\Python314\Scripts\;C:\Users\Lucas Hernandez\AppData\Local\Programs\Python\Python314\;C:\app\dbhomeXE\bin;C:\WINDOWS\system32;C:\WINDOWS;C:\WINDOWS\System32\Wbem;C:\WINDOWS\System32\WindowsPowerShell\v1.0\;C:\WINDOWS\System32\OpenSSH\;C:\Program Files\Docker\Docker\resources\bin;C:\Program Files\nodejs\;C:\ProgramData\chocolatey\bin;C:\Program Files\dotnet\;C:\Program Files\Git\cmd;C:\Program Files\MySQL\MySQL Shell 8.0\bin\;C:\Users\Lucas Hernandez\AppData\Local\Microsoft\WindowsApps;C:\Program Files\JetBrains\IntelliJ IDEA 2025.2.2\bin;C:\Users\Lucas Hernandez\AppData\Local\GitHubDesktop\bin;C:\Users\Lucas Hernandez\AppData\Local\Programs\Microsoft VS Code\bin;C:\Users\Lucas Hernandez\AppData\Local\Python\bin;C:\Users\Lucas Hernandez\AppData\Local\Programs\cursor\resources\app\bin;C:\Users\Lucas Hernandez\AppData\Roaming\npm;C:\src\flutter\bin;;C:\Android\sdk\platform-tools;C:\Android\sdk\cmdline-tools\latest\bin;C:\Android\sdk\emulator
USERNAME=Lucas Hernandez
OS=Windows_NT
PROCESSOR_IDENTIFIER=AMD64 Family 23 Model 104 Stepping 1, AuthenticAMD
TMP=C:\Users\LUCASH~1\AppData\Local\Temp
TEMP=C:\Users\LUCASH~1\AppData\Local\Temp




Periodic native trim disabled

---------------  S Y S T E M  ---------------

OS:
 Windows 11 , 64 bit Build 26100 (10.0.26100.9444)
OS uptime: 11 days 19:09 hours
Hyper-V role detected

CPU: total 12 (initial active 12) (12 cores per cpu, 2 threads per core) family 23 model 104 stepping 1 microcode 0x8608103, cx8, cmov, fxsr, ht, mmx, 3dnowpref, sse, sse2, sse3, ssse3, sse4a, sse4.1, sse4.2, popcnt, lzcnt, tsc, tscinvbit, avx, avx2, aes, clmul, bmi1, bmi2, adx, sha, fma, vzeroupper, clflush, clflushopt, hv, rdtscp, rdpid, f16c
Processor Information for the first 12 processors :
  Max Mhz: 2100, Current Mhz: 2100, Mhz Limit: 2100

Memory: 4k page, system-wide physical 15754M (212M free)
TotalPageFile size 64906M (AvailPageFile size 0M)
current process WorkingSet (physical memory assigned to process): 169M, peak: 252M
current process commit charge ("private bytes"): 250M, peak: 410M

vm_info: OpenJDK 64-Bit Server VM (21.0.12.1+1-LTS) for windows-amd64 JRE (21.0.12.1+1-LTS), built on 2026-08-18T00:00:00Z by "admin" with MS VC++ 17.12 (VS2022)

END.
