#
# There is insufficient memory for the Java Runtime Environment to continue.
# Native memory allocation (malloc) failed to allocate 32744 bytes. Error detail: Chunk::new
# Possible reasons:
#   The system is out of physical RAM or swap space
#   This process is running with CompressedOops enabled, and the Java Heap may be blocking the growth of the native heap
# Possible solutions:
#   Reduce memory load on the system
#   Increase physical memory or swap space
#   Check if swap backing store is full
#   Decrease Java heap size (-Xmx/-Xms)
#   Decrease number of Java threads
#   Decrease Java thread stack sizes (-Xss)
#   Set larger code cache with -XX:ReservedCodeCacheSize=
#   JVM is running with Unscaled Compressed Oops mode in which the Java heap is
#     placed in the first 4GB address space. The Java Heap base address is the
#     maximum limit for the native heap growth. Please use -XX:HeapBaseMinAddress
#     to set the Java Heap base and to place the Java Heap above 4GB virtual address.
# This output file may be truncated or incomplete.
#
#  Out of Memory Error (arena.cpp:168), pid=41316, tid=34692
#
# JRE version: OpenJDK Runtime Environment Temurin-21.0.12.1+1 (21.0.12.1+1) (build 21.0.12.1+1-LTS)
# Java VM: OpenJDK 64-Bit Server VM Temurin-21.0.12.1+1 (21.0.12.1+1-LTS, mixed mode, sharing, tiered, compressed oops, compressed class ptrs, g1 gc, windows-amd64)
# No core dump will be written. Minidumps are not enabled by default on client versions of Windows
#

---------------  S U M M A R Y ------------

Command Line: --add-opens=java.base/java.lang=ALL-UNNAMED --add-opens=java.base/java.lang.invoke=ALL-UNNAMED --add-opens=java.base/java.util=ALL-UNNAMED --add-opens=java.prefs/java.util.prefs=ALL-UNNAMED --add-exports=jdk.compiler/com.sun.tools.javac.api=ALL-UNNAMED --add-exports=jdk.compiler/com.sun.tools.javac.util=ALL-UNNAMED --add-opens=java.base/java.util=ALL-UNNAMED --add-opens=java.prefs/java.util.prefs=ALL-UNNAMED --add-opens=java.base/java.nio.charset=ALL-UNNAMED --add-opens=java.base/java.net=ALL-UNNAMED --add-opens=java.base/java.util.concurrent.atomic=ALL-UNNAMED --add-opens=java.xml/javax.xml.namespace=ALL-UNNAMED -Xmx1536m -Dfile.encoding=UTF-8 -Duser.country=ES -Duser.language=es -Duser.variant -javaagent:C:\Users\Lucas Hernandez\.gradle\wrapper\dists\gradle-8.14.3-all\10utluxaxniiv4wxiphsi49nj\gradle-8.14.3\lib\agents\gradle-instrumentation-agent-8.14.3.jar org.gradle.launcher.daemon.bootstrap.GradleDaemon 8.14.3

Host: AMD Ryzen 5 7430U with Radeon Graphics, 12 cores, 15G,  Windows 11 , 64 bit Build 26100 (10.0.26100.9444)
Time: Wed Oct  7 16:17:06 2026 Hora de verano romance elapsed time: 48.241312 seconds (0d 0h 0m 48s)

---------------  T H R E A D  ---------------

Current thread (0x000001cd2a253eb0):  JavaThread "C1 CompilerThread0" daemon [_thread_in_native, id=34692, stack(0x00000097d5000000,0x00000097d5100000) (1024K)]


Current CompileTask:
C1:48241 3642       3       jdk.internal.org.objectweb.asm.MethodWriter::visitFieldInsn (258 bytes)

Stack: [0x00000097d5000000,0x00000097d5100000]
Native frames: (J=compiled Java code, j=interpreted, Vv=VM code, C=native code)
V  [jvm.dll+0x6d83e9]
V  [jvm.dll+0x8b5736]
V  [jvm.dll+0x8b7cee]
V  [jvm.dll+0x8b83d3]
V  [jvm.dll+0x284596]
V  [jvm.dll+0xc685d]
V  [jvm.dll+0xc6da1]
V  [jvm.dll+0xd283d]
V  [jvm.dll+0x181965]
V  [jvm.dll+0x18d8d0]
V  [jvm.dll+0x18d9d1]
V  [jvm.dll+0x183314]
V  [jvm.dll+0x1806de]
V  [jvm.dll+0x16e7f0]
V  [jvm.dll+0x157487]
V  [jvm.dll+0x156db7]
V  [jvm.dll+0x156fe4]
V  [jvm.dll+0x1563fc]
V  [jvm.dll+0x15818d]
V  [jvm.dll+0x25baad]
V  [jvm.dll+0x25a03a]
V  [jvm.dll+0x3f8aae]
V  [jvm.dll+0x8600cd]
V  [jvm.dll+0x6d6c1d]
C  [ucrtbase.dll+0x2cd30]
C  [KERNEL32.DLL+0x2cd87]
C  [ntdll.dll+0xacaec]


---------------  P R O C E S S  ---------------

Threads class SMR info:
_java_thread_list=0x000001cd730bc320, length=29, elements={
0x000001cd10b5ca40, 0x000001cd2a1d8570, 0x000001cd2a1d9cf0, 0x000001cd2a1de620,
0x000001cd2a1df410, 0x000001cd2a1dfe70, 0x000001cd2a1e0d60, 0x000001cd2a1e1af0,
0x000001cd2a253eb0, 0x000001cd2a393030, 0x000001cd2a425ea0, 0x000001cd70499f00,
0x000001cd2a23bb10, 0x000001cd701c93a0, 0x000001cd2a2ab080, 0x000001cd70388ae0,
0x000001cd2a3f4a00, 0x000001cd70132400, 0x000001cd70133120, 0x000001cd70134b60,
0x000001cd701344d0, 0x000001cd701351f0, 0x000001cd70135880, 0x000001cd70132a90,
0x000001cd701337b0, 0x000001cd71ba0e40, 0x000001cd71ba14d0, 0x000001cd71ba21f0,
0x000001cd71ba2f10
}

Java Threads: ( => current thread )
  0x000001cd10b5ca40 JavaThread "main"                              [_thread_blocked, id=11160, stack(0x00000097d4100000,0x00000097d4200000) (1024K)]
  0x000001cd2a1d8570 JavaThread "Reference Handler"          daemon [_thread_blocked, id=30184, stack(0x00000097d4900000,0x00000097d4a00000) (1024K)]
  0x000001cd2a1d9cf0 JavaThread "Finalizer"                  daemon [_thread_blocked, id=44092, stack(0x00000097d4a00000,0x00000097d4b00000) (1024K)]
  0x000001cd2a1de620 JavaThread "Signal Dispatcher"          daemon [_thread_blocked, id=39604, stack(0x00000097d4b00000,0x00000097d4c00000) (1024K)]
  0x000001cd2a1df410 JavaThread "Attach Listener"            daemon [_thread_blocked, id=45128, stack(0x00000097d4c00000,0x00000097d4d00000) (1024K)]
  0x000001cd2a1dfe70 JavaThread "Service Thread"             daemon [_thread_blocked, id=39804, stack(0x00000097d4d00000,0x00000097d4e00000) (1024K)]
  0x000001cd2a1e0d60 JavaThread "Monitor Deflation Thread"   daemon [_thread_blocked, id=14468, stack(0x00000097d4e00000,0x00000097d4f00000) (1024K)]
  0x000001cd2a1e1af0 JavaThread "C2 CompilerThread0"         daemon [_thread_in_native, id=45152, stack(0x00000097d4f00000,0x00000097d5000000) (1024K)]
=>0x000001cd2a253eb0 JavaThread "C1 CompilerThread0"         daemon [_thread_in_native, id=34692, stack(0x00000097d5000000,0x00000097d5100000) (1024K)]
  0x000001cd2a393030 JavaThread "Common-Cleaner"             daemon [_thread_blocked, id=40708, stack(0x00000097d5100000,0x00000097d5200000) (1024K)]
  0x000001cd2a425ea0 JavaThread "Notification Thread"        daemon [_thread_blocked, id=45204, stack(0x00000097d5200000,0x00000097d5300000) (1024K)]
  0x000001cd70499f00 JavaThread "Daemon health stats"               [_thread_blocked, id=46840, stack(0x00000097d5700000,0x00000097d5800000) (1024K)]
  0x000001cd2a23bb10 JavaThread "Incoming local TCP Connector on port 59526"        [_thread_in_native, id=45388, stack(0x00000097d5800000,0x00000097d5900000) (1024K)]
  0x000001cd701c93a0 JavaThread "Daemon periodic checks"            [_thread_blocked, id=30180, stack(0x00000097d5900000,0x00000097d5a00000) (1024K)]
  0x000001cd2a2ab080 JavaThread "Daemon"                            [_thread_blocked, id=31940, stack(0x00000097d5a00000,0x00000097d5b00000) (1024K)]
  0x000001cd70388ae0 JavaThread "Handler for socket connection from /127.0.0.1:59526 to /127.0.0.1:59528"        [_thread_in_native, id=11328, stack(0x00000097d5b00000,0x00000097d5c00000) (1024K)]
  0x000001cd2a3f4a00 JavaThread "Cancel handler"                    [_thread_blocked, id=46480, stack(0x00000097d5c00000,0x00000097d5d00000) (1024K)]
  0x000001cd70132400 JavaThread "Daemon worker"                     [_thread_blocked, id=46320, stack(0x00000097d5d00000,0x00000097d5e00000) (1024K)]
  0x000001cd70133120 JavaThread "Asynchronous log dispatcher for DefaultDaemonConnection: socket connection from /127.0.0.1:59526 to /127.0.0.1:59528"        [_thread_blocked, id=46460, stack(0x00000097d5e00000,0x00000097d5f00000) (1024K)]
  0x000001cd70134b60 JavaThread "Stdin handler"                     [_thread_blocked, id=9644, stack(0x00000097d5f00000,0x00000097d6000000) (1024K)]
  0x000001cd701344d0 JavaThread "Daemon client event forwarder"        [_thread_blocked, id=46560, stack(0x00000097d6000000,0x00000097d6100000) (1024K)]
  0x000001cd701351f0 JavaThread "Cache worker for journal cache (C:\Users\Lucas Hernandez\.gradle\caches\journal-1)"        [_thread_blocked, id=32092, stack(0x00000097d6100000,0x00000097d6200000) (1024K)]
  0x000001cd70135880 JavaThread "File lock request listener"        [_thread_in_native, id=36876, stack(0x00000097d6200000,0x00000097d6300000) (1024K)]
  0x000001cd70132a90 JavaThread "Cache worker for file hash cache (C:\Users\Lucas Hernandez\.gradle\caches\8.14.3\fileHashes)"        [_thread_blocked, id=43240, stack(0x00000097d6400000,0x00000097d6500000) (1024K)]
  0x000001cd701337b0 JavaThread "File lock release action executor"        [_thread_blocked, id=18100, stack(0x00000097d6300000,0x00000097d6400000) (1024K)]
  0x000001cd71ba0e40 JavaThread "Cache worker for file hash cache (C:\Users\Lucas Hernandez\OneDrive - UDIT\Documents\DI\dam2-productos-archivos\android\.gradle\8.14.3\fileHashes)"        [_thread_blocked, id=43100, stack(0x00000097d6e00000,0x00000097d6f00000) (1024K)]
  0x000001cd71ba14d0 JavaThread "Cache worker for Build Output Cleanup Cache (C:\Users\Lucas Hernandez\OneDrive - UDIT\Documents\DI\dam2-productos-archivos\android\.gradle\buildOutputCleanup)"        [_thread_blocked, id=36468, stack(0x00000097d6d00000,0x00000097d6e00000) (1024K)]
  0x000001cd71ba21f0 JavaThread "File watcher server"        daemon [_thread_in_native, id=43016, stack(0x00000097d6500000,0x00000097d6600000) (1024K)]
  0x000001cd71ba2f10 JavaThread "File watcher consumer"      daemon [_thread_blocked, id=28964, stack(0x00000097d6f00000,0x00000097d7000000) (1024K)]
Total: 29

Other Threads:
  0x000001cd2a1bbe60 VMThread "VM Thread"                           [id=40944, stack(0x00000097d4800000,0x00000097d4900000) (1024K)]
  0x000001cd2a1a75a0 WatcherThread "VM Periodic Task Thread"        [id=34936, stack(0x00000097d4700000,0x00000097d4800000) (1024K)]
  0x000001cd12fff360 WorkerThread "GC Thread#0"                     [id=45140, stack(0x00000097d4200000,0x00000097d4300000) (1024K)]
  0x000001cd2a4e3ad0 WorkerThread "GC Thread#1"                     [id=8532, stack(0x00000097d5300000,0x00000097d5400000) (1024K)]
  0x000001cd2a4e3e80 WorkerThread "GC Thread#2"                     [id=45940, stack(0x00000097d5400000,0x00000097d5500000) (1024K)]
  0x000001cd2a4e4230 WorkerThread "GC Thread#3"                     [id=44444, stack(0x00000097d5500000,0x00000097d5600000) (1024K)]
  0x000001cd2a4e73f0 WorkerThread "GC Thread#4"                     [id=43004, stack(0x00000097d5600000,0x00000097d5700000) (1024K)]
  0x000001cd71a31ea0 WorkerThread "GC Thread#5"                     [id=4048, stack(0x00000097d6600000,0x00000097d6700000) (1024K)]
  0x000001cd71a32250 WorkerThread "GC Thread#6"                     [id=14744, stack(0x00000097d6700000,0x00000097d6800000) (1024K)]
  0x000001cd71a2f9c0 WorkerThread "GC Thread#7"                     [id=45756, stack(0x00000097d6800000,0x00000097d6900000) (1024K)]
  0x000001cd71a31390 WorkerThread "GC Thread#8"                     [id=46948, stack(0x00000097d6900000,0x00000097d6a00000) (1024K)]
  0x000001cd71a2fd70 WorkerThread "GC Thread#9"                     [id=24084, stack(0x00000097d6a00000,0x00000097d6b00000) (1024K)]
  0x000001cd10c1cfe0 ConcurrentGCThread "G1 Main Marker"            [id=45144, stack(0x00000097d4300000,0x00000097d4400000) (1024K)]
  0x000001cd10c1d900 WorkerThread "G1 Conc#0"                       [id=38660, stack(0x00000097d4400000,0x00000097d4500000) (1024K)]
  0x000001cd71a31740 WorkerThread "G1 Conc#1"                       [id=5684, stack(0x00000097d6b00000,0x00000097d6c00000) (1024K)]
  0x000001cd71a31af0 WorkerThread "G1 Conc#2"                       [id=46788, stack(0x00000097d6c00000,0x00000097d6d00000) (1024K)]
  0x000001cd1306eaa0 ConcurrentGCThread "G1 Refine#0"               [id=15624, stack(0x00000097d4500000,0x00000097d4600000) (1024K)]
  0x000001cd2a076800 ConcurrentGCThread "G1 Service"                [id=20972, stack(0x00000097d4600000,0x00000097d4700000) (1024K)]
Total: 18

Threads with active compile tasks:
C2 CompilerThread0  48307 3634   !   4       java.net.URL::<init> (543 bytes)
C1 CompilerThread0  48307 3642       3       jdk.internal.org.objectweb.asm.MethodWriter::visitFieldInsn (258 bytes)
Total: 2

VM state: not at safepoint (normal execution)

VM Mutex/Monitor currently owned by a thread: None

Heap address: 0x00000000a0000000, size: 1536 MB, Compressed Oops mode: 32-bit

CDS archive(s) mapped at: [0x000001cd2b000000-0x000001cd2bba0000-0x000001cd2bba0000), size 12189696, SharedBaseAddress: 0x000001cd2b000000, ArchiveRelocationMode: 1.
Compressed class space mapped at: 0x000001cd2c000000-0x000001cd6c000000, reserved size: 1073741824
Narrow klass base: 0x000001cd2b000000, Narrow klass shift: 0, Narrow klass range: 0x100000000

GC Precious Log:
 CardTable entry size: 512
 Card Set container configuration: InlinePtr #cards 5 size 8 Array Of Cards #cards 12 size 40 Howl #buckets 4 coarsen threshold 1843 Howl Bitmap #cards 512 size 80 coarsen threshold 460 Card regions per heap region 1 cards per card region 2048
 CPUs: 12 total, 12 available
 Memory: 15754M
 Large Page Support: Disabled
 NUMA Support: Disabled
 Compressed Oops: Enabled (32-bit)
 Heap Region Size: 1M
 Heap Min Capacity: 8M
 Heap Initial Capacity: 248M
 Heap Max Capacity: 1536M
 Pre-touch: Disabled
 Parallel Workers: 10
 Concurrent Workers: 3
 Concurrent Refinement Workers: 10
 Periodic GC: Disabled

Heap:
 garbage-first heap   total 89088K, used 67660K [0x00000000a0000000, 0x0000000100000000)
  region size 1024K, 44 young (45056K), 2 survivors (2048K)
 Metaspace       used 26380K, committed 27328K, reserved 1114112K
  class space    used 3985K, committed 4480K, reserved 1048576K

Heap Regions: E=young(eden), S=young(survivor), O=old, HS=humongous(starts), HC=humongous(continues), CS=collection set, F=free, TAMS=top-at-mark-start, PB=parsable bottom
|   0|0x00000000a0000000, 0x00000000a0100000, 0x00000000a0100000|100%|HS|  |TAMS 0x00000000a0000000| PB 0x00000000a0000000| Complete 
|   1|0x00000000a0100000, 0x00000000a0200000, 0x00000000a0200000|100%|HC|  |TAMS 0x00000000a0100000| PB 0x00000000a0100000| Complete 
|   2|0x00000000a0200000, 0x00000000a0300000, 0x00000000a0300000|100%|HC|  |TAMS 0x00000000a0200000| PB 0x00000000a0200000| Complete 
|   3|0x00000000a0300000, 0x00000000a0400000, 0x00000000a0400000|100%| O|  |TAMS 0x00000000a0300000| PB 0x00000000a0300000| Untracked 
|   4|0x00000000a0400000, 0x00000000a0500000, 0x00000000a0500000|100%| O|  |TAMS 0x00000000a0400000| PB 0x00000000a0400000| Untracked 
|   5|0x00000000a0500000, 0x00000000a0600000, 0x00000000a0600000|100%| O|  |TAMS 0x00000000a0500000| PB 0x00000000a0500000| Untracked 
|   6|0x00000000a0600000, 0x00000000a0700000, 0x00000000a0700000|100%|HS|  |TAMS 0x00000000a0600000| PB 0x00000000a0600000| Complete 
|   7|0x00000000a0700000, 0x00000000a0800000, 0x00000000a0800000|100%| O|  |TAMS 0x00000000a0700000| PB 0x00000000a0700000| Untracked 
|   8|0x00000000a0800000, 0x00000000a0900000, 0x00000000a0900000|100%| O|  |TAMS 0x00000000a0800000| PB 0x00000000a0800000| Untracked 
|   9|0x00000000a0900000, 0x00000000a0a00000, 0x00000000a0a00000|100%| O|  |TAMS 0x00000000a0900000| PB 0x00000000a0900000| Untracked 
|  10|0x00000000a0a00000, 0x00000000a0b00000, 0x00000000a0b00000|100%| O|  |TAMS 0x00000000a0a00000| PB 0x00000000a0a00000| Untracked 
|  11|0x00000000a0b00000, 0x00000000a0c00000, 0x00000000a0c00000|100%| O|  |TAMS 0x00000000a0b00000| PB 0x00000000a0b00000| Untracked 
|  12|0x00000000a0c00000, 0x00000000a0d00000, 0x00000000a0d00000|100%| O|  |TAMS 0x00000000a0c00000| PB 0x00000000a0c00000| Untracked 
|  13|0x00000000a0d00000, 0x00000000a0e00000, 0x00000000a0e00000|100%| O|  |TAMS 0x00000000a0d00000| PB 0x00000000a0d00000| Untracked 
|  14|0x00000000a0e00000, 0x00000000a0f00000, 0x00000000a0f00000|100%| O|  |TAMS 0x00000000a0e00000| PB 0x00000000a0e00000| Untracked 
|  15|0x00000000a0f00000, 0x00000000a1000000, 0x00000000a1000000|100%| O|  |TAMS 0x00000000a0f00000| PB 0x00000000a0f00000| Untracked 
|  16|0x00000000a1000000, 0x00000000a1100000, 0x00000000a1100000|100%| O|  |TAMS 0x00000000a1000000| PB 0x00000000a1000000| Untracked 
|  17|0x00000000a1100000, 0x00000000a1200000, 0x00000000a1200000|100%| O|  |TAMS 0x00000000a1100000| PB 0x00000000a1100000| Untracked 
|  18|0x00000000a1200000, 0x00000000a1300000, 0x00000000a1300000|100%| O|  |TAMS 0x00000000a1200000| PB 0x00000000a1200000| Untracked 
|  19|0x00000000a1300000, 0x00000000a1400000, 0x00000000a1400000|100%| O|  |TAMS 0x00000000a1300000| PB 0x00000000a1300000| Untracked 
|  20|0x00000000a1400000, 0x00000000a1500000, 0x00000000a1500000|100%| O|  |TAMS 0x00000000a1400000| PB 0x00000000a1400000| Untracked 
|  21|0x00000000a1500000, 0x00000000a1600000, 0x00000000a1600000|100%| O|  |TAMS 0x00000000a1500000| PB 0x00000000a1500000| Untracked 
|  22|0x00000000a1600000, 0x00000000a1700000, 0x00000000a1700000|100%| O|  |TAMS 0x00000000a1600000| PB 0x00000000a1600000| Untracked 
|  23|0x00000000a1700000, 0x00000000a177c780, 0x00000000a1800000| 48%| O|Cm|TAMS 0x00000000a1700000| PB 0x00000000a1700000| Complete 
|  24|0x00000000a1800000, 0x00000000a1800000, 0x00000000a1900000|  0%| F|  |TAMS 0x00000000a1800000| PB 0x00000000a1800000| Untracked 
|  25|0x00000000a1900000, 0x00000000a1900000, 0x00000000a1a00000|  0%| F|  |TAMS 0x00000000a1900000| PB 0x00000000a1900000| Untracked 
|  26|0x00000000a1a00000, 0x00000000a1a00000, 0x00000000a1b00000|  0%| F|  |TAMS 0x00000000a1a00000| PB 0x00000000a1a00000| Untracked 
|  27|0x00000000a1b00000, 0x00000000a1b00000, 0x00000000a1c00000|  0%| F|  |TAMS 0x00000000a1b00000| PB 0x00000000a1b00000| Untracked 
|  28|0x00000000a1c00000, 0x00000000a1c00000, 0x00000000a1d00000|  0%| F|  |TAMS 0x00000000a1c00000| PB 0x00000000a1c00000| Untracked 
|  29|0x00000000a1d00000, 0x00000000a1d00000, 0x00000000a1e00000|  0%| F|  |TAMS 0x00000000a1d00000| PB 0x00000000a1d00000| Untracked 
|  30|0x00000000a1e00000, 0x00000000a1e00000, 0x00000000a1f00000|  0%| F|  |TAMS 0x00000000a1e00000| PB 0x00000000a1e00000| Untracked 
|  31|0x00000000a1f00000, 0x00000000a1f00000, 0x00000000a2000000|  0%| F|  |TAMS 0x00000000a1f00000| PB 0x00000000a1f00000| Untracked 
|  32|0x00000000a2000000, 0x00000000a2000000, 0x00000000a2100000|  0%| F|  |TAMS 0x00000000a2000000| PB 0x00000000a2000000| Untracked 
|  33|0x00000000a2100000, 0x00000000a2100000, 0x00000000a2200000|  0%| F|  |TAMS 0x00000000a2100000| PB 0x00000000a2100000| Untracked 
|  34|0x00000000a2200000, 0x00000000a2200000, 0x00000000a2300000|  0%| F|  |TAMS 0x00000000a2200000| PB 0x00000000a2200000| Untracked 
|  35|0x00000000a2300000, 0x00000000a2300000, 0x00000000a2400000|  0%| F|  |TAMS 0x00000000a2300000| PB 0x00000000a2300000| Untracked 
|  36|0x00000000a2400000, 0x00000000a2400000, 0x00000000a2500000|  0%| F|  |TAMS 0x00000000a2400000| PB 0x00000000a2400000| Untracked 
|  37|0x00000000a2500000, 0x00000000a2500000, 0x00000000a2600000|  0%| F|  |TAMS 0x00000000a2500000| PB 0x00000000a2500000| Untracked 
|  38|0x00000000a2600000, 0x00000000a2600000, 0x00000000a2700000|  0%| F|  |TAMS 0x00000000a2600000| PB 0x00000000a2600000| Untracked 
|  39|0x00000000a2700000, 0x00000000a2700000, 0x00000000a2800000|  0%| F|  |TAMS 0x00000000a2700000| PB 0x00000000a2700000| Untracked 
|  40|0x00000000a2800000, 0x00000000a2800000, 0x00000000a2900000|  0%| F|  |TAMS 0x00000000a2800000| PB 0x00000000a2800000| Untracked 
|  41|0x00000000a2900000, 0x00000000a2900000, 0x00000000a2a00000|  0%| F|  |TAMS 0x00000000a2900000| PB 0x00000000a2900000| Untracked 
|  42|0x00000000a2a00000, 0x00000000a2a00000, 0x00000000a2b00000|  0%| F|  |TAMS 0x00000000a2a00000| PB 0x00000000a2a00000| Untracked 
|  43|0x00000000a2b00000, 0x00000000a2b80000, 0x00000000a2c00000| 50%| E|  |TAMS 0x00000000a2b00000| PB 0x00000000a2b00000| Complete 
|  44|0x00000000a2c00000, 0x00000000a2d00000, 0x00000000a2d00000|100%| E|CS|TAMS 0x00000000a2c00000| PB 0x00000000a2c00000| Complete 
|  45|0x00000000a2d00000, 0x00000000a2e00000, 0x00000000a2e00000|100%| E|CS|TAMS 0x00000000a2d00000| PB 0x00000000a2d00000| Complete 
|  46|0x00000000a2e00000, 0x00000000a2f00000, 0x00000000a2f00000|100%| E|CS|TAMS 0x00000000a2e00000| PB 0x00000000a2e00000| Complete 
|  47|0x00000000a2f00000, 0x00000000a3000000, 0x00000000a3000000|100%| E|CS|TAMS 0x00000000a2f00000| PB 0x00000000a2f00000| Complete 
|  48|0x00000000a3000000, 0x00000000a3100000, 0x00000000a3100000|100%| E|CS|TAMS 0x00000000a3000000| PB 0x00000000a3000000| Complete 
|  49|0x00000000a3100000, 0x00000000a3200000, 0x00000000a3200000|100%| E|CS|TAMS 0x00000000a3100000| PB 0x00000000a3100000| Complete 
|  50|0x00000000a3200000, 0x00000000a3300000, 0x00000000a3300000|100%| E|CS|TAMS 0x00000000a3200000| PB 0x00000000a3200000| Complete 
|  51|0x00000000a3300000, 0x00000000a3400000, 0x00000000a3400000|100%| E|CS|TAMS 0x00000000a3300000| PB 0x00000000a3300000| Complete 
|  52|0x00000000a3400000, 0x00000000a3500000, 0x00000000a3500000|100%| E|CS|TAMS 0x00000000a3400000| PB 0x00000000a3400000| Complete 
|  53|0x00000000a3500000, 0x00000000a3600000, 0x00000000a3600000|100%| E|CS|TAMS 0x00000000a3500000| PB 0x00000000a3500000| Complete 
|  54|0x00000000a3600000, 0x00000000a3700000, 0x00000000a3700000|100%| E|CS|TAMS 0x00000000a3600000| PB 0x00000000a3600000| Complete 
|  55|0x00000000a3700000, 0x00000000a3800000, 0x00000000a3800000|100%| E|CS|TAMS 0x00000000a3700000| PB 0x00000000a3700000| Complete 
|  56|0x00000000a3800000, 0x00000000a3900000, 0x00000000a3900000|100%| E|CS|TAMS 0x00000000a3800000| PB 0x00000000a3800000| Complete 
|  57|0x00000000a3900000, 0x00000000a3a00000, 0x00000000a3a00000|100%| E|CS|TAMS 0x00000000a3900000| PB 0x00000000a3900000| Complete 
|  58|0x00000000a3a00000, 0x00000000a3b00000, 0x00000000a3b00000|100%| E|CS|TAMS 0x00000000a3a00000| PB 0x00000000a3a00000| Complete 
|  59|0x00000000a3b00000, 0x00000000a3c00000, 0x00000000a3c00000|100%| E|CS|TAMS 0x00000000a3b00000| PB 0x00000000a3b00000| Complete 
|  60|0x00000000a3c00000, 0x00000000a3d00000, 0x00000000a3d00000|100%| E|CS|TAMS 0x00000000a3c00000| PB 0x00000000a3c00000| Complete 
|  61|0x00000000a3d00000, 0x00000000a3e00000, 0x00000000a3e00000|100%| E|CS|TAMS 0x00000000a3d00000| PB 0x00000000a3d00000| Complete 
|  62|0x00000000a3e00000, 0x00000000a3f00000, 0x00000000a3f00000|100%| E|CS|TAMS 0x00000000a3e00000| PB 0x00000000a3e00000| Complete 
|  63|0x00000000a3f00000, 0x00000000a4000000, 0x00000000a4000000|100%| E|CS|TAMS 0x00000000a3f00000| PB 0x00000000a3f00000| Complete 
|  64|0x00000000a4000000, 0x00000000a4100000, 0x00000000a4100000|100%| E|CS|TAMS 0x00000000a4000000| PB 0x00000000a4000000| Complete 
|  65|0x00000000a4100000, 0x00000000a4200000, 0x00000000a4200000|100%| E|CS|TAMS 0x00000000a4100000| PB 0x00000000a4100000| Complete 
|  66|0x00000000a4200000, 0x00000000a4300000, 0x00000000a4300000|100%| E|CS|TAMS 0x00000000a4200000| PB 0x00000000a4200000| Complete 
|  67|0x00000000a4300000, 0x00000000a4400000, 0x00000000a4400000|100%| E|CS|TAMS 0x00000000a4300000| PB 0x00000000a4300000| Complete 
|  68|0x00000000a4400000, 0x00000000a4500000, 0x00000000a4500000|100%| E|CS|TAMS 0x00000000a4400000| PB 0x00000000a4400000| Complete 
|  69|0x00000000a4500000, 0x00000000a4600000, 0x00000000a4600000|100%| E|CS|TAMS 0x00000000a4500000| PB 0x00000000a4500000| Complete 
|  70|0x00000000a4600000, 0x00000000a4700000, 0x00000000a4700000|100%| E|CS|TAMS 0x00000000a4600000| PB 0x00000000a4600000| Complete 
|  71|0x00000000a4700000, 0x00000000a4800000, 0x00000000a4800000|100%| E|CS|TAMS 0x00000000a4700000| PB 0x00000000a4700000| Complete 
|  72|0x00000000a4800000, 0x00000000a4900000, 0x00000000a4900000|100%| E|CS|TAMS 0x00000000a4800000| PB 0x00000000a4800000| Complete 
|  73|0x00000000a4900000, 0x00000000a4a00000, 0x00000000a4a00000|100%| E|CS|TAMS 0x00000000a4900000| PB 0x00000000a4900000| Complete 
|  74|0x00000000a4a00000, 0x00000000a4b00000, 0x00000000a4b00000|100%| E|CS|TAMS 0x00000000a4a00000| PB 0x00000000a4a00000| Complete 
|  75|0x00000000a4b00000, 0x00000000a4c00000, 0x00000000a4c00000|100%| E|CS|TAMS 0x00000000a4b00000| PB 0x00000000a4b00000| Complete 
|  76|0x00000000a4c00000, 0x00000000a4d00000, 0x00000000a4d00000|100%| E|CS|TAMS 0x00000000a4c00000| PB 0x00000000a4c00000| Complete 
|  77|0x00000000a4d00000, 0x00000000a4e00000, 0x00000000a4e00000|100%| E|CS|TAMS 0x00000000a4d00000| PB 0x00000000a4d00000| Complete 
|  78|0x00000000a4e00000, 0x00000000a4f00000, 0x00000000a4f00000|100%| E|CS|TAMS 0x00000000a4e00000| PB 0x00000000a4e00000| Complete 
|  79|0x00000000a4f00000, 0x00000000a5000000, 0x00000000a5000000|100%| E|CS|TAMS 0x00000000a4f00000| PB 0x00000000a4f00000| Complete 
|  80|0x00000000a5000000, 0x00000000a5100000, 0x00000000a5100000|100%| E|CS|TAMS 0x00000000a5000000| PB 0x00000000a5000000| Complete 
|  81|0x00000000a5100000, 0x00000000a5200000, 0x00000000a5200000|100%| E|CS|TAMS 0x00000000a5100000| PB 0x00000000a5100000| Complete 
|  82|0x00000000a5200000, 0x00000000a5300000, 0x00000000a5300000|100%| E|CS|TAMS 0x00000000a5200000| PB 0x00000000a5200000| Complete 
|  83|0x00000000a5300000, 0x00000000a5400000, 0x00000000a5400000|100%| E|CS|TAMS 0x00000000a5300000| PB 0x00000000a5300000| Complete 
| 244|0x00000000af400000, 0x00000000af496c78, 0x00000000af500000| 58%| S|CS|TAMS 0x00000000af400000| PB 0x00000000af400000| Complete 
| 245|0x00000000af500000, 0x00000000af600000, 0x00000000af600000|100%| S|CS|TAMS 0x00000000af500000| PB 0x00000000af500000| Complete 
| 247|0x00000000af700000, 0x00000000af800000, 0x00000000af800000|100%| E|CS|TAMS 0x00000000af700000| PB 0x00000000af700000| Complete 

Card table byte_map: [0x000001cd25a00000,0x000001cd25d00000] _byte_map_base: 0x000001cd25500000

Marking Bits: (CMBitMap*) 0x000001cd12fff880
 Bits: [0x000001cd25d00000, 0x000001cd27500000)

Polling page: 0x000001cd10d80000

Metaspace:

Usage:
  Non-class:     21.87 MB used.
      Class:      3.89 MB used.
       Both:     25.76 MB used.

Virtual space:
  Non-class space:       64.00 MB reserved,      22.31 MB ( 35%) committed,  1 nodes.
      Class space:        1.00 GB reserved,       4.38 MB ( <1%) committed,  1 nodes.
             Both:        1.06 GB reserved,      26.69 MB (  2%) committed. 

Chunk freelists:
   Non-Class:  9.12 MB
       Class:  11.62 MB
        Both:  20.75 MB

MaxMetaspaceSize: unlimited
CompressedClassSpaceSize: 1.00 GB
Initial GC threshold: 21.00 MB
Current GC threshold: 35.12 MB
CDS: on
 - commit_granule_bytes: 65536.
 - commit_granule_words: 8192.
 - virtual_space_node_default_size: 8388608.
 - enlarge_chunks_in_place: 1.
 - use_allocation_guard: 0.


Internal statistics:

num_allocs_failed_limit: 3.
num_arena_births: 1502.
num_arena_deaths: 0.
num_vsnodes_births: 2.
num_vsnodes_deaths: 0.
num_space_committed: 427.
num_space_uncommitted: 0.
num_chunks_returned_to_freelist: 3.
num_chunks_taken_from_freelist: 2665.
num_chunk_merges: 3.
num_chunk_splits: 1717.
num_chunks_enlarged: 1092.
num_inconsistent_stats: 0.

CodeHeap 'non-profiled nmethods': size=120000Kb used=2153Kb max_used=2153Kb free=117846Kb
 bounds [0x000001cd1dc80000, 0x000001cd1def0000, 0x000001cd251b0000]
CodeHeap 'profiled nmethods': size=120000Kb used=7394Kb max_used=7394Kb free=112605Kb
 bounds [0x000001cd161b0000, 0x000001cd168f0000, 0x000001cd1d6e0000]
CodeHeap 'non-nmethods': size=5760Kb used=1432Kb max_used=1471Kb free=4327Kb
 bounds [0x000001cd1d6e0000, 0x000001cd1d950000, 0x000001cd1dc80000]
CodeCache: size=245760Kb, used=10979Kb, max_used=11018Kb, free=234778Kb
 total_blobs=4225, nmethods=3638, adapters=491, full_count=0
Compilation: enabled, stopped_count=0, restarted_count=0

Compilation events (20 events):
Event: 48.149 Thread 0x000001cd2a253eb0 nmethod 3630 0x000001cd168e1610 code [0x000001cd168e17e0, 0x000001cd168e1cd0]
Event: 48.153 Thread 0x000001cd2a1e1af0 nmethod 3631 0x000001cd1de99810 code [0x000001cd1de999c0, 0x000001cd1de99f00]
Event: 48.153 Thread 0x000001cd2a1e1af0 3632       4       java.lang.ThreadLocal::getMap (5 bytes)
Event: 48.154 Thread 0x000001cd2a1e1af0 nmethod 3632 0x000001cd1de9a190 code [0x000001cd1de9a320, 0x000001cd1de9a3c0]
Event: 48.171 Thread 0x000001cd2a253eb0 3633       3       java.lang.invoke.DirectMethodHandle$Holder::newInvokeSpecial (20 bytes)
Event: 48.172 Thread 0x000001cd2a253eb0 nmethod 3633 0x000001cd168e1e90 code [0x000001cd168e2080, 0x000001cd168e2740]
Event: 48.176 Thread 0x000001cd2a1e1af0 3634   !   4       java.net.URL::<init> (543 bytes)
Event: 48.177 Thread 0x000001cd2a253eb0 3635       3       org.gradle.internal.snapshot.PathUtil::equalChars (60 bytes)
Event: 48.179 Thread 0x000001cd2a253eb0 nmethod 3635 0x000001cd168e2910 code [0x000001cd168e2bc0, 0x000001cd168e3728]
Event: 48.195 Thread 0x000001cd2a253eb0 3637       3       jdk.internal.org.objectweb.asm.MethodVisitor::visitEnd (15 bytes)
Event: 48.195 Thread 0x000001cd2a253eb0 nmethod 3637 0x000001cd168e3a90 code [0x000001cd168e3c40, 0x000001cd168e3e48]
Event: 48.198 Thread 0x000001cd2a253eb0 3638       3       java.lang.invoke.InnerClassLambdaMetafactory$ForwardingMethodGenerator::generate (272 bytes)
Event: 48.200 Thread 0x000001cd2a253eb0 nmethod 3638 0x000001cd168e3f10 code [0x000001cd168e42c0, 0x000001cd168e5e88]
Event: 48.200 Thread 0x000001cd2a253eb0 3639       3       java.lang.invoke.InnerClassLambdaMetafactory$ForwardingMethodGenerator::convertArgumentTypes (96 bytes)
Event: 48.201 Thread 0x000001cd2a253eb0 nmethod 3639 0x000001cd168e6710 code [0x000001cd168e6960, 0x000001cd168e7380]
Event: 48.201 Thread 0x000001cd2a253eb0 3640       3       java.lang.invoke.InnerClassLambdaMetafactory$ForwardingMethodGenerator::invocationOpcode (104 bytes)
Event: 48.201 Thread 0x000001cd2a253eb0 nmethod 3640 0x000001cd168e7890 code [0x000001cd168e7ae0, 0x000001cd168e8248]
Event: 48.201 Thread 0x000001cd2a253eb0 3641       3       java.lang.invoke.InnerClassLambdaMetafactory::getReturnOpcode (20 bytes)
Event: 48.201 Thread 0x000001cd2a253eb0 nmethod 3641 0x000001cd168e8510 code [0x000001cd168e86c0, 0x000001cd168e8840]
Event: 48.230 Thread 0x000001cd2a253eb0 3642       3       jdk.internal.org.objectweb.asm.MethodWriter::visitFieldInsn (258 bytes)

GC Heap History (8 events):
Event: 1.150 GC heap before
{Heap before GC invocations=0 (full 0):
 garbage-first heap   total 253952K, used 23552K [0x00000000a0000000, 0x0000000100000000)
  region size 1024K, 23 young (23552K), 0 survivors (0K)
 Metaspace       used 901K, committed 1024K, reserved 1114112K
  class space    used 72K, committed 128K, reserved 1048576K
}
Event: 1.182 GC heap after
{Heap after GC invocations=1 (full 0):
 garbage-first heap   total 253952K, used 1472K [0x00000000a0000000, 0x0000000100000000)
  region size 1024K, 2 young (2048K), 2 survivors (2048K)
 Metaspace       used 901K, committed 1024K, reserved 1114112K
  class space    used 72K, committed 128K, reserved 1048576K
}
Event: 6.791 GC heap before
{Heap before GC invocations=1 (full 0):
 garbage-first heap   total 253952K, used 40384K [0x00000000a0000000, 0x0000000100000000)
  region size 1024K, 38 young (38912K), 2 survivors (2048K)
 Metaspace       used 4398K, committed 4608K, reserved 1114112K
  class space    used 556K, committed 640K, reserved 1048576K
}
Event: 6.799 GC heap after
{Heap after GC invocations=2 (full 0):
 garbage-first heap   total 253952K, used 10691K [0x00000000a0000000, 0x0000000100000000)
  region size 1024K, 5 young (5120K), 5 survivors (5120K)
 Metaspace       used 4398K, committed 4608K, reserved 1114112K
  class space    used 556K, committed 640K, reserved 1048576K
}
Event: 43.702 GC heap before
{Heap before GC invocations=2 (full 0):
 garbage-first heap   total 253952K, used 158147K [0x00000000a0000000, 0x0000000100000000)
  region size 1024K, 148 young (151552K), 5 survivors (5120K)
 Metaspace       used 20726K, committed 21440K, reserved 1114112K
  class space    used 3050K, committed 3392K, reserved 1048576K
}
Event: 44.183 GC heap after
{Heap after GC invocations=3 (full 0):
 garbage-first heap   total 253952K, used 23551K [0x00000000a0000000, 0x0000000100000000)
  region size 1024K, 17 young (17408K), 17 survivors (17408K)
 Metaspace       used 20726K, committed 21440K, reserved 1114112K
  class space    used 3050K, committed 3392K, reserved 1048576K
}
Event: 44.221 GC heap before
{Heap before GC invocations=3 (full 0):
 garbage-first heap   total 253952K, used 24575K [0x00000000a0000000, 0x0000000100000000)
  region size 1024K, 19 young (19456K), 17 survivors (17408K)
 Metaspace       used 20835K, committed 21504K, reserved 1114112K
  class space    used 3069K, committed 3392K, reserved 1048576K
}
Event: 44.235 GC heap after
{Heap after GC invocations=4 (full 0):
 garbage-first heap   total 253952K, used 25676K [0x00000000a0000000, 0x0000000100000000)
  region size 1024K, 2 young (2048K), 2 survivors (2048K)
 Metaspace       used 20835K, committed 21504K, reserved 1114112K
  class space    used 3069K, committed 3392K, reserved 1048576K
}

Dll operation events (20 events):
Event: 0.272 Attempting to load shared library C:\Users\Lucas Hernandez\.vscode\extensions\redhat.java-1.56.0-win32-x64\jre\21.0.12.1-win32-x86_64\bin\nio.dll
Event: 0.273 Loaded shared library C:\Users\Lucas Hernandez\.vscode\extensions\redhat.java-1.56.0-win32-x64\jre\21.0.12.1-win32-x86_64\bin\nio.dll
Event: 0.280 Attempting to load shared library C:\Users\Lucas Hernandez\.vscode\extensions\redhat.java-1.56.0-win32-x64\jre\21.0.12.1-win32-x86_64\bin\zip.dll
Event: 0.280 Loaded shared library C:\Users\Lucas Hernandez\.vscode\extensions\redhat.java-1.56.0-win32-x64\jre\21.0.12.1-win32-x86_64\bin\zip.dll
Event: 1.190 Attempting to load shared library C:\Users\Lucas Hernandez\.vscode\extensions\redhat.java-1.56.0-win32-x64\jre\21.0.12.1-win32-x86_64\bin\jimage.dll
Event: 1.190 Loaded shared library C:\Users\Lucas Hernandez\.vscode\extensions\redhat.java-1.56.0-win32-x64\jre\21.0.12.1-win32-x86_64\bin\jimage.dll
Event: 2.299 Attempting to load shared library C:\Users\Lucas Hernandez\.vscode\extensions\redhat.java-1.56.0-win32-x64\jre\21.0.12.1-win32-x86_64\bin\verify.dll
Event: 2.299 Loaded shared library C:\Users\Lucas Hernandez\.vscode\extensions\redhat.java-1.56.0-win32-x64\jre\21.0.12.1-win32-x86_64\bin\verify.dll
Event: 3.061 Attempting to load shared library C:\Users\Lucas Hernandez\.gradle\native\1def1411415f61bf3af743bc5b6707747c0891f09f0c88961ee8f79bc544acac\windows-amd64\native-platform.dll
Event: 3.068 Loaded shared library C:\Users\Lucas Hernandez\.gradle\native\1def1411415f61bf3af743bc5b6707747c0891f09f0c88961ee8f79bc544acac\windows-amd64\native-platform.dll
Event: 3.089 Attempting to load shared library C:\Users\Lucas Hernandez\.gradle\native\0.2.7\x86_64-windows-gnu\gradle-fileevents.dll
Event: 3.102 Loaded shared library C:\Users\Lucas Hernandez\.gradle\native\0.2.7\x86_64-windows-gnu\gradle-fileevents.dll
Event: 17.109 Attempting to load shared library C:\Users\Lucas Hernandez\.vscode\extensions\redhat.java-1.56.0-win32-x64\jre\21.0.12.1-win32-x86_64\bin\management.dll
Event: 17.109 Loaded shared library C:\Users\Lucas Hernandez\.vscode\extensions\redhat.java-1.56.0-win32-x64\jre\21.0.12.1-win32-x86_64\bin\management.dll
Event: 17.114 Attempting to load shared library C:\Users\Lucas Hernandez\.vscode\extensions\redhat.java-1.56.0-win32-x64\jre\21.0.12.1-win32-x86_64\bin\management_ext.dll
Event: 17.116 Loaded shared library C:\Users\Lucas Hernandez\.vscode\extensions\redhat.java-1.56.0-win32-x64\jre\21.0.12.1-win32-x86_64\bin\management_ext.dll
Event: 23.421 Attempting to load shared library C:\Users\Lucas Hernandez\.vscode\extensions\redhat.java-1.56.0-win32-x64\jre\21.0.12.1-win32-x86_64\bin\extnet.dll
Event: 23.428 Loaded shared library C:\Users\Lucas Hernandez\.vscode\extensions\redhat.java-1.56.0-win32-x64\jre\21.0.12.1-win32-x86_64\bin\extnet.dll
Event: 25.778 Attempting to load shared library C:\Users\Lucas Hernandez\.vscode\extensions\redhat.java-1.56.0-win32-x64\jre\21.0.12.1-win32-x86_64\bin\sunmscapi.dll
Event: 25.801 Loaded shared library C:\Users\Lucas Hernandez\.vscode\extensions\redhat.java-1.56.0-win32-x64\jre\21.0.12.1-win32-x86_64\bin\sunmscapi.dll

Deoptimization events (20 events):
Event: 47.616 Thread 0x000001cd701351f0 Uncommon trap: trap_request=0xffffffc6 fr.pc=0x000001cd1dde5a38 relative=0x00000000000008f8
Event: 47.616 Thread 0x000001cd701351f0 Uncommon trap: reason=bimorphic_or_optimized_type_check action=maybe_recompile pc=0x000001cd1dde5a38 method=java.io.DataInputStream.readFully([BII)V @ 30 c2
Event: 47.616 Thread 0x000001cd701351f0 DEOPT PACKING pc=0x000001cd1dde5a38 sp=0x00000097d61fe4b0
Event: 47.616 Thread 0x000001cd701351f0 DEOPT UNPACKING pc=0x000001cd1d734422 sp=0x00000097d61fe478 mode 2
Event: 47.616 Thread 0x000001cd701351f0 Uncommon trap: trap_request=0xffffffc6 fr.pc=0x000001cd1dde5a38 relative=0x00000000000008f8
Event: 47.616 Thread 0x000001cd701351f0 Uncommon trap: reason=bimorphic_or_optimized_type_check action=maybe_recompile pc=0x000001cd1dde5a38 method=java.io.DataInputStream.readFully([BII)V @ 30 c2
Event: 47.616 Thread 0x000001cd701351f0 DEOPT PACKING pc=0x000001cd1dde5a38 sp=0x00000097d61fe4b0
Event: 47.616 Thread 0x000001cd701351f0 DEOPT UNPACKING pc=0x000001cd1d734422 sp=0x00000097d61fe478 mode 2
Event: 47.616 Thread 0x000001cd701351f0 Uncommon trap: trap_request=0xffffffc6 fr.pc=0x000001cd1dde5a38 relative=0x00000000000008f8
Event: 47.616 Thread 0x000001cd701351f0 Uncommon trap: reason=bimorphic_or_optimized_type_check action=maybe_recompile pc=0x000001cd1dde5a38 method=java.io.DataInputStream.readFully([BII)V @ 30 c2
Event: 47.616 Thread 0x000001cd701351f0 DEOPT PACKING pc=0x000001cd1dde5a38 sp=0x00000097d61fe4c0
Event: 47.616 Thread 0x000001cd701351f0 DEOPT UNPACKING pc=0x000001cd1d734422 sp=0x00000097d61fe488 mode 2
Event: 47.667 Thread 0x000001cd70132400 Uncommon trap: trap_request=0xffffff45 fr.pc=0x000001cd1dd8921c relative=0x000000000000017c
Event: 47.667 Thread 0x000001cd70132400 Uncommon trap: reason=unstable_if action=reinterpret pc=0x000001cd1dd8921c method=java.util.concurrent.locks.ReentrantLock$NonfairSync.initialTryLock()Z @ 25 c2
Event: 47.667 Thread 0x000001cd70132400 DEOPT PACKING pc=0x000001cd1dd8921c sp=0x00000097d5df8b00
Event: 47.667 Thread 0x000001cd70132400 DEOPT UNPACKING pc=0x000001cd1d734422 sp=0x00000097d5df8aa0 mode 2
Event: 48.048 Thread 0x000001cd70132a90 Uncommon trap: trap_request=0xffffffde fr.pc=0x000001cd1dda443c relative=0x0000000000000adc
Event: 48.048 Thread 0x000001cd70132a90 Uncommon trap: reason=class_check action=maybe_recompile pc=0x000001cd1dda443c method=java.io.BufferedInputStream.implRead([BII)I @ 100 c2
Event: 48.048 Thread 0x000001cd70132a90 DEOPT PACKING pc=0x000001cd1dda443c sp=0x00000097d64fe2b0
Event: 48.048 Thread 0x000001cd70132a90 DEOPT UNPACKING pc=0x000001cd1d734422 sp=0x00000097d64fe278 mode 2

Classes loaded (20 events):
Event: 47.631 Loading class java/nio/file/FileTreeWalker
Event: 47.631 Loading class java/nio/file/FileTreeWalker done
Event: 47.633 Loading class java/nio/file/FileTreeWalker$DirectoryNode
Event: 47.633 Loading class java/nio/file/FileTreeWalker$DirectoryNode done
Event: 47.633 Loading class java/nio/file/FileTreeWalker$Event
Event: 47.633 Loading class java/nio/file/FileTreeWalker$Event done
Event: 47.633 Loading class java/nio/file/FileTreeWalker$EventType
Event: 47.633 Loading class java/nio/file/FileTreeWalker$EventType done
Event: 47.633 Loading class java/nio/file/Files$3
Event: 47.633 Loading class java/nio/file/Files$3 done
Event: 47.635 Loading class java/nio/file/FileVisitResult
Event: 47.635 Loading class java/nio/file/FileVisitResult done
Event: 48.191 Loading class java/util/stream/IntStream
Event: 48.192 Loading class java/util/stream/IntStream done
Event: 48.192 Loading class java/util/stream/Streams$RangeIntSpliterator
Event: 48.192 Loading class java/util/stream/Streams$RangeIntSpliterator done
Event: 48.192 Loading class java/util/stream/IntPipeline$Head
Event: 48.192 Loading class java/util/stream/IntPipeline
Event: 48.193 Loading class java/util/stream/IntPipeline done
Event: 48.193 Loading class java/util/stream/IntPipeline$Head done

Classes unloaded (0 events):
No events

Classes redefined (0 events):
No events

Internal exceptions (20 events):
Event: 45.032 Thread 0x000001cd70132400 Exception <a 'java/lang/NoSuchMethodError'{0x00000000a4b6e478}: 'java.lang.Object java.lang.invoke.Invokers$Holder.invoker(java.lang.Object, java.lang.Object, java.lang.Object, java.lang.Object, java.lang.Object, java.lang.Object, java.lang.Object, java.lang.Object, java.lang.Object, java.lang.Object, java.lang.Object, java.lang.Object, java.lang.Object, java.lang.Object, java.lang.Object, java.lang.Object, java.lang.Object, java.lang.Object, java.lang.Object, java.lang.Object, java.lang.Object, java.lang.
Event: 45.032 Thread 0x000001cd70132400 Exception <a 'java/lang/NoSuchMethodError'{0x00000000a4b747f8}: 'java.lang.Object java.lang.invoke.DelegatingMethodHandle$Holder.delegate(java.lang.Object, java.lang.Object, java.lang.Object, java.lang.Object, java.lang.Object, java.lang.Object, java.lang.Object, java.lang.Object, java.lang.Object, java.lang.Object, java.lang.Object, java.lang.Object, java.lang.Object, java.lang.Object, java.lang.Object, java.lang.Object, java.lang.Object, java.lang.Object, java.lang.Object, java.lang.Object, java.lang.Obj
Event: 45.112 Thread 0x000001cd70132400 Exception <a 'java/lang/NoSuchMethodError'{0x00000000a49dc4e0}: 'java.lang.Object java.lang.invoke.DirectMethodHandle$Holder.invokeStaticInit(java.lang.Object, java.lang.Object, java.lang.Object, java.lang.Object)'> (0x00000000a49dc4e0) 
thrown [s\src\hotspot\share\interpreter\linkResolver.cpp, line 773]
Event: 45.254 Thread 0x000001cd70132400 Exception <a 'java/lang/NoSuchMethodError'{0x00000000a4779c98}: 'java.lang.Object java.lang.invoke.DirectMethodHandle$Holder.newInvokeSpecial(java.lang.Object, java.lang.Object, java.lang.Object, java.lang.Object, java.lang.Object, java.lang.Object, java.lang.Object, java.lang.Object)'> (0x00000000a4779c98) 
thrown [s\src\hotspot\share\interpreter\linkResolver.cpp, line 773]
Event: 45.447 Thread 0x000001cd70132400 Exception <a 'java/lang/IncompatibleClassChangeError'{0x00000000a45051b0}: Found class java.lang.Object, but interface was expected> (0x00000000a45051b0) 
thrown [s\src\hotspot\share\interpreter\linkResolver.cpp, line 840]
Event: 45.502 Thread 0x000001cd70132400 Exception <a 'java/lang/NoSuchMethodError'{0x00000000a4570a88}: 'java.lang.Object java.lang.invoke.DirectMethodHandle$Holder.invokeVirtual(java.lang.Object, java.lang.Object, java.lang.Object, java.lang.Object, java.lang.Object, java.lang.Object, java.lang.Object, java.lang.Object, java.lang.Object, java.lang.Object, java.lang.Object, java.lang.Object, java.lang.Object)'> (0x00000000a4570a88) 
thrown [s\src\hotspot\share\interpreter\linkResolver.cpp, line 773]
Event: 45.503 Thread 0x000001cd70132400 Exception <a 'java/lang/NoSuchMethodError'{0x00000000a4575cc0}: 'java.lang.Object java.lang.invoke.DirectMethodHandle$Holder.invokeSpecial(java.lang.Object, java.lang.Object, java.lang.Object, java.lang.Object, java.lang.Object, java.lang.Object, java.lang.Object, java.lang.Object, java.lang.Object, java.lang.Object, java.lang.Object, java.lang.Object, java.lang.Object, java.lang.Object)'> (0x00000000a4575cc0) 
thrown [s\src\hotspot\share\interpreter\linkResolver.cpp, line 773]
Event: 45.504 Thread 0x000001cd70132400 Exception <a 'java/lang/NoSuchMethodError'{0x00000000a457aa10}: 'java.lang.Object java.lang.invoke.DelegatingMethodHandle$Holder.reinvoke_L(java.lang.Object, java.lang.Object, java.lang.Object, java.lang.Object, java.lang.Object, java.lang.Object, java.lang.Object, java.lang.Object, java.lang.Object, java.lang.Object, java.lang.Object, java.lang.Object, java.lang.Object)'> (0x00000000a457aa10) 
thrown [s\src\hotspot\share\interpreter\linkResolver.cpp, line 773]
Event: 45.644 Thread 0x000001cd70132400 Exception <a 'java/lang/NoSuchMethodError'{0x00000000a435f060}: 'void java.lang.invoke.DirectMethodHandle$Holder.invokeStaticInit(java.lang.Object, java.lang.Object)'> (0x00000000a435f060) 
thrown [s\src\hotspot\share\interpreter\linkResolver.cpp, line 773]
Event: 45.931 Thread 0x000001cd70132400 Exception <a 'java/lang/NoSuchMethodError'{0x00000000a3f5af78}: 'java.lang.Object java.lang.invoke.DirectMethodHandle$Holder.newInvokeSpecial(java.lang.Object, java.lang.Object, java.lang.Object, java.lang.Object, java.lang.Object, java.lang.Object, java.lang.Object, java.lang.Object, java.lang.Object)'> (0x00000000a3f5af78) 
thrown [s\src\hotspot\share\interpreter\linkResolver.cpp, line 773]
Event: 46.323 Thread 0x000001cd70132400 Exception <a 'java/lang/NoSuchMethodError'{0x00000000a3c73088}: 'int java.lang.invoke.DirectMethodHandle$Holder.invokeVirtual(java.lang.Object, java.lang.Object)'> (0x00000000a3c73088) 
thrown [s\src\hotspot\share\interpreter\linkResolver.cpp, line 773]
Event: 46.767 Thread 0x000001cd70132400 Implicit null exception at 0x000001cd1dd52541 to 0x000001cd1dd53594
Event: 46.772 Thread 0x000001cd70132400 Exception <a 'java/lang/NoSuchMethodError'{0x00000000a396a980}: 'void java.lang.invoke.DirectMethodHandle$Holder.invokeInterface(java.lang.Object, java.lang.Object, java.lang.Object, java.lang.Object, java.lang.Object)'> (0x00000000a396a980) 
thrown [s\src\hotspot\share\interpreter\linkResolver.cpp, line 773]
Event: 46.790 Thread 0x000001cd70132400 Exception <a 'java/lang/NoSuchMethodError'{0x00000000a39ece80}: 'void java.lang.invoke.DirectMethodHandle$Holder.invokeStatic(java.lang.Object, java.lang.Object, java.lang.Object, java.lang.Object, java.lang.Object, java.lang.Object)'> (0x00000000a39ece80) 
thrown [s\src\hotspot\share\interpreter\linkResolver.cpp, line 773]
Event: 47.387 Thread 0x000001cd70132400 Exception <a 'java/lang/IncompatibleClassChangeError'{0x00000000a3015130}: Found class java.lang.Object, but interface was expected> (0x00000000a3015130) 
thrown [s\src\hotspot\share\interpreter\linkResolver.cpp, line 840]
Event: 47.599 Thread 0x000001cd70132400 Exception <a 'java/lang/NoSuchMethodError'{0x00000000a30e6470}: 'java.lang.Object java.lang.invoke.DirectMethodHandle$Holder.newInvokeSpecial(java.lang.Object, java.lang.Object, long)'> (0x00000000a30e6470) 
thrown [s\src\hotspot\share\interpreter\linkResolver.cpp, line 773]
Event: 47.599 Thread 0x000001cd70132400 Exception <a 'java/lang/NoSuchMethodError'{0x00000000a30ea818}: 'java.lang.Object java.lang.invoke.Invokers$Holder.linkToTargetMethod(java.lang.Object, long, java.lang.Object)'> (0x00000000a30ea818) 
thrown [s\src\hotspot\share\interpreter\linkResolver.cpp, line 773]
Event: 47.616 Thread 0x000001cd701351f0 Implicit null exception at 0x000001cd1dde74c7 to 0x000001cd1dde7878
Event: 48.113 Thread 0x000001cd70132400 Exception <a 'java/lang/NoSuchMethodError'{0x00000000a2de3ad8}: 'int java.lang.invoke.DirectMethodHandle$Holder.invokeInterface(java.lang.Object, java.lang.Object)'> (0x00000000a2de3ad8) 
thrown [s\src\hotspot\share\interpreter\linkResolver.cpp, line 773]
Event: 48.180 Thread 0x000001cd70132400 Exception <a 'java/lang/NoSuchMethodError'{0x00000000a2c712c0}: 'java.lang.Object java.lang.invoke.DirectMethodHandle$Holder.invokeVirtual(java.lang.Object, java.lang.Object, int)'> (0x00000000a2c712c0) 
thrown [s\src\hotspot\share\interpreter\linkResolver.cpp, line 773]

ZGC Phase Switch (0 events):
No events

VM Operations (20 events):
Event: 44.221 Executing safepoint VM operation: CollectForMetadataAllocation (Metadata GC Threshold)
Event: 44.235 Executing safepoint VM operation: CollectForMetadataAllocation (Metadata GC Threshold) done
Event: 44.261 Executing safepoint VM operation: G1PauseRemark
Event: 44.265 Executing safepoint VM operation: G1PauseRemark done
Event: 44.268 Executing safepoint VM operation: G1PauseCleanup
Event: 44.287 Executing safepoint VM operation: G1PauseCleanup done
Event: 45.297 Executing safepoint VM operation: Cleanup
Event: 45.360 Executing safepoint VM operation: Cleanup done
Event: 46.374 Executing safepoint VM operation: Cleanup
Event: 46.628 Executing safepoint VM operation: Cleanup done
Event: 46.709 Executing non-safepoint VM operation: HandshakeAllThreads (Deoptimize)
Event: 46.709 Executing non-safepoint VM operation: HandshakeAllThreads (Deoptimize) done
Event: 47.385 Executing non-safepoint VM operation: HandshakeAllThreads (Deoptimize)
Event: 47.385 Executing non-safepoint VM operation: HandshakeAllThreads (Deoptimize) done
Event: 47.395 Executing non-safepoint VM operation: HandshakeAllThreads (Deoptimize)
Event: 47.395 Executing non-safepoint VM operation: HandshakeAllThreads (Deoptimize) done
Event: 47.610 Executing non-safepoint VM operation: HandshakeAllThreads (Deoptimize)
Event: 47.610 Executing non-safepoint VM operation: HandshakeAllThreads (Deoptimize) done
Event: 47.614 Executing non-safepoint VM operation: HandshakeAllThreads (Deoptimize)
Event: 47.614 Executing non-safepoint VM operation: HandshakeAllThreads (Deoptimize) done

Memory protections (0 events):
No events

Nmethod flushes (0 events):
No events

Events (20 events):
Event: 27.065 Thread 0x000001cd2a2ab080 Thread added: 0x000001cd70132400
Event: 27.363 Thread 0x000001cd70132400 Thread added: 0x000001cd70133120
Event: 27.401 Thread 0x000001cd70132400 Thread added: 0x000001cd70134b60
Event: 27.465 Thread 0x000001cd70132400 Thread added: 0x000001cd701344d0
Event: 35.928 Thread 0x000001cd70132400 Thread added: 0x000001cd701351f0
Event: 35.983 Thread 0x000001cd70132400 Thread added: 0x000001cd70135880
Event: 36.398 Thread 0x000001cd2a253eb0 Thread added: 0x000001cd72b31a00
Event: 36.527 Thread 0x000001cd70132400 Thread added: 0x000001cd70132a90
Event: 36.592 Thread 0x000001cd72b31a00 Thread exited: 0x000001cd72b31a00
Event: 36.632 Thread 0x000001cd70135880 Thread added: 0x000001cd701337b0
Event: 37.045 Thread 0x000001cd2a253eb0 Thread added: 0x000001cd72b31a00
Event: 37.188 Thread 0x000001cd72b31a00 Thread exited: 0x000001cd72b31a00
Event: 43.435 Thread 0x000001cd2a253eb0 Thread added: 0x000001cd730c6000
Event: 44.565 Thread 0x000001cd2a253eb0 Thread added: 0x000001cd73bd5410
Event: 44.914 Thread 0x000001cd70132400 Thread added: 0x000001cd71ba0e40
Event: 44.980 Thread 0x000001cd73bd5410 Thread exited: 0x000001cd73bd5410
Event: 45.006 Thread 0x000001cd70132400 Thread added: 0x000001cd71ba14d0
Event: 45.246 Thread 0x000001cd730c6000 Thread exited: 0x000001cd730c6000
Event: 46.168 Thread 0x000001cd70132400 Thread added: 0x000001cd71ba21f0
Event: 46.320 Thread 0x000001cd70132400 Thread added: 0x000001cd71ba2f10


Dynamic libraries:
0x00007ff61a400000 - 0x00007ff61a40e000 	C:\Users\Lucas Hernandez\.vscode\extensions\redhat.java-1.56.0-win32-x64\jre\21.0.12.1-win32-x86_64\bin\java.exe
0x00007ffa77d80000 - 0x00007ffa77fe7000 	C:\WINDOWS\SYSTEM32\ntdll.dll
0x00007ffa765c0000 - 0x00007ffa7668b000 	C:\WINDOWS\System32\KERNEL32.DLL
0x00007ffa74f80000 - 0x00007ffa75382000 	C:\WINDOWS\System32\KERNELBASE.dll
0x00007ffa75940000 - 0x00007ffa75a8c000 	C:\WINDOWS\System32\ucrtbase.dll
0x00007ffa54440000 - 0x00007ffa54458000 	C:\Users\Lucas Hernandez\.vscode\extensions\redhat.java-1.56.0-win32-x64\jre\21.0.12.1-win32-x86_64\bin\jli.dll
0x00007ffa76d80000 - 0x00007ffa76f4f000 	C:\WINDOWS\System32\USER32.dll
0x00007ffa75630000 - 0x00007ffa75657000 	C:\WINDOWS\System32\win32u.dll
0x00007ffa76590000 - 0x00007ffa765bb000 	C:\WINDOWS\System32\GDI32.dll
0x00007ffa75390000 - 0x00007ffa754b9000 	C:\WINDOWS\System32\gdi32full.dll
0x00007ffa75580000 - 0x00007ffa75623000 	C:\WINDOWS\System32\msvcp_win.dll
0x00007ffa55230000 - 0x00007ffa5524e000 	C:\Users\Lucas Hernandez\.vscode\extensions\redhat.java-1.56.0-win32-x64\jre\21.0.12.1-win32-x86_64\bin\VCRUNTIME140.dll
0x00007ffa626a0000 - 0x00007ffa62930000 	C:\WINDOWS\WinSxS\amd64_microsoft.windows.common-controls_6595b64144ccf1df_6.0.26100.9278_none_3e0d1ba8e3303201\COMCTL32.dll
0x00007ffa77060000 - 0x00007ffa77109000 	C:\WINDOWS\System32\msvcrt.dll
0x00007ffa75db0000 - 0x00007ffa75de1000 	C:\WINDOWS\System32\IMM32.DLL
0x00007ffa60070000 - 0x00007ffa6007c000 	C:\Users\Lucas Hernandez\.vscode\extensions\redhat.java-1.56.0-win32-x64\jre\21.0.12.1-win32-x86_64\bin\vcruntime140_1.dll
0x00007ffa258a0000 - 0x00007ffa2592d000 	C:\Users\Lucas Hernandez\.vscode\extensions\redhat.java-1.56.0-win32-x64\jre\21.0.12.1-win32-x86_64\bin\msvcp140.dll
0x00007ff9a90d0000 - 0x00007ff9a9e72000 	C:\Users\Lucas Hernandez\.vscode\extensions\redhat.java-1.56.0-win32-x64\jre\21.0.12.1-win32-x86_64\bin\server\jvm.dll
0x00007ffa76b60000 - 0x00007ffa76c1c000 	C:\WINDOWS\System32\ADVAPI32.dll
0x00007ffa771a0000 - 0x00007ffa77249000 	C:\WINDOWS\System32\sechost.dll
0x00007ffa76a40000 - 0x00007ffa76b58000 	C:\WINDOWS\System32\RPCRT4.dll
0x00007ffa75c10000 - 0x00007ffa75c90000 	C:\WINDOWS\System32\WS2_32.dll
0x00007ffa74e00000 - 0x00007ffa74e5e000 	C:\WINDOWS\SYSTEM32\POWRPROF.dll
0x00007ffa6c150000 - 0x00007ffa6c186000 	C:\WINDOWS\SYSTEM32\WINMM.dll
0x00007ffa6cd30000 - 0x00007ffa6cd3b000 	C:\WINDOWS\SYSTEM32\VERSION.dll
0x00007ffa74de0000 - 0x00007ffa74df5000 	C:\WINDOWS\SYSTEM32\UMPDC.dll
0x00007ffa73c30000 - 0x00007ffa73c4b000 	C:\WINDOWS\SYSTEM32\kernel.appcore.dll
0x00007ffa5ff20000 - 0x00007ffa5ff2a000 	C:\Users\Lucas Hernandez\.vscode\extensions\redhat.java-1.56.0-win32-x64\jre\21.0.12.1-win32-x86_64\bin\jimage.dll
0x00007ffa68aa0000 - 0x00007ffa68cec000 	C:\WINDOWS\SYSTEM32\DBGHELP.DLL
0x00007ffa766b0000 - 0x00007ffa76a35000 	C:\WINDOWS\System32\combase.dll
0x00007ffa776e0000 - 0x00007ffa777b9000 	C:\WINDOWS\System32\OLEAUT32.dll
0x00007ffa5e7b0000 - 0x00007ffa5e7eb000 	C:\WINDOWS\SYSTEM32\dbgcore.DLL
0x00007ffa75880000 - 0x00007ffa7592c000 	C:\WINDOWS\System32\bcryptPrimitives.dll
0x00007ffa58db0000 - 0x00007ffa58dbf000 	C:\Users\Lucas Hernandez\.vscode\extensions\redhat.java-1.56.0-win32-x64\jre\21.0.12.1-win32-x86_64\bin\instrument.dll
0x00007ffa54380000 - 0x00007ffa543a0000 	C:\Users\Lucas Hernandez\.vscode\extensions\redhat.java-1.56.0-win32-x64\jre\21.0.12.1-win32-x86_64\bin\java.dll
0x00007ffa75df0000 - 0x00007ffa76588000 	C:\WINDOWS\System32\SHELL32.dll
0x00007ffa729c0000 - 0x00007ffa7326e000 	C:\WINDOWS\SYSTEM32\windows.storage.dll
0x00007ffa76f60000 - 0x00007ffa7705b000 	C:\WINDOWS\System32\SHCORE.dll
0x00007ffa77b40000 - 0x00007ffa77ba6000 	C:\WINDOWS\System32\shlwapi.dll
0x00007ffa74ea0000 - 0x00007ffa74ec9000 	C:\WINDOWS\SYSTEM32\profapi.dll
0x00007ffa54120000 - 0x00007ffa54138000 	C:\Users\Lucas Hernandez\.vscode\extensions\redhat.java-1.56.0-win32-x64\jre\21.0.12.1-win32-x86_64\bin\zip.dll
0x00007ffa5f810000 - 0x00007ffa5f820000 	C:\Users\Lucas Hernandez\.vscode\extensions\redhat.java-1.56.0-win32-x64\jre\21.0.12.1-win32-x86_64\bin\net.dll
0x00007ffa6ca10000 - 0x00007ffa6cb3a000 	C:\WINDOWS\SYSTEM32\WINHTTP.dll
0x00007ffa74210000 - 0x00007ffa7427c000 	C:\WINDOWS\system32\mswsock.dll
0x00007ffa53680000 - 0x00007ffa53696000 	C:\Users\Lucas Hernandez\.vscode\extensions\redhat.java-1.56.0-win32-x64\jre\21.0.12.1-win32-x86_64\bin\nio.dll
0x00007ffa57e70000 - 0x00007ffa57e80000 	C:\Users\Lucas Hernandez\.vscode\extensions\redhat.java-1.56.0-win32-x64\jre\21.0.12.1-win32-x86_64\bin\verify.dll
0x00007ffa47ff0000 - 0x00007ffa48017000 	C:\Users\Lucas Hernandez\.gradle\native\1def1411415f61bf3af743bc5b6707747c0891f09f0c88961ee8f79bc544acac\windows-amd64\native-platform.dll
0x00007ffa25c60000 - 0x00007ffa25cd8000 	C:\Users\Lucas Hernandez\.gradle\native\0.2.7\x86_64-windows-gnu\gradle-fileevents.dll
0x00007ffa6fe70000 - 0x00007ffa6fe7a000 	C:\Users\Lucas Hernandez\.vscode\extensions\redhat.java-1.56.0-win32-x64\jre\21.0.12.1-win32-x86_64\bin\management.dll
0x00007ffa6fe60000 - 0x00007ffa6fe6c000 	C:\Users\Lucas Hernandez\.vscode\extensions\redhat.java-1.56.0-win32-x64\jre\21.0.12.1-win32-x86_64\bin\management_ext.dll
0x00007ffa77c00000 - 0x00007ffa77c08000 	C:\WINDOWS\System32\PSAPI.DLL
0x00007ffa735d0000 - 0x00007ffa73603000 	C:\WINDOWS\SYSTEM32\IPHLPAPI.DLL
0x00007ffa77c10000 - 0x00007ffa77c1a000 	C:\WINDOWS\System32\NSI.dll
0x00007ffa60960000 - 0x00007ffa60969000 	C:\Users\Lucas Hernandez\.vscode\extensions\redhat.java-1.56.0-win32-x64\jre\21.0.12.1-win32-x86_64\bin\extnet.dll
0x00007ffa74520000 - 0x00007ffa7453b000 	C:\WINDOWS\SYSTEM32\CRYPTSP.dll
0x00007ffa73b90000 - 0x00007ffa73bc9000 	C:\WINDOWS\system32\rsaenh.dll
0x00007ffa742c0000 - 0x00007ffa742f4000 	C:\WINDOWS\SYSTEM32\USERENV.dll
0x00007ffa74e70000 - 0x00007ffa74e9a000 	C:\WINDOWS\SYSTEM32\bcrypt.dll
0x00007ffa74500000 - 0x00007ffa7450c000 	C:\WINDOWS\SYSTEM32\CRYPTBASE.dll
0x00007ffa60950000 - 0x00007ffa6095e000 	C:\Users\Lucas Hernandez\.vscode\extensions\redhat.java-1.56.0-win32-x64\jre\21.0.12.1-win32-x86_64\bin\sunmscapi.dll
0x00007ffa756f0000 - 0x00007ffa7586e000 	C:\WINDOWS\System32\CRYPT32.dll
0x00007ffa74740000 - 0x00007ffa74770000 	C:\WINDOWS\SYSTEM32\ncrypt.dll
0x00007ffa746f0000 - 0x00007ffa7472f000 	C:\WINDOWS\SYSTEM32\NTASN1.dll
0x00007ffa3a230000 - 0x00007ffa3a238000 	C:\WINDOWS\system32\wshunix.dll

JVMTI agents:
C:\Users\Lucas Hernandez\.gradle\wrapper\dists\gradle-8.14.3-all\10utluxaxniiv4wxiphsi49nj\gradle-8.14.3\lib\agents\gradle-instrumentation-agent-8.14.3.jar path:C:\Users\Lucas Hernandez\.vscode\extensions\redhat.java-1.56.0-win32-x64\jre\21.0.12.1-win32-x86_64\bin\instrument.dll, loaded, initialized, instrumentlib options:none

dbghelp: loaded successfully - version: 4.0.5 - missing functions: none
symbol engine: initialized successfully - sym options: 0x614 - pdb path: .;C:\Users\Lucas Hernandez\.vscode\extensions\redhat.java-1.56.0-win32-x64\jre\21.0.12.1-win32-x86_64\bin;C:\WINDOWS\SYSTEM32;C:\WINDOWS\WinSxS\amd64_microsoft.windows.common-controls_6595b64144ccf1df_6.0.26100.9278_none_3e0d1ba8e3303201;C:\Users\Lucas Hernandez\.vscode\extensions\redhat.java-1.56.0-win32-x64\jre\21.0.12.1-win32-x86_64\bin\server;C:\Users\Lucas Hernandez\.gradle\native\1def1411415f61bf3af743bc5b6707747c0891f09f0c88961ee8f79bc544acac\windows-amd64;C:\Users\Lucas Hernandez\.gradle\native\0.2.7\x86_64-windows-gnu

VM Arguments:
jvm_args: --add-opens=java.base/java.lang=ALL-UNNAMED --add-opens=java.base/java.lang.invoke=ALL-UNNAMED --add-opens=java.base/java.util=ALL-UNNAMED --add-opens=java.prefs/java.util.prefs=ALL-UNNAMED --add-exports=jdk.compiler/com.sun.tools.javac.api=ALL-UNNAMED --add-exports=jdk.compiler/com.sun.tools.javac.util=ALL-UNNAMED --add-opens=java.base/java.util=ALL-UNNAMED --add-opens=java.prefs/java.util.prefs=ALL-UNNAMED --add-opens=java.base/java.nio.charset=ALL-UNNAMED --add-opens=java.base/java.net=ALL-UNNAMED --add-opens=java.base/java.util.concurrent.atomic=ALL-UNNAMED --add-opens=java.xml/javax.xml.namespace=ALL-UNNAMED -Xmx1536m -Dfile.encoding=UTF-8 -Duser.country=ES -Duser.language=es -Duser.variant -javaagent:C:\Users\Lucas Hernandez\.gradle\wrapper\dists\gradle-8.14.3-all\10utluxaxniiv4wxiphsi49nj\gradle-8.14.3\lib\agents\gradle-instrumentation-agent-8.14.3.jar 
java_command: org.gradle.launcher.daemon.bootstrap.GradleDaemon 8.14.3
java_class_path (initial): C:\Users\Lucas Hernandez\.gradle\wrapper\dists\gradle-8.14.3-all\10utluxaxniiv4wxiphsi49nj\gradle-8.14.3\lib\gradle-daemon-main-8.14.3.jar
Launcher Type: SUN_STANDARD

[Global flags]
     intx CICompilerCount                          = 4                                         {product} {ergonomic}
     uint ConcGCThreads                            = 3                                         {product} {ergonomic}
     uint G1ConcRefinementThreads                  = 10                                        {product} {ergonomic}
   size_t G1HeapRegionSize                         = 1048576                                   {product} {ergonomic}
    uintx GCDrainStackTargetSize                   = 64                                        {product} {ergonomic}
   size_t InitialHeapSize                          = 260046848                                 {product} {ergonomic}
   size_t MarkStackSize                            = 4194304                                   {product} {ergonomic}
   size_t MaxHeapSize                              = 1610612736                                {product} {command line}
   size_t MaxNewSize                               = 965738496                                 {product} {ergonomic}
   size_t MinHeapDeltaBytes                        = 1048576                                   {product} {ergonomic}
   size_t MinHeapSize                              = 8388608                                   {product} {ergonomic}
    uintx NonNMethodCodeHeapSize                   = 5839372                                {pd product} {ergonomic}
    uintx NonProfiledCodeHeapSize                  = 122909434                              {pd product} {ergonomic}
    uintx ProfiledCodeHeapSize                     = 122909434                              {pd product} {ergonomic}
    uintx ReservedCodeCacheSize                    = 251658240                              {pd product} {ergonomic}
     bool SegmentedCodeCache                       = true                                      {product} {ergonomic}
   size_t SoftMaxHeapSize                          = 1610612736                             {manageable} {ergonomic}
     bool UseCompressedOops                        = true                           {product lp64_product} {ergonomic}
     bool UseG1GC                                  = true                                      {product} {ergonomic}
     bool UseLargePagesIndividualAllocation        = false                                  {pd product} {ergonomic}

Logging:
Log output configuration:
 #0: stdout all=warning uptime,level,tags foldmultilines=false
 #1: stderr all=off uptime,level,tags foldmultilines=false

Release file:
JAVA_VERSION="21.0.12.1" 
MODULES="java.base java.compiler java.datatransfer java.xml java.prefs java.desktop java.instrument java.logging java.management java.security.sasl java.naming java.rmi java.management.rmi java.net.http java.scripting java.security.jgss java.transaction.xa java.sql java.sql.rowset java.xml.crypto java.se java.smartcardio jdk.accessibility jdk.internal.jvmstat jdk.attach jdk.charsets jdk.internal.opt jdk.zipfs jdk.compiler jdk.crypto.ec jdk.crypto.cryptoki jdk.crypto.mscapi jdk.dynalink jdk.internal.ed jdk.editpad jdk.hotspot.agent jdk.httpserver jdk.internal.le jdk.internal.vm.ci jdk.internal.vm.compiler jdk.internal.vm.compiler.management jdk.jartool jdk.javadoc jdk.jcmd jdk.management jdk.management.agent jdk.jconsole jdk.jdeps jdk.jdwp.agent jdk.jdi jdk.jfr jdk.jshell jdk.jsobject jdk.jstatd jdk.localedata jdk.management.jfr jdk.naming.dns jdk.naming.rmi jdk.net jdk.nio.mapmode jdk.random jdk.sctp jdk.security.auth jdk.security.jgss jdk.unsupported jdk.unsupported.desktop jdk.xml.dom" 

Environment Variables:
JAVA_HOME=C:\Program Files\Eclipse Adoptium\jdk-17.0.20.101-hotspot\
PATH=C:\Program Files\Eclipse Adoptium\jdk-17.0.20.101-hotspot\bin;C:\Users\Lucas Hernandez\AppData\Local\Programs\Python\Python314\Scripts\;C:\Users\Lucas Hernandez\AppData\Local\Programs\Python\Python314\;C:\app\dbhomeXE\bin;C:\WINDOWS\system32;C:\WINDOWS;C:\WINDOWS\System32\Wbem;C:\WINDOWS\System32\WindowsPowerShell\v1.0\;C:\WINDOWS\System32\OpenSSH\;C:\Program Files\Docker\Docker\resources\bin;C:\Program Files\nodejs\;C:\ProgramData\chocolatey\bin;C:\Program Files\dotnet\;C:\Program Files\Git\cmd;C:\Program Files\MySQL\MySQL Shell 8.0\bin\;C:\Users\Lucas Hernandez\AppData\Local\Microsoft\WindowsApps;C:\Program Files\JetBrains\IntelliJ IDEA 2025.2.2\bin;C:\Users\Lucas Hernandez\AppData\Local\GitHubDesktop\bin;C:\Users\Lucas Hernandez\AppData\Local\Programs\Microsoft VS Code\bin;C:\Users\Lucas Hernandez\AppData\Local\Python\bin;C:\Users\Lucas Hernandez\AppData\Local\Programs\cursor\resources\app\bin;C:\Users\Lucas Hernandez\AppData\Roaming\npm;C:\src\flutter\bin;;C:\Android\sdk\platform-tools;C:\Android\sdk\cmdline-tools\latest\bin;C:\Android\sdk\emulator
USERNAME=Lucas Hernandez
OS=Windows_NT
PROCESSOR_IDENTIFIER=AMD64 Family 23 Model 104 Stepping 1, AuthenticAMD
TMP=C:\Users\LUCASH~1\AppData\Local\Temp
TEMP=C:\Users\LUCASH~1\AppData\Local\Temp




Periodic native trim disabled

---------------  S Y S T E M  ---------------

OS:
 Windows 11 , 64 bit Build 26100 (10.0.26100.9444)
OS uptime: 11 days 19:09 hours
Hyper-V role detected

CPU: total 12 (initial active 12) (12 cores per cpu, 2 threads per core) family 23 model 104 stepping 1 microcode 0x8608103, cx8, cmov, fxsr, ht, mmx, 3dnowpref, sse, sse2, sse3, ssse3, sse4a, sse4.1, sse4.2, popcnt, lzcnt, tsc, tscinvbit, avx, avx2, aes, clmul, bmi1, bmi2, adx, sha, fma, vzeroupper, clflush, clflushopt, hv, rdtscp, rdpid, f16c
Processor Information for processor 0
  Max Mhz: 2100, Current Mhz: 2100, Mhz Limit: 2100
Processor Information for processor 1
  Max Mhz: 2100, Current Mhz: 1988, Mhz Limit: 2100
Processor Information for processor 2
  Max Mhz: 2100, Current Mhz: 2100, Mhz Limit: 2100
Processor Information for processor 3
  Max Mhz: 2100, Current Mhz: 2100, Mhz Limit: 2100
Processor Information for processor 4
  Max Mhz: 2100, Current Mhz: 2100, Mhz Limit: 2100
Processor Information for processor 5
  Max Mhz: 2100, Current Mhz: 2100, Mhz Limit: 2100
Processor Information for processor 6
  Max Mhz: 2100, Current Mhz: 2100, Mhz Limit: 2100
Processor Information for processor 7
  Max Mhz: 2100, Current Mhz: 2100, Mhz Limit: 2100
Processor Information for processor 8
  Max Mhz: 2100, Current Mhz: 2100, Mhz Limit: 2100
Processor Information for processor 9
  Max Mhz: 2100, Current Mhz: 2100, Mhz Limit: 2100
Processor Information for processor 10
  Max Mhz: 2100, Current Mhz: 2100, Mhz Limit: 2100
Processor Information for processor 11
  Max Mhz: 2100, Current Mhz: 2100, Mhz Limit: 2100

Memory: 4k page, system-wide physical 15754M (223M free)
TotalPageFile size 64906M (AvailPageFile size 81M)
current process WorkingSet (physical memory assigned to process): 163M, peak: 285M
current process commit charge ("private bytes"): 259M, peak: 426M

vm_info: OpenJDK 64-Bit Server VM (21.0.12.1+1-LTS) for windows-amd64 JRE (21.0.12.1+1-LTS), built on 2026-08-18T00:00:00Z by "admin" with MS VC++ 17.12 (VS2022)

END.
