#
# There is insufficient memory for the Java Runtime Environment to continue.
# Native memory allocation (malloc) failed to allocate 339696 bytes. Error detail: Chunk::new
# Possible reasons:
#   The system is out of physical RAM or swap space
#   This process is running with CompressedOops enabled, and the Java Heap may be blocking the growth of the native heap
# Possible solutions:
#   Reduce memory load on the system
#   Increase physical memory or swap space
#   Check if swap backing store is full
#   Decrease Java heap size (-Xmx/-Xms)
#   Decrease number of Java threads
#   Decrease Java thread stack sizes (-Xss)
#   Set larger code cache with -XX:ReservedCodeCacheSize=
#   JVM is running with Unscaled Compressed Oops mode in which the Java heap is
#     placed in the first 4GB address space. The Java Heap base address is the
#     maximum limit for the native heap growth. Please use -XX:HeapBaseMinAddress
#     to set the Java Heap base and to place the Java Heap above 4GB virtual address.
# This output file may be truncated or incomplete.
#
#  Out of Memory Error (arena.cpp:168), pid=42328, tid=42440
#
# JRE version: OpenJDK Runtime Environment Temurin-21.0.12.1+1 (21.0.12.1+1) (build 21.0.12.1+1-LTS)
# Java VM: OpenJDK 64-Bit Server VM Temurin-21.0.12.1+1 (21.0.12.1+1-LTS, mixed mode, sharing, tiered, compressed oops, compressed class ptrs, g1 gc, windows-amd64)
# No core dump will be written. Minidumps are not enabled by default on client versions of Windows
#

---------------  S U M M A R Y ------------

Command Line: --add-opens=java.base/java.lang=ALL-UNNAMED --add-opens=java.base/java.lang.invoke=ALL-UNNAMED --add-opens=java.base/java.util=ALL-UNNAMED --add-opens=java.prefs/java.util.prefs=ALL-UNNAMED --add-exports=jdk.compiler/com.sun.tools.javac.api=ALL-UNNAMED --add-exports=jdk.compiler/com.sun.tools.javac.util=ALL-UNNAMED --add-opens=java.base/java.util=ALL-UNNAMED --add-opens=java.prefs/java.util.prefs=ALL-UNNAMED --add-opens=java.base/java.nio.charset=ALL-UNNAMED --add-opens=java.base/java.net=ALL-UNNAMED --add-opens=java.base/java.util.concurrent.atomic=ALL-UNNAMED --add-opens=java.xml/javax.xml.namespace=ALL-UNNAMED -Xmx1536m -Dfile.encoding=UTF-8 -Duser.country=ES -Duser.language=es -Duser.variant -javaagent:C:\Users\Lucas Hernandez\.gradle\wrapper\dists\gradle-8.14.3-all\10utluxaxniiv4wxiphsi49nj\gradle-8.14.3\lib\agents\gradle-instrumentation-agent-8.14.3.jar org.gradle.launcher.daemon.bootstrap.GradleDaemon 8.14.3

Host: AMD Ryzen 5 7430U with Radeon Graphics, 12 cores, 15G,  Windows 11 , 64 bit Build 26100 (10.0.26100.9444)
Time: Wed Oct  7 16:08:01 2026 Hora de verano romance elapsed time: 51.804137 seconds (0d 0h 0m 51s)

---------------  T H R E A D  ---------------

Current thread (0x00000255f8db3100):  JavaThread "C2 CompilerThread0" daemon [_thread_in_native, id=42440, stack(0x000000e762200000,0x000000e762300000) (1024K)]


Current CompileTask:
C2:51804 4814   !   4       java.util.concurrent.ConcurrentHashMap::computeIfAbsent (576 bytes)

Stack: [0x000000e762200000,0x000000e762300000]
Native frames: (J=compiled Java code, j=interpreted, Vv=VM code, C=native code)
V  [jvm.dll+0x6d83e9]
V  [jvm.dll+0x8b5736]
V  [jvm.dll+0x8b7cee]
V  [jvm.dll+0x8b83d3]
V  [jvm.dll+0x284596]
V  [jvm.dll+0xc685d]
V  [jvm.dll+0xc6da1]
V  [jvm.dll+0x3bf18b]
V  [jvm.dll+0x38b6d2]
V  [jvm.dll+0x38ab1a]
V  [jvm.dll+0x24c700]
V  [jvm.dll+0x24bce0]
V  [jvm.dll+0x1cb4ae]
V  [jvm.dll+0x25baad]
V  [jvm.dll+0x25a03a]
V  [jvm.dll+0x3f8aae]
V  [jvm.dll+0x8600cd]
V  [jvm.dll+0x6d6c1d]
C  [ucrtbase.dll+0x2cd30]
C  [KERNEL32.DLL+0x2cd87]
C  [ntdll.dll+0xacaec]


---------------  P R O C E S S  ---------------

Threads class SMR info:
_java_thread_list=0x00000255ffed2520, length=35, elements={
0x00000255e1b908f0, 0x00000255f8da9460, 0x00000255f8dac080, 0x00000255f8db0450,
0x00000255f8db0eb0, 0x00000255f8db1910, 0x00000255f8db2370, 0x00000255f8db3100,
0x00000255f8e2cc30, 0x00000255f9046c50, 0x00000255f9087cf0, 0x00000255fe768c20,
0x00000255fedcf120, 0x00000255ff075250, 0x00000255feb46870, 0x00000255fee0dc40,
0x00000255fee0c4e0, 0x00000255fee09060, 0x00000255fee0be50, 0x00000255fee09d80,
0x00000255fee0b7c0, 0x00000255fee096f0, 0x00000255fee0a410, 0x00000255fee0aaa0,
0x00000255fee0b130, 0x00000255fe61fb10, 0x00000255fe61d3b0, 0x00000255fe61e760,
0x00000255fe6201a0, 0x00000255fe61edf0, 0x00000255fe61f480, 0x00000255c24f1830,
0x00000255c24f11a0, 0x00000255c24ef0d0, 0x00000255c24f0b10
}

Java Threads: ( => current thread )
  0x00000255e1b908f0 JavaThread "main"                              [_thread_blocked, id=42380, stack(0x000000e761300000,0x000000e761400000) (1024K)]
  0x00000255f8da9460 JavaThread "Reference Handler"          daemon [_thread_blocked, id=42416, stack(0x000000e761c00000,0x000000e761d00000) (1024K)]
  0x00000255f8dac080 JavaThread "Finalizer"                  daemon [_thread_blocked, id=42420, stack(0x000000e761d00000,0x000000e761e00000) (1024K)]
  0x00000255f8db0450 JavaThread "Signal Dispatcher"          daemon [_thread_blocked, id=42424, stack(0x000000e761e00000,0x000000e761f00000) (1024K)]
  0x00000255f8db0eb0 JavaThread "Attach Listener"            daemon [_thread_blocked, id=42428, stack(0x000000e761f00000,0x000000e762000000) (1024K)]
  0x00000255f8db1910 JavaThread "Service Thread"             daemon [_thread_blocked, id=42432, stack(0x000000e762000000,0x000000e762100000) (1024K)]
  0x00000255f8db2370 JavaThread "Monitor Deflation Thread"   daemon [_thread_blocked, id=42436, stack(0x000000e762100000,0x000000e762200000) (1024K)]
=>0x00000255f8db3100 JavaThread "C2 CompilerThread0"         daemon [_thread_in_native, id=42440, stack(0x000000e762200000,0x000000e762300000) (1024K)]
  0x00000255f8e2cc30 JavaThread "C1 CompilerThread0"         daemon [_thread_blocked, id=42444, stack(0x000000e762300000,0x000000e762400000) (1024K)]
  0x00000255f9046c50 JavaThread "Common-Cleaner"             daemon [_thread_blocked, id=42460, stack(0x000000e762400000,0x000000e762500000) (1024K)]
  0x00000255f9087cf0 JavaThread "Notification Thread"        daemon [_thread_blocked, id=42464, stack(0x000000e762500000,0x000000e762600000) (1024K)]
  0x00000255fe768c20 JavaThread "Daemon health stats"               [_thread_blocked, id=30092, stack(0x000000e762a00000,0x000000e762b00000) (1024K)]
  0x00000255fedcf120 JavaThread "Incoming local TCP Connector on port 62013"        [_thread_in_native, id=34548, stack(0x000000e762b00000,0x000000e762c00000) (1024K)]
  0x00000255ff075250 JavaThread "Daemon periodic checks"            [_thread_blocked, id=28936, stack(0x000000e762c00000,0x000000e762d00000) (1024K)]
  0x00000255feb46870 JavaThread "Daemon"                            [_thread_blocked, id=35176, stack(0x000000e762d00000,0x000000e762e00000) (1024K)]
  0x00000255fee0dc40 JavaThread "Handler for socket connection from /127.0.0.1:62013 to /127.0.0.1:54148"        [_thread_in_native, id=32184, stack(0x000000e762e00000,0x000000e762f00000) (1024K)]
  0x00000255fee0c4e0 JavaThread "Cancel handler"                    [_thread_blocked, id=25688, stack(0x000000e762f00000,0x000000e763000000) (1024K)]
  0x00000255fee09060 JavaThread "Daemon worker"                     [_thread_in_vm, id=12204, stack(0x000000e763000000,0x000000e763100000) (1024K)]
  0x00000255fee0be50 JavaThread "Asynchronous log dispatcher for DefaultDaemonConnection: socket connection from /127.0.0.1:62013 to /127.0.0.1:54148"        [_thread_blocked, id=22888, stack(0x000000e763100000,0x000000e763200000) (1024K)]
  0x00000255fee09d80 JavaThread "Stdin handler"                     [_thread_blocked, id=32628, stack(0x000000e763200000,0x000000e763300000) (1024K)]
  0x00000255fee0b7c0 JavaThread "Daemon client event forwarder"        [_thread_blocked, id=38380, stack(0x000000e763300000,0x000000e763400000) (1024K)]
  0x00000255fee096f0 JavaThread "Cache worker for journal cache (C:\Users\Lucas Hernandez\.gradle\caches\journal-1)"        [_thread_in_native, id=12840, stack(0x000000e763400000,0x000000e763500000) (1024K)]
  0x00000255fee0a410 JavaThread "File lock request listener"        [_thread_in_native, id=13468, stack(0x000000e763500000,0x000000e763600000) (1024K)]
  0x00000255fee0aaa0 JavaThread "File lock release action executor"        [_thread_blocked, id=26084, stack(0x000000e763600000,0x000000e763700000) (1024K)]
  0x00000255fee0b130 JavaThread "Cache worker for file hash cache (C:\Users\Lucas Hernandez\.gradle\caches\8.14.3\fileHashes)"        [_thread_blocked, id=43048, stack(0x000000e763700000,0x000000e763800000) (1024K)]
  0x00000255fe61fb10 JavaThread "Cache worker for file hash cache (C:\Users\Lucas Hernandez\OneDrive - UDIT\Documents\DI\dam2-productos-archivos\android\.gradle\8.14.3\fileHashes)"        [_thread_blocked, id=43712, stack(0x000000e763f00000,0x000000e764000000) (1024K)]
  0x00000255fe61d3b0 JavaThread "Cache worker for Build Output Cleanup Cache (C:\Users\Lucas Hernandez\OneDrive - UDIT\Documents\DI\dam2-productos-archivos\android\.gradle\buildOutputCleanup)"        [_thread_blocked, id=43716, stack(0x000000e764000000,0x000000e764100000) (1024K)]
  0x00000255fe61e760 JavaThread "File watcher server"        daemon [_thread_in_native, id=43952, stack(0x000000e764100000,0x000000e764200000) (1024K)]
  0x00000255fe6201a0 JavaThread "File watcher consumer"      daemon [_thread_blocked, id=43956, stack(0x000000e764200000,0x000000e764300000) (1024K)]
  0x00000255fe61edf0 JavaThread "jar transforms"                    [_thread_blocked, id=3720, stack(0x000000e764300000,0x000000e764400000) (1024K)]
  0x00000255fe61f480 JavaThread "jar transforms Thread 2"           [_thread_blocked, id=41508, stack(0x000000e764400000,0x000000e764500000) (1024K)]
  0x00000255c24f1830 JavaThread "Cache worker for checksums cache (C:\Users\Lucas Hernandez\OneDrive - UDIT\Documents\DI\dam2-productos-archivos\android\.gradle\8.14.3\checksums)"        [_thread_blocked, id=43736, stack(0x000000e764500000,0x000000e764600000) (1024K)]
  0x00000255c24f11a0 JavaThread "Cache worker for file content cache (C:\Users\Lucas Hernandez\.gradle\caches\8.14.3\fileContent)"        [_thread_blocked, id=43720, stack(0x000000e764600000,0x000000e764700000) (1024K)]
  0x00000255c24ef0d0 JavaThread "jar transforms Thread 3"           [_thread_blocked, id=41228, stack(0x000000e764700000,0x000000e764800000) (1024K)]
  0x00000255c24f0b10 JavaThread "jar transforms Thread 4"           [_thread_blocked, id=12440, stack(0x000000e764800000,0x000000e764900000) (1024K)]
Total: 35

Other Threads:
  0x00000255f8d90570 VMThread "VM Thread"                           [id=42412, stack(0x000000e761b00000,0x000000e761c00000) (1024K)]
  0x00000255f8d7b7e0 WatcherThread "VM Periodic Task Thread"        [id=42408, stack(0x000000e761a00000,0x000000e761b00000) (1024K)]
  0x00000255e1bdcb50 WorkerThread "GC Thread#0"                     [id=42388, stack(0x000000e761500000,0x000000e761600000) (1024K)]
  0x00000255f9089710 WorkerThread "GC Thread#1"                     [id=42476, stack(0x000000e762600000,0x000000e762700000) (1024K)]
  0x00000255f9089ac0 WorkerThread "GC Thread#2"                     [id=42480, stack(0x000000e762700000,0x000000e762800000) (1024K)]
  0x00000255f9089e70 WorkerThread "GC Thread#3"                     [id=42484, stack(0x000000e762800000,0x000000e762900000) (1024K)]
  0x00000255f919e450 WorkerThread "GC Thread#4"                     [id=42488, stack(0x000000e762900000,0x000000e762a00000) (1024K)]
  0x00000255c1769ef0 WorkerThread "GC Thread#5"                     [id=43640, stack(0x000000e763800000,0x000000e763900000) (1024K)]
  0x00000255f8de2a60 WorkerThread "GC Thread#6"                     [id=43644, stack(0x000000e763900000,0x000000e763a00000) (1024K)]
  0x00000255f8de2e10 WorkerThread "GC Thread#7"                     [id=43648, stack(0x000000e763a00000,0x000000e763b00000) (1024K)]
  0x00000255f8de31c0 WorkerThread "GC Thread#8"                     [id=43652, stack(0x000000e763b00000,0x000000e763c00000) (1024K)]
  0x00000255f8de0930 WorkerThread "GC Thread#9"                     [id=43656, stack(0x000000e763c00000,0x000000e763d00000) (1024K)]
  0x00000255e1be9950 ConcurrentGCThread "G1 Main Marker"            [id=42392, stack(0x000000e761600000,0x000000e761700000) (1024K)]
  0x00000255e1bea270 WorkerThread "G1 Conc#0"                       [id=42396, stack(0x000000e761700000,0x000000e761800000) (1024K)]
  0x00000255f8de3570 WorkerThread "G1 Conc#1"                       [id=43676, stack(0x000000e763d00000,0x000000e763e00000) (1024K)]
  0x00000255f8de0ce0 WorkerThread "G1 Conc#2"                       [id=43680, stack(0x000000e763e00000,0x000000e763f00000) (1024K)]
  0x00000255e1c4ea70 ConcurrentGCThread "G1 Refine#0"               [id=42400, stack(0x000000e761800000,0x000000e761900000) (1024K)]
  0x00000255f8c476b0 ConcurrentGCThread "G1 Service"                [id=42404, stack(0x000000e761900000,0x000000e761a00000) (1024K)]
Total: 18

Threads with active compile tasks:
C2 CompilerThread0  51845 4814   !   4       java.util.concurrent.ConcurrentHashMap::computeIfAbsent (576 bytes)
Total: 1

VM state: not at safepoint (normal execution)

VM Mutex/Monitor currently owned by a thread: None

Heap address: 0x00000000a0000000, size: 1536 MB, Compressed Oops mode: 32-bit

CDS archive(s) mapped at: [0x0000025580000000-0x0000025580ba0000-0x0000025580ba0000), size 12189696, SharedBaseAddress: 0x0000025580000000, ArchiveRelocationMode: 1.
Compressed class space mapped at: 0x0000025581000000-0x00000255c1000000, reserved size: 1073741824
Narrow klass base: 0x0000025580000000, Narrow klass shift: 0, Narrow klass range: 0x100000000

GC Precious Log:
 CardTable entry size: 512
 Card Set container configuration: InlinePtr #cards 5 size 8 Array Of Cards #cards 12 size 40 Howl #buckets 4 coarsen threshold 1843 Howl Bitmap #cards 512 size 80 coarsen threshold 460 Card regions per heap region 1 cards per card region 2048
 CPUs: 12 total, 12 available
 Memory: 15754M
 Large Page Support: Disabled
 NUMA Support: Disabled
 Compressed Oops: Enabled (32-bit)
 Heap Region Size: 1M
 Heap Min Capacity: 8M
 Heap Initial Capacity: 248M
 Heap Max Capacity: 1536M
 Pre-touch: Disabled
 Parallel Workers: 10
 Concurrent Workers: 3
 Concurrent Refinement Workers: 10
 Periodic GC: Disabled

Heap:
 garbage-first heap   total 90112K, used 43164K [0x00000000a0000000, 0x0000000100000000)
  region size 1024K, 13 young (13312K), 2 survivors (2048K)
 Metaspace       used 36013K, committed 37184K, reserved 1114112K
  class space    used 5124K, committed 5696K, reserved 1048576K

Heap Regions: E=young(eden), S=young(survivor), O=old, HS=humongous(starts), HC=humongous(continues), CS=collection set, F=free, TAMS=top-at-mark-start, PB=parsable bottom
|   0|0x00000000a0000000, 0x00000000a0100000, 0x00000000a0100000|100%|HS|  |TAMS 0x00000000a0000000| PB 0x00000000a0000000| Complete 
|   1|0x00000000a0100000, 0x00000000a0200000, 0x00000000a0200000|100%|HC|  |TAMS 0x00000000a0100000| PB 0x00000000a0100000| Complete 
|   2|0x00000000a0200000, 0x00000000a0300000, 0x00000000a0300000|100%|HC|  |TAMS 0x00000000a0200000| PB 0x00000000a0200000| Complete 
|   3|0x00000000a0300000, 0x00000000a0400000, 0x00000000a0400000|100%| O|  |TAMS 0x00000000a0300000| PB 0x00000000a0300000| Untracked 
|   4|0x00000000a0400000, 0x00000000a0500000, 0x00000000a0500000|100%| O|  |TAMS 0x00000000a0400000| PB 0x00000000a0400000| Untracked 
|   5|0x00000000a0500000, 0x00000000a0600000, 0x00000000a0600000|100%| O|  |TAMS 0x00000000a0500000| PB 0x00000000a0500000| Untracked 
|   6|0x00000000a0600000, 0x00000000a0700000, 0x00000000a0700000|100%|HS|  |TAMS 0x00000000a0600000| PB 0x00000000a0600000| Complete 
|   7|0x00000000a0700000, 0x00000000a0800000, 0x00000000a0800000|100%| O|  |TAMS 0x00000000a0700000| PB 0x00000000a0700000| Untracked 
|   8|0x00000000a0800000, 0x00000000a0900000, 0x00000000a0900000|100%| O|  |TAMS 0x00000000a0800000| PB 0x00000000a0800000| Untracked 
|   9|0x00000000a0900000, 0x00000000a0a00000, 0x00000000a0a00000|100%| O|  |TAMS 0x00000000a0900000| PB 0x00000000a0900000| Untracked 
|  10|0x00000000a0a00000, 0x00000000a0b00000, 0x00000000a0b00000|100%| O|  |TAMS 0x00000000a0a00000| PB 0x00000000a0a00000| Untracked 
|  11|0x00000000a0b00000, 0x00000000a0c00000, 0x00000000a0c00000|100%| O|  |TAMS 0x00000000a0b00000| PB 0x00000000a0b00000| Untracked 
|  12|0x00000000a0c00000, 0x00000000a0d00000, 0x00000000a0d00000|100%| O|  |TAMS 0x00000000a0c00000| PB 0x00000000a0c00000| Untracked 
|  13|0x00000000a0d00000, 0x00000000a0e00000, 0x00000000a0e00000|100%| O|  |TAMS 0x00000000a0d00000| PB 0x00000000a0d00000| Untracked 
|  14|0x00000000a0e00000, 0x00000000a0f00000, 0x00000000a0f00000|100%| O|  |TAMS 0x00000000a0e00000| PB 0x00000000a0e00000| Untracked 
|  15|0x00000000a0f00000, 0x00000000a1000000, 0x00000000a1000000|100%| O|  |TAMS 0x00000000a0f00000| PB 0x00000000a0f00000| Untracked 
|  16|0x00000000a1000000, 0x00000000a1100000, 0x00000000a1100000|100%| O|  |TAMS 0x00000000a1000000| PB 0x00000000a1000000| Untracked 
|  17|0x00000000a1100000, 0x00000000a1200000, 0x00000000a1200000|100%| O|  |TAMS 0x00000000a1100000| PB 0x00000000a1100000| Untracked 
|  18|0x00000000a1200000, 0x00000000a1300000, 0x00000000a1300000|100%| O|  |TAMS 0x00000000a1200000| PB 0x00000000a1200000| Untracked 
|  19|0x00000000a1300000, 0x00000000a1400000, 0x00000000a1400000|100%| O|  |TAMS 0x00000000a1300000| PB 0x00000000a1300000| Untracked 
|  20|0x00000000a1400000, 0x00000000a1500000, 0x00000000a1500000|100%| O|  |TAMS 0x00000000a1400000| PB 0x00000000a1400000| Untracked 
|  21|0x00000000a1500000, 0x00000000a1600000, 0x00000000a1600000|100%| O|  |TAMS 0x00000000a1500000| PB 0x00000000a1500000| Untracked 
|  22|0x00000000a1600000, 0x00000000a1700000, 0x00000000a1700000|100%| O|Cm|TAMS 0x00000000a1600000| PB 0x00000000a1600000| Complete 
|  23|0x00000000a1700000, 0x00000000a1800000, 0x00000000a1800000|100%| O|  |TAMS 0x00000000a1700000| PB 0x00000000a1700000| Untracked 
|  24|0x00000000a1800000, 0x00000000a1900000, 0x00000000a1900000|100%| O|  |TAMS 0x00000000a1800000| PB 0x00000000a1800000| Untracked 
|  25|0x00000000a1900000, 0x00000000a1a00000, 0x00000000a1a00000|100%| O|  |TAMS 0x00000000a1900000| PB 0x00000000a1900000| Untracked 
|  26|0x00000000a1a00000, 0x00000000a1b00000, 0x00000000a1b00000|100%| O|  |TAMS 0x00000000a1a00000| PB 0x00000000a1a00000| Untracked 
|  27|0x00000000a1b00000, 0x00000000a1c00000, 0x00000000a1c00000|100%| O|  |TAMS 0x00000000a1b00000| PB 0x00000000a1b00000| Untracked 
|  28|0x00000000a1c00000, 0x00000000a1d00000, 0x00000000a1d00000|100%| O|  |TAMS 0x00000000a1c00000| PB 0x00000000a1c00000| Untracked 
|  29|0x00000000a1d00000, 0x00000000a1e00000, 0x00000000a1e00000|100%| O|  |TAMS 0x00000000a1d00000| PB 0x00000000a1d00000| Untracked 
|  30|0x00000000a1e00000, 0x00000000a1e00000, 0x00000000a1f00000|  0%| F|  |TAMS 0x00000000a1e00000| PB 0x00000000a1e00000| Untracked 
|  31|0x00000000a1f00000, 0x00000000a1f00000, 0x00000000a2000000|  0%| F|  |TAMS 0x00000000a1f00000| PB 0x00000000a1f00000| Untracked 
|  32|0x00000000a2000000, 0x00000000a2000000, 0x00000000a2100000|  0%| F|  |TAMS 0x00000000a2000000| PB 0x00000000a2000000| Untracked 
|  33|0x00000000a2100000, 0x00000000a2100000, 0x00000000a2200000|  0%| F|  |TAMS 0x00000000a2100000| PB 0x00000000a2100000| Untracked 
|  34|0x00000000a2200000, 0x00000000a2200000, 0x00000000a2300000|  0%| F|  |TAMS 0x00000000a2200000| PB 0x00000000a2200000| Untracked 
|  35|0x00000000a2300000, 0x00000000a2300000, 0x00000000a2400000|  0%| F|  |TAMS 0x00000000a2300000| PB 0x00000000a2300000| Untracked 
|  36|0x00000000a2400000, 0x00000000a2400000, 0x00000000a2500000|  0%| F|  |TAMS 0x00000000a2400000| PB 0x00000000a2400000| Untracked 
|  37|0x00000000a2500000, 0x00000000a25cd2c0, 0x00000000a2600000| 80%| O|  |TAMS 0x00000000a2500000| PB 0x00000000a2500000| Untracked 
|  38|0x00000000a2600000, 0x00000000a2600000, 0x00000000a2700000|  0%| F|  |TAMS 0x00000000a2600000| PB 0x00000000a2600000| Untracked 
|  39|0x00000000a2700000, 0x00000000a2700000, 0x00000000a2800000|  0%| F|  |TAMS 0x00000000a2700000| PB 0x00000000a2700000| Untracked 
|  40|0x00000000a2800000, 0x00000000a2800000, 0x00000000a2900000|  0%| F|  |TAMS 0x00000000a2800000| PB 0x00000000a2800000| Untracked 
|  41|0x00000000a2900000, 0x00000000a2900000, 0x00000000a2a00000|  0%| F|  |TAMS 0x00000000a2900000| PB 0x00000000a2900000| Untracked 
|  42|0x00000000a2a00000, 0x00000000a2a00000, 0x00000000a2b00000|  0%| F|  |TAMS 0x00000000a2a00000| PB 0x00000000a2a00000| Untracked 
|  43|0x00000000a2b00000, 0x00000000a2b00000, 0x00000000a2c00000|  0%| F|  |TAMS 0x00000000a2b00000| PB 0x00000000a2b00000| Untracked 
|  44|0x00000000a2c00000, 0x00000000a2c00000, 0x00000000a2d00000|  0%| F|  |TAMS 0x00000000a2c00000| PB 0x00000000a2c00000| Untracked 
|  45|0x00000000a2d00000, 0x00000000a2d00000, 0x00000000a2e00000|  0%| F|  |TAMS 0x00000000a2d00000| PB 0x00000000a2d00000| Untracked 
|  46|0x00000000a2e00000, 0x00000000a2e00000, 0x00000000a2f00000|  0%| F|  |TAMS 0x00000000a2e00000| PB 0x00000000a2e00000| Untracked 
|  47|0x00000000a2f00000, 0x00000000a2f00000, 0x00000000a3000000|  0%| F|  |TAMS 0x00000000a2f00000| PB 0x00000000a2f00000| Untracked 
|  48|0x00000000a3000000, 0x00000000a3000000, 0x00000000a3100000|  0%| F|  |TAMS 0x00000000a3000000| PB 0x00000000a3000000| Untracked 
|  49|0x00000000a3100000, 0x00000000a3100000, 0x00000000a3200000|  0%| F|  |TAMS 0x00000000a3100000| PB 0x00000000a3100000| Untracked 
|  50|0x00000000a3200000, 0x00000000a3200000, 0x00000000a3300000|  0%| F|  |TAMS 0x00000000a3200000| PB 0x00000000a3200000| Untracked 
|  51|0x00000000a3300000, 0x00000000a3300000, 0x00000000a3400000|  0%| F|  |TAMS 0x00000000a3300000| PB 0x00000000a3300000| Untracked 
|  52|0x00000000a3400000, 0x00000000a3400000, 0x00000000a3500000|  0%| F|  |TAMS 0x00000000a3400000| PB 0x00000000a3400000| Untracked 
|  53|0x00000000a3500000, 0x00000000a3500000, 0x00000000a3600000|  0%| F|  |TAMS 0x00000000a3500000| PB 0x00000000a3500000| Untracked 
|  54|0x00000000a3600000, 0x00000000a3600000, 0x00000000a3700000|  0%| F|  |TAMS 0x00000000a3600000| PB 0x00000000a3600000| Untracked 
|  55|0x00000000a3700000, 0x00000000a3700000, 0x00000000a3800000|  0%| F|  |TAMS 0x00000000a3700000| PB 0x00000000a3700000| Untracked 
|  56|0x00000000a3800000, 0x00000000a3800000, 0x00000000a3900000|  0%| F|  |TAMS 0x00000000a3800000| PB 0x00000000a3800000| Untracked 
|  57|0x00000000a3900000, 0x00000000a3900000, 0x00000000a3a00000|  0%| F|  |TAMS 0x00000000a3900000| PB 0x00000000a3900000| Untracked 
|  58|0x00000000a3a00000, 0x00000000a3a00000, 0x00000000a3b00000|  0%| F|  |TAMS 0x00000000a3a00000| PB 0x00000000a3a00000| Untracked 
|  59|0x00000000a3b00000, 0x00000000a3b00000, 0x00000000a3c00000|  0%| F|  |TAMS 0x00000000a3b00000| PB 0x00000000a3b00000| Untracked 
|  60|0x00000000a3c00000, 0x00000000a3c00000, 0x00000000a3d00000|  0%| F|  |TAMS 0x00000000a3c00000| PB 0x00000000a3c00000| Untracked 
|  61|0x00000000a3d00000, 0x00000000a3d00000, 0x00000000a3e00000|  0%| F|  |TAMS 0x00000000a3d00000| PB 0x00000000a3d00000| Untracked 
|  62|0x00000000a3e00000, 0x00000000a3e00000, 0x00000000a3f00000|  0%| F|  |TAMS 0x00000000a3e00000| PB 0x00000000a3e00000| Untracked 
|  63|0x00000000a3f00000, 0x00000000a3f00000, 0x00000000a4000000|  0%| F|  |TAMS 0x00000000a3f00000| PB 0x00000000a3f00000| Untracked 
|  64|0x00000000a4000000, 0x00000000a4000000, 0x00000000a4100000|  0%| F|  |TAMS 0x00000000a4000000| PB 0x00000000a4000000| Untracked 
|  65|0x00000000a4100000, 0x00000000a4100000, 0x00000000a4200000|  0%| F|  |TAMS 0x00000000a4100000| PB 0x00000000a4100000| Untracked 
|  66|0x00000000a4200000, 0x00000000a4200000, 0x00000000a4300000|  0%| F|  |TAMS 0x00000000a4200000| PB 0x00000000a4200000| Untracked 
|  67|0x00000000a4300000, 0x00000000a4300000, 0x00000000a4400000|  0%| F|  |TAMS 0x00000000a4300000| PB 0x00000000a4300000| Untracked 
|  68|0x00000000a4400000, 0x00000000a4400000, 0x00000000a4500000|  0%| F|  |TAMS 0x00000000a4400000| PB 0x00000000a4400000| Untracked 
|  69|0x00000000a4500000, 0x00000000a4500000, 0x00000000a4600000|  0%| F|  |TAMS 0x00000000a4500000| PB 0x00000000a4500000| Untracked 
|  70|0x00000000a4600000, 0x00000000a4600000, 0x00000000a4700000|  0%| F|  |TAMS 0x00000000a4600000| PB 0x00000000a4600000| Untracked 
|  71|0x00000000a4700000, 0x00000000a4700000, 0x00000000a4800000|  0%| F|  |TAMS 0x00000000a4700000| PB 0x00000000a4700000| Untracked 
|  72|0x00000000a4800000, 0x00000000a4800000, 0x00000000a4900000|  0%| F|  |TAMS 0x00000000a4800000| PB 0x00000000a4800000| Untracked 
|  73|0x00000000a4900000, 0x00000000a4900000, 0x00000000a4a00000|  0%| F|  |TAMS 0x00000000a4900000| PB 0x00000000a4900000| Untracked 
|  74|0x00000000a4a00000, 0x00000000a4a00000, 0x00000000a4b00000|  0%| F|  |TAMS 0x00000000a4a00000| PB 0x00000000a4a00000| Untracked 
|  75|0x00000000a4b00000, 0x00000000a4c00000, 0x00000000a4c00000|100%| E|  |TAMS 0x00000000a4b00000| PB 0x00000000a4b00000| Complete 
|  76|0x00000000a4c00000, 0x00000000a4d00000, 0x00000000a4d00000|100%| E|CS|TAMS 0x00000000a4c00000| PB 0x00000000a4c00000| Complete 
|  77|0x00000000a4d00000, 0x00000000a4e00000, 0x00000000a4e00000|100%| E|CS|TAMS 0x00000000a4d00000| PB 0x00000000a4d00000| Complete 
|  78|0x00000000a4e00000, 0x00000000a4f00000, 0x00000000a4f00000|100%| E|CS|TAMS 0x00000000a4e00000| PB 0x00000000a4e00000| Complete 
|  79|0x00000000a4f00000, 0x00000000a4f5a048, 0x00000000a5000000| 35%| S|CS|TAMS 0x00000000a4f00000| PB 0x00000000a4f00000| Complete 
|  80|0x00000000a5000000, 0x00000000a5100000, 0x00000000a5100000|100%| S|CS|TAMS 0x00000000a5000000| PB 0x00000000a5000000| Complete 
|  81|0x00000000a5100000, 0x00000000a5200000, 0x00000000a5200000|100%| E|CS|TAMS 0x00000000a5100000| PB 0x00000000a5100000| Complete 
|  82|0x00000000a5200000, 0x00000000a5300000, 0x00000000a5300000|100%| E|CS|TAMS 0x00000000a5200000| PB 0x00000000a5200000| Complete 
|  83|0x00000000a5300000, 0x00000000a5400000, 0x00000000a5400000|100%| E|CS|TAMS 0x00000000a5300000| PB 0x00000000a5300000| Complete 
|  84|0x00000000a5400000, 0x00000000a5500000, 0x00000000a5500000|100%| E|CS|TAMS 0x00000000a5400000| PB 0x00000000a5400000| Complete 
| 244|0x00000000af400000, 0x00000000af500000, 0x00000000af500000|100%| E|CS|TAMS 0x00000000af400000| PB 0x00000000af400000| Complete 
| 245|0x00000000af500000, 0x00000000af600000, 0x00000000af600000|100%| E|CS|TAMS 0x00000000af500000| PB 0x00000000af500000| Complete 
| 247|0x00000000af700000, 0x00000000af800000, 0x00000000af800000|100%| E|CS|TAMS 0x00000000af700000| PB 0x00000000af700000| Complete 

Card table byte_map: [0x00000255f45e0000,0x00000255f48e0000] _byte_map_base: 0x00000255f40e0000

Marking Bits: (CMBitMap*) 0x00000255e1bdd070
 Bits: [0x00000255f48e0000, 0x00000255f60e0000)

Polling page: 0x00000255df980000

Metaspace:

Usage:
  Non-class:     30.17 MB used.
      Class:      5.01 MB used.
       Both:     35.17 MB used.

Virtual space:
  Non-class space:       64.00 MB reserved,      30.75 MB ( 48%) committed,  1 nodes.
      Class space:        1.00 GB reserved,       5.56 MB ( <1%) committed,  1 nodes.
             Both:        1.06 GB reserved,      36.31 MB (  3%) committed. 

Chunk freelists:
   Non-Class:  992.00 KB
       Class:  10.29 MB
        Both:  11.26 MB

MaxMetaspaceSize: unlimited
CompressedClassSpaceSize: 1.00 GB
Initial GC threshold: 21.00 MB
Current GC threshold: 58.88 MB
CDS: on
 - commit_granule_bytes: 65536.
 - commit_granule_words: 8192.
 - virtual_space_node_default_size: 8388608.
 - enlarge_chunks_in_place: 1.
 - use_allocation_guard: 0.


Internal statistics:

num_allocs_failed_limit: 6.
num_arena_births: 1806.
num_arena_deaths: 0.
num_vsnodes_births: 2.
num_vsnodes_deaths: 0.
num_space_committed: 581.
num_space_uncommitted: 0.
num_chunks_returned_to_freelist: 6.
num_chunks_taken_from_freelist: 3315.
num_chunk_merges: 6.
num_chunk_splits: 2160.
num_chunks_enlarged: 1383.
num_inconsistent_stats: 0.

CodeHeap 'non-profiled nmethods': size=120000Kb used=2337Kb max_used=2608Kb free=117662Kb
 bounds [0x00000255ec860000, 0x00000255ecaf0000, 0x00000255f3d90000]
CodeHeap 'profiled nmethods': size=120000Kb used=8341Kb max_used=9385Kb free=111658Kb
 bounds [0x00000255e4d90000, 0x00000255e56c0000, 0x00000255ec2c0000]
CodeHeap 'non-nmethods': size=5760Kb used=2556Kb max_used=2581Kb free=3203Kb
 bounds [0x00000255ec2c0000, 0x00000255ec550000, 0x00000255ec860000]
CodeCache: size=245760Kb, used=13234Kb, max_used=14574Kb, free=232523Kb
 total_blobs=5137, nmethods=4308, adapters=733, full_count=0
Compilation: enabled, stopped_count=0, restarted_count=0

Compilation events (20 events):
Event: 51.735 Thread 0x00000255f8e2cc30 nmethod 4820 0x00000255e500a710 code [0x00000255e500a8c0, 0x00000255e500aa10]
Event: 51.735 Thread 0x00000255f8e2cc30 4823       3       org.codehaus.groovy.reflection.CachedClass::isAssignableFrom (21 bytes)
Event: 51.735 Thread 0x00000255f8e2cc30 nmethod 4823 0x00000255e4eed390 code [0x00000255e4eed540, 0x00000255e4eed7b8]
Event: 51.736 Thread 0x00000255f8e2cc30 4824       3       jdk.internal.misc.Unsafe::getByte (7 bytes)
Event: 51.736 Thread 0x00000255f8e2cc30 nmethod 4824 0x00000255e5149410 code [0x00000255e51495a0, 0x00000255e51496c0]
Event: 51.736 Thread 0x00000255f8e2cc30 4827       3       java.net.Inet4Address::<init> (91 bytes)
Event: 51.737 Thread 0x00000255f8e2cc30 nmethod 4827 0x00000255e4e10310 code [0x00000255e4e10500, 0x00000255e4e10c50]
Event: 51.737 Thread 0x00000255f8e2cc30 4825       3       java.nio.MappedByteBuffer::rewind (5 bytes)
Event: 51.737 Thread 0x00000255f8e2cc30 nmethod 4825 0x00000255e4f4f590 code [0x00000255e4f4f740, 0x00000255e4f4f978]
Event: 51.737 Thread 0x00000255f8e2cc30 4826       3       java.nio.MappedByteBuffer::rewind (7 bytes)
Event: 51.737 Thread 0x00000255f8e2cc30 nmethod 4826 0x00000255e4f50210 code [0x00000255e4f503c0, 0x00000255e4f50598]
Event: 51.747 Thread 0x00000255f8e2cc30 4828       1       java.util.stream.Node::getChildCount (2 bytes)
Event: 51.747 Thread 0x00000255f8e2cc30 nmethod 4828 0x00000255ec91ad90 code [0x00000255ec91af20, 0x00000255ec91afe8]
Event: 51.768 Thread 0x00000255f8e2cc30 4830       1       sun.reflect.generics.tree.MethodTypeSignature::getParameterTypes (5 bytes)
Event: 51.768 Thread 0x00000255f8e2cc30 nmethod 4830 0x00000255ec88bb10 code [0x00000255ec88bca0, 0x00000255ec88bd68]
Event: 51.769 Thread 0x00000255f8e2cc30 4831       3       sun.reflect.generics.reflectiveObjects.ParameterizedTypeImpl::getActualTypeArguments (11 bytes)
Event: 51.769 Thread 0x00000255f8e2cc30 nmethod 4831 0x00000255e50fc490 code [0x00000255e50fc640, 0x00000255e50fc920]
Event: 51.770 Thread 0x00000255f8e2cc30 4832       3       sun.reflect.generics.parser.SignatureParser::parseZeroOrMoreFormalTypeParameters (19 bytes)
Event: 51.770 Thread 0x00000255f8e2cc30 nmethod 4832 0x00000255e4f51310 code [0x00000255e4f514e0, 0x00000255e4f51750]
Event: 51.775 Thread 0x00000255f8e2cc30 4833   !   3       com.sun.beans.TypeResolver::resolve (268 bytes)

GC Heap History (14 events):
Event: 1.450 GC heap before
{Heap before GC invocations=0 (full 0):
 garbage-first heap   total 253952K, used 23552K [0x00000000a0000000, 0x0000000100000000)
  region size 1024K, 23 young (23552K), 0 survivors (0K)
 Metaspace       used 900K, committed 1024K, reserved 1114112K
  class space    used 72K, committed 128K, reserved 1048576K
}
Event: 1.948 GC heap after
{Heap after GC invocations=1 (full 0):
 garbage-first heap   total 253952K, used 1536K [0x00000000a0000000, 0x0000000100000000)
  region size 1024K, 2 young (2048K), 2 survivors (2048K)
 Metaspace       used 900K, committed 1024K, reserved 1114112K
  class space    used 72K, committed 128K, reserved 1048576K
}
Event: 5.179 GC heap before
{Heap before GC invocations=1 (full 0):
 garbage-first heap   total 253952K, used 40448K [0x00000000a0000000, 0x0000000100000000)
  region size 1024K, 38 young (38912K), 2 survivors (2048K)
 Metaspace       used 4397K, committed 4608K, reserved 1114112K
  class space    used 557K, committed 640K, reserved 1048576K
}
Event: 5.197 GC heap after
{Heap after GC invocations=2 (full 0):
 garbage-first heap   total 253952K, used 10858K [0x00000000a0000000, 0x0000000100000000)
  region size 1024K, 5 young (5120K), 5 survivors (5120K)
 Metaspace       used 4397K, committed 4608K, reserved 1114112K
  class space    used 557K, committed 640K, reserved 1048576K
}
Event: 26.248 GC heap before
{Heap before GC invocations=2 (full 0):
 garbage-first heap   total 253952K, used 158314K [0x00000000a0000000, 0x0000000100000000)
  region size 1024K, 147 young (150528K), 5 survivors (5120K)
 Metaspace       used 20615K, committed 21312K, reserved 1114112K
  class space    used 3034K, committed 3392K, reserved 1048576K
}
Event: 26.281 GC heap after
{Heap after GC invocations=3 (full 0):
 garbage-first heap   total 253952K, used 24027K [0x00000000a0000000, 0x0000000100000000)
  region size 1024K, 17 young (17408K), 17 survivors (17408K)
 Metaspace       used 20615K, committed 21312K, reserved 1114112K
  class space    used 3034K, committed 3392K, reserved 1048576K
}
Event: 26.401 GC heap before
{Heap before GC invocations=3 (full 0):
 garbage-first heap   total 253952K, used 25051K [0x00000000a0000000, 0x0000000100000000)
  region size 1024K, 19 young (19456K), 17 survivors (17408K)
 Metaspace       used 20837K, committed 21504K, reserved 1114112K
  class space    used 3071K, committed 3392K, reserved 1048576K
}
Event: 26.415 GC heap after
{Heap after GC invocations=4 (full 0):
 garbage-first heap   total 253952K, used 25387K [0x00000000a0000000, 0x0000000100000000)
  region size 1024K, 2 young (2048K), 2 survivors (2048K)
 Metaspace       used 20837K, committed 21504K, reserved 1114112K
  class space    used 3071K, committed 3392K, reserved 1048576K
}
Event: 42.695 GC heap before
{Heap before GC invocations=5 (full 0):
 garbage-first heap   total 86016K, used 85803K [0x00000000a0000000, 0x0000000100000000)
  region size 1024K, 61 young (62464K), 2 survivors (2048K)
 Metaspace       used 28356K, committed 29312K, reserved 1114112K
  class space    used 4279K, committed 4736K, reserved 1048576K
}
Event: 42.701 GC heap after
{Heap after GC invocations=6 (full 0):
 garbage-first heap   total 90112K, used 27167K [0x00000000a0000000, 0x0000000100000000)
  region size 1024K, 4 young (4096K), 4 survivors (4096K)
 Metaspace       used 28356K, committed 29312K, reserved 1114112K
  class space    used 4279K, committed 4736K, reserved 1048576K
}
Event: 46.048 GC heap before
{Heap before GC invocations=6 (full 0):
 garbage-first heap   total 90112K, used 79391K [0x00000000a0000000, 0x0000000100000000)
  region size 1024K, 51 young (52224K), 4 survivors (4096K)
 Metaspace       used 34317K, committed 35392K, reserved 1114112K
  class space    used 4859K, committed 5376K, reserved 1048576K
}
Event: 46.057 GC heap after
{Heap after GC invocations=7 (full 0):
 garbage-first heap   total 90112K, used 31314K [0x00000000a0000000, 0x0000000100000000)
  region size 1024K, 7 young (7168K), 7 survivors (7168K)
 Metaspace       used 34317K, committed 35392K, reserved 1114112K
  class space    used 4859K, committed 5376K, reserved 1048576K
}
Event: 46.411 GC heap before
{Heap before GC invocations=7 (full 0):
 garbage-first heap   total 90112K, used 37458K [0x00000000a0000000, 0x0000000100000000)
  region size 1024K, 14 young (14336K), 7 survivors (7168K)
 Metaspace       used 35054K, committed 36096K, reserved 1114112K
  class space    used 4969K, committed 5504K, reserved 1048576K
}
Event: 46.417 GC heap after
{Heap after GC invocations=8 (full 0):
 garbage-first heap   total 90112K, used 32924K [0x00000000a0000000, 0x0000000100000000)
  region size 1024K, 2 young (2048K), 2 survivors (2048K)
 Metaspace       used 35054K, committed 36096K, reserved 1114112K
  class space    used 4969K, committed 5504K, reserved 1048576K
}

Dll operation events (20 events):
Event: 0.585 Attempting to load shared library C:\Users\Lucas Hernandez\.vscode\extensions\redhat.java-1.56.0-win32-x64\jre\21.0.12.1-win32-x86_64\bin\nio.dll
Event: 0.586 Loaded shared library C:\Users\Lucas Hernandez\.vscode\extensions\redhat.java-1.56.0-win32-x64\jre\21.0.12.1-win32-x86_64\bin\nio.dll
Event: 0.636 Attempting to load shared library C:\Users\Lucas Hernandez\.vscode\extensions\redhat.java-1.56.0-win32-x64\jre\21.0.12.1-win32-x86_64\bin\zip.dll
Event: 0.636 Loaded shared library C:\Users\Lucas Hernandez\.vscode\extensions\redhat.java-1.56.0-win32-x64\jre\21.0.12.1-win32-x86_64\bin\zip.dll
Event: 1.953 Attempting to load shared library C:\Users\Lucas Hernandez\.vscode\extensions\redhat.java-1.56.0-win32-x64\jre\21.0.12.1-win32-x86_64\bin\jimage.dll
Event: 1.953 Loaded shared library C:\Users\Lucas Hernandez\.vscode\extensions\redhat.java-1.56.0-win32-x64\jre\21.0.12.1-win32-x86_64\bin\jimage.dll
Event: 2.497 Attempting to load shared library C:\Users\Lucas Hernandez\.vscode\extensions\redhat.java-1.56.0-win32-x64\jre\21.0.12.1-win32-x86_64\bin\verify.dll
Event: 2.502 Loaded shared library C:\Users\Lucas Hernandez\.vscode\extensions\redhat.java-1.56.0-win32-x64\jre\21.0.12.1-win32-x86_64\bin\verify.dll
Event: 2.777 Attempting to load shared library C:\Users\Lucas Hernandez\.gradle\native\1def1411415f61bf3af743bc5b6707747c0891f09f0c88961ee8f79bc544acac\windows-amd64\native-platform.dll
Event: 2.778 Loaded shared library C:\Users\Lucas Hernandez\.gradle\native\1def1411415f61bf3af743bc5b6707747c0891f09f0c88961ee8f79bc544acac\windows-amd64\native-platform.dll
Event: 2.800 Attempting to load shared library C:\Users\Lucas Hernandez\.gradle\native\0.2.7\x86_64-windows-gnu\gradle-fileevents.dll
Event: 2.801 Loaded shared library C:\Users\Lucas Hernandez\.gradle\native\0.2.7\x86_64-windows-gnu\gradle-fileevents.dll
Event: 8.771 Attempting to load shared library C:\Users\Lucas Hernandez\.vscode\extensions\redhat.java-1.56.0-win32-x64\jre\21.0.12.1-win32-x86_64\bin\management.dll
Event: 8.772 Loaded shared library C:\Users\Lucas Hernandez\.vscode\extensions\redhat.java-1.56.0-win32-x64\jre\21.0.12.1-win32-x86_64\bin\management.dll
Event: 8.779 Attempting to load shared library C:\Users\Lucas Hernandez\.vscode\extensions\redhat.java-1.56.0-win32-x64\jre\21.0.12.1-win32-x86_64\bin\management_ext.dll
Event: 8.779 Loaded shared library C:\Users\Lucas Hernandez\.vscode\extensions\redhat.java-1.56.0-win32-x64\jre\21.0.12.1-win32-x86_64\bin\management_ext.dll
Event: 9.836 Attempting to load shared library C:\Users\Lucas Hernandez\.vscode\extensions\redhat.java-1.56.0-win32-x64\jre\21.0.12.1-win32-x86_64\bin\extnet.dll
Event: 9.837 Loaded shared library C:\Users\Lucas Hernandez\.vscode\extensions\redhat.java-1.56.0-win32-x64\jre\21.0.12.1-win32-x86_64\bin\extnet.dll
Event: 10.647 Attempting to load shared library C:\Users\Lucas Hernandez\.vscode\extensions\redhat.java-1.56.0-win32-x64\jre\21.0.12.1-win32-x86_64\bin\sunmscapi.dll
Event: 10.651 Loaded shared library C:\Users\Lucas Hernandez\.vscode\extensions\redhat.java-1.56.0-win32-x64\jre\21.0.12.1-win32-x86_64\bin\sunmscapi.dll

Deoptimization events (20 events):
Event: 48.131 Thread 0x00000255fee09060 DEOPT PACKING pc=0x00000255ec958c88 sp=0x000000e7630f9c80
Event: 48.131 Thread 0x00000255fee09060 DEOPT UNPACKING pc=0x00000255ec314422 sp=0x000000e7630f9c00 mode 2
Event: 50.580 Thread 0x00000255ff075250 DEOPT PACKING pc=0x00000255e5208d9f sp=0x000000e762cfe520
Event: 50.580 Thread 0x00000255ff075250 DEOPT UNPACKING pc=0x00000255ec314bc2 sp=0x000000e762cfd9f8 mode 0
Event: 51.753 Thread 0x00000255fee09060 Uncommon trap: trap_request=0xffffffc6 fr.pc=0x00000255ecae1290 relative=0x0000000000000f50
Event: 51.753 Thread 0x00000255fee09060 Uncommon trap: reason=bimorphic_or_optimized_type_check action=maybe_recompile pc=0x00000255ecae1290 method=java.lang.ClassLoader.loadClass(Ljava/lang/String;Z)Ljava/lang/Class; @ 69 c2
Event: 51.753 Thread 0x00000255fee09060 DEOPT PACKING pc=0x00000255ecae1290 sp=0x000000e7630f8810
Event: 51.753 Thread 0x00000255fee09060 DEOPT UNPACKING pc=0x00000255ec314422 sp=0x000000e7630f87d0 mode 2
Event: 51.756 Thread 0x00000255fee09060 Uncommon trap: trap_request=0xffffffc6 fr.pc=0x00000255ecae1290 relative=0x0000000000000f50
Event: 51.756 Thread 0x00000255fee09060 Uncommon trap: reason=bimorphic_or_optimized_type_check action=maybe_recompile pc=0x00000255ecae1290 method=java.lang.ClassLoader.loadClass(Ljava/lang/String;Z)Ljava/lang/Class; @ 69 c2
Event: 51.756 Thread 0x00000255fee09060 DEOPT PACKING pc=0x00000255ecae1290 sp=0x000000e7630f8950
Event: 51.756 Thread 0x00000255fee09060 DEOPT UNPACKING pc=0x00000255ec314422 sp=0x000000e7630f8910 mode 2
Event: 51.758 Thread 0x00000255fee09060 Uncommon trap: trap_request=0xffffffc6 fr.pc=0x00000255ecae1290 relative=0x0000000000000f50
Event: 51.758 Thread 0x00000255fee09060 Uncommon trap: reason=bimorphic_or_optimized_type_check action=maybe_recompile pc=0x00000255ecae1290 method=java.lang.ClassLoader.loadClass(Ljava/lang/String;Z)Ljava/lang/Class; @ 69 c2
Event: 51.758 Thread 0x00000255fee09060 DEOPT PACKING pc=0x00000255ecae1290 sp=0x000000e7630f8690
Event: 51.759 Thread 0x00000255fee09060 DEOPT UNPACKING pc=0x00000255ec314422 sp=0x000000e7630f8650 mode 2
Event: 51.759 Thread 0x00000255fee09060 Uncommon trap: trap_request=0xffffffc6 fr.pc=0x00000255ecae1290 relative=0x0000000000000f50
Event: 51.759 Thread 0x00000255fee09060 Uncommon trap: reason=bimorphic_or_optimized_type_check action=maybe_recompile pc=0x00000255ecae1290 method=java.lang.ClassLoader.loadClass(Ljava/lang/String;Z)Ljava/lang/Class; @ 69 c2
Event: 51.759 Thread 0x00000255fee09060 DEOPT PACKING pc=0x00000255ecae1290 sp=0x000000e7630f87d0
Event: 51.759 Thread 0x00000255fee09060 DEOPT UNPACKING pc=0x00000255ec314422 sp=0x000000e7630f8790 mode 2

Classes loaded (20 events):
Event: 45.844 Loading class com/sun/beans/finder/MethodFinder
Event: 45.844 Loading class com/sun/beans/finder/AbstractFinder
Event: 45.844 Loading class com/sun/beans/finder/AbstractFinder done
Event: 45.844 Loading class com/sun/beans/finder/MethodFinder done
Event: 45.844 Loading class com/sun/beans/finder/MethodFinder$1
Event: 45.844 Loading class com/sun/beans/finder/MethodFinder$1 done
Event: 45.845 Loading class com/sun/beans/finder/FinderUtils
Event: 45.845 Loading class com/sun/beans/finder/FinderUtils done
Event: 46.257 Loading class java/lang/invoke/SerializedLambda
Event: 46.257 Loading class java/lang/invoke/SerializedLambda done
Event: 46.368 Loading class java/util/BitSet$1BitSetSpliterator
Event: 46.368 Loading class java/util/BitSet$1BitSetSpliterator done
Event: 46.547 Loading class java/lang/SafeVarargs
Event: 46.547 Loading class java/lang/SafeVarargs done
Event: 46.608 Loading class jdk/internal/reflect/MethodHandleIntegerFieldAccessorImpl
Event: 46.608 Loading class jdk/internal/reflect/MethodHandleIntegerFieldAccessorImpl done
Event: 46.633 Loading class java/security/CodeSigner
Event: 46.633 Loading class java/security/CodeSigner done
Event: 46.683 Loading class sun/nio/fs/WindowsException
Event: 46.683 Loading class sun/nio/fs/WindowsException done

Classes unloaded (0 events):
No events

Classes redefined (0 events):
No events

Internal exceptions (20 events):
Event: 46.116 Thread 0x00000255fee09060 Exception <a 'java/lang/ClassNotFoundException'{0x00000000af55b760}: org/gradle/invocation/DefaultGradleCustomizer> (0x00000000af55b760) 
thrown [s\src\hotspot\share\classfile\systemDictionary.cpp, line 313]
Event: 46.147 Thread 0x00000255fee09060 Exception <a 'java/lang/ClassNotFoundException'{0x00000000af5aa718}: org/gradle/invocation/DefaultGradle_DecoratedCustomizer> (0x00000000af5aa718) 
thrown [s\src\hotspot\share\classfile\systemDictionary.cpp, line 313]
Event: 46.596 Thread 0x00000255fee09060 Exception <a 'java/lang/NoSuchMethodError'{0x00000000af4674d0}: 'java.lang.Object java.lang.invoke.DirectMethodHandle$Holder.newInvokeSpecial(java.lang.Object, java.lang.Object, int, int)'> (0x00000000af4674d0) 
thrown [s\src\hotspot\share\interpreter\linkResolver.cpp, line 773]
Event: 46.609 Thread 0x00000255fee09060 Exception <a 'java/lang/NoSuchMethodError'{0x00000000af4a1c50}: 'void java.lang.invoke.DirectMethodHandle$Holder.invokeSpecial(java.lang.Object, java.lang.Object, int)'> (0x00000000af4a1c50) 
thrown [s\src\hotspot\share\interpreter\linkResolver.cpp, line 773]
Event: 46.610 Thread 0x00000255fee09060 Exception <a 'java/lang/NoSuchMethodError'{0x00000000af4a5f40}: 'void java.lang.invoke.Invokers$Holder.invokeExact_MT(java.lang.Object, int, java.lang.Object)'> (0x00000000af4a5f40) 
thrown [s\src\hotspot\share\interpreter\linkResolver.cpp, line 773]
Event: 46.616 Thread 0x00000255fee09060 Exception <a 'java/lang/IncompatibleClassChangeError'{0x00000000af4bb680}: Found class java.lang.Object, but interface was expected> (0x00000000af4bb680) 
thrown [s\src\hotspot\share\interpreter\linkResolver.cpp, line 840]
Event: 46.683 Thread 0x00000255fee09060 Exception <a 'sun/nio/fs/WindowsException'{0x00000000a54b37f8}> (0x00000000a54b37f8) 
thrown [s\src\hotspot\share\prims\jni.cpp, line 520]
Event: 46.684 Thread 0x00000255fee09060 Exception <a 'sun/nio/fs/WindowsException'{0x00000000a54b4d88}> (0x00000000a54b4d88) 
thrown [s\src\hotspot\share\prims\jni.cpp, line 520]
Event: 46.687 Thread 0x00000255fee09060 Exception <a 'sun/nio/fs/WindowsException'{0x00000000a54b62c0}> (0x00000000a54b62c0) 
thrown [s\src\hotspot\share\prims\jni.cpp, line 520]
Event: 46.687 Thread 0x00000255fee09060 Exception <a 'sun/nio/fs/WindowsException'{0x00000000a54b7410}> (0x00000000a54b7410) 
thrown [s\src\hotspot\share\prims\jni.cpp, line 520]
Event: 48.902 Thread 0x00000255fee09060 Exception <a 'java/lang/IncompatibleClassChangeError'{0x00000000a4e1bd40}: Found class java.lang.Object, but interface was expected> (0x00000000a4e1bd40) 
thrown [s\src\hotspot\share\interpreter\linkResolver.cpp, line 840]
Event: 51.527 Thread 0x00000255fee09060 Exception <a 'java/lang/ClassNotFoundException'{0x00000000a4dc0b98}: settings_8ltv3v307ygq17kc6xfwknsl1BeanInfo> (0x00000000a4dc0b98) 
thrown [s\src\hotspot\share\classfile\systemDictionary.cpp, line 313]
Event: 51.528 Thread 0x00000255fee09060 Exception <a 'java/lang/ClassNotFoundException'{0x00000000a4dca670}: org/gradle/initialization/SettingsScriptBeanInfo> (0x00000000a4dca670) 
thrown [s\src\hotspot\share\classfile\systemDictionary.cpp, line 313]
Event: 51.528 Thread 0x00000255fee09060 Exception <a 'java/lang/ClassNotFoundException'{0x00000000a4dd4618}: org/gradle/plugin/use/internal/PluginsAwareScriptBeanInfo> (0x00000000a4dd4618) 
thrown [s\src\hotspot\share\classfile\systemDictionary.cpp, line 313]
Event: 51.528 Thread 0x00000255fee09060 Exception <a 'java/lang/ClassNotFoundException'{0x00000000a4dde5b8}: org/gradle/plugin/use/internal/PluginsAwareScriptCustomizer> (0x00000000a4dde5b8) 
thrown [s\src\hotspot\share\classfile\systemDictionary.cpp, line 313]
Event: 51.670 Thread 0x00000255fee09060 Exception <a 'java/lang/ClassNotFoundException'{0x00000000a4df0448}: org/gradle/initialization/SettingsScriptCustomizer> (0x00000000a4df0448) 
thrown [s\src\hotspot\share\classfile\systemDictionary.cpp, line 313]
Event: 51.703 Thread 0x00000255fee09060 Exception <a 'java/lang/ClassNotFoundException'{0x00000000a4dfdb18}: settings_8ltv3v307ygq17kc6xfwknsl1Customizer> (0x00000000a4dfdb18) 
thrown [s\src\hotspot\share\classfile\systemDictionary.cpp, line 313]
Event: 51.757 Thread 0x00000255fee09060 Exception <a 'java/lang/ClassNotFoundException'{0x00000000a4c9bf60}: org/gradle/initialization/DefaultSettings_DecoratedBeanInfo> (0x00000000a4c9bf60) 
thrown [s\src\hotspot\share\classfile\systemDictionary.cpp, line 313]
Event: 51.762 Thread 0x00000255fee09060 Exception <a 'java/lang/ClassNotFoundException'{0x00000000a4caafb0}: org/gradle/initialization/DefaultSettingsBeanInfo> (0x00000000a4caafb0) 
thrown [s\src\hotspot\share\classfile\systemDictionary.cpp, line 313]
Event: 51.768 Thread 0x00000255fee09060 Exception <a 'java/lang/ClassNotFoundException'{0x00000000a4cb97e0}: org/gradle/initialization/DefaultSettingsCustomizer> (0x00000000a4cb97e0) 
thrown [s\src\hotspot\share\classfile\systemDictionary.cpp, line 313]

ZGC Phase Switch (0 events):
No events

VM Operations (20 events):
Event: 45.958 Executing safepoint VM operation: Cleanup
Event: 45.989 Executing safepoint VM operation: Cleanup done
Event: 46.048 Executing safepoint VM operation: G1CollectForAllocation (G1 Evacuation Pause)
Event: 46.057 Executing safepoint VM operation: G1CollectForAllocation (G1 Evacuation Pause) done
Event: 46.411 Executing safepoint VM operation: CollectForMetadataAllocation (Metadata GC Threshold)
Event: 46.418 Executing safepoint VM operation: CollectForMetadataAllocation (Metadata GC Threshold) done
Event: 46.439 Executing safepoint VM operation: G1PauseRemark
Event: 46.451 Executing safepoint VM operation: G1PauseRemark done
Event: 46.459 Executing safepoint VM operation: G1PauseCleanup
Event: 46.466 Executing safepoint VM operation: G1PauseCleanup done
Event: 46.523 Executing non-safepoint VM operation: HandshakeAllThreads (Deoptimize)
Event: 46.524 Executing non-safepoint VM operation: HandshakeAllThreads (Deoptimize) done
Event: 47.535 Executing safepoint VM operation: Cleanup
Event: 47.535 Executing safepoint VM operation: Cleanup done
Event: 48.536 Executing safepoint VM operation: Cleanup
Event: 48.536 Executing safepoint VM operation: Cleanup done
Event: 49.545 Executing safepoint VM operation: Cleanup
Event: 49.545 Executing safepoint VM operation: Cleanup done
Event: 51.561 Executing safepoint VM operation: Cleanup
Event: 51.669 Executing safepoint VM operation: Cleanup done

Memory protections (0 events):
No events

Nmethod flushes (20 events):
Event: 46.446 Thread 0x00000255f8d90570 flushing  nmethod 0x00000255e4ef3490
Event: 46.446 Thread 0x00000255f8d90570 flushing  nmethod 0x00000255e4ef3a90
Event: 46.446 Thread 0x00000255f8d90570 flushing  nmethod 0x00000255e4f2b110
Event: 46.446 Thread 0x00000255f8d90570 flushing  nmethod 0x00000255e4f2b490
Event: 46.446 Thread 0x00000255f8d90570 flushing  nmethod 0x00000255e4f2ba90
Event: 46.446 Thread 0x00000255f8d90570 flushing  nmethod 0x00000255e4f4f590
Event: 46.446 Thread 0x00000255f8d90570 flushing  nmethod 0x00000255e4f50210
Event: 46.446 Thread 0x00000255f8d90570 flushing  nmethod 0x00000255e4f51310
Event: 46.446 Thread 0x00000255f8d90570 flushing  nmethod 0x00000255e4f52090
Event: 46.446 Thread 0x00000255f8d90570 flushing  nmethod 0x00000255e4f53c90
Event: 46.446 Thread 0x00000255f8d90570 flushing  nmethod 0x00000255e4f55810
Event: 46.446 Thread 0x00000255f8d90570 flushing  nmethod 0x00000255e4f77b90
Event: 46.446 Thread 0x00000255f8d90570 flushing  nmethod 0x00000255e4f78110
Event: 46.446 Thread 0x00000255f8d90570 flushing  nmethod 0x00000255e4f79190
Event: 46.446 Thread 0x00000255f8d90570 flushing  nmethod 0x00000255e4f7dc10
Event: 46.446 Thread 0x00000255f8d90570 flushing  nmethod 0x00000255e4fa6590
Event: 46.446 Thread 0x00000255f8d90570 flushing  nmethod 0x00000255e4fa7710
Event: 46.446 Thread 0x00000255f8d90570 flushing  nmethod 0x00000255e4fa9f10
Event: 46.446 Thread 0x00000255f8d90570 flushing  nmethod 0x00000255e4faab10
Event: 46.446 Thread 0x00000255f8d90570 flushing  nmethod 0x00000255e51d2990

Events (20 events):
Event: 10.844 Thread 0x00000255feb46870 Thread added: 0x00000255fee0dc40
Event: 11.975 Thread 0x00000255feb46870 Thread added: 0x00000255fee0c4e0
Event: 12.118 Thread 0x00000255feb46870 Thread added: 0x00000255fee09060
Event: 12.147 Thread 0x00000255fee09060 Thread added: 0x00000255fee0be50
Event: 12.157 Thread 0x00000255fee09060 Thread added: 0x00000255fee09d80
Event: 12.166 Thread 0x00000255fee09060 Thread added: 0x00000255fee0b7c0
Event: 14.170 Thread 0x00000255fee09060 Thread added: 0x00000255fee096f0
Event: 14.278 Thread 0x00000255fee09060 Thread added: 0x00000255fee0a410
Event: 15.592 Thread 0x00000255fee0a410 Thread added: 0x00000255fee0aaa0
Event: 18.944 Thread 0x00000255fee09060 Thread added: 0x00000255fee0b130
Event: 26.764 Thread 0x00000255fee09060 Thread added: 0x00000255fe61fb10
Event: 26.818 Thread 0x00000255fee09060 Thread added: 0x00000255fe61d3b0
Event: 28.532 Thread 0x00000255fee09060 Thread added: 0x00000255fe61e760
Event: 28.553 Thread 0x00000255fee09060 Thread added: 0x00000255fe6201a0
Event: 37.151 Thread 0x00000255fee09060 Thread added: 0x00000255fe61edf0
Event: 41.246 Thread 0x00000255fee09060 Thread added: 0x00000255fe61f480
Event: 45.549 Thread 0x00000255fee09060 Thread added: 0x00000255c24f1830
Event: 45.673 Thread 0x00000255fee09060 Thread added: 0x00000255c24f11a0
Event: 48.131 Thread 0x00000255fee09060 Thread added: 0x00000255c24ef0d0
Event: 50.194 Thread 0x00000255fee09060 Thread added: 0x00000255c24f0b10


Dynamic libraries:
0x00007ff61a400000 - 0x00007ff61a40e000 	C:\Users\Lucas Hernandez\.vscode\extensions\redhat.java-1.56.0-win32-x64\jre\21.0.12.1-win32-x86_64\bin\java.exe
0x00007ffa77d80000 - 0x00007ffa77fe7000 	C:\WINDOWS\SYSTEM32\ntdll.dll
0x00007ffa765c0000 - 0x00007ffa7668b000 	C:\WINDOWS\System32\KERNEL32.DLL
0x00007ffa74f80000 - 0x00007ffa75382000 	C:\WINDOWS\System32\KERNELBASE.dll
0x00007ffa75940000 - 0x00007ffa75a8c000 	C:\WINDOWS\System32\ucrtbase.dll
0x00007ffa54440000 - 0x00007ffa54458000 	C:\Users\Lucas Hernandez\.vscode\extensions\redhat.java-1.56.0-win32-x64\jre\21.0.12.1-win32-x86_64\bin\jli.dll
0x00007ffa76d80000 - 0x00007ffa76f4f000 	C:\WINDOWS\System32\USER32.dll
0x00007ffa75630000 - 0x00007ffa75657000 	C:\WINDOWS\System32\win32u.dll
0x00007ffa76590000 - 0x00007ffa765bb000 	C:\WINDOWS\System32\GDI32.dll
0x00007ffa75390000 - 0x00007ffa754b9000 	C:\WINDOWS\System32\gdi32full.dll
0x00007ffa75580000 - 0x00007ffa75623000 	C:\WINDOWS\System32\msvcp_win.dll
0x00007ffa55230000 - 0x00007ffa5524e000 	C:\Users\Lucas Hernandez\.vscode\extensions\redhat.java-1.56.0-win32-x64\jre\21.0.12.1-win32-x86_64\bin\VCRUNTIME140.dll
0x00007ffa626a0000 - 0x00007ffa62930000 	C:\WINDOWS\WinSxS\amd64_microsoft.windows.common-controls_6595b64144ccf1df_6.0.26100.9278_none_3e0d1ba8e3303201\COMCTL32.dll
0x00007ffa77060000 - 0x00007ffa77109000 	C:\WINDOWS\System32\msvcrt.dll
0x00007ffa75db0000 - 0x00007ffa75de1000 	C:\WINDOWS\System32\IMM32.DLL
0x00007ffa60070000 - 0x00007ffa6007c000 	C:\Users\Lucas Hernandez\.vscode\extensions\redhat.java-1.56.0-win32-x64\jre\21.0.12.1-win32-x86_64\bin\vcruntime140_1.dll
0x00007ffa258a0000 - 0x00007ffa2592d000 	C:\Users\Lucas Hernandez\.vscode\extensions\redhat.java-1.56.0-win32-x64\jre\21.0.12.1-win32-x86_64\bin\msvcp140.dll
0x00007ff9a90d0000 - 0x00007ff9a9e72000 	C:\Users\Lucas Hernandez\.vscode\extensions\redhat.java-1.56.0-win32-x64\jre\21.0.12.1-win32-x86_64\bin\server\jvm.dll
0x00007ffa76b60000 - 0x00007ffa76c1c000 	C:\WINDOWS\System32\ADVAPI32.dll
0x00007ffa771a0000 - 0x00007ffa77249000 	C:\WINDOWS\System32\sechost.dll
0x00007ffa76a40000 - 0x00007ffa76b58000 	C:\WINDOWS\System32\RPCRT4.dll
0x00007ffa75c10000 - 0x00007ffa75c90000 	C:\WINDOWS\System32\WS2_32.dll
0x00007ffa74e00000 - 0x00007ffa74e5e000 	C:\WINDOWS\SYSTEM32\POWRPROF.dll
0x00007ffa6c150000 - 0x00007ffa6c186000 	C:\WINDOWS\SYSTEM32\WINMM.dll
0x00007ffa6cd30000 - 0x00007ffa6cd3b000 	C:\WINDOWS\SYSTEM32\VERSION.dll
0x00007ffa74de0000 - 0x00007ffa74df5000 	C:\WINDOWS\SYSTEM32\UMPDC.dll
0x00007ffa73c30000 - 0x00007ffa73c4b000 	C:\WINDOWS\SYSTEM32\kernel.appcore.dll
0x00007ffa5ff20000 - 0x00007ffa5ff2a000 	C:\Users\Lucas Hernandez\.vscode\extensions\redhat.java-1.56.0-win32-x64\jre\21.0.12.1-win32-x86_64\bin\jimage.dll
0x00007ffa68aa0000 - 0x00007ffa68cec000 	C:\WINDOWS\SYSTEM32\DBGHELP.DLL
0x00007ffa766b0000 - 0x00007ffa76a35000 	C:\WINDOWS\System32\combase.dll
0x00007ffa776e0000 - 0x00007ffa777b9000 	C:\WINDOWS\System32\OLEAUT32.dll
0x00007ffa5e7b0000 - 0x00007ffa5e7eb000 	C:\WINDOWS\SYSTEM32\dbgcore.DLL
0x00007ffa75880000 - 0x00007ffa7592c000 	C:\WINDOWS\System32\bcryptPrimitives.dll
0x00007ffa58db0000 - 0x00007ffa58dbf000 	C:\Users\Lucas Hernandez\.vscode\extensions\redhat.java-1.56.0-win32-x64\jre\21.0.12.1-win32-x86_64\bin\instrument.dll
0x00007ffa54380000 - 0x00007ffa543a0000 	C:\Users\Lucas Hernandez\.vscode\extensions\redhat.java-1.56.0-win32-x64\jre\21.0.12.1-win32-x86_64\bin\java.dll
0x00007ffa75df0000 - 0x00007ffa76588000 	C:\WINDOWS\System32\SHELL32.dll
0x00007ffa729c0000 - 0x00007ffa7326e000 	C:\WINDOWS\SYSTEM32\windows.storage.dll
0x00007ffa76f60000 - 0x00007ffa7705b000 	C:\WINDOWS\System32\SHCORE.dll
0x00007ffa77b40000 - 0x00007ffa77ba6000 	C:\WINDOWS\System32\shlwapi.dll
0x00007ffa74ea0000 - 0x00007ffa74ec9000 	C:\WINDOWS\SYSTEM32\profapi.dll
0x00007ffa54120000 - 0x00007ffa54138000 	C:\Users\Lucas Hernandez\.vscode\extensions\redhat.java-1.56.0-win32-x64\jre\21.0.12.1-win32-x86_64\bin\zip.dll
0x00007ffa5f810000 - 0x00007ffa5f820000 	C:\Users\Lucas Hernandez\.vscode\extensions\redhat.java-1.56.0-win32-x64\jre\21.0.12.1-win32-x86_64\bin\net.dll
0x00007ffa6ca10000 - 0x00007ffa6cb3a000 	C:\WINDOWS\SYSTEM32\WINHTTP.dll
0x00007ffa74210000 - 0x00007ffa7427c000 	C:\WINDOWS\system32\mswsock.dll
0x00007ffa53680000 - 0x00007ffa53696000 	C:\Users\Lucas Hernandez\.vscode\extensions\redhat.java-1.56.0-win32-x64\jre\21.0.12.1-win32-x86_64\bin\nio.dll
0x00007ffa57e70000 - 0x00007ffa57e80000 	C:\Users\Lucas Hernandez\.vscode\extensions\redhat.java-1.56.0-win32-x64\jre\21.0.12.1-win32-x86_64\bin\verify.dll
0x00007ffa47ff0000 - 0x00007ffa48017000 	C:\Users\Lucas Hernandez\.gradle\native\1def1411415f61bf3af743bc5b6707747c0891f09f0c88961ee8f79bc544acac\windows-amd64\native-platform.dll
0x00007ffa25c60000 - 0x00007ffa25cd8000 	C:\Users\Lucas Hernandez\.gradle\native\0.2.7\x86_64-windows-gnu\gradle-fileevents.dll
0x00007ffa6fe70000 - 0x00007ffa6fe7a000 	C:\Users\Lucas Hernandez\.vscode\extensions\redhat.java-1.56.0-win32-x64\jre\21.0.12.1-win32-x86_64\bin\management.dll
0x00007ffa6fe60000 - 0x00007ffa6fe6c000 	C:\Users\Lucas Hernandez\.vscode\extensions\redhat.java-1.56.0-win32-x64\jre\21.0.12.1-win32-x86_64\bin\management_ext.dll
0x00007ffa77c00000 - 0x00007ffa77c08000 	C:\WINDOWS\System32\PSAPI.DLL
0x00007ffa735d0000 - 0x00007ffa73603000 	C:\WINDOWS\SYSTEM32\IPHLPAPI.DLL
0x00007ffa77c10000 - 0x00007ffa77c1a000 	C:\WINDOWS\System32\NSI.dll
0x00007ffa60960000 - 0x00007ffa60969000 	C:\Users\Lucas Hernandez\.vscode\extensions\redhat.java-1.56.0-win32-x64\jre\21.0.12.1-win32-x86_64\bin\extnet.dll
0x00007ffa74520000 - 0x00007ffa7453b000 	C:\WINDOWS\SYSTEM32\CRYPTSP.dll
0x00007ffa73b90000 - 0x00007ffa73bc9000 	C:\WINDOWS\system32\rsaenh.dll
0x00007ffa742c0000 - 0x00007ffa742f4000 	C:\WINDOWS\SYSTEM32\USERENV.dll
0x00007ffa74e70000 - 0x00007ffa74e9a000 	C:\WINDOWS\SYSTEM32\bcrypt.dll
0x00007ffa74500000 - 0x00007ffa7450c000 	C:\WINDOWS\SYSTEM32\CRYPTBASE.dll
0x00007ffa60950000 - 0x00007ffa6095e000 	C:\Users\Lucas Hernandez\.vscode\extensions\redhat.java-1.56.0-win32-x64\jre\21.0.12.1-win32-x86_64\bin\sunmscapi.dll
0x00007ffa756f0000 - 0x00007ffa7586e000 	C:\WINDOWS\System32\CRYPT32.dll
0x00007ffa74740000 - 0x00007ffa74770000 	C:\WINDOWS\SYSTEM32\ncrypt.dll
0x00007ffa746f0000 - 0x00007ffa7472f000 	C:\WINDOWS\SYSTEM32\NTASN1.dll
0x00007ffa3a230000 - 0x00007ffa3a238000 	C:\WINDOWS\system32\wshunix.dll

JVMTI agents:
C:\Users\Lucas Hernandez\.gradle\wrapper\dists\gradle-8.14.3-all\10utluxaxniiv4wxiphsi49nj\gradle-8.14.3\lib\agents\gradle-instrumentation-agent-8.14.3.jar path:C:\Users\Lucas Hernandez\.vscode\extensions\redhat.java-1.56.0-win32-x64\jre\21.0.12.1-win32-x86_64\bin\instrument.dll, loaded, initialized, instrumentlib options:none

dbghelp: loaded successfully - version: 4.0.5 - missing functions: none
symbol engine: initialized successfully - sym options: 0x614 - pdb path: .;C:\Users\Lucas Hernandez\.vscode\extensions\redhat.java-1.56.0-win32-x64\jre\21.0.12.1-win32-x86_64\bin;C:\WINDOWS\SYSTEM32;C:\WINDOWS\WinSxS\amd64_microsoft.windows.common-controls_6595b64144ccf1df_6.0.26100.9278_none_3e0d1ba8e3303201;C:\Users\Lucas Hernandez\.vscode\extensions\redhat.java-1.56.0-win32-x64\jre\21.0.12.1-win32-x86_64\bin\server;C:\Users\Lucas Hernandez\.gradle\native\1def1411415f61bf3af743bc5b6707747c0891f09f0c88961ee8f79bc544acac\windows-amd64;C:\Users\Lucas Hernandez\.gradle\native\0.2.7\x86_64-windows-gnu

VM Arguments:
jvm_args: --add-opens=java.base/java.lang=ALL-UNNAMED --add-opens=java.base/java.lang.invoke=ALL-UNNAMED --add-opens=java.base/java.util=ALL-UNNAMED --add-opens=java.prefs/java.util.prefs=ALL-UNNAMED --add-exports=jdk.compiler/com.sun.tools.javac.api=ALL-UNNAMED --add-exports=jdk.compiler/com.sun.tools.javac.util=ALL-UNNAMED --add-opens=java.base/java.util=ALL-UNNAMED --add-opens=java.prefs/java.util.prefs=ALL-UNNAMED --add-opens=java.base/java.nio.charset=ALL-UNNAMED --add-opens=java.base/java.net=ALL-UNNAMED --add-opens=java.base/java.util.concurrent.atomic=ALL-UNNAMED --add-opens=java.xml/javax.xml.namespace=ALL-UNNAMED -Xmx1536m -Dfile.encoding=UTF-8 -Duser.country=ES -Duser.language=es -Duser.variant -javaagent:C:\Users\Lucas Hernandez\.gradle\wrapper\dists\gradle-8.14.3-all\10utluxaxniiv4wxiphsi49nj\gradle-8.14.3\lib\agents\gradle-instrumentation-agent-8.14.3.jar 
java_command: org.gradle.launcher.daemon.bootstrap.GradleDaemon 8.14.3
java_class_path (initial): C:\Users\Lucas Hernandez\.gradle\wrapper\dists\gradle-8.14.3-all\10utluxaxniiv4wxiphsi49nj\gradle-8.14.3\lib\gradle-daemon-main-8.14.3.jar
Launcher Type: SUN_STANDARD

[Global flags]
     intx CICompilerCount                          = 4                                         {product} {ergonomic}
     uint ConcGCThreads                            = 3                                         {product} {ergonomic}
     uint G1ConcRefinementThreads                  = 10                                        {product} {ergonomic}
   size_t G1HeapRegionSize                         = 1048576                                   {product} {ergonomic}
    uintx GCDrainStackTargetSize                   = 64                                        {product} {ergonomic}
   size_t InitialHeapSize                          = 260046848                                 {product} {ergonomic}
   size_t MarkStackSize                            = 4194304                                   {product} {ergonomic}
   size_t MaxHeapSize                              = 1610612736                                {product} {command line}
   size_t MaxNewSize                               = 965738496                                 {product} {ergonomic}
   size_t MinHeapDeltaBytes                        = 1048576                                   {product} {ergonomic}
   size_t MinHeapSize                              = 8388608                                   {product} {ergonomic}
    uintx NonNMethodCodeHeapSize                   = 5839372                                {pd product} {ergonomic}
    uintx NonProfiledCodeHeapSize                  = 122909434                              {pd product} {ergonomic}
    uintx ProfiledCodeHeapSize                     = 122909434                              {pd product} {ergonomic}
    uintx ReservedCodeCacheSize                    = 251658240                              {pd product} {ergonomic}
     bool SegmentedCodeCache                       = true                                      {product} {ergonomic}
   size_t SoftMaxHeapSize                          = 1610612736                             {manageable} {ergonomic}
     bool UseCompressedOops                        = true                           {product lp64_product} {ergonomic}
     bool UseG1GC                                  = true                                      {product} {ergonomic}
     bool UseLargePagesIndividualAllocation        = false                                  {pd product} {ergonomic}

Logging:
Log output configuration:
 #0: stdout all=warning uptime,level,tags foldmultilines=false
 #1: stderr all=off uptime,level,tags foldmultilines=false

Release file:
JAVA_VERSION="21.0.12.1" 
MODULES="java.base java.compiler java.datatransfer java.xml java.prefs java.desktop java.instrument java.logging java.management java.security.sasl java.naming java.rmi java.management.rmi java.net.http java.scripting java.security.jgss java.transaction.xa java.sql java.sql.rowset java.xml.crypto java.se java.smartcardio jdk.accessibility jdk.internal.jvmstat jdk.attach jdk.charsets jdk.internal.opt jdk.zipfs jdk.compiler jdk.crypto.ec jdk.crypto.cryptoki jdk.crypto.mscapi jdk.dynalink jdk.internal.ed jdk.editpad jdk.hotspot.agent jdk.httpserver jdk.internal.le jdk.internal.vm.ci jdk.internal.vm.compiler jdk.internal.vm.compiler.management jdk.jartool jdk.javadoc jdk.jcmd jdk.management jdk.management.agent jdk.jconsole jdk.jdeps jdk.jdwp.agent jdk.jdi jdk.jfr jdk.jshell jdk.jsobject jdk.jstatd jdk.localedata jdk.management.jfr jdk.naming.dns jdk.naming.rmi jdk.net jdk.nio.mapmode jdk.random jdk.sctp jdk.security.auth jdk.security.jgss jdk.unsupported jdk.unsupported.desktop jdk.xml.dom" 

Environment Variables:
JAVA_HOME=C:\Program Files\Eclipse Adoptium\jdk-17.0.20.101-hotspot\
PATH=C:\Program Files\Eclipse Adoptium\jdk-17.0.20.101-hotspot\bin;C:\Users\Lucas Hernandez\AppData\Local\Programs\Python\Python314\Scripts\;C:\Users\Lucas Hernandez\AppData\Local\Programs\Python\Python314\;C:\app\dbhomeXE\bin;C:\WINDOWS\system32;C:\WINDOWS;C:\WINDOWS\System32\Wbem;C:\WINDOWS\System32\WindowsPowerShell\v1.0\;C:\WINDOWS\System32\OpenSSH\;C:\Program Files\Docker\Docker\resources\bin;C:\Program Files\nodejs\;C:\ProgramData\chocolatey\bin;C:\Program Files\dotnet\;C:\Program Files\Git\cmd;C:\Program Files\MySQL\MySQL Shell 8.0\bin\;C:\Users\Lucas Hernandez\AppData\Local\Microsoft\WindowsApps;C:\Program Files\JetBrains\IntelliJ IDEA 2025.2.2\bin;C:\Users\Lucas Hernandez\AppData\Local\GitHubDesktop\bin;C:\Users\Lucas Hernandez\AppData\Local\Programs\Microsoft VS Code\bin;C:\Users\Lucas Hernandez\AppData\Local\Python\bin;C:\Users\Lucas Hernandez\AppData\Local\Programs\cursor\resources\app\bin;C:\Users\Lucas Hernandez\AppData\Roaming\npm;C:\src\flutter\bin;;C:\Android\sdk\platform-tools;C:\Android\sdk\cmdline-tools\latest\bin;C:\Android\sdk\emulator
USERNAME=Lucas Hernandez
OS=Windows_NT
PROCESSOR_IDENTIFIER=AMD64 Family 23 Model 104 Stepping 1, AuthenticAMD
TMP=C:\Users\LUCASH~1\AppData\Local\Temp
TEMP=C:\Users\LUCASH~1\AppData\Local\Temp




Periodic native trim disabled

---------------  S Y S T E M  ---------------

OS:
 Windows 11 , 64 bit Build 26100 (10.0.26100.9444)
OS uptime: 11 days 19:00 hours
Hyper-V role detected

CPU: total 12 (initial active 12) (12 cores per cpu, 2 threads per core) family 23 model 104 stepping 1 microcode 0x8608103, cx8, cmov, fxsr, ht, mmx, 3dnowpref, sse, sse2, sse3, ssse3, sse4a, sse4.1, sse4.2, popcnt, lzcnt, tsc, tscinvbit, avx, avx2, aes, clmul, bmi1, bmi2, adx, sha, fma, vzeroupper, clflush, clflushopt, hv, rdtscp, rdpid, f16c
Processor Information for the first 12 processors :
  Max Mhz: 2100, Current Mhz: 2100, Mhz Limit: 2100

Memory: 4k page, system-wide physical 15754M (105M free)
TotalPageFile size 64906M (AvailPageFile size 0M)
current process WorkingSet (physical memory assigned to process): 196M, peak: 282M
current process commit charge ("private bytes"): 262M, peak: 411M

vm_info: OpenJDK 64-Bit Server VM (21.0.12.1+1-LTS) for windows-amd64 JRE (21.0.12.1+1-LTS), built on 2026-08-18T00:00:00Z by "admin" with MS VC++ 17.12 (VS2022)

END.
