#
# There is insufficient memory for the Java Runtime Environment to continue.
# Native memory allocation (malloc) failed to allocate 1000752 bytes. Error detail: Chunk::new
# Possible reasons:
#   The system is out of physical RAM or swap space
#   This process is running with CompressedOops enabled, and the Java Heap may be blocking the growth of the native heap
# Possible solutions:
#   Reduce memory load on the system
#   Increase physical memory or swap space
#   Check if swap backing store is full
#   Decrease Java heap size (-Xmx/-Xms)
#   Decrease number of Java threads
#   Decrease Java thread stack sizes (-Xss)
#   Set larger code cache with -XX:ReservedCodeCacheSize=
#   JVM is running with Unscaled Compressed Oops mode in which the Java heap is
#     placed in the first 4GB address space. The Java Heap base address is the
#     maximum limit for the native heap growth. Please use -XX:HeapBaseMinAddress
#     to set the Java Heap base and to place the Java Heap above 4GB virtual address.
# This output file may be truncated or incomplete.
#
#  Out of Memory Error (arena.cpp:168), pid=40592, tid=704
#
# JRE version: OpenJDK Runtime Environment Temurin-21.0.12.1+1 (21.0.12.1+1) (build 21.0.12.1+1-LTS)
# Java VM: OpenJDK 64-Bit Server VM Temurin-21.0.12.1+1 (21.0.12.1+1-LTS, mixed mode, sharing, tiered, compressed oops, compressed class ptrs, g1 gc, windows-amd64)
# No core dump will be written. Minidumps are not enabled by default on client versions of Windows
#

---------------  S U M M A R Y ------------

Command Line: --add-opens=java.base/java.lang=ALL-UNNAMED --add-opens=java.base/java.lang.invoke=ALL-UNNAMED --add-opens=java.base/java.util=ALL-UNNAMED --add-opens=java.prefs/java.util.prefs=ALL-UNNAMED --add-exports=jdk.compiler/com.sun.tools.javac.api=ALL-UNNAMED --add-exports=jdk.compiler/com.sun.tools.javac.util=ALL-UNNAMED --add-opens=java.base/java.util=ALL-UNNAMED --add-opens=java.prefs/java.util.prefs=ALL-UNNAMED --add-opens=java.base/java.nio.charset=ALL-UNNAMED --add-opens=java.base/java.net=ALL-UNNAMED --add-opens=java.base/java.util.concurrent.atomic=ALL-UNNAMED --add-opens=java.xml/javax.xml.namespace=ALL-UNNAMED -Xmx1536m -Dfile.encoding=UTF-8 -Duser.country=ES -Duser.language=es -Duser.variant -javaagent:C:\Users\Lucas Hernandez\.gradle\wrapper\dists\gradle-8.14.3-all\10utluxaxniiv4wxiphsi49nj\gradle-8.14.3\lib\agents\gradle-instrumentation-agent-8.14.3.jar org.gradle.launcher.daemon.bootstrap.GradleDaemon 8.14.3

Host: AMD Ryzen 5 7430U with Radeon Graphics, 12 cores, 15G,  Windows 11 , 64 bit Build 26100 (10.0.26100.9444)
Time: Wed Oct  7 16:07:43 2026 Hora de verano romance elapsed time: 94.513109 seconds (0d 0h 1m 34s)

---------------  T H R E A D  ---------------

Current thread (0x0000021013acc2c0):  JavaThread "C2 CompilerThread0" daemon [_thread_in_native, id=704, stack(0x0000007d5ef00000,0x0000007d5f000000) (1024K)]


Current CompileTask:
C2:94513 4535       4       java.util.regex.Pattern::compile (537 bytes)

Stack: [0x0000007d5ef00000,0x0000007d5f000000]
Native frames: (J=compiled Java code, j=interpreted, Vv=VM code, C=native code)
V  [jvm.dll+0x6d83e9]
V  [jvm.dll+0x8b5736]
V  [jvm.dll+0x8b7cee]
V  [jvm.dll+0x8b83d3]
V  [jvm.dll+0x284596]
V  [jvm.dll+0xc685d]
V  [jvm.dll+0xc6da1]
V  [jvm.dll+0x3bf18b]
V  [jvm.dll+0x38b6d2]
V  [jvm.dll+0x38ab1a]
V  [jvm.dll+0x24c700]
V  [jvm.dll+0x24bce0]
V  [jvm.dll+0x1cb4ae]
V  [jvm.dll+0x25baad]
V  [jvm.dll+0x25a03a]
V  [jvm.dll+0x3f8aae]
V  [jvm.dll+0x8600cd]
V  [jvm.dll+0x6d6c1d]
C  [ucrtbase.dll+0x2cd30]
C  [KERNEL32.DLL+0x2cd87]
C  [ntdll.dll+0xacaec]


---------------  P R O C E S S  ---------------

Threads class SMR info:
_java_thread_list=0x000002105c4651b0, length=31, elements={
0x000002107a7c5190, 0x0000021013ac4700, 0x0000021013ac5160, 0x0000021013ac9610,
0x0000021013aca070, 0x0000021013acaad0, 0x0000021013acb530, 0x0000021013acc2c0,
0x0000021013b3d090, 0x0000021013d457f0, 0x0000021013db5bc0, 0x0000021059e88660,
0x000002105a1bb630, 0x000002105a1bab10, 0x000002105a688fa0, 0x0000021059a3ddd0,
0x0000021059895c90, 0x0000021059898a80, 0x0000021059896320, 0x0000021059899110,
0x00000210598969b0, 0x00000210598983f0, 0x0000021059897040, 0x0000021059897d60,
0x00000210598976d0, 0x000002105c08b540, 0x000002105c0880c0, 0x000002105c088750,
0x000002105c088de0, 0x000002105c08c8f0, 0x000002105c08c260
}

Java Threads: ( => current thread )
  0x000002107a7c5190 JavaThread "main"                              [_thread_blocked, id=31248, stack(0x0000007d5e000000,0x0000007d5e100000) (1024K)]
  0x0000021013ac4700 JavaThread "Reference Handler"          daemon [_thread_blocked, id=13684, stack(0x0000007d5e900000,0x0000007d5ea00000) (1024K)]
  0x0000021013ac5160 JavaThread "Finalizer"                  daemon [_thread_blocked, id=38008, stack(0x0000007d5ea00000,0x0000007d5eb00000) (1024K)]
  0x0000021013ac9610 JavaThread "Signal Dispatcher"          daemon [_thread_blocked, id=30772, stack(0x0000007d5eb00000,0x0000007d5ec00000) (1024K)]
  0x0000021013aca070 JavaThread "Attach Listener"            daemon [_thread_blocked, id=11916, stack(0x0000007d5ec00000,0x0000007d5ed00000) (1024K)]
  0x0000021013acaad0 JavaThread "Service Thread"             daemon [_thread_blocked, id=37808, stack(0x0000007d5ed00000,0x0000007d5ee00000) (1024K)]
  0x0000021013acb530 JavaThread "Monitor Deflation Thread"   daemon [_thread_blocked, id=3780, stack(0x0000007d5ee00000,0x0000007d5ef00000) (1024K)]
=>0x0000021013acc2c0 JavaThread "C2 CompilerThread0"         daemon [_thread_in_native, id=704, stack(0x0000007d5ef00000,0x0000007d5f000000) (1024K)]
  0x0000021013b3d090 JavaThread "C1 CompilerThread0"         daemon [_thread_blocked, id=20536, stack(0x0000007d5f000000,0x0000007d5f100000) (1024K)]
  0x0000021013d457f0 JavaThread "Common-Cleaner"             daemon [_thread_blocked, id=40144, stack(0x0000007d5f100000,0x0000007d5f200000) (1024K)]
  0x0000021013db5bc0 JavaThread "Notification Thread"        daemon [_thread_blocked, id=21084, stack(0x0000007d5f200000,0x0000007d5f300000) (1024K)]
  0x0000021059e88660 JavaThread "Daemon health stats"               [_thread_blocked, id=5008, stack(0x0000007d5f700000,0x0000007d5f800000) (1024K)]
  0x000002105a1bb630 JavaThread "Incoming local TCP Connector on port 55664"        [_thread_in_native, id=11224, stack(0x0000007d5f800000,0x0000007d5f900000) (1024K)]
  0x000002105a1bab10 JavaThread "Daemon periodic checks"            [_thread_blocked, id=40796, stack(0x0000007d5f900000,0x0000007d5fa00000) (1024K)]
  0x000002105a688fa0 JavaThread "Daemon"                            [_thread_blocked, id=35872, stack(0x0000007d5fa00000,0x0000007d5fb00000) (1024K)]
  0x0000021059a3ddd0 JavaThread "Handler for socket connection from /127.0.0.1:55664 to /127.0.0.1:61573"        [_thread_in_native, id=40792, stack(0x0000007d5fb00000,0x0000007d5fc00000) (1024K)]
  0x0000021059895c90 JavaThread "Cancel handler"                    [_thread_blocked, id=26288, stack(0x0000007d5fc00000,0x0000007d5fd00000) (1024K)]
  0x0000021059898a80 JavaThread "Daemon worker"                     [_thread_in_Java, id=24676, stack(0x0000007d5fd00000,0x0000007d5fe00000) (1024K)]
  0x0000021059896320 JavaThread "Asynchronous log dispatcher for DefaultDaemonConnection: socket connection from /127.0.0.1:55664 to /127.0.0.1:61573"        [_thread_blocked, id=13712, stack(0x0000007d5fe00000,0x0000007d5ff00000) (1024K)]
  0x0000021059899110 JavaThread "Stdin handler"                     [_thread_blocked, id=36172, stack(0x0000007d5ff00000,0x0000007d60000000) (1024K)]
  0x00000210598969b0 JavaThread "Daemon client event forwarder"        [_thread_blocked, id=26472, stack(0x0000007d60000000,0x0000007d60100000) (1024K)]
  0x00000210598983f0 JavaThread "Cache worker for journal cache (C:\Users\Lucas Hernandez\.gradle\caches\journal-1)"        [_thread_blocked, id=41464, stack(0x0000007d60100000,0x0000007d60200000) (1024K)]
  0x0000021059897040 JavaThread "File lock request listener"        [_thread_in_native, id=41500, stack(0x0000007d60200000,0x0000007d60300000) (1024K)]
  0x0000021059897d60 JavaThread "File lock release action executor"        [_thread_blocked, id=41652, stack(0x0000007d60300000,0x0000007d60400000) (1024K)]
  0x00000210598976d0 JavaThread "Cache worker for file hash cache (C:\Users\Lucas Hernandez\.gradle\caches\8.14.3\fileHashes)"        [_thread_blocked, id=41712, stack(0x0000007d60400000,0x0000007d60500000) (1024K)]
  0x000002105c08b540 JavaThread "Cache worker for file hash cache (C:\Users\Lucas Hernandez\OneDrive - UDIT\Documents\DI\dam2-productos-archivos\android\.gradle\8.14.3\fileHashes)"        [_thread_blocked, id=42316, stack(0x0000007d5df00000,0x0000007d5e000000) (1024K)]
  0x000002105c0880c0 JavaThread "Cache worker for Build Output Cleanup Cache (C:\Users\Lucas Hernandez\OneDrive - UDIT\Documents\DI\dam2-productos-archivos\android\.gradle\buildOutputCleanup)"        [_thread_blocked, id=42344, stack(0x0000007d60c00000,0x0000007d60d00000) (1024K)]
  0x000002105c088750 JavaThread "File watcher server"        daemon [_thread_in_native, id=42744, stack(0x0000007d60d00000,0x0000007d60e00000) (1024K)]
  0x000002105c088de0 JavaThread "File watcher consumer"      daemon [_thread_blocked, id=42764, stack(0x0000007d60e00000,0x0000007d60f00000) (1024K)]
  0x000002105c08c8f0 JavaThread "jar transforms"                    [_thread_blocked, id=42076, stack(0x0000007d60f00000,0x0000007d61000000) (1024K)]
  0x000002105c08c260 JavaThread "jar transforms Thread 2"           [_thread_blocked, id=43960, stack(0x0000007d61000000,0x0000007d61100000) (1024K)]
Total: 31

Other Threads:
  0x0000021013aab320 VMThread "VM Thread"                           [id=31752, stack(0x0000007d5e800000,0x0000007d5e900000) (1024K)]
  0x0000021013a96130 WatcherThread "VM Periodic Task Thread"        [id=3168, stack(0x0000007d5e700000,0x0000007d5e800000) (1024K)]
  0x000002107a5bdc70 WorkerThread "GC Thread#0"                     [id=10224, stack(0x0000007d5e100000,0x0000007d5e200000) (1024K)]
  0x0000021013bda550 WorkerThread "GC Thread#1"                     [id=37248, stack(0x0000007d5f300000,0x0000007d5f400000) (1024K)]
  0x0000021013d05be0 WorkerThread "GC Thread#2"                     [id=30128, stack(0x0000007d5f400000,0x0000007d5f500000) (1024K)]
  0x0000021013d05f90 WorkerThread "GC Thread#3"                     [id=35972, stack(0x0000007d5f500000,0x0000007d5f600000) (1024K)]
  0x0000021013df0240 WorkerThread "GC Thread#4"                     [id=24072, stack(0x0000007d5f600000,0x0000007d5f700000) (1024K)]
  0x000002105a09c6f0 WorkerThread "GC Thread#5"                     [id=36192, stack(0x0000007d60500000,0x0000007d60600000) (1024K)]
  0x000002105a09bbe0 WorkerThread "GC Thread#6"                     [id=37584, stack(0x0000007d60600000,0x0000007d60700000) (1024K)]
  0x000002105a08f350 WorkerThread "GC Thread#7"                     [id=836, stack(0x0000007d60700000,0x0000007d60800000) (1024K)]
  0x000002105a08e490 WorkerThread "GC Thread#8"                     [id=36632, stack(0x0000007d60800000,0x0000007d60900000) (1024K)]
  0x000002105a08bc00 WorkerThread "GC Thread#9"                     [id=11576, stack(0x0000007d60900000,0x0000007d60a00000) (1024K)]
  0x000002107a5bea40 ConcurrentGCThread "G1 Main Marker"            [id=34724, stack(0x0000007d5e200000,0x0000007d5e300000) (1024K)]
  0x000002107a819750 WorkerThread "G1 Conc#0"                       [id=34760, stack(0x0000007d5e300000,0x0000007d5e400000) (1024K)]
  0x000002105a08bfb0 WorkerThread "G1 Conc#1"                       [id=42148, stack(0x0000007d60a00000,0x0000007d60b00000) (1024K)]
  0x000002105a08e0e0 WorkerThread "G1 Conc#2"                       [id=42152, stack(0x0000007d60b00000,0x0000007d60c00000) (1024K)]
  0x000002107a87e870 ConcurrentGCThread "G1 Refine#0"               [id=25628, stack(0x0000007d5e400000,0x0000007d5e500000) (1024K)]
  0x00000210139656a0 ConcurrentGCThread "G1 Service"                [id=32448, stack(0x0000007d5e500000,0x0000007d5e600000) (1024K)]
Total: 18

Threads with active compile tasks:
C2 CompilerThread0  94551 4535       4       java.util.regex.Pattern::compile (537 bytes)
Total: 1

VM state: not at safepoint (normal execution)

VM Mutex/Monitor currently owned by a thread: None

Heap address: 0x00000000a0000000, size: 1536 MB, Compressed Oops mode: 32-bit

CDS archive(s) mapped at: [0x0000021014000000-0x0000021014ba0000-0x0000021014ba0000), size 12189696, SharedBaseAddress: 0x0000021014000000, ArchiveRelocationMode: 1.
Compressed class space mapped at: 0x0000021015000000-0x0000021055000000, reserved size: 1073741824
Narrow klass base: 0x0000021014000000, Narrow klass shift: 0, Narrow klass range: 0x100000000

GC Precious Log:
 CardTable entry size: 512
 Card Set container configuration: InlinePtr #cards 5 size 8 Array Of Cards #cards 12 size 40 Howl #buckets 4 coarsen threshold 1843 Howl Bitmap #cards 512 size 80 coarsen threshold 460 Card regions per heap region 1 cards per card region 2048
 CPUs: 12 total, 12 available
 Memory: 15754M
 Large Page Support: Disabled
 NUMA Support: Disabled
 Compressed Oops: Enabled (32-bit)
 Heap Region Size: 1M
 Heap Min Capacity: 8M
 Heap Initial Capacity: 248M
 Heap Max Capacity: 1536M
 Pre-touch: Disabled
 Parallel Workers: 10
 Concurrent Workers: 3
 Concurrent Refinement Workers: 10
 Periodic GC: Disabled

Heap:
 garbage-first heap   total 86016K, used 31192K [0x00000000a0000000, 0x0000000100000000)
  region size 1024K, 7 young (7168K), 6 survivors (6144K)
 Metaspace       used 32881K, committed 33920K, reserved 1114112K
  class space    used 4728K, committed 5248K, reserved 1048576K

Heap Regions: E=young(eden), S=young(survivor), O=old, HS=humongous(starts), HC=humongous(continues), CS=collection set, F=free, TAMS=top-at-mark-start, PB=parsable bottom
|   0|0x00000000a0000000, 0x00000000a0100000, 0x00000000a0100000|100%|HS|  |TAMS 0x00000000a0000000| PB 0x00000000a0000000| Complete 
|   1|0x00000000a0100000, 0x00000000a0200000, 0x00000000a0200000|100%|HC|  |TAMS 0x00000000a0100000| PB 0x00000000a0100000| Complete 
|   2|0x00000000a0200000, 0x00000000a0300000, 0x00000000a0300000|100%|HC|  |TAMS 0x00000000a0200000| PB 0x00000000a0200000| Complete 
|   3|0x00000000a0300000, 0x00000000a0400000, 0x00000000a0400000|100%| O|  |TAMS 0x00000000a0300000| PB 0x00000000a0300000| Untracked 
|   4|0x00000000a0400000, 0x00000000a0500000, 0x00000000a0500000|100%| O|  |TAMS 0x00000000a0400000| PB 0x00000000a0400000| Untracked 
|   5|0x00000000a0500000, 0x00000000a0600000, 0x00000000a0600000|100%| O|  |TAMS 0x00000000a0500000| PB 0x00000000a0500000| Untracked 
|   6|0x00000000a0600000, 0x00000000a0700000, 0x00000000a0700000|100%|HS|  |TAMS 0x00000000a0600000| PB 0x00000000a0600000| Complete 
|   7|0x00000000a0700000, 0x00000000a0800000, 0x00000000a0800000|100%| O|  |TAMS 0x00000000a0700000| PB 0x00000000a0700000| Untracked 
|   8|0x00000000a0800000, 0x00000000a0900000, 0x00000000a0900000|100%| O|  |TAMS 0x00000000a0800000| PB 0x00000000a0800000| Untracked 
|   9|0x00000000a0900000, 0x00000000a0a00000, 0x00000000a0a00000|100%| O|  |TAMS 0x00000000a0900000| PB 0x00000000a0900000| Untracked 
|  10|0x00000000a0a00000, 0x00000000a0b00000, 0x00000000a0b00000|100%| O|  |TAMS 0x00000000a0a00000| PB 0x00000000a0a00000| Untracked 
|  11|0x00000000a0b00000, 0x00000000a0c00000, 0x00000000a0c00000|100%| O|  |TAMS 0x00000000a0b00000| PB 0x00000000a0b00000| Untracked 
|  12|0x00000000a0c00000, 0x00000000a0d00000, 0x00000000a0d00000|100%| O|  |TAMS 0x00000000a0c00000| PB 0x00000000a0c00000| Untracked 
|  13|0x00000000a0d00000, 0x00000000a0e00000, 0x00000000a0e00000|100%| O|  |TAMS 0x00000000a0d00000| PB 0x00000000a0d00000| Untracked 
|  14|0x00000000a0e00000, 0x00000000a0f00000, 0x00000000a0f00000|100%| O|  |TAMS 0x00000000a0e00000| PB 0x00000000a0e00000| Untracked 
|  15|0x00000000a0f00000, 0x00000000a1000000, 0x00000000a1000000|100%| O|  |TAMS 0x00000000a0f00000| PB 0x00000000a0f00000| Untracked 
|  16|0x00000000a1000000, 0x00000000a1100000, 0x00000000a1100000|100%| O|  |TAMS 0x00000000a1000000| PB 0x00000000a1000000| Untracked 
|  17|0x00000000a1100000, 0x00000000a1200000, 0x00000000a1200000|100%| O|  |TAMS 0x00000000a1100000| PB 0x00000000a1100000| Untracked 
|  18|0x00000000a1200000, 0x00000000a1300000, 0x00000000a1300000|100%| O|  |TAMS 0x00000000a1200000| PB 0x00000000a1200000| Untracked 
|  19|0x00000000a1300000, 0x00000000a1400000, 0x00000000a1400000|100%| O|  |TAMS 0x00000000a1300000| PB 0x00000000a1300000| Untracked 
|  20|0x00000000a1400000, 0x00000000a1500000, 0x00000000a1500000|100%| O|  |TAMS 0x00000000a1400000| PB 0x00000000a1400000| Untracked 
|  21|0x00000000a1500000, 0x00000000a1600000, 0x00000000a1600000|100%| O|  |TAMS 0x00000000a1500000| PB 0x00000000a1500000| Untracked 
|  22|0x00000000a1600000, 0x00000000a1600000, 0x00000000a1700000|  0%| F|  |TAMS 0x00000000a1600000| PB 0x00000000a1600000| Untracked 
|  23|0x00000000a1700000, 0x00000000a1800000, 0x00000000a1800000|100%| O|  |TAMS 0x00000000a1700000| PB 0x00000000a1700000| Untracked 
|  24|0x00000000a1800000, 0x00000000a1900000, 0x00000000a1900000|100%| O|  |TAMS 0x00000000a1800000| PB 0x00000000a1800000| Untracked 
|  25|0x00000000a1900000, 0x00000000a1976190, 0x00000000a1a00000| 46%| O|  |TAMS 0x00000000a1900000| PB 0x00000000a1900000| Untracked 
|  26|0x00000000a1a00000, 0x00000000a1a00000, 0x00000000a1b00000|  0%| F|  |TAMS 0x00000000a1a00000| PB 0x00000000a1a00000| Untracked 
|  27|0x00000000a1b00000, 0x00000000a1b00000, 0x00000000a1c00000|  0%| F|  |TAMS 0x00000000a1b00000| PB 0x00000000a1b00000| Untracked 
|  28|0x00000000a1c00000, 0x00000000a1c00000, 0x00000000a1d00000|  0%| F|  |TAMS 0x00000000a1c00000| PB 0x00000000a1c00000| Untracked 
|  29|0x00000000a1d00000, 0x00000000a1d00000, 0x00000000a1e00000|  0%| F|  |TAMS 0x00000000a1d00000| PB 0x00000000a1d00000| Untracked 
|  30|0x00000000a1e00000, 0x00000000a1e00000, 0x00000000a1f00000|  0%| F|  |TAMS 0x00000000a1e00000| PB 0x00000000a1e00000| Untracked 
|  31|0x00000000a1f00000, 0x00000000a1f00000, 0x00000000a2000000|  0%| F|  |TAMS 0x00000000a1f00000| PB 0x00000000a1f00000| Untracked 
|  32|0x00000000a2000000, 0x00000000a2000000, 0x00000000a2100000|  0%| F|  |TAMS 0x00000000a2000000| PB 0x00000000a2000000| Untracked 
|  33|0x00000000a2100000, 0x00000000a2100000, 0x00000000a2200000|  0%| F|  |TAMS 0x00000000a2100000| PB 0x00000000a2100000| Untracked 
|  34|0x00000000a2200000, 0x00000000a2300000, 0x00000000a2300000|100%| S|CS|TAMS 0x00000000a2200000| PB 0x00000000a2200000| Complete 
|  35|0x00000000a2300000, 0x00000000a2400000, 0x00000000a2400000|100%| S|CS|TAMS 0x00000000a2300000| PB 0x00000000a2300000| Complete 
|  36|0x00000000a2400000, 0x00000000a2500000, 0x00000000a2500000|100%| S|CS|TAMS 0x00000000a2400000| PB 0x00000000a2400000| Complete 
|  37|0x00000000a2500000, 0x00000000a2600000, 0x00000000a2600000|100%| S|CS|TAMS 0x00000000a2500000| PB 0x00000000a2500000| Complete 
|  38|0x00000000a2600000, 0x00000000a2700000, 0x00000000a2700000|100%| S|CS|TAMS 0x00000000a2600000| PB 0x00000000a2600000| Complete 
|  39|0x00000000a2700000, 0x00000000a2800000, 0x00000000a2800000|100%| S|CS|TAMS 0x00000000a2700000| PB 0x00000000a2700000| Complete 
|  40|0x00000000a2800000, 0x00000000a2800000, 0x00000000a2900000|  0%| F|  |TAMS 0x00000000a2800000| PB 0x00000000a2800000| Untracked 
|  41|0x00000000a2900000, 0x00000000a2900000, 0x00000000a2a00000|  0%| F|  |TAMS 0x00000000a2900000| PB 0x00000000a2900000| Untracked 
|  42|0x00000000a2a00000, 0x00000000a2a00000, 0x00000000a2b00000|  0%| F|  |TAMS 0x00000000a2a00000| PB 0x00000000a2a00000| Untracked 
|  43|0x00000000a2b00000, 0x00000000a2b00000, 0x00000000a2c00000|  0%| F|  |TAMS 0x00000000a2b00000| PB 0x00000000a2b00000| Untracked 
|  44|0x00000000a2c00000, 0x00000000a2c00000, 0x00000000a2d00000|  0%| F|  |TAMS 0x00000000a2c00000| PB 0x00000000a2c00000| Untracked 
|  45|0x00000000a2d00000, 0x00000000a2d00000, 0x00000000a2e00000|  0%| F|  |TAMS 0x00000000a2d00000| PB 0x00000000a2d00000| Untracked 
|  46|0x00000000a2e00000, 0x00000000a2e00000, 0x00000000a2f00000|  0%| F|  |TAMS 0x00000000a2e00000| PB 0x00000000a2e00000| Untracked 
|  47|0x00000000a2f00000, 0x00000000a2f00000, 0x00000000a3000000|  0%| F|  |TAMS 0x00000000a2f00000| PB 0x00000000a2f00000| Untracked 
|  48|0x00000000a3000000, 0x00000000a3000000, 0x00000000a3100000|  0%| F|  |TAMS 0x00000000a3000000| PB 0x00000000a3000000| Untracked 
|  49|0x00000000a3100000, 0x00000000a3100000, 0x00000000a3200000|  0%| F|  |TAMS 0x00000000a3100000| PB 0x00000000a3100000| Untracked 
|  50|0x00000000a3200000, 0x00000000a3200000, 0x00000000a3300000|  0%| F|  |TAMS 0x00000000a3200000| PB 0x00000000a3200000| Untracked 
|  51|0x00000000a3300000, 0x00000000a3300000, 0x00000000a3400000|  0%| F|  |TAMS 0x00000000a3300000| PB 0x00000000a3300000| Untracked 
|  52|0x00000000a3400000, 0x00000000a3400000, 0x00000000a3500000|  0%| F|  |TAMS 0x00000000a3400000| PB 0x00000000a3400000| Untracked 
|  53|0x00000000a3500000, 0x00000000a3500000, 0x00000000a3600000|  0%| F|  |TAMS 0x00000000a3500000| PB 0x00000000a3500000| Untracked 
|  54|0x00000000a3600000, 0x00000000a3600000, 0x00000000a3700000|  0%| F|  |TAMS 0x00000000a3600000| PB 0x00000000a3600000| Untracked 
|  55|0x00000000a3700000, 0x00000000a3700000, 0x00000000a3800000|  0%| F|  |TAMS 0x00000000a3700000| PB 0x00000000a3700000| Untracked 
|  56|0x00000000a3800000, 0x00000000a3800000, 0x00000000a3900000|  0%| F|  |TAMS 0x00000000a3800000| PB 0x00000000a3800000| Untracked 
|  57|0x00000000a3900000, 0x00000000a3900000, 0x00000000a3a00000|  0%| F|  |TAMS 0x00000000a3900000| PB 0x00000000a3900000| Untracked 
|  58|0x00000000a3a00000, 0x00000000a3a00000, 0x00000000a3b00000|  0%| F|  |TAMS 0x00000000a3a00000| PB 0x00000000a3a00000| Untracked 
|  59|0x00000000a3b00000, 0x00000000a3b00000, 0x00000000a3c00000|  0%| F|  |TAMS 0x00000000a3b00000| PB 0x00000000a3b00000| Untracked 
|  60|0x00000000a3c00000, 0x00000000a3c00000, 0x00000000a3d00000|  0%| F|  |TAMS 0x00000000a3c00000| PB 0x00000000a3c00000| Untracked 
|  61|0x00000000a3d00000, 0x00000000a3d00000, 0x00000000a3e00000|  0%| F|  |TAMS 0x00000000a3d00000| PB 0x00000000a3d00000| Untracked 
|  62|0x00000000a3e00000, 0x00000000a3e00000, 0x00000000a3f00000|  0%| F|  |TAMS 0x00000000a3e00000| PB 0x00000000a3e00000| Untracked 
|  63|0x00000000a3f00000, 0x00000000a3f00000, 0x00000000a4000000|  0%| F|  |TAMS 0x00000000a3f00000| PB 0x00000000a3f00000| Untracked 
|  64|0x00000000a4000000, 0x00000000a4000000, 0x00000000a4100000|  0%| F|  |TAMS 0x00000000a4000000| PB 0x00000000a4000000| Untracked 
|  65|0x00000000a4100000, 0x00000000a4100000, 0x00000000a4200000|  0%| F|  |TAMS 0x00000000a4100000| PB 0x00000000a4100000| Untracked 
|  66|0x00000000a4200000, 0x00000000a4200000, 0x00000000a4300000|  0%| F|  |TAMS 0x00000000a4200000| PB 0x00000000a4200000| Untracked 
|  67|0x00000000a4300000, 0x00000000a4300000, 0x00000000a4400000|  0%| F|  |TAMS 0x00000000a4300000| PB 0x00000000a4300000| Untracked 
|  68|0x00000000a4400000, 0x00000000a4400000, 0x00000000a4500000|  0%| F|  |TAMS 0x00000000a4400000| PB 0x00000000a4400000| Untracked 
|  69|0x00000000a4500000, 0x00000000a4500000, 0x00000000a4600000|  0%| F|  |TAMS 0x00000000a4500000| PB 0x00000000a4500000| Untracked 
|  70|0x00000000a4600000, 0x00000000a4600000, 0x00000000a4700000|  0%| F|  |TAMS 0x00000000a4600000| PB 0x00000000a4600000| Untracked 
|  71|0x00000000a4700000, 0x00000000a4700000, 0x00000000a4800000|  0%| F|  |TAMS 0x00000000a4700000| PB 0x00000000a4700000| Untracked 
|  72|0x00000000a4800000, 0x00000000a4800000, 0x00000000a4900000|  0%| F|  |TAMS 0x00000000a4800000| PB 0x00000000a4800000| Untracked 
|  73|0x00000000a4900000, 0x00000000a4900000, 0x00000000a4a00000|  0%| F|  |TAMS 0x00000000a4900000| PB 0x00000000a4900000| Untracked 
|  74|0x00000000a4a00000, 0x00000000a4a00000, 0x00000000a4b00000|  0%| F|  |TAMS 0x00000000a4a00000| PB 0x00000000a4a00000| Untracked 
|  75|0x00000000a4b00000, 0x00000000a4b00000, 0x00000000a4c00000|  0%| F|  |TAMS 0x00000000a4b00000| PB 0x00000000a4b00000| Untracked 
|  76|0x00000000a4c00000, 0x00000000a4c00000, 0x00000000a4d00000|  0%| F|  |TAMS 0x00000000a4c00000| PB 0x00000000a4c00000| Untracked 
|  77|0x00000000a4d00000, 0x00000000a4d00000, 0x00000000a4e00000|  0%| F|  |TAMS 0x00000000a4d00000| PB 0x00000000a4d00000| Untracked 
|  78|0x00000000a4e00000, 0x00000000a4e00000, 0x00000000a4f00000|  0%| F|  |TAMS 0x00000000a4e00000| PB 0x00000000a4e00000| Untracked 
|  79|0x00000000a4f00000, 0x00000000a4f00000, 0x00000000a5000000|  0%| F|  |TAMS 0x00000000a4f00000| PB 0x00000000a4f00000| Untracked 
|  80|0x00000000a5000000, 0x00000000a5000000, 0x00000000a5100000|  0%| F|  |TAMS 0x00000000a5000000| PB 0x00000000a5000000| Untracked 
| 239|0x00000000aef00000, 0x00000000aef00000, 0x00000000af000000|  0%| F|  |TAMS 0x00000000aef00000| PB 0x00000000aef00000| Untracked 
| 240|0x00000000af000000, 0x00000000af000000, 0x00000000af100000|  0%| F|  |TAMS 0x00000000af000000| PB 0x00000000af000000| Untracked 
| 247|0x00000000af700000, 0x00000000af788208, 0x00000000af800000| 53%| E|  |TAMS 0x00000000af700000| PB 0x00000000af700000| Complete 

Card table byte_map: [0x000002100f300000,0x000002100f600000] _byte_map_base: 0x000002100ee00000

Marking Bits: (CMBitMap*) 0x000002107a5be190
 Bits: [0x000002100f600000, 0x0000021010e00000)

Polling page: 0x000002107a750000

Metaspace:

Usage:
  Non-class:     27.49 MB used.
      Class:      4.62 MB used.
       Both:     32.11 MB used.

Virtual space:
  Non-class space:       64.00 MB reserved,      28.00 MB ( 44%) committed,  1 nodes.
      Class space:        1.00 GB reserved,       5.12 MB ( <1%) committed,  1 nodes.
             Both:        1.06 GB reserved,      33.12 MB (  3%) committed. 

Chunk freelists:
   Non-Class:  3.64 MB
       Class:  10.87 MB
        Both:  14.51 MB

MaxMetaspaceSize: unlimited
CompressedClassSpaceSize: 1.00 GB
Initial GC threshold: 21.00 MB
Current GC threshold: 35.12 MB
CDS: on
 - commit_granule_bytes: 65536.
 - commit_granule_words: 8192.
 - virtual_space_node_default_size: 8388608.
 - enlarge_chunks_in_place: 1.
 - use_allocation_guard: 0.


Internal statistics:

num_allocs_failed_limit: 3.
num_arena_births: 1580.
num_arena_deaths: 0.
num_vsnodes_births: 2.
num_vsnodes_deaths: 0.
num_space_committed: 530.
num_space_uncommitted: 0.
num_chunks_returned_to_freelist: 3.
num_chunks_taken_from_freelist: 2960.
num_chunk_merges: 3.
num_chunk_splits: 1913.
num_chunks_enlarged: 1184.
num_inconsistent_stats: 0.

CodeHeap 'non-profiled nmethods': size=120000Kb used=2569Kb max_used=2569Kb free=117430Kb
 bounds [0x0000021007ad0000, 0x0000021007d60000, 0x000002100f000000]
CodeHeap 'profiled nmethods': size=120000Kb used=9023Kb max_used=9023Kb free=110976Kb
 bounds [0x0000021000000000, 0x00000210008d0000, 0x0000021007530000]
CodeHeap 'non-nmethods': size=5760Kb used=1811Kb max_used=1831Kb free=3948Kb
 bounds [0x0000021007530000, 0x00000210077a0000, 0x0000021007ad0000]
CodeCache: size=245760Kb, used=13403Kb, max_used=13423Kb, free=232354Kb
 total_blobs=5223, nmethods=4538, adapters=589, full_count=0
Compilation: enabled, stopped_count=0, restarted_count=0

Compilation events (20 events):
Event: 94.353 Thread 0x0000021013b3d090 4532       3       jdk.internal.jimage.ImageBufferCache$2::compare (13 bytes)
Event: 94.354 Thread 0x0000021013b3d090 nmethod 4532 0x00000210008cc710 code [0x00000210008cc940, 0x00000210008cd328]
Event: 94.354 Thread 0x0000021013b3d090 4533       3       jdk.internal.jimage.ImageBufferCache$2::compare (12 bytes)
Event: 94.354 Thread 0x0000021013b3d090 nmethod 4533 0x00000210008cd590 code [0x00000210008cd7a0, 0x00000210008cdf00]
Event: 94.363 Thread 0x0000021013acc2c0 nmethod 4508 0x0000021007d4fb90 code [0x0000021007d4fd80, 0x0000021007d505d0]
Event: 94.364 Thread 0x0000021013acc2c0 4534       4       jdk.internal.jrtfs.JrtPath::normalize (97 bytes)
Event: 94.367 Thread 0x0000021013acc2c0 nmethod 4534 0x0000021007d50a90 code [0x0000021007d50c40, 0x0000021007d50e80]
Event: 94.367 Thread 0x0000021013acc2c0 4511       4       jdk.internal.jimage.ImageLocation::getAttribute (44 bytes)
Event: 94.368 Thread 0x0000021013acc2c0 nmethod 4511 0x0000021007d51110 code [0x0000021007d512a0, 0x0000021007d51388]
Event: 94.368 Thread 0x0000021013acc2c0 4491       4       java.util.regex.Pattern$LastNode::match (45 bytes)
Event: 94.369 Thread 0x0000021013acc2c0 nmethod 4491 0x0000021007d51490 code [0x0000021007d51620, 0x0000021007d51738]
Event: 94.369 Thread 0x0000021013acc2c0 4488       4       java.lang.StringBuilder::<init> (6 bytes)
Event: 94.371 Thread 0x0000021013acc2c0 nmethod 4488 0x0000021007d51890 code [0x0000021007d51a20, 0x0000021007d51c88]
Event: 94.388 Thread 0x0000021013acc2c0 4535       4       java.util.regex.Pattern::compile (537 bytes)
Event: 94.462 Thread 0x0000021013b3d090 4539   !   3       java.nio.ByteBuffer::getArray (121 bytes)
Event: 94.463 Thread 0x0000021013b3d090 nmethod 4539 0x00000210008ce110 code [0x00000210008ce3a0, 0x00000210008cef70]
Event: 94.463 Thread 0x0000021013b3d090 4538       3       java.nio.ByteBuffer::get (54 bytes)
Event: 94.464 Thread 0x0000021013b3d090 nmethod 4538 0x00000210008cf590 code [0x00000210008cf7a0, 0x00000210008cfc70]
Event: 94.498 Thread 0x0000021013b3d090 4541       1       java.nio.DirectByteBuffer::attachment (5 bytes)
Event: 94.498 Thread 0x0000021013b3d090 nmethod 4541 0x0000021007d51d90 code [0x0000021007d51f20, 0x0000021007d51fe8]

GC Heap History (10 events):
Event: 6.914 GC heap before
{Heap before GC invocations=0 (full 0):
 garbage-first heap   total 253952K, used 23552K [0x00000000a0000000, 0x0000000100000000)
  region size 1024K, 23 young (23552K), 0 survivors (0K)
 Metaspace       used 903K, committed 1024K, reserved 1114112K
  class space    used 72K, committed 128K, reserved 1048576K
}
Event: 7.167 GC heap after
{Heap after GC invocations=1 (full 0):
 garbage-first heap   total 253952K, used 1536K [0x00000000a0000000, 0x0000000100000000)
  region size 1024K, 2 young (2048K), 2 survivors (2048K)
 Metaspace       used 903K, committed 1024K, reserved 1114112K
  class space    used 72K, committed 128K, reserved 1048576K
}
Event: 13.144 GC heap before
{Heap before GC invocations=1 (full 0):
 garbage-first heap   total 253952K, used 40448K [0x00000000a0000000, 0x0000000100000000)
  region size 1024K, 38 young (38912K), 2 survivors (2048K)
 Metaspace       used 4430K, committed 4608K, reserved 1114112K
  class space    used 559K, committed 640K, reserved 1048576K
}
Event: 13.153 GC heap after
{Heap after GC invocations=2 (full 0):
 garbage-first heap   total 253952K, used 10788K [0x00000000a0000000, 0x0000000100000000)
  region size 1024K, 5 young (5120K), 5 survivors (5120K)
 Metaspace       used 4430K, committed 4608K, reserved 1114112K
  class space    used 559K, committed 640K, reserved 1048576K
}
Event: 53.983 GC heap before
{Heap before GC invocations=2 (full 0):
 garbage-first heap   total 253952K, used 154148K [0x00000000a0000000, 0x0000000100000000)
  region size 1024K, 143 young (146432K), 5 survivors (5120K)
 Metaspace       used 20038K, committed 20736K, reserved 1114112K
  class space    used 2940K, committed 3264K, reserved 1048576K
}
Event: 54.029 GC heap after
{Heap after GC invocations=3 (full 0):
 garbage-first heap   total 253952K, used 23722K [0x00000000a0000000, 0x0000000100000000)
  region size 1024K, 17 young (17408K), 17 survivors (17408K)
 Metaspace       used 20038K, committed 20736K, reserved 1114112K
  class space    used 2940K, committed 3264K, reserved 1048576K
}
Event: 58.230 GC heap before
{Heap before GC invocations=3 (full 0):
 garbage-first heap   total 253952K, used 29866K [0x00000000a0000000, 0x0000000100000000)
  region size 1024K, 24 young (24576K), 17 survivors (17408K)
 Metaspace       used 20836K, committed 21504K, reserved 1114112K
  class space    used 3064K, committed 3392K, reserved 1048576K
}
Event: 58.246 GC heap after
{Heap after GC invocations=4 (full 0):
 garbage-first heap   total 253952K, used 25106K [0x00000000a0000000, 0x0000000100000000)
  region size 1024K, 2 young (2048K), 2 survivors (2048K)
 Metaspace       used 20836K, committed 21504K, reserved 1114112K
  class space    used 3064K, committed 3392K, reserved 1048576K
}
Event: 90.726 GC heap before
{Heap before GC invocations=5 (full 0):
 garbage-first heap   total 86016K, used 74258K [0x00000000a0000000, 0x0000000100000000)
  region size 1024K, 50 young (51200K), 2 survivors (2048K)
 Metaspace       used 26976K, committed 27968K, reserved 1114112K
  class space    used 4072K, committed 4544K, reserved 1048576K
}
Event: 90.733 GC heap after
{Heap after GC invocations=6 (full 0):
 garbage-first heap   total 86016K, used 26218K [0x00000000a0000000, 0x0000000100000000)
  region size 1024K, 3 young (3072K), 3 survivors (3072K)
 Metaspace       used 26976K, committed 27968K, reserved 1114112K
  class space    used 4072K, committed 4544K, reserved 1048576K
}

Dll operation events (20 events):
Event: 0.492 Attempting to load shared library C:\Users\Lucas Hernandez\.vscode\extensions\redhat.java-1.56.0-win32-x64\jre\21.0.12.1-win32-x86_64\bin\nio.dll
Event: 0.493 Loaded shared library C:\Users\Lucas Hernandez\.vscode\extensions\redhat.java-1.56.0-win32-x64\jre\21.0.12.1-win32-x86_64\bin\nio.dll
Event: 0.505 Attempting to load shared library C:\Users\Lucas Hernandez\.vscode\extensions\redhat.java-1.56.0-win32-x64\jre\21.0.12.1-win32-x86_64\bin\zip.dll
Event: 0.505 Loaded shared library C:\Users\Lucas Hernandez\.vscode\extensions\redhat.java-1.56.0-win32-x64\jre\21.0.12.1-win32-x86_64\bin\zip.dll
Event: 7.194 Attempting to load shared library C:\Users\Lucas Hernandez\.vscode\extensions\redhat.java-1.56.0-win32-x64\jre\21.0.12.1-win32-x86_64\bin\jimage.dll
Event: 7.194 Loaded shared library C:\Users\Lucas Hernandez\.vscode\extensions\redhat.java-1.56.0-win32-x64\jre\21.0.12.1-win32-x86_64\bin\jimage.dll
Event: 8.975 Attempting to load shared library C:\Users\Lucas Hernandez\.vscode\extensions\redhat.java-1.56.0-win32-x64\jre\21.0.12.1-win32-x86_64\bin\verify.dll
Event: 8.975 Loaded shared library C:\Users\Lucas Hernandez\.vscode\extensions\redhat.java-1.56.0-win32-x64\jre\21.0.12.1-win32-x86_64\bin\verify.dll
Event: 9.945 Attempting to load shared library C:\Users\Lucas Hernandez\.gradle\native\1def1411415f61bf3af743bc5b6707747c0891f09f0c88961ee8f79bc544acac\windows-amd64\native-platform.dll
Event: 9.946 Loaded shared library C:\Users\Lucas Hernandez\.gradle\native\1def1411415f61bf3af743bc5b6707747c0891f09f0c88961ee8f79bc544acac\windows-amd64\native-platform.dll
Event: 9.975 Attempting to load shared library C:\Users\Lucas Hernandez\.gradle\native\0.2.7\x86_64-windows-gnu\gradle-fileevents.dll
Event: 9.991 Loaded shared library C:\Users\Lucas Hernandez\.gradle\native\0.2.7\x86_64-windows-gnu\gradle-fileevents.dll
Event: 23.551 Attempting to load shared library C:\Users\Lucas Hernandez\.vscode\extensions\redhat.java-1.56.0-win32-x64\jre\21.0.12.1-win32-x86_64\bin\management.dll
Event: 23.552 Loaded shared library C:\Users\Lucas Hernandez\.vscode\extensions\redhat.java-1.56.0-win32-x64\jre\21.0.12.1-win32-x86_64\bin\management.dll
Event: 23.576 Attempting to load shared library C:\Users\Lucas Hernandez\.vscode\extensions\redhat.java-1.56.0-win32-x64\jre\21.0.12.1-win32-x86_64\bin\management_ext.dll
Event: 23.578 Loaded shared library C:\Users\Lucas Hernandez\.vscode\extensions\redhat.java-1.56.0-win32-x64\jre\21.0.12.1-win32-x86_64\bin\management_ext.dll
Event: 25.866 Attempting to load shared library C:\Users\Lucas Hernandez\.vscode\extensions\redhat.java-1.56.0-win32-x64\jre\21.0.12.1-win32-x86_64\bin\extnet.dll
Event: 25.867 Loaded shared library C:\Users\Lucas Hernandez\.vscode\extensions\redhat.java-1.56.0-win32-x64\jre\21.0.12.1-win32-x86_64\bin\extnet.dll
Event: 29.771 Attempting to load shared library C:\Users\Lucas Hernandez\.vscode\extensions\redhat.java-1.56.0-win32-x64\jre\21.0.12.1-win32-x86_64\bin\sunmscapi.dll
Event: 29.986 Loaded shared library C:\Users\Lucas Hernandez\.vscode\extensions\redhat.java-1.56.0-win32-x64\jre\21.0.12.1-win32-x86_64\bin\sunmscapi.dll

Deoptimization events (20 events):
Event: 93.990 Thread 0x0000021059898a80 Uncommon trap: trap_request=0xffffffc6 fr.pc=0x0000021007d2ac78 relative=0x0000000000000118
Event: 93.990 Thread 0x0000021059898a80 Uncommon trap: reason=bimorphic_or_optimized_type_check action=maybe_recompile pc=0x0000021007d2ac78 method=java.util.stream.MatchOps$1MatchSink.accept(Ljava/lang/Object;)V @ 12 c2
Event: 93.990 Thread 0x0000021059898a80 DEOPT PACKING pc=0x0000021007d2ac78 sp=0x0000007d5fdf7fa0
Event: 93.990 Thread 0x0000021059898a80 DEOPT UNPACKING pc=0x0000021007584422 sp=0x0000007d5fdf7f38 mode 2
Event: 93.990 Thread 0x0000021059898a80 Uncommon trap: trap_request=0xffffffc6 fr.pc=0x0000021007d2ac78 relative=0x0000000000000118
Event: 93.990 Thread 0x0000021059898a80 Uncommon trap: reason=bimorphic_or_optimized_type_check action=maybe_recompile pc=0x0000021007d2ac78 method=java.util.stream.MatchOps$1MatchSink.accept(Ljava/lang/Object;)V @ 12 c2
Event: 93.990 Thread 0x0000021059898a80 DEOPT PACKING pc=0x0000021007d2ac78 sp=0x0000007d5fdf7fa0
Event: 93.994 Thread 0x0000021059898a80 DEOPT UNPACKING pc=0x0000021007584422 sp=0x0000007d5fdf7f38 mode 2
Event: 93.994 Thread 0x0000021059898a80 Uncommon trap: trap_request=0xffffffc6 fr.pc=0x0000021007d2ac78 relative=0x0000000000000118
Event: 93.994 Thread 0x0000021059898a80 Uncommon trap: reason=bimorphic_or_optimized_type_check action=maybe_recompile pc=0x0000021007d2ac78 method=java.util.stream.MatchOps$1MatchSink.accept(Ljava/lang/Object;)V @ 12 c2
Event: 93.994 Thread 0x0000021059898a80 DEOPT PACKING pc=0x0000021007d2ac78 sp=0x0000007d5fdf7fa0
Event: 93.995 Thread 0x0000021059898a80 DEOPT UNPACKING pc=0x0000021007584422 sp=0x0000007d5fdf7f38 mode 2
Event: 93.995 Thread 0x0000021059898a80 Uncommon trap: trap_request=0xffffffc6 fr.pc=0x0000021007d2ac78 relative=0x0000000000000118
Event: 93.995 Thread 0x0000021059898a80 Uncommon trap: reason=bimorphic_or_optimized_type_check action=maybe_recompile pc=0x0000021007d2ac78 method=java.util.stream.MatchOps$1MatchSink.accept(Ljava/lang/Object;)V @ 12 c2
Event: 93.995 Thread 0x0000021059898a80 DEOPT PACKING pc=0x0000021007d2ac78 sp=0x0000007d5fdf7fa0
Event: 93.995 Thread 0x0000021059898a80 DEOPT UNPACKING pc=0x0000021007584422 sp=0x0000007d5fdf7f38 mode 2
Event: 94.096 Thread 0x0000021059898a80 Uncommon trap: trap_request=0xffffff6e fr.pc=0x0000021007d41308 relative=0x00000000000007c8
Event: 94.096 Thread 0x0000021059898a80 Uncommon trap: reason=loop_limit_check action=maybe_recompile pc=0x0000021007d41308 method=java.util.regex.Pattern$Start.match(Ljava/util/regex/Matcher;ILjava/lang/CharSequence;)Z @ 34 c2
Event: 94.096 Thread 0x0000021059898a80 DEOPT PACKING pc=0x0000021007d41308 sp=0x0000007d5fdf82d0
Event: 94.096 Thread 0x0000021059898a80 DEOPT UNPACKING pc=0x0000021007584422 sp=0x0000007d5fdf8220 mode 2

Classes loaded (20 events):
Event: 94.142 Loading class jdk/internal/jimage/ImageReader$Directory
Event: 94.142 Loading class jdk/internal/jimage/ImageReader$Node
Event: 94.143 Loading class jdk/internal/jimage/ImageReader$Node done
Event: 94.143 Loading class jdk/internal/jimage/ImageReader$Directory done
Event: 94.143 Loading class jdk/internal/jrtfs/SystemImage$1
Event: 94.143 Loading class jdk/internal/jrtfs/SystemImage$1 done
Event: 94.143 Loading class jdk/internal/jimage/ImageReader$SharedImageReader$LocationVisitor
Event: 94.143 Loading class jdk/internal/jimage/ImageReader$SharedImageReader$LocationVisitor done
Event: 94.145 Loading class java/nio/ByteBufferAsIntBufferL
Event: 94.146 Loading class java/nio/ByteBufferAsIntBufferL done
Event: 94.155 Loading class jdk/internal/jrtfs/JrtFileAttributes
Event: 94.155 Loading class jdk/internal/jrtfs/JrtFileAttributes done
Event: 94.156 Loading class jdk/internal/jrtfs/JrtDirectoryStream
Event: 94.157 Loading class jdk/internal/jrtfs/JrtDirectoryStream done
Event: 94.160 Loading class jdk/internal/jrtfs/JrtDirectoryStream$1
Event: 94.161 Loading class jdk/internal/jrtfs/JrtDirectoryStream$1 done
Event: 94.161 Loading class java/util/function/BooleanSupplier
Event: 94.161 Loading class java/util/function/BooleanSupplier done
Event: 94.165 Loading class jdk/internal/jimage/ImageReader$Resource
Event: 94.165 Loading class jdk/internal/jimage/ImageReader$Resource done

Classes unloaded (0 events):
No events

Classes redefined (0 events):
No events

Internal exceptions (20 events):
Event: 90.392 Thread 0x0000021059898a80 Exception <a 'java/lang/NoSuchMethodError'{0x00000000a22962c8}: 'void java.lang.invoke.DirectMethodHandle$Holder.invokeInterface(java.lang.Object, java.lang.Object, java.lang.Object, java.lang.Object, java.lang.Object, java.lang.Object, java.lang.Object)'> (0x00000000a22962c8) 
thrown [s\src\hotspot\share\interpreter\linkResolver.cpp, line 773]
Event: 90.441 Thread 0x0000021059898a80 Exception <a 'java/lang/NoSuchMethodError'{0x00000000a229ac50}: 'void java.lang.invoke.DelegatingMethodHandle$Holder.reinvoke_L(java.lang.Object, java.lang.Object, java.lang.Object, java.lang.Object, java.lang.Object, java.lang.Object, java.lang.Object)'> (0x00000000a229ac50) 
thrown [s\src\hotspot\share\interpreter\linkResolver.cpp, line 773]
Event: 90.998 Thread 0x0000021059898a80 Exception <a 'java/lang/NoSuchMethodError'{0x00000000af0a2d58}: 'java.lang.Object java.lang.invoke.DirectMethodHandle$Holder.invokeStaticInit(java.lang.Object, java.lang.Object, java.lang.Object, java.lang.Object, java.lang.Object, java.lang.Object, java.lang.Object)'> (0x00000000af0a2d58) 
thrown [s\src\hotspot\share\interpreter\linkResolver.cpp, line 773]
Event: 91.025 Thread 0x0000021059898a80 Exception <a 'java/lang/NoSuchMethodError'{0x00000000af0c88b8}: 'java.lang.Object java.lang.invoke.DirectMethodHandle$Holder.invokeSpecial(java.lang.Object, java.lang.Object, java.lang.Object, int, java.lang.Object, java.lang.Object)'> (0x00000000af0c88b8) 
thrown [s\src\hotspot\share\interpreter\linkResolver.cpp, line 773]
Event: 91.711 Thread 0x0000021059898a80 Implicit null exception at 0x0000021007c18a34 to 0x0000021007c18f54
Event: 91.711 Thread 0x0000021059898a80 Implicit null exception at 0x0000021007cca518 to 0x0000021007cca894
Event: 91.711 Thread 0x0000021059898a80 Implicit null exception at 0x0000021007cd9dad to 0x0000021007cda848
Event: 91.711 Thread 0x0000021059898a80 Exception <a 'java/lang/NoSuchMethodError'{0x00000000a4c24628}: 'java.lang.reflect.Method[] java.lang.Class.getDeclaredMethods(java.lang.Class)'> (0x00000000a4c24628) 
thrown [s\src\hotspot\share\interpreter\linkResolver.cpp, line 773]
Event: 91.782 Thread 0x0000021059898a80 Exception <a 'java/lang/NoSuchMethodError'{0x00000000a4ca1c98}: 'java.lang.Object java.lang.invoke.DirectMethodHandle$Holder.invokeStaticInit(java.lang.Object, java.lang.Object, java.lang.Object)'> (0x00000000a4ca1c98) 
thrown [s\src\hotspot\share\interpreter\linkResolver.cpp, line 773]
Event: 91.881 Thread 0x0000021059898a80 Exception <a 'java/lang/NoSuchMethodError'{0x00000000a4bbae28}: 'void java.lang.invoke.DirectMethodHandle$Holder.invokeStaticInit(java.lang.Object, java.lang.Object, java.lang.Object)'> (0x00000000a4bbae28) 
thrown [s\src\hotspot\share\interpreter\linkResolver.cpp, line 773]
Event: 92.010 Thread 0x0000021059898a80 Exception <a 'java/lang/NoSuchMethodError'{0x00000000a4bdefc0}: 'void java.lang.invoke.DirectMethodHandle$Holder.invokeStaticInit(java.lang.Object, java.lang.Object, java.lang.Object, java.lang.Object, java.lang.Object)'> (0x00000000a4bdefc0) 
thrown [s\src\hotspot\share\interpreter\linkResolver.cpp, line 773]
Event: 92.118 Thread 0x0000021059898a80 Exception <a 'java/lang/NoSuchMethodError'{0x00000000a4a38278}: 'int java.lang.invoke.DirectMethodHandle$Holder.invokeStaticInit(java.lang.Object, java.lang.Object, java.lang.Object, java.lang.Object)'> (0x00000000a4a38278) 
thrown [s\src\hotspot\share\interpreter\linkResolver.cpp, line 773]
Event: 93.231 Thread 0x0000021059898a80 Exception <a 'java/lang/ClassNotFoundException'{0x00000000a4097aa0}: groovy/lang/ExpandoMetaClassBeanInfo> (0x00000000a4097aa0) 
thrown [s\src\hotspot\share\classfile\systemDictionary.cpp, line 313]
Event: 93.231 Thread 0x0000021059898a80 Exception <a 'java/lang/ClassNotFoundException'{0x00000000a40a02b8}: groovy/lang/MetaClassImplBeanInfo> (0x00000000a40a02b8) 
thrown [s\src\hotspot\share\classfile\systemDictionary.cpp, line 313]
Event: 93.232 Thread 0x0000021059898a80 Exception <a 'java/lang/ClassNotFoundException'{0x00000000a40a4ea0}: java/lang/ObjectBeanInfo> (0x00000000a40a4ea0) 
thrown [s\src\hotspot\share\classfile\systemDictionary.cpp, line 313]
Event: 93.234 Thread 0x0000021059898a80 Exception <a 'java/lang/ClassNotFoundException'{0x00000000a40aaa98}: java/lang/ObjectCustomizer> (0x00000000a40aaa98) 
thrown [s\src\hotspot\share\classfile\systemDictionary.cpp, line 313]
Event: 93.246 Thread 0x0000021059898a80 Exception <a 'java/lang/IncompatibleClassChangeError'{0x00000000a40bb448}: Found class java.lang.Object, but interface was expected> (0x00000000a40bb448) 
thrown [s\src\hotspot\share\interpreter\linkResolver.cpp, line 840]
Event: 93.260 Thread 0x0000021059898a80 Exception <a 'java/lang/ClassNotFoundException'{0x00000000a40d58b0}: groovy/lang/MetaClassImplCustomizer> (0x00000000a40d58b0) 
thrown [s\src\hotspot\share\classfile\systemDictionary.cpp, line 313]
Event: 93.279 Thread 0x0000021059898a80 Exception <a 'java/lang/ClassNotFoundException'{0x00000000a40ff850}: groovy/lang/ExpandoMetaClassCustomizer> (0x00000000a40ff850) 
thrown [s\src\hotspot\share\classfile\systemDictionary.cpp, line 313]
Event: 93.751 Thread 0x0000021059898a80 Exception <a 'java/lang/NoSuchMethodError'{0x00000000a3910330}: 'java.lang.Object java.lang.invoke.DirectMethodHandle$Holder.invokeStatic(java.lang.Object, int, java.lang.Object)'> (0x00000000a3910330) 
thrown [s\src\hotspot\share\interpreter\linkResolver.cpp, line 773]

ZGC Phase Switch (0 events):
No events

VM Operations (20 events):
Event: 90.726 Executing safepoint VM operation: G1CollectForAllocation (G1 Evacuation Pause)
Event: 90.733 Executing safepoint VM operation: G1CollectForAllocation (G1 Evacuation Pause) done
Event: 91.663 Executing non-safepoint VM operation: HandshakeAllThreads (Deoptimize)
Event: 91.663 Executing non-safepoint VM operation: HandshakeAllThreads (Deoptimize) done
Event: 92.530 Executing non-safepoint VM operation: HandshakeAllThreads (Deoptimize)
Event: 92.530 Executing non-safepoint VM operation: HandshakeAllThreads (Deoptimize) done
Event: 92.530 Executing safepoint VM operation: Cleanup
Event: 92.530 Executing safepoint VM operation: Cleanup done
Event: 93.055 Executing non-safepoint VM operation: HandshakeAllThreads (Deoptimize)
Event: 93.055 Executing non-safepoint VM operation: HandshakeAllThreads (Deoptimize) done
Event: 93.406 Executing non-safepoint VM operation: HandshakeAllThreads (Deoptimize)
Event: 93.406 Executing non-safepoint VM operation: HandshakeAllThreads (Deoptimize) done
Event: 93.588 Executing non-safepoint VM operation: HandshakeAllThreads (Deoptimize)
Event: 93.588 Executing non-safepoint VM operation: HandshakeAllThreads (Deoptimize) done
Event: 93.588 Executing safepoint VM operation: Cleanup
Event: 93.588 Executing safepoint VM operation: Cleanup done
Event: 93.622 Executing non-safepoint VM operation: HandshakeAllThreads (Deoptimize)
Event: 93.622 Executing non-safepoint VM operation: HandshakeAllThreads (Deoptimize) done
Event: 94.147 Executing non-safepoint VM operation: HandshakeAllThreads (Deoptimize)
Event: 94.147 Executing non-safepoint VM operation: HandshakeAllThreads (Deoptimize) done

Memory protections (0 events):
No events

Nmethod flushes (0 events):
No events

Events (20 events):
Event: 23.891 Thread 0x000002107a7c5190 Thread added: 0x0000021059e88660
Event: 28.054 Thread 0x000002107a7c5190 Thread added: 0x000002105a1bb630
Event: 29.406 Thread 0x000002107a7c5190 Thread added: 0x000002105a1bab10
Event: 30.187 Thread 0x000002105a1bb630 Thread added: 0x000002105a688fa0
Event: 30.196 Thread 0x000002105a688fa0 Thread added: 0x0000021059a3ddd0
Event: 30.335 Thread 0x000002105a688fa0 Thread added: 0x0000021059895c90
Event: 30.359 Thread 0x000002105a688fa0 Thread added: 0x0000021059898a80
Event: 30.393 Thread 0x0000021059898a80 Thread added: 0x0000021059896320
Event: 30.415 Thread 0x0000021059898a80 Thread added: 0x0000021059899110
Event: 30.426 Thread 0x0000021059898a80 Thread added: 0x00000210598969b0
Event: 35.442 Thread 0x0000021059898a80 Thread added: 0x00000210598983f0
Event: 35.580 Thread 0x0000021059898a80 Thread added: 0x0000021059897040
Event: 36.893 Thread 0x0000021059897040 Thread added: 0x0000021059897d60
Event: 37.679 Thread 0x0000021059898a80 Thread added: 0x00000210598976d0
Event: 60.291 Thread 0x0000021059898a80 Thread added: 0x000002105c08b540
Event: 60.550 Thread 0x0000021059898a80 Thread added: 0x000002105c0880c0
Event: 65.273 Thread 0x0000021059898a80 Thread added: 0x000002105c088750
Event: 65.531 Thread 0x0000021059898a80 Thread added: 0x000002105c088de0
Event: 74.978 Thread 0x0000021059898a80 Thread added: 0x000002105c08c8f0
Event: 89.411 Thread 0x0000021059898a80 Thread added: 0x000002105c08c260


Dynamic libraries:
0x00007ff61a400000 - 0x00007ff61a40e000 	C:\Users\Lucas Hernandez\.vscode\extensions\redhat.java-1.56.0-win32-x64\jre\21.0.12.1-win32-x86_64\bin\java.exe
0x00007ffa77d80000 - 0x00007ffa77fe7000 	C:\WINDOWS\SYSTEM32\ntdll.dll
0x00007ffa765c0000 - 0x00007ffa7668b000 	C:\WINDOWS\System32\KERNEL32.DLL
0x00007ffa74f80000 - 0x00007ffa75382000 	C:\WINDOWS\System32\KERNELBASE.dll
0x00007ffa75940000 - 0x00007ffa75a8c000 	C:\WINDOWS\System32\ucrtbase.dll
0x00007ffa54440000 - 0x00007ffa54458000 	C:\Users\Lucas Hernandez\.vscode\extensions\redhat.java-1.56.0-win32-x64\jre\21.0.12.1-win32-x86_64\bin\jli.dll
0x00007ffa76d80000 - 0x00007ffa76f4f000 	C:\WINDOWS\System32\USER32.dll
0x00007ffa75630000 - 0x00007ffa75657000 	C:\WINDOWS\System32\win32u.dll
0x00007ffa76590000 - 0x00007ffa765bb000 	C:\WINDOWS\System32\GDI32.dll
0x00007ffa75390000 - 0x00007ffa754b9000 	C:\WINDOWS\System32\gdi32full.dll
0x00007ffa75580000 - 0x00007ffa75623000 	C:\WINDOWS\System32\msvcp_win.dll
0x00007ffa55230000 - 0x00007ffa5524e000 	C:\Users\Lucas Hernandez\.vscode\extensions\redhat.java-1.56.0-win32-x64\jre\21.0.12.1-win32-x86_64\bin\VCRUNTIME140.dll
0x00007ffa626a0000 - 0x00007ffa62930000 	C:\WINDOWS\WinSxS\amd64_microsoft.windows.common-controls_6595b64144ccf1df_6.0.26100.9278_none_3e0d1ba8e3303201\COMCTL32.dll
0x00007ffa77060000 - 0x00007ffa77109000 	C:\WINDOWS\System32\msvcrt.dll
0x00007ffa75db0000 - 0x00007ffa75de1000 	C:\WINDOWS\System32\IMM32.DLL
0x00007ffa60070000 - 0x00007ffa6007c000 	C:\Users\Lucas Hernandez\.vscode\extensions\redhat.java-1.56.0-win32-x64\jre\21.0.12.1-win32-x86_64\bin\vcruntime140_1.dll
0x00007ffa258a0000 - 0x00007ffa2592d000 	C:\Users\Lucas Hernandez\.vscode\extensions\redhat.java-1.56.0-win32-x64\jre\21.0.12.1-win32-x86_64\bin\msvcp140.dll
0x00007ff9a90d0000 - 0x00007ff9a9e72000 	C:\Users\Lucas Hernandez\.vscode\extensions\redhat.java-1.56.0-win32-x64\jre\21.0.12.1-win32-x86_64\bin\server\jvm.dll
0x00007ffa76b60000 - 0x00007ffa76c1c000 	C:\WINDOWS\System32\ADVAPI32.dll
0x00007ffa771a0000 - 0x00007ffa77249000 	C:\WINDOWS\System32\sechost.dll
0x00007ffa76a40000 - 0x00007ffa76b58000 	C:\WINDOWS\System32\RPCRT4.dll
0x00007ffa75c10000 - 0x00007ffa75c90000 	C:\WINDOWS\System32\WS2_32.dll
0x00007ffa74e00000 - 0x00007ffa74e5e000 	C:\WINDOWS\SYSTEM32\POWRPROF.dll
0x00007ffa6c150000 - 0x00007ffa6c186000 	C:\WINDOWS\SYSTEM32\WINMM.dll
0x00007ffa6cd30000 - 0x00007ffa6cd3b000 	C:\WINDOWS\SYSTEM32\VERSION.dll
0x00007ffa74de0000 - 0x00007ffa74df5000 	C:\WINDOWS\SYSTEM32\UMPDC.dll
0x00007ffa73c30000 - 0x00007ffa73c4b000 	C:\WINDOWS\SYSTEM32\kernel.appcore.dll
0x00007ffa5ff20000 - 0x00007ffa5ff2a000 	C:\Users\Lucas Hernandez\.vscode\extensions\redhat.java-1.56.0-win32-x64\jre\21.0.12.1-win32-x86_64\bin\jimage.dll
0x00007ffa68aa0000 - 0x00007ffa68cec000 	C:\WINDOWS\SYSTEM32\DBGHELP.DLL
0x00007ffa766b0000 - 0x00007ffa76a35000 	C:\WINDOWS\System32\combase.dll
0x00007ffa776e0000 - 0x00007ffa777b9000 	C:\WINDOWS\System32\OLEAUT32.dll
0x00007ffa5e7b0000 - 0x00007ffa5e7eb000 	C:\WINDOWS\SYSTEM32\dbgcore.DLL
0x00007ffa75880000 - 0x00007ffa7592c000 	C:\WINDOWS\System32\bcryptPrimitives.dll
0x00007ffa58db0000 - 0x00007ffa58dbf000 	C:\Users\Lucas Hernandez\.vscode\extensions\redhat.java-1.56.0-win32-x64\jre\21.0.12.1-win32-x86_64\bin\instrument.dll
0x00007ffa54380000 - 0x00007ffa543a0000 	C:\Users\Lucas Hernandez\.vscode\extensions\redhat.java-1.56.0-win32-x64\jre\21.0.12.1-win32-x86_64\bin\java.dll
0x00007ffa75df0000 - 0x00007ffa76588000 	C:\WINDOWS\System32\SHELL32.dll
0x00007ffa729c0000 - 0x00007ffa7326e000 	C:\WINDOWS\SYSTEM32\windows.storage.dll
0x00007ffa76f60000 - 0x00007ffa7705b000 	C:\WINDOWS\System32\SHCORE.dll
0x00007ffa77b40000 - 0x00007ffa77ba6000 	C:\WINDOWS\System32\shlwapi.dll
0x00007ffa74ea0000 - 0x00007ffa74ec9000 	C:\WINDOWS\SYSTEM32\profapi.dll
0x00007ffa54120000 - 0x00007ffa54138000 	C:\Users\Lucas Hernandez\.vscode\extensions\redhat.java-1.56.0-win32-x64\jre\21.0.12.1-win32-x86_64\bin\zip.dll
0x00007ffa5f810000 - 0x00007ffa5f820000 	C:\Users\Lucas Hernandez\.vscode\extensions\redhat.java-1.56.0-win32-x64\jre\21.0.12.1-win32-x86_64\bin\net.dll
0x00007ffa6ca10000 - 0x00007ffa6cb3a000 	C:\WINDOWS\SYSTEM32\WINHTTP.dll
0x00007ffa74210000 - 0x00007ffa7427c000 	C:\WINDOWS\system32\mswsock.dll
0x00007ffa53680000 - 0x00007ffa53696000 	C:\Users\Lucas Hernandez\.vscode\extensions\redhat.java-1.56.0-win32-x64\jre\21.0.12.1-win32-x86_64\bin\nio.dll
0x00007ffa57e70000 - 0x00007ffa57e80000 	C:\Users\Lucas Hernandez\.vscode\extensions\redhat.java-1.56.0-win32-x64\jre\21.0.12.1-win32-x86_64\bin\verify.dll
0x00007ffa47ff0000 - 0x00007ffa48017000 	C:\Users\Lucas Hernandez\.gradle\native\1def1411415f61bf3af743bc5b6707747c0891f09f0c88961ee8f79bc544acac\windows-amd64\native-platform.dll
0x00007ffa25c60000 - 0x00007ffa25cd8000 	C:\Users\Lucas Hernandez\.gradle\native\0.2.7\x86_64-windows-gnu\gradle-fileevents.dll
0x00007ffa6fe70000 - 0x00007ffa6fe7a000 	C:\Users\Lucas Hernandez\.vscode\extensions\redhat.java-1.56.0-win32-x64\jre\21.0.12.1-win32-x86_64\bin\management.dll
0x00007ffa6fe60000 - 0x00007ffa6fe6c000 	C:\Users\Lucas Hernandez\.vscode\extensions\redhat.java-1.56.0-win32-x64\jre\21.0.12.1-win32-x86_64\bin\management_ext.dll
0x00007ffa77c00000 - 0x00007ffa77c08000 	C:\WINDOWS\System32\PSAPI.DLL
0x00007ffa735d0000 - 0x00007ffa73603000 	C:\WINDOWS\SYSTEM32\IPHLPAPI.DLL
0x00007ffa77c10000 - 0x00007ffa77c1a000 	C:\WINDOWS\System32\NSI.dll
0x00007ffa60960000 - 0x00007ffa60969000 	C:\Users\Lucas Hernandez\.vscode\extensions\redhat.java-1.56.0-win32-x64\jre\21.0.12.1-win32-x86_64\bin\extnet.dll
0x00007ffa74520000 - 0x00007ffa7453b000 	C:\WINDOWS\SYSTEM32\CRYPTSP.dll
0x00007ffa73b90000 - 0x00007ffa73bc9000 	C:\WINDOWS\system32\rsaenh.dll
0x00007ffa742c0000 - 0x00007ffa742f4000 	C:\WINDOWS\SYSTEM32\USERENV.dll
0x00007ffa74e70000 - 0x00007ffa74e9a000 	C:\WINDOWS\SYSTEM32\bcrypt.dll
0x00007ffa74500000 - 0x00007ffa7450c000 	C:\WINDOWS\SYSTEM32\CRYPTBASE.dll
0x00007ffa60950000 - 0x00007ffa6095e000 	C:\Users\Lucas Hernandez\.vscode\extensions\redhat.java-1.56.0-win32-x64\jre\21.0.12.1-win32-x86_64\bin\sunmscapi.dll
0x00007ffa756f0000 - 0x00007ffa7586e000 	C:\WINDOWS\System32\CRYPT32.dll
0x00007ffa74740000 - 0x00007ffa74770000 	C:\WINDOWS\SYSTEM32\ncrypt.dll
0x00007ffa746f0000 - 0x00007ffa7472f000 	C:\WINDOWS\SYSTEM32\NTASN1.dll
0x00007ffa3a230000 - 0x00007ffa3a238000 	C:\WINDOWS\system32\wshunix.dll

JVMTI agents:
C:\Users\Lucas Hernandez\.gradle\wrapper\dists\gradle-8.14.3-all\10utluxaxniiv4wxiphsi49nj\gradle-8.14.3\lib\agents\gradle-instrumentation-agent-8.14.3.jar path:C:\Users\Lucas Hernandez\.vscode\extensions\redhat.java-1.56.0-win32-x64\jre\21.0.12.1-win32-x86_64\bin\instrument.dll, loaded, initialized, instrumentlib options:none

dbghelp: loaded successfully - version: 4.0.5 - missing functions: none
symbol engine: initialized successfully - sym options: 0x614 - pdb path: .;C:\Users\Lucas Hernandez\.vscode\extensions\redhat.java-1.56.0-win32-x64\jre\21.0.12.1-win32-x86_64\bin;C:\WINDOWS\SYSTEM32;C:\WINDOWS\WinSxS\amd64_microsoft.windows.common-controls_6595b64144ccf1df_6.0.26100.9278_none_3e0d1ba8e3303201;C:\Users\Lucas Hernandez\.vscode\extensions\redhat.java-1.56.0-win32-x64\jre\21.0.12.1-win32-x86_64\bin\server;C:\Users\Lucas Hernandez\.gradle\native\1def1411415f61bf3af743bc5b6707747c0891f09f0c88961ee8f79bc544acac\windows-amd64;C:\Users\Lucas Hernandez\.gradle\native\0.2.7\x86_64-windows-gnu

VM Arguments:
jvm_args: --add-opens=java.base/java.lang=ALL-UNNAMED --add-opens=java.base/java.lang.invoke=ALL-UNNAMED --add-opens=java.base/java.util=ALL-UNNAMED --add-opens=java.prefs/java.util.prefs=ALL-UNNAMED --add-exports=jdk.compiler/com.sun.tools.javac.api=ALL-UNNAMED --add-exports=jdk.compiler/com.sun.tools.javac.util=ALL-UNNAMED --add-opens=java.base/java.util=ALL-UNNAMED --add-opens=java.prefs/java.util.prefs=ALL-UNNAMED --add-opens=java.base/java.nio.charset=ALL-UNNAMED --add-opens=java.base/java.net=ALL-UNNAMED --add-opens=java.base/java.util.concurrent.atomic=ALL-UNNAMED --add-opens=java.xml/javax.xml.namespace=ALL-UNNAMED -Xmx1536m -Dfile.encoding=UTF-8 -Duser.country=ES -Duser.language=es -Duser.variant -javaagent:C:\Users\Lucas Hernandez\.gradle\wrapper\dists\gradle-8.14.3-all\10utluxaxniiv4wxiphsi49nj\gradle-8.14.3\lib\agents\gradle-instrumentation-agent-8.14.3.jar 
java_command: org.gradle.launcher.daemon.bootstrap.GradleDaemon 8.14.3
java_class_path (initial): C:\Users\Lucas Hernandez\.gradle\wrapper\dists\gradle-8.14.3-all\10utluxaxniiv4wxiphsi49nj\gradle-8.14.3\lib\gradle-daemon-main-8.14.3.jar
Launcher Type: SUN_STANDARD

[Global flags]
     intx CICompilerCount                          = 4                                         {product} {ergonomic}
     uint ConcGCThreads                            = 3                                         {product} {ergonomic}
     uint G1ConcRefinementThreads                  = 10                                        {product} {ergonomic}
   size_t G1HeapRegionSize                         = 1048576                                   {product} {ergonomic}
    uintx GCDrainStackTargetSize                   = 64                                        {product} {ergonomic}
   size_t InitialHeapSize                          = 260046848                                 {product} {ergonomic}
   size_t MarkStackSize                            = 4194304                                   {product} {ergonomic}
   size_t MaxHeapSize                              = 1610612736                                {product} {command line}
   size_t MaxNewSize                               = 965738496                                 {product} {ergonomic}
   size_t MinHeapDeltaBytes                        = 1048576                                   {product} {ergonomic}
   size_t MinHeapSize                              = 8388608                                   {product} {ergonomic}
    uintx NonNMethodCodeHeapSize                   = 5839372                                {pd product} {ergonomic}
    uintx NonProfiledCodeHeapSize                  = 122909434                              {pd product} {ergonomic}
    uintx ProfiledCodeHeapSize                     = 122909434                              {pd product} {ergonomic}
    uintx ReservedCodeCacheSize                    = 251658240                              {pd product} {ergonomic}
     bool SegmentedCodeCache                       = true                                      {product} {ergonomic}
   size_t SoftMaxHeapSize                          = 1610612736                             {manageable} {ergonomic}
     bool UseCompressedOops                        = true                           {product lp64_product} {ergonomic}
     bool UseG1GC                                  = true                                      {product} {ergonomic}
     bool UseLargePagesIndividualAllocation        = false                                  {pd product} {ergonomic}

Logging:
Log output configuration:
 #0: stdout all=warning uptime,level,tags foldmultilines=false
 #1: stderr all=off uptime,level,tags foldmultilines=false

Release file:
JAVA_VERSION="21.0.12.1" 
MODULES="java.base java.compiler java.datatransfer java.xml java.prefs java.desktop java.instrument java.logging java.management java.security.sasl java.naming java.rmi java.management.rmi java.net.http java.scripting java.security.jgss java.transaction.xa java.sql java.sql.rowset java.xml.crypto java.se java.smartcardio jdk.accessibility jdk.internal.jvmstat jdk.attach jdk.charsets jdk.internal.opt jdk.zipfs jdk.compiler jdk.crypto.ec jdk.crypto.cryptoki jdk.crypto.mscapi jdk.dynalink jdk.internal.ed jdk.editpad jdk.hotspot.agent jdk.httpserver jdk.internal.le jdk.internal.vm.ci jdk.internal.vm.compiler jdk.internal.vm.compiler.management jdk.jartool jdk.javadoc jdk.jcmd jdk.management jdk.management.agent jdk.jconsole jdk.jdeps jdk.jdwp.agent jdk.jdi jdk.jfr jdk.jshell jdk.jsobject jdk.jstatd jdk.localedata jdk.management.jfr jdk.naming.dns jdk.naming.rmi jdk.net jdk.nio.mapmode jdk.random jdk.sctp jdk.security.auth jdk.security.jgss jdk.unsupported jdk.unsupported.desktop jdk.xml.dom" 

Environment Variables:
JAVA_HOME=C:\Program Files\Eclipse Adoptium\jdk-17.0.20.101-hotspot\
PATH=C:\Program Files\Eclipse Adoptium\jdk-17.0.20.101-hotspot\bin;C:\Users\Lucas Hernandez\AppData\Local\Programs\Python\Python314\Scripts\;C:\Users\Lucas Hernandez\AppData\Local\Programs\Python\Python314\;C:\app\dbhomeXE\bin;C:\WINDOWS\system32;C:\WINDOWS;C:\WINDOWS\System32\Wbem;C:\WINDOWS\System32\WindowsPowerShell\v1.0\;C:\WINDOWS\System32\OpenSSH\;C:\Program Files\Docker\Docker\resources\bin;C:\Program Files\nodejs\;C:\ProgramData\chocolatey\bin;C:\Program Files\dotnet\;C:\Program Files\Git\cmd;C:\Program Files\MySQL\MySQL Shell 8.0\bin\;C:\Users\Lucas Hernandez\AppData\Local\Microsoft\WindowsApps;C:\Program Files\JetBrains\IntelliJ IDEA 2025.2.2\bin;C:\Users\Lucas Hernandez\AppData\Local\GitHubDesktop\bin;C:\Users\Lucas Hernandez\AppData\Local\Programs\Microsoft VS Code\bin;C:\Users\Lucas Hernandez\AppData\Local\Python\bin;C:\Users\Lucas Hernandez\AppData\Local\Programs\cursor\resources\app\bin;C:\Users\Lucas Hernandez\AppData\Roaming\npm;C:\src\flutter\bin;;C:\Android\sdk\platform-tools;C:\Android\sdk\cmdline-tools\latest\bin;C:\Android\sdk\emulator
USERNAME=Lucas Hernandez
OS=Windows_NT
PROCESSOR_IDENTIFIER=AMD64 Family 23 Model 104 Stepping 1, AuthenticAMD
TMP=C:\Users\LUCASH~1\AppData\Local\Temp
TEMP=C:\Users\LUCASH~1\AppData\Local\Temp




Periodic native trim disabled

---------------  S Y S T E M  ---------------

OS:
 Windows 11 , 64 bit Build 26100 (10.0.26100.9444)
OS uptime: 11 days 18:59 hours
Hyper-V role detected

CPU: total 12 (initial active 12) (12 cores per cpu, 2 threads per core) family 23 model 104 stepping 1 microcode 0x8608103, cx8, cmov, fxsr, ht, mmx, 3dnowpref, sse, sse2, sse3, ssse3, sse4a, sse4.1, sse4.2, popcnt, lzcnt, tsc, tscinvbit, avx, avx2, aes, clmul, bmi1, bmi2, adx, sha, fma, vzeroupper, clflush, clflushopt, hv, rdtscp, rdpid, f16c
Processor Information for the first 12 processors :
  Max Mhz: 2100, Current Mhz: 2100, Mhz Limit: 2100

Memory: 4k page, system-wide physical 15754M (245M free)
TotalPageFile size 64906M (AvailPageFile size 1M)
current process WorkingSet (physical memory assigned to process): 177M, peak: 215M
current process commit charge ("private bytes"): 270M, peak: 411M

vm_info: OpenJDK 64-Bit Server VM (21.0.12.1+1-LTS) for windows-amd64 JRE (21.0.12.1+1-LTS), built on 2026-08-18T00:00:00Z by "admin" with MS VC++ 17.12 (VS2022)

END.
