#
# There is insufficient memory for the Java Runtime Environment to continue.
# Native memory allocation (malloc) failed to allocate 73760 bytes. Error detail: Chunk::new
# Possible reasons:
#   The system is out of physical RAM or swap space
#   This process is running with CompressedOops enabled, and the Java Heap may be blocking the growth of the native heap
# Possible solutions:
#   Reduce memory load on the system
#   Increase physical memory or swap space
#   Check if swap backing store is full
#   Decrease Java heap size (-Xmx/-Xms)
#   Decrease number of Java threads
#   Decrease Java thread stack sizes (-Xss)
#   Set larger code cache with -XX:ReservedCodeCacheSize=
#   JVM is running with Unscaled Compressed Oops mode in which the Java heap is
#     placed in the first 4GB address space. The Java Heap base address is the
#     maximum limit for the native heap growth. Please use -XX:HeapBaseMinAddress
#     to set the Java Heap base and to place the Java Heap above 4GB virtual address.
# This output file may be truncated or incomplete.
#
#  Out of Memory Error (arena.cpp:168), pid=39880, tid=7868
#
# JRE version: OpenJDK Runtime Environment Temurin-21.0.12.1+1 (21.0.12.1+1) (build 21.0.12.1+1-LTS)
# Java VM: OpenJDK 64-Bit Server VM Temurin-21.0.12.1+1 (21.0.12.1+1-LTS, mixed mode, sharing, tiered, compressed oops, compressed class ptrs, g1 gc, windows-amd64)
# No core dump will be written. Minidumps are not enabled by default on client versions of Windows
#

---------------  S U M M A R Y ------------

Command Line: --add-opens=java.base/java.lang=ALL-UNNAMED --add-opens=java.base/java.lang.invoke=ALL-UNNAMED --add-opens=java.base/java.util=ALL-UNNAMED --add-opens=java.prefs/java.util.prefs=ALL-UNNAMED --add-exports=jdk.compiler/com.sun.tools.javac.api=ALL-UNNAMED --add-exports=jdk.compiler/com.sun.tools.javac.util=ALL-UNNAMED --add-opens=java.base/java.util=ALL-UNNAMED --add-opens=java.prefs/java.util.prefs=ALL-UNNAMED --add-opens=java.base/java.nio.charset=ALL-UNNAMED --add-opens=java.base/java.net=ALL-UNNAMED --add-opens=java.base/java.util.concurrent.atomic=ALL-UNNAMED --add-opens=java.xml/javax.xml.namespace=ALL-UNNAMED -Xmx1536m -Dfile.encoding=UTF-8 -Duser.country=ES -Duser.language=es -Duser.variant -javaagent:C:\Users\Lucas Hernandez\.gradle\wrapper\dists\gradle-8.14.3-all\10utluxaxniiv4wxiphsi49nj\gradle-8.14.3\lib\agents\gradle-instrumentation-agent-8.14.3.jar org.gradle.launcher.daemon.bootstrap.GradleDaemon 8.14.3

Host: AMD Ryzen 5 7430U with Radeon Graphics, 12 cores, 15G,  Windows 11 , 64 bit Build 26100 (10.0.26100.9444)
Time: Wed Oct  7 16:16:52 2026 Hora de verano romance elapsed time: 265.005040 seconds (0d 0h 4m 25s)

---------------  T H R E A D  ---------------

Current thread (0x000002022541da00):  JavaThread "C2 CompilerThread0" daemon [_thread_in_native, id=7868, stack(0x0000005887a00000,0x0000005887b00000) (1024K)]


Current CompileTask:
C2:265005 5737       4       java.util.HashMap::resize (356 bytes)

Stack: [0x0000005887a00000,0x0000005887b00000]
Native frames: (J=compiled Java code, j=interpreted, Vv=VM code, C=native code)
V  [jvm.dll+0x6d83e9]
V  [jvm.dll+0x8b5736]
V  [jvm.dll+0x8b7cee]
V  [jvm.dll+0x8b83d3]
V  [jvm.dll+0x284596]
V  [jvm.dll+0xc685d]
V  [jvm.dll+0xc6da1]
V  [jvm.dll+0x3bf18b]
V  [jvm.dll+0x1e3da4]
V  [jvm.dll+0x24c853]
V  [jvm.dll+0x24bce0]
V  [jvm.dll+0x1cb4ae]
V  [jvm.dll+0x25baad]
V  [jvm.dll+0x25a03a]
V  [jvm.dll+0x3f8aae]
V  [jvm.dll+0x8600cd]
V  [jvm.dll+0x6d6c1d]
C  [ucrtbase.dll+0x2cd30]
C  [KERNEL32.DLL+0x2cd87]
C  [ntdll.dll+0xacaec]


---------------  P R O C E S S  ---------------

Threads class SMR info:
_java_thread_list=0x000002026c01de90, length=40, elements={
0x000002020e1f08f0, 0x0000020225415630, 0x00000202254175c0, 0x000002022541ad50,
0x000002022541b7b0, 0x000002022541c210, 0x000002022541cc70, 0x000002022541da00,
0x000002022541fee0, 0x0000020225670020, 0x000002022572b040, 0x000002026b31f2d0,
0x00000202255497f0, 0x000002026b295d00, 0x000002026b3a0750, 0x000002026b3a1190,
0x000002026b44f5a0, 0x000002026b44ef10, 0x000002026b44fc30, 0x000002026b44e880,
0x00000202255bb840, 0x00000202255bd280, 0x00000202255bbed0, 0x00000202255bc560,
0x00000202255bdfa0, 0x00000202255bd910, 0x00000202255bab20, 0x00000202255be630,
0x00000202255bb1b0, 0x00000202255bf350, 0x00000202255c0070, 0x00000202255c1420,
0x00000202255c1ab0, 0x00000202255bf9e0, 0x00000202255becc0, 0x000002026c65a2a0,
0x000002026c65a930, 0x000002026c65b650, 0x000002026c659580, 0x000002026c65ca00
}

Java Threads: ( => current thread )
  0x000002020e1f08f0 JavaThread "main"                              [_thread_blocked, id=40432, stack(0x0000005886c00000,0x0000005886d00000) (1024K)]
  0x0000020225415630 JavaThread "Reference Handler"          daemon [_thread_blocked, id=12592, stack(0x0000005887400000,0x0000005887500000) (1024K)]
  0x00000202254175c0 JavaThread "Finalizer"                  daemon [_thread_blocked, id=40268, stack(0x0000005887500000,0x0000005887600000) (1024K)]
  0x000002022541ad50 JavaThread "Signal Dispatcher"          daemon [_thread_blocked, id=9964, stack(0x0000005887600000,0x0000005887700000) (1024K)]
  0x000002022541b7b0 JavaThread "Attach Listener"            daemon [_thread_blocked, id=27560, stack(0x0000005887700000,0x0000005887800000) (1024K)]
  0x000002022541c210 JavaThread "Service Thread"             daemon [_thread_blocked, id=32304, stack(0x0000005887800000,0x0000005887900000) (1024K)]
  0x000002022541cc70 JavaThread "Monitor Deflation Thread"   daemon [_thread_blocked, id=40100, stack(0x0000005887900000,0x0000005887a00000) (1024K)]
=>0x000002022541da00 JavaThread "C2 CompilerThread0"         daemon [_thread_in_native, id=7868, stack(0x0000005887a00000,0x0000005887b00000) (1024K)]
  0x000002022541fee0 JavaThread "C1 CompilerThread0"         daemon [_thread_blocked, id=7412, stack(0x0000005887b00000,0x0000005887c00000) (1024K)]
  0x0000020225670020 JavaThread "Common-Cleaner"             daemon [_thread_blocked, id=11320, stack(0x0000005887c00000,0x0000005887d00000) (1024K)]
  0x000002022572b040 JavaThread "Notification Thread"        daemon [_thread_blocked, id=16240, stack(0x0000005887d00000,0x0000005887e00000) (1024K)]
  0x000002026b31f2d0 JavaThread "Daemon health stats"               [_thread_blocked, id=39196, stack(0x0000005888200000,0x0000005888300000) (1024K)]
  0x00000202255497f0 JavaThread "Incoming local TCP Connector on port 59240"        [_thread_in_native, id=32580, stack(0x0000005888300000,0x0000005888400000) (1024K)]
  0x000002026b295d00 JavaThread "Daemon periodic checks"            [_thread_blocked, id=28664, stack(0x0000005888400000,0x0000005888500000) (1024K)]
  0x000002026b3a0750 JavaThread "Daemon"                            [_thread_blocked, id=43588, stack(0x0000005888500000,0x0000005888600000) (1024K)]
  0x000002026b3a1190 JavaThread "Handler for socket connection from /127.0.0.1:59240 to /127.0.0.1:59243"        [_thread_in_native, id=43776, stack(0x0000005888600000,0x0000005888700000) (1024K)]
  0x000002026b44f5a0 JavaThread "Cancel handler"                    [_thread_blocked, id=6732, stack(0x0000005888700000,0x0000005888800000) (1024K)]
  0x000002026b44ef10 JavaThread "Daemon worker"                     [_thread_in_native, id=12700, stack(0x0000005888800000,0x0000005888900000) (1024K)]
  0x000002026b44fc30 JavaThread "Asynchronous log dispatcher for DefaultDaemonConnection: socket connection from /127.0.0.1:59240 to /127.0.0.1:59243"        [_thread_blocked, id=9436, stack(0x0000005888900000,0x0000005888a00000) (1024K)]
  0x000002026b44e880 JavaThread "Stdin handler"                     [_thread_blocked, id=38524, stack(0x0000005888a00000,0x0000005888b00000) (1024K)]
  0x00000202255bb840 JavaThread "Daemon client event forwarder"        [_thread_blocked, id=41016, stack(0x0000005888b00000,0x0000005888c00000) (1024K)]
  0x00000202255bd280 JavaThread "Cache worker for journal cache (C:\Users\Lucas Hernandez\.gradle\caches\journal-1)"        [_thread_blocked, id=36136, stack(0x0000005888c00000,0x0000005888d00000) (1024K)]
  0x00000202255bbed0 JavaThread "File lock request listener"        [_thread_in_native, id=35288, stack(0x0000005888d00000,0x0000005888e00000) (1024K)]
  0x00000202255bc560 JavaThread "File lock release action executor"        [_thread_blocked, id=13724, stack(0x0000005888e00000,0x0000005888f00000) (1024K)]
  0x00000202255bdfa0 JavaThread "Cache worker for file hash cache (C:\Users\Lucas Hernandez\.gradle\caches\8.14.3\fileHashes)"        [_thread_blocked, id=40664, stack(0x0000005888f00000,0x0000005889000000) (1024K)]
  0x00000202255bd910 JavaThread "Cache worker for file hash cache (C:\Users\Lucas Hernandez\OneDrive - UDIT\Documents\DI\dam2-productos-archivos\android\.gradle\8.14.3\fileHashes)"        [_thread_blocked, id=17232, stack(0x0000005889700000,0x0000005889800000) (1024K)]
  0x00000202255bab20 JavaThread "Cache worker for Build Output Cleanup Cache (C:\Users\Lucas Hernandez\OneDrive - UDIT\Documents\DI\dam2-productos-archivos\android\.gradle\buildOutputCleanup)"        [_thread_blocked, id=35984, stack(0x0000005889800000,0x0000005889900000) (1024K)]
  0x00000202255be630 JavaThread "File watcher server"        daemon [_thread_in_native, id=23948, stack(0x0000005889900000,0x0000005889a00000) (1024K)]
  0x00000202255bb1b0 JavaThread "File watcher consumer"      daemon [_thread_blocked, id=33304, stack(0x0000005889a00000,0x0000005889b00000) (1024K)]
  0x00000202255bf350 JavaThread "jar transforms"                    [_thread_blocked, id=39108, stack(0x0000005889b00000,0x0000005889c00000) (1024K)]
  0x00000202255c0070 JavaThread "jar transforms Thread 2"           [_thread_blocked, id=30880, stack(0x0000005886a00000,0x0000005886b00000) (1024K)]
  0x00000202255c1420 JavaThread "Cache worker for checksums cache (C:\Users\Lucas Hernandez\OneDrive - UDIT\Documents\DI\dam2-productos-archivos\android\.gradle\8.14.3\checksums)"        [_thread_blocked, id=41512, stack(0x0000005886b00000,0x0000005886c00000) (1024K)]
  0x00000202255c1ab0 JavaThread "Cache worker for file content cache (C:\Users\Lucas Hernandez\.gradle\caches\8.14.3\fileContent)"        [_thread_blocked, id=22292, stack(0x0000005889c00000,0x0000005889d00000) (1024K)]
  0x00000202255bf9e0 JavaThread "jar transforms Thread 3"           [_thread_blocked, id=43372, stack(0x0000005889d00000,0x0000005889e00000) (1024K)]
  0x00000202255becc0 JavaThread "jar transforms Thread 4"           [_thread_blocked, id=13652, stack(0x0000005889e00000,0x0000005889f00000) (1024K)]
  0x000002026c65a2a0 JavaThread "jar transforms Thread 5"           [_thread_blocked, id=42184, stack(0x0000005889f00000,0x000000588a000000) (1024K)]
  0x000002026c65a930 JavaThread "jar transforms Thread 6"           [_thread_blocked, id=11596, stack(0x000000588a000000,0x000000588a100000) (1024K)]
  0x000002026c65b650 JavaThread "Cache worker for cache directory md-supplier (C:\Users\Lucas Hernandez\.gradle\caches\8.14.3\md-supplier)"        [_thread_blocked, id=46888, stack(0x000000588a100000,0x000000588a200000) (1024K)]
  0x000002026c659580 JavaThread "Cache worker for cache directory md-rule (C:\Users\Lucas Hernandez\.gradle\caches\8.14.3\md-rule)"        [_thread_blocked, id=47076, stack(0x000000588a200000,0x000000588a300000) (1024K)]
  0x000002026c65ca00 JavaThread "jar transforms Thread 7"           [_thread_blocked, id=33872, stack(0x000000588a300000,0x000000588a400000) (1024K)]
Total: 40

Other Threads:
  0x00000202253fbaa0 VMThread "VM Thread"                           [id=41432, stack(0x0000005887300000,0x0000005887400000) (1024K)]
  0x00000202253e7570 WatcherThread "VM Periodic Task Thread"        [id=16696, stack(0x0000005887200000,0x0000005887300000) (1024K)]
  0x000002020e23c730 WorkerThread "GC Thread#0"                     [id=42568, stack(0x0000005886d00000,0x0000005886e00000) (1024K)]
  0x00000202257730a0 WorkerThread "GC Thread#1"                     [id=28232, stack(0x0000005887e00000,0x0000005887f00000) (1024K)]
  0x00000202257d51f0 WorkerThread "GC Thread#2"                     [id=38716, stack(0x0000005887f00000,0x0000005888000000) (1024K)]
  0x00000202257d55a0 WorkerThread "GC Thread#3"                     [id=43100, stack(0x0000005888000000,0x0000005888100000) (1024K)]
  0x00000202257d5950 WorkerThread "GC Thread#4"                     [id=35848, stack(0x0000005888100000,0x0000005888200000) (1024K)]
  0x000002026c953050 WorkerThread "GC Thread#5"                     [id=22784, stack(0x0000005889000000,0x0000005889100000) (1024K)]
  0x000002026c951680 WorkerThread "GC Thread#6"                     [id=26288, stack(0x0000005889100000,0x0000005889200000) (1024K)]
  0x000002026c950060 WorkerThread "GC Thread#7"                     [id=6548, stack(0x0000005889200000,0x0000005889300000) (1024K)]
  0x000002026c9528f0 WorkerThread "GC Thread#8"                     [id=42164, stack(0x0000005889300000,0x0000005889400000) (1024K)]
  0x000002026c951de0 WorkerThread "GC Thread#9"                     [id=38916, stack(0x0000005889400000,0x0000005889500000) (1024K)]
  0x000002020e249530 ConcurrentGCThread "G1 Main Marker"            [id=42200, stack(0x0000005886e00000,0x0000005886f00000) (1024K)]
  0x000002020e249e50 WorkerThread "G1 Conc#0"                       [id=15028, stack(0x0000005886f00000,0x0000005887000000) (1024K)]
  0x000002026c952190 WorkerThread "G1 Conc#1"                       [id=37048, stack(0x0000005889500000,0x0000005889600000) (1024K)]
  0x000002026c950b70 WorkerThread "G1 Conc#2"                       [id=41136, stack(0x0000005889600000,0x0000005889700000) (1024K)]
  0x000002020e2ae7d0 ConcurrentGCThread "G1 Refine#0"               [id=11736, stack(0x0000005887000000,0x0000005887100000) (1024K)]
  0x00000202252b56a0 ConcurrentGCThread "G1 Service"                [id=43836, stack(0x0000005887100000,0x0000005887200000) (1024K)]
Total: 18

Threads with active compile tasks:
C2 CompilerThread0  265072 5737       4       java.util.HashMap::resize (356 bytes)
Total: 1

VM state: not at safepoint (normal execution)

VM Mutex/Monitor currently owned by a thread: None

Heap address: 0x00000000a0000000, size: 1536 MB, Compressed Oops mode: 32-bit

CDS archive(s) mapped at: [0x0000020226000000-0x0000020226ba0000-0x0000020226ba0000), size 12189696, SharedBaseAddress: 0x0000020226000000, ArchiveRelocationMode: 1.
Compressed class space mapped at: 0x0000020227000000-0x0000020267000000, reserved size: 1073741824
Narrow klass base: 0x0000020226000000, Narrow klass shift: 0, Narrow klass range: 0x100000000

GC Precious Log:
 CardTable entry size: 512
 Card Set container configuration: InlinePtr #cards 5 size 8 Array Of Cards #cards 12 size 40 Howl #buckets 4 coarsen threshold 1843 Howl Bitmap #cards 512 size 80 coarsen threshold 460 Card regions per heap region 1 cards per card region 2048
 CPUs: 12 total, 12 available
 Memory: 15754M
 Large Page Support: Disabled
 NUMA Support: Disabled
 Compressed Oops: Enabled (32-bit)
 Heap Region Size: 1M
 Heap Min Capacity: 8M
 Heap Initial Capacity: 248M
 Heap Max Capacity: 1536M
 Pre-touch: Disabled
 Parallel Workers: 10
 Concurrent Workers: 3
 Concurrent Refinement Workers: 10
 Periodic GC: Disabled

Heap:
 garbage-first heap   total 89088K, used 68549K [0x00000000a0000000, 0x0000000100000000)
  region size 1024K, 36 young (36864K), 5 survivors (5120K)
 Metaspace       used 44830K, committed 46400K, reserved 1114112K
  class space    used 6426K, committed 7232K, reserved 1048576K

Heap Regions: E=young(eden), S=young(survivor), O=old, HS=humongous(starts), HC=humongous(continues), CS=collection set, F=free, TAMS=top-at-mark-start, PB=parsable bottom
|   0|0x00000000a0000000, 0x00000000a0100000, 0x00000000a0100000|100%|HS|  |TAMS 0x00000000a0000000| PB 0x00000000a0000000| Complete 
|   1|0x00000000a0100000, 0x00000000a0200000, 0x00000000a0200000|100%|HC|  |TAMS 0x00000000a0100000| PB 0x00000000a0100000| Complete 
|   2|0x00000000a0200000, 0x00000000a0300000, 0x00000000a0300000|100%|HC|  |TAMS 0x00000000a0200000| PB 0x00000000a0200000| Complete 
|   3|0x00000000a0300000, 0x00000000a0400000, 0x00000000a0400000|100%| O|  |TAMS 0x00000000a0300000| PB 0x00000000a0300000| Untracked 
|   4|0x00000000a0400000, 0x00000000a0500000, 0x00000000a0500000|100%| O|  |TAMS 0x00000000a0400000| PB 0x00000000a0400000| Untracked 
|   5|0x00000000a0500000, 0x00000000a0600000, 0x00000000a0600000|100%| O|  |TAMS 0x00000000a0500000| PB 0x00000000a0500000| Untracked 
|   6|0x00000000a0600000, 0x00000000a0700000, 0x00000000a0700000|100%|HS|  |TAMS 0x00000000a0600000| PB 0x00000000a0600000| Complete 
|   7|0x00000000a0700000, 0x00000000a0800000, 0x00000000a0800000|100%| O|  |TAMS 0x00000000a0700000| PB 0x00000000a0700000| Untracked 
|   8|0x00000000a0800000, 0x00000000a0900000, 0x00000000a0900000|100%| O|  |TAMS 0x00000000a0800000| PB 0x00000000a0800000| Untracked 
|   9|0x00000000a0900000, 0x00000000a0a00000, 0x00000000a0a00000|100%| O|  |TAMS 0x00000000a0900000| PB 0x00000000a0900000| Untracked 
|  10|0x00000000a0a00000, 0x00000000a0b00000, 0x00000000a0b00000|100%| O|  |TAMS 0x00000000a0a00000| PB 0x00000000a0a00000| Untracked 
|  11|0x00000000a0b00000, 0x00000000a0c00000, 0x00000000a0c00000|100%| O|  |TAMS 0x00000000a0b00000| PB 0x00000000a0b00000| Untracked 
|  12|0x00000000a0c00000, 0x00000000a0d00000, 0x00000000a0d00000|100%| O|  |TAMS 0x00000000a0c00000| PB 0x00000000a0c00000| Untracked 
|  13|0x00000000a0d00000, 0x00000000a0e00000, 0x00000000a0e00000|100%| O|  |TAMS 0x00000000a0d00000| PB 0x00000000a0d00000| Untracked 
|  14|0x00000000a0e00000, 0x00000000a0f00000, 0x00000000a0f00000|100%| O|  |TAMS 0x00000000a0e00000| PB 0x00000000a0e00000| Untracked 
|  15|0x00000000a0f00000, 0x00000000a1000000, 0x00000000a1000000|100%| O|  |TAMS 0x00000000a0f00000| PB 0x00000000a0f00000| Untracked 
|  16|0x00000000a1000000, 0x00000000a1100000, 0x00000000a1100000|100%| O|  |TAMS 0x00000000a1000000| PB 0x00000000a1000000| Untracked 
|  17|0x00000000a1100000, 0x00000000a1200000, 0x00000000a1200000|100%| O|  |TAMS 0x00000000a1100000| PB 0x00000000a1100000| Untracked 
|  18|0x00000000a1200000, 0x00000000a1300000, 0x00000000a1300000|100%| O|  |TAMS 0x00000000a1200000| PB 0x00000000a1200000| Untracked 
|  19|0x00000000a1300000, 0x00000000a1400000, 0x00000000a1400000|100%| O|  |TAMS 0x00000000a1300000| PB 0x00000000a1300000| Untracked 
|  20|0x00000000a1400000, 0x00000000a1500000, 0x00000000a1500000|100%| O|  |TAMS 0x00000000a1400000| PB 0x00000000a1400000| Untracked 
|  21|0x00000000a1500000, 0x00000000a1600000, 0x00000000a1600000|100%| O|  |TAMS 0x00000000a1500000| PB 0x00000000a1500000| Untracked 
|  22|0x00000000a1600000, 0x00000000a1700000, 0x00000000a1700000|100%|HS|  |TAMS 0x00000000a1600000| PB 0x00000000a1600000| Complete 
|  23|0x00000000a1700000, 0x00000000a1800000, 0x00000000a1800000|100%| O|  |TAMS 0x00000000a1700000| PB 0x00000000a1700000| Untracked 
|  24|0x00000000a1800000, 0x00000000a1900000, 0x00000000a1900000|100%| O|  |TAMS 0x00000000a1800000| PB 0x00000000a1800000| Untracked 
|  25|0x00000000a1900000, 0x00000000a19f1630, 0x00000000a1a00000| 94%| O|  |TAMS 0x00000000a1900000| PB 0x00000000a1900000| Untracked 
|  26|0x00000000a1a00000, 0x00000000a1b00000, 0x00000000a1b00000|100%|HS|  |TAMS 0x00000000a1a00000| PB 0x00000000a1a00000| Complete 
|  27|0x00000000a1b00000, 0x00000000a1b00000, 0x00000000a1c00000|  0%| F|  |TAMS 0x00000000a1b00000| PB 0x00000000a1b00000| Untracked 
|  28|0x00000000a1c00000, 0x00000000a1c00000, 0x00000000a1d00000|  0%| F|  |TAMS 0x00000000a1c00000| PB 0x00000000a1c00000| Untracked 
|  29|0x00000000a1d00000, 0x00000000a1e00000, 0x00000000a1e00000|100%| O|  |TAMS 0x00000000a1d00000| PB 0x00000000a1d00000| Untracked 
|  30|0x00000000a1e00000, 0x00000000a1f00000, 0x00000000a1f00000|100%| O|  |TAMS 0x00000000a1e00000| PB 0x00000000a1e00000| Untracked 
|  31|0x00000000a1f00000, 0x00000000a1f00000, 0x00000000a2000000|  0%| F|  |TAMS 0x00000000a1f00000| PB 0x00000000a1f00000| Untracked 
|  32|0x00000000a2000000, 0x00000000a2100000, 0x00000000a2100000|100%| O|  |TAMS 0x00000000a2000000| PB 0x00000000a2000000| Untracked 
|  33|0x00000000a2100000, 0x00000000a2200000, 0x00000000a2200000|100%| O|  |TAMS 0x00000000a2100000| PB 0x00000000a2100000| Untracked 
|  34|0x00000000a2200000, 0x00000000a2300000, 0x00000000a2300000|100%| O|  |TAMS 0x00000000a2200000| PB 0x00000000a2200000| Untracked 
|  35|0x00000000a2300000, 0x00000000a2300000, 0x00000000a2400000|  0%| F|  |TAMS 0x00000000a2300000| PB 0x00000000a2300000| Untracked 
|  36|0x00000000a2400000, 0x00000000a2400000, 0x00000000a2500000|  0%| F|  |TAMS 0x00000000a2400000| PB 0x00000000a2400000| Untracked 
|  37|0x00000000a2500000, 0x00000000a2600000, 0x00000000a2600000|100%| S|CS|TAMS 0x00000000a2500000| PB 0x00000000a2500000| Complete 
|  38|0x00000000a2600000, 0x00000000a2700000, 0x00000000a2700000|100%| S|CS|TAMS 0x00000000a2600000| PB 0x00000000a2600000| Complete 
|  39|0x00000000a2700000, 0x00000000a2700000, 0x00000000a2800000|  0%| F|  |TAMS 0x00000000a2700000| PB 0x00000000a2700000| Untracked 
|  40|0x00000000a2800000, 0x00000000a2800000, 0x00000000a2900000|  0%| F|  |TAMS 0x00000000a2800000| PB 0x00000000a2800000| Untracked 
|  41|0x00000000a2900000, 0x00000000a2a00000, 0x00000000a2a00000|100%| O|  |TAMS 0x00000000a2900000| PB 0x00000000a2900000| Untracked 
|  42|0x00000000a2a00000, 0x00000000a2a00000, 0x00000000a2b00000|  0%| F|  |TAMS 0x00000000a2a00000| PB 0x00000000a2a00000| Untracked 
|  43|0x00000000a2b00000, 0x00000000a2b00000, 0x00000000a2c00000|  0%| F|  |TAMS 0x00000000a2b00000| PB 0x00000000a2b00000| Untracked 
|  44|0x00000000a2c00000, 0x00000000a2d00000, 0x00000000a2d00000|100%| S|CS|TAMS 0x00000000a2c00000| PB 0x00000000a2c00000| Complete 
|  45|0x00000000a2d00000, 0x00000000a2e00000, 0x00000000a2e00000|100%| S|CS|TAMS 0x00000000a2d00000| PB 0x00000000a2d00000| Complete 
|  46|0x00000000a2e00000, 0x00000000a2f00000, 0x00000000a2f00000|100%| S|CS|TAMS 0x00000000a2e00000| PB 0x00000000a2e00000| Complete 
|  47|0x00000000a2f00000, 0x00000000a2f00000, 0x00000000a3000000|  0%| F|  |TAMS 0x00000000a2f00000| PB 0x00000000a2f00000| Untracked 
|  48|0x00000000a3000000, 0x00000000a3000000, 0x00000000a3100000|  0%| F|  |TAMS 0x00000000a3000000| PB 0x00000000a3000000| Untracked 
|  49|0x00000000a3100000, 0x00000000a3100000, 0x00000000a3200000|  0%| F|  |TAMS 0x00000000a3100000| PB 0x00000000a3100000| Untracked 
|  50|0x00000000a3200000, 0x00000000a3200000, 0x00000000a3300000|  0%| F|  |TAMS 0x00000000a3200000| PB 0x00000000a3200000| Untracked 
|  51|0x00000000a3300000, 0x00000000a3300000, 0x00000000a3400000|  0%| F|  |TAMS 0x00000000a3300000| PB 0x00000000a3300000| Untracked 
|  52|0x00000000a3400000, 0x00000000a3400000, 0x00000000a3500000|  0%| F|  |TAMS 0x00000000a3400000| PB 0x00000000a3400000| Untracked 
|  53|0x00000000a3500000, 0x00000000a3500000, 0x00000000a3600000|  0%| F|  |TAMS 0x00000000a3500000| PB 0x00000000a3500000| Untracked 
|  54|0x00000000a3600000, 0x00000000a3600000, 0x00000000a3700000|  0%| F|  |TAMS 0x00000000a3600000| PB 0x00000000a3600000| Untracked 
|  55|0x00000000a3700000, 0x00000000a3700000, 0x00000000a3800000|  0%| F|  |TAMS 0x00000000a3700000| PB 0x00000000a3700000| Untracked 
|  56|0x00000000a3800000, 0x00000000a3886a98, 0x00000000a3900000| 52%| E|  |TAMS 0x00000000a3800000| PB 0x00000000a3800000| Complete 
|  57|0x00000000a3900000, 0x00000000a3a00000, 0x00000000a3a00000|100%| E|CS|TAMS 0x00000000a3900000| PB 0x00000000a3900000| Complete 
|  58|0x00000000a3a00000, 0x00000000a3b00000, 0x00000000a3b00000|100%| E|CS|TAMS 0x00000000a3a00000| PB 0x00000000a3a00000| Complete 
|  59|0x00000000a3b00000, 0x00000000a3c00000, 0x00000000a3c00000|100%| E|CS|TAMS 0x00000000a3b00000| PB 0x00000000a3b00000| Complete 
|  60|0x00000000a3c00000, 0x00000000a3d00000, 0x00000000a3d00000|100%| E|CS|TAMS 0x00000000a3c00000| PB 0x00000000a3c00000| Complete 
|  61|0x00000000a3d00000, 0x00000000a3e00000, 0x00000000a3e00000|100%| E|CS|TAMS 0x00000000a3d00000| PB 0x00000000a3d00000| Complete 
|  62|0x00000000a3e00000, 0x00000000a3f00000, 0x00000000a3f00000|100%| E|CS|TAMS 0x00000000a3e00000| PB 0x00000000a3e00000| Complete 
|  63|0x00000000a3f00000, 0x00000000a4000000, 0x00000000a4000000|100%| E|CS|TAMS 0x00000000a3f00000| PB 0x00000000a3f00000| Complete 
|  64|0x00000000a4000000, 0x00000000a4100000, 0x00000000a4100000|100%| E|CS|TAMS 0x00000000a4000000| PB 0x00000000a4000000| Complete 
|  65|0x00000000a4100000, 0x00000000a4200000, 0x00000000a4200000|100%| E|CS|TAMS 0x00000000a4100000| PB 0x00000000a4100000| Complete 
|  66|0x00000000a4200000, 0x00000000a4300000, 0x00000000a4300000|100%| E|CS|TAMS 0x00000000a4200000| PB 0x00000000a4200000| Complete 
|  67|0x00000000a4300000, 0x00000000a4400000, 0x00000000a4400000|100%| E|CS|TAMS 0x00000000a4300000| PB 0x00000000a4300000| Complete 
|  68|0x00000000a4400000, 0x00000000a4500000, 0x00000000a4500000|100%| E|CS|TAMS 0x00000000a4400000| PB 0x00000000a4400000| Complete 
|  69|0x00000000a4500000, 0x00000000a4600000, 0x00000000a4600000|100%| E|CS|TAMS 0x00000000a4500000| PB 0x00000000a4500000| Complete 
|  70|0x00000000a4600000, 0x00000000a4700000, 0x00000000a4700000|100%| E|CS|TAMS 0x00000000a4600000| PB 0x00000000a4600000| Complete 
|  71|0x00000000a4700000, 0x00000000a4800000, 0x00000000a4800000|100%| E|CS|TAMS 0x00000000a4700000| PB 0x00000000a4700000| Complete 
|  72|0x00000000a4800000, 0x00000000a4900000, 0x00000000a4900000|100%| E|CS|TAMS 0x00000000a4800000| PB 0x00000000a4800000| Complete 
|  73|0x00000000a4900000, 0x00000000a4a00000, 0x00000000a4a00000|100%| E|CS|TAMS 0x00000000a4900000| PB 0x00000000a4900000| Complete 
|  74|0x00000000a4a00000, 0x00000000a4b00000, 0x00000000a4b00000|100%| E|CS|TAMS 0x00000000a4a00000| PB 0x00000000a4a00000| Complete 
|  75|0x00000000a4b00000, 0x00000000a4c00000, 0x00000000a4c00000|100%| E|CS|TAMS 0x00000000a4b00000| PB 0x00000000a4b00000| Complete 
|  76|0x00000000a4c00000, 0x00000000a4d00000, 0x00000000a4d00000|100%| E|  |TAMS 0x00000000a4c00000| PB 0x00000000a4c00000| Complete 
|  77|0x00000000a4d00000, 0x00000000a4e00000, 0x00000000a4e00000|100%| E|CS|TAMS 0x00000000a4d00000| PB 0x00000000a4d00000| Complete 
|  78|0x00000000a4e00000, 0x00000000a4f00000, 0x00000000a4f00000|100%| E|CS|TAMS 0x00000000a4e00000| PB 0x00000000a4e00000| Complete 
|  79|0x00000000a4f00000, 0x00000000a5000000, 0x00000000a5000000|100%| E|CS|TAMS 0x00000000a4f00000| PB 0x00000000a4f00000| Complete 
|  80|0x00000000a5000000, 0x00000000a5100000, 0x00000000a5100000|100%| E|CS|TAMS 0x00000000a5000000| PB 0x00000000a5000000| Complete 
|  81|0x00000000a5100000, 0x00000000a5200000, 0x00000000a5200000|100%| E|CS|TAMS 0x00000000a5100000| PB 0x00000000a5100000| Complete 
|  82|0x00000000a5200000, 0x00000000a5300000, 0x00000000a5300000|100%| E|CS|TAMS 0x00000000a5200000| PB 0x00000000a5200000| Complete 
| 244|0x00000000af400000, 0x00000000af500000, 0x00000000af500000|100%| E|CS|TAMS 0x00000000af400000| PB 0x00000000af400000| Complete 
| 245|0x00000000af500000, 0x00000000af600000, 0x00000000af600000|100%| E|CS|TAMS 0x00000000af500000| PB 0x00000000af500000| Complete 
| 246|0x00000000af600000, 0x00000000af700000, 0x00000000af700000|100%| E|CS|TAMS 0x00000000af600000| PB 0x00000000af600000| Complete 
| 247|0x00000000af700000, 0x00000000af800000, 0x00000000af800000|100%| E|CS|TAMS 0x00000000af700000| PB 0x00000000af700000| Complete 

Card table byte_map: [0x0000020220c40000,0x0000020220f40000] _byte_map_base: 0x0000020220740000

Marking Bits: (CMBitMap*) 0x000002020e23cc50
 Bits: [0x0000020220f40000, 0x0000020222740000)

Polling page: 0x000002020bfd0000

Metaspace:

Usage:
  Non-class:     37.52 MB used.
      Class:      6.28 MB used.
       Both:     43.80 MB used.

Virtual space:
  Non-class space:       64.00 MB reserved,      38.31 MB ( 60%) committed,  1 nodes.
      Class space:        1.00 GB reserved,       7.06 MB ( <1%) committed,  1 nodes.
             Both:        1.06 GB reserved,      45.38 MB (  4%) committed. 

Chunk freelists:
   Non-Class:  8.73 MB
       Class:  8.97 MB
        Both:  17.71 MB

MaxMetaspaceSize: unlimited
CompressedClassSpaceSize: 1.00 GB
Initial GC threshold: 21.00 MB
Current GC threshold: 59.00 MB
CDS: on
 - commit_granule_bytes: 65536.
 - commit_granule_words: 8192.
 - virtual_space_node_default_size: 8388608.
 - enlarge_chunks_in_place: 1.
 - use_allocation_guard: 0.


Internal statistics:

num_allocs_failed_limit: 6.
num_arena_births: 2788.
num_arena_deaths: 0.
num_vsnodes_births: 2.
num_vsnodes_deaths: 0.
num_space_committed: 726.
num_space_uncommitted: 0.
num_chunks_returned_to_freelist: 6.
num_chunks_taken_from_freelist: 4877.
num_chunk_merges: 6.
num_chunk_splits: 3175.
num_chunks_enlarged: 1955.
num_inconsistent_stats: 0.

CodeHeap 'non-profiled nmethods': size=120000Kb used=3290Kb max_used=3290Kb free=116709Kb
 bounds [0x0000020218ec0000, 0x0000020219200000, 0x00000202203f0000]
CodeHeap 'profiled nmethods': size=120000Kb used=10241Kb max_used=10241Kb free=109758Kb
 bounds [0x00000202113f0000, 0x0000020211e00000, 0x0000020218920000]
CodeHeap 'non-nmethods': size=5760Kb used=2568Kb max_used=2606Kb free=3191Kb
 bounds [0x0000020218920000, 0x0000020218bc0000, 0x0000020218ec0000]
CodeCache: size=245760Kb, used=16099Kb, max_used=16137Kb, free=229658Kb
 total_blobs=6096, nmethods=5255, adapters=745, full_count=0
Compilation: enabled, stopped_count=0, restarted_count=0

Compilation events (20 events):
Event: 264.300 Thread 0x000002022541fee0 5735       3       com.sun.beans.introspect.PropertyInfo::lambda$get$0 (13 bytes)
Event: 264.300 Thread 0x000002022541fee0 nmethod 5735 0x0000020211ddd190 code [0x0000020211ddd340, 0x0000020211ddd4b8]
Event: 264.324 Thread 0x000002022541da00 5737       4       java.util.HashMap::resize (356 bytes)
Event: 264.328 Thread 0x000002026e2b71b0 5738       4       java.lang.StringBuilder::append (6 bytes)
Event: 264.331 Thread 0x000002022541fee0 5741       3       com.google.common.collect.LinkedHashMultimap::createCollection (14 bytes)
Event: 264.331 Thread 0x000002022541fee0 nmethod 5741 0x0000020211ddd590 code [0x0000020211ddd740, 0x0000020211ddd8f8]
Event: 264.331 Thread 0x000002022541fee0 5743       3       com.google.common.collect.LinkedHashMultimap::access$200 (6 bytes)
Event: 264.332 Thread 0x000002022541fee0 nmethod 5743 0x0000020211ddda10 code [0x0000020211dddbe0, 0x0000020211ddded0]
Event: 264.332 Thread 0x000002022541fee0 5744       3       com.google.common.collect.LinkedHashMultimap::succeedsInValueSet (15 bytes)
Event: 264.332 Thread 0x000002022541fee0 nmethod 5744 0x0000020211dde010 code [0x0000020211dde1e0, 0x0000020211dde478]
Event: 264.332 Thread 0x000002022541fee0 5745       3       com.google.common.collect.LinkedHashMultimap::access$400 (6 bytes)
Event: 264.332 Thread 0x000002022541fee0 nmethod 5745 0x0000020211dde590 code [0x0000020211dde740, 0x0000020211dde978]
Event: 264.332 Thread 0x000002022541fee0 5742       3       com.google.common.collect.LinkedHashMultimap$ValueSet::<init> (55 bytes)
Event: 264.332 Thread 0x000002022541fee0 nmethod 5742 0x0000020211ddea90 code [0x0000020211ddeca0, 0x0000020211ddf1d0]
Event: 264.333 Thread 0x000002022541fee0 5746   !   3       java.lang.reflect.Field::declaredAnnotations (82 bytes)
Event: 264.333 Thread 0x000002022541fee0 nmethod 5746 0x0000020211ddf390 code [0x0000020211ddf580, 0x0000020211ddfa90]
Event: 264.333 Thread 0x000002022541fee0 5747       3       org.gradle.model.internal.asm.MethodVisitorScope::_INVOKESPECIAL (13 bytes)
Event: 264.334 Thread 0x000002022541fee0 nmethod 5747 0x0000020211ddfd10 code [0x0000020211ddfee0, 0x0000020211de0188]
Event: 264.334 Thread 0x000002026e2b71b0 nmethod 5738 0x00000202191f2190 code [0x00000202191f2360, 0x00000202191f2750]
Event: 264.334 Thread 0x000002026e2b71b0 5740       4       org.gradle.internal.reflect.PropertyAccessorType::of (101 bytes)

GC Heap History (18 events):
Event: 1.447 GC heap before
{Heap before GC invocations=0 (full 0):
 garbage-first heap   total 253952K, used 23552K [0x00000000a0000000, 0x0000000100000000)
  region size 1024K, 23 young (23552K), 0 survivors (0K)
 Metaspace       used 897K, committed 1024K, reserved 1114112K
  class space    used 72K, committed 128K, reserved 1048576K
}
Event: 1.688 GC heap after
{Heap after GC invocations=1 (full 0):
 garbage-first heap   total 253952K, used 1536K [0x00000000a0000000, 0x0000000100000000)
  region size 1024K, 2 young (2048K), 2 survivors (2048K)
 Metaspace       used 897K, committed 1024K, reserved 1114112K
  class space    used 72K, committed 128K, reserved 1048576K
}
Event: 3.797 GC heap before
{Heap before GC invocations=1 (full 0):
 garbage-first heap   total 253952K, used 40448K [0x00000000a0000000, 0x0000000100000000)
  region size 1024K, 38 young (38912K), 2 survivors (2048K)
 Metaspace       used 4371K, committed 4544K, reserved 1114112K
  class space    used 554K, committed 640K, reserved 1048576K
}
Event: 3.806 GC heap after
{Heap after GC invocations=2 (full 0):
 garbage-first heap   total 253952K, used 11060K [0x00000000a0000000, 0x0000000100000000)
  region size 1024K, 5 young (5120K), 5 survivors (5120K)
 Metaspace       used 4371K, committed 4544K, reserved 1114112K
  class space    used 554K, committed 640K, reserved 1048576K
}
Event: 31.511 GC heap before
{Heap before GC invocations=2 (full 0):
 garbage-first heap   total 253952K, used 159540K [0x00000000a0000000, 0x0000000100000000)
  region size 1024K, 148 young (151552K), 5 survivors (5120K)
 Metaspace       used 20792K, committed 21504K, reserved 1114112K
  class space    used 3068K, committed 3456K, reserved 1048576K
}
Event: 31.774 GC heap after
{Heap after GC invocations=3 (full 0):
 garbage-first heap   total 253952K, used 24222K [0x00000000a0000000, 0x0000000100000000)
  region size 1024K, 17 young (17408K), 17 survivors (17408K)
 Metaspace       used 20792K, committed 21504K, reserved 1114112K
  class space    used 3068K, committed 3456K, reserved 1048576K
}
Event: 31.785 GC heap before
{Heap before GC invocations=3 (full 0):
 garbage-first heap   total 253952K, used 24222K [0x00000000a0000000, 0x0000000100000000)
  region size 1024K, 18 young (18432K), 17 survivors (17408K)
 Metaspace       used 20818K, committed 21504K, reserved 1114112K
  class space    used 3071K, committed 3456K, reserved 1048576K
}
Event: 31.798 GC heap after
{Heap after GC invocations=4 (full 0):
 garbage-first heap   total 253952K, used 24958K [0x00000000a0000000, 0x0000000100000000)
  region size 1024K, 2 young (2048K), 2 survivors (2048K)
 Metaspace       used 20818K, committed 21504K, reserved 1114112K
  class space    used 3071K, committed 3456K, reserved 1048576K
}
Event: 74.447 GC heap before
{Heap before GC invocations=5 (full 0):
 garbage-first heap   total 89088K, used 76158K [0x00000000a0000000, 0x0000000100000000)
  region size 1024K, 52 young (53248K), 2 survivors (2048K)
 Metaspace       used 26951K, committed 27904K, reserved 1114112K
  class space    used 4069K, committed 4544K, reserved 1048576K
}
Event: 74.450 GC heap after
{Heap after GC invocations=6 (full 0):
 garbage-first heap   total 89088K, used 26289K [0x00000000a0000000, 0x0000000100000000)
  region size 1024K, 3 young (3072K), 3 survivors (3072K)
 Metaspace       used 26951K, committed 27904K, reserved 1114112K
  class space    used 4069K, committed 4544K, reserved 1048576K
}
Event: 79.685 GC heap before
{Heap before GC invocations=6 (full 0):
 garbage-first heap   total 89088K, used 72369K [0x00000000a0000000, 0x0000000100000000)
  region size 1024K, 49 young (50176K), 3 survivors (3072K)
 Metaspace       used 32898K, committed 33856K, reserved 1114112K
  class space    used 4731K, committed 5184K, reserved 1048576K
}
Event: 79.693 GC heap after
{Heap after GC invocations=7 (full 0):
 garbage-first heap   total 89088K, used 31376K [0x00000000a0000000, 0x0000000100000000)
  region size 1024K, 7 young (7168K), 7 survivors (7168K)
 Metaspace       used 32898K, committed 33856K, reserved 1114112K
  class space    used 4731K, committed 5184K, reserved 1048576K
}
Event: 83.966 GC heap before
{Heap before GC invocations=7 (full 0):
 garbage-first heap   total 89088K, used 52880K [0x00000000a0000000, 0x0000000100000000)
  region size 1024K, 24 young (24576K), 7 survivors (7168K)
 Metaspace       used 35111K, committed 36160K, reserved 1114112K
  class space    used 4977K, committed 5504K, reserved 1048576K
}
Event: 83.975 GC heap after
{Heap after GC invocations=8 (full 0):
 garbage-first heap   total 89088K, used 32644K [0x00000000a0000000, 0x0000000100000000)
  region size 1024K, 3 young (3072K), 3 survivors (3072K)
 Metaspace       used 35111K, committed 36160K, reserved 1114112K
  class space    used 4977K, committed 5504K, reserved 1048576K
}
Event: 235.984 GC heap before
{Heap before GC invocations=9 (full 0):
 garbage-first heap   total 89088K, used 73604K [0x00000000a0000000, 0x0000000100000000)
  region size 1024K, 43 young (44032K), 3 survivors (3072K)
 Metaspace       used 37549K, committed 38656K, reserved 1114112K
  class space    used 5349K, committed 5888K, reserved 1048576K
}
Event: 236.014 GC heap after
{Heap after GC invocations=10 (full 0):
 garbage-first heap   total 89088K, used 34194K [0x00000000a0000000, 0x0000000100000000)
  region size 1024K, 4 young (4096K), 4 survivors (4096K)
 Metaspace       used 37549K, committed 38656K, reserved 1114112K
  class space    used 5349K, committed 5888K, reserved 1048576K
}
Event: 245.186 GC heap before
{Heap before GC invocations=10 (full 0):
 garbage-first heap   total 89088K, used 75154K [0x00000000a0000000, 0x0000000100000000)
  region size 1024K, 44 young (45056K), 4 survivors (4096K)
 Metaspace       used 41960K, committed 43456K, reserved 1114112K
  class space    used 6079K, committed 6848K, reserved 1048576K
}
Event: 245.196 GC heap after
{Heap after GC invocations=11 (full 0):
 garbage-first heap   total 89088K, used 36805K [0x00000000a0000000, 0x0000000100000000)
  region size 1024K, 5 young (5120K), 5 survivors (5120K)
 Metaspace       used 41960K, committed 43456K, reserved 1114112K
  class space    used 6079K, committed 6848K, reserved 1048576K
}

Dll operation events (20 events):
Event: 0.624 Attempting to load shared library C:\Users\Lucas Hernandez\.vscode\extensions\redhat.java-1.56.0-win32-x64\jre\21.0.12.1-win32-x86_64\bin\nio.dll
Event: 0.625 Loaded shared library C:\Users\Lucas Hernandez\.vscode\extensions\redhat.java-1.56.0-win32-x64\jre\21.0.12.1-win32-x86_64\bin\nio.dll
Event: 0.630 Attempting to load shared library C:\Users\Lucas Hernandez\.vscode\extensions\redhat.java-1.56.0-win32-x64\jre\21.0.12.1-win32-x86_64\bin\zip.dll
Event: 0.630 Loaded shared library C:\Users\Lucas Hernandez\.vscode\extensions\redhat.java-1.56.0-win32-x64\jre\21.0.12.1-win32-x86_64\bin\zip.dll
Event: 1.694 Attempting to load shared library C:\Users\Lucas Hernandez\.vscode\extensions\redhat.java-1.56.0-win32-x64\jre\21.0.12.1-win32-x86_64\bin\jimage.dll
Event: 1.694 Loaded shared library C:\Users\Lucas Hernandez\.vscode\extensions\redhat.java-1.56.0-win32-x64\jre\21.0.12.1-win32-x86_64\bin\jimage.dll
Event: 2.266 Attempting to load shared library C:\Users\Lucas Hernandez\.vscode\extensions\redhat.java-1.56.0-win32-x64\jre\21.0.12.1-win32-x86_64\bin\verify.dll
Event: 2.299 Loaded shared library C:\Users\Lucas Hernandez\.vscode\extensions\redhat.java-1.56.0-win32-x64\jre\21.0.12.1-win32-x86_64\bin\verify.dll
Event: 2.573 Attempting to load shared library C:\Users\Lucas Hernandez\.gradle\native\1def1411415f61bf3af743bc5b6707747c0891f09f0c88961ee8f79bc544acac\windows-amd64\native-platform.dll
Event: 2.575 Loaded shared library C:\Users\Lucas Hernandez\.gradle\native\1def1411415f61bf3af743bc5b6707747c0891f09f0c88961ee8f79bc544acac\windows-amd64\native-platform.dll
Event: 2.598 Attempting to load shared library C:\Users\Lucas Hernandez\.gradle\native\0.2.7\x86_64-windows-gnu\gradle-fileevents.dll
Event: 2.599 Loaded shared library C:\Users\Lucas Hernandez\.gradle\native\0.2.7\x86_64-windows-gnu\gradle-fileevents.dll
Event: 9.277 Attempting to load shared library C:\Users\Lucas Hernandez\.vscode\extensions\redhat.java-1.56.0-win32-x64\jre\21.0.12.1-win32-x86_64\bin\management.dll
Event: 9.278 Loaded shared library C:\Users\Lucas Hernandez\.vscode\extensions\redhat.java-1.56.0-win32-x64\jre\21.0.12.1-win32-x86_64\bin\management.dll
Event: 9.282 Attempting to load shared library C:\Users\Lucas Hernandez\.vscode\extensions\redhat.java-1.56.0-win32-x64\jre\21.0.12.1-win32-x86_64\bin\management_ext.dll
Event: 9.283 Loaded shared library C:\Users\Lucas Hernandez\.vscode\extensions\redhat.java-1.56.0-win32-x64\jre\21.0.12.1-win32-x86_64\bin\management_ext.dll
Event: 18.037 Attempting to load shared library C:\Users\Lucas Hernandez\.vscode\extensions\redhat.java-1.56.0-win32-x64\jre\21.0.12.1-win32-x86_64\bin\extnet.dll
Event: 18.037 Loaded shared library C:\Users\Lucas Hernandez\.vscode\extensions\redhat.java-1.56.0-win32-x64\jre\21.0.12.1-win32-x86_64\bin\extnet.dll
Event: 20.675 Attempting to load shared library C:\Users\Lucas Hernandez\.vscode\extensions\redhat.java-1.56.0-win32-x64\jre\21.0.12.1-win32-x86_64\bin\sunmscapi.dll
Event: 20.681 Loaded shared library C:\Users\Lucas Hernandez\.vscode\extensions\redhat.java-1.56.0-win32-x64\jre\21.0.12.1-win32-x86_64\bin\sunmscapi.dll

Deoptimization events (20 events):
Event: 246.210 Thread 0x000002026b44ef10 Uncommon trap: trap_request=0xffffff45 fr.pc=0x0000020218f823b4 relative=0x00000000000001f4
Event: 246.210 Thread 0x000002026b44ef10 Uncommon trap: reason=unstable_if action=reinterpret pc=0x0000020218f823b4 method=java.net.URI$Parser.scan(IILjava/lang/String;)I @ 26 c2
Event: 246.210 Thread 0x000002026b44ef10 DEOPT PACKING pc=0x0000020218f823b4 sp=0x00000058888f9940
Event: 246.210 Thread 0x000002026b44ef10 DEOPT UNPACKING pc=0x0000020218974422 sp=0x00000058888f98d0 mode 2
Event: 246.211 Thread 0x000002026b44ef10 Uncommon trap: trap_request=0xffffff45 fr.pc=0x0000020218f47f5c relative=0x000000000000013c
Event: 246.211 Thread 0x000002026b44ef10 Uncommon trap: reason=unstable_if action=reinterpret pc=0x0000020218f47f5c method=java.net.URI.match(CJJ)Z @ 45 c2
Event: 246.211 Thread 0x000002026b44ef10 DEOPT PACKING pc=0x0000020218f47f5c sp=0x00000058888f96b0
Event: 246.211 Thread 0x000002026b44ef10 DEOPT UNPACKING pc=0x0000020218974422 sp=0x00000058888f95d8 mode 2
Event: 246.215 Thread 0x000002026b44ef10 Uncommon trap: trap_request=0xffffffde fr.pc=0x0000020218f1e19c relative=0x00000000000002bc
Event: 246.215 Thread 0x000002026b44ef10 Uncommon trap: reason=class_check action=maybe_recompile pc=0x0000020218f1e19c method=java.util.HashSet.contains(Ljava/lang/Object;)Z @ 5 c2
Event: 246.215 Thread 0x000002026b44ef10 DEOPT PACKING pc=0x0000020218f1e19c sp=0x00000058888f9cd0
Event: 246.215 Thread 0x000002026b44ef10 DEOPT UNPACKING pc=0x0000020218974422 sp=0x00000058888f9c78 mode 2
Event: 246.215 Thread 0x000002026b44ef10 Uncommon trap: trap_request=0xffffffde fr.pc=0x0000020218f1e19c relative=0x00000000000002bc
Event: 246.215 Thread 0x000002026b44ef10 Uncommon trap: reason=class_check action=maybe_recompile pc=0x0000020218f1e19c method=java.util.HashSet.contains(Ljava/lang/Object;)Z @ 5 c2
Event: 246.215 Thread 0x000002026b44ef10 DEOPT PACKING pc=0x0000020218f1e19c sp=0x00000058888f9cd0
Event: 246.215 Thread 0x000002026b44ef10 DEOPT UNPACKING pc=0x0000020218974422 sp=0x00000058888f9c78 mode 2
Event: 246.219 Thread 0x000002026b44ef10 Uncommon trap: trap_request=0xffffff45 fr.pc=0x0000020218efc150 relative=0x00000000000000b0
Event: 246.219 Thread 0x000002026b44ef10 Uncommon trap: reason=unstable_if action=reinterpret pc=0x0000020218efc150 method=java.net.URI.match(CJJ)Z @ 45 c2
Event: 246.219 Thread 0x000002026b44ef10 DEOPT PACKING pc=0x0000020218efc150 sp=0x00000058888f9600
Event: 246.219 Thread 0x000002026b44ef10 DEOPT UNPACKING pc=0x0000020218974422 sp=0x00000058888f9568 mode 2

Classes loaded (20 events):
Event: 244.517 Loading class java/util/DualPivotQuicksort
Event: 244.517 Loading class java/util/DualPivotQuicksort done
Event: 245.212 Loading class java/util/function/LongUnaryOperator
Event: 245.215 Loading class java/util/function/LongUnaryOperator done
Event: 245.733 Loading class java/util/PrimitiveIterator$OfInt
Event: 245.733 Loading class java/util/PrimitiveIterator
Event: 245.733 Loading class java/util/PrimitiveIterator done
Event: 245.733 Loading class java/util/PrimitiveIterator$OfInt done
Event: 245.745 Loading class java/util/concurrent/RecursiveAction
Event: 245.745 Loading class java/util/concurrent/RecursiveAction done
Event: 263.432 Loading class java/util/AbstractCollectionBeanInfo
Event: 263.432 Loading class java/util/AbstractCollectionBeanInfo done
Event: 263.433 Loading class java/util/AbstractCollectionBeanInfo
Event: 263.433 Loading class java/util/AbstractCollectionBeanInfo done
Event: 263.433 Loading class java/util/AbstractCollectionCustomizer
Event: 263.433 Loading class java/util/AbstractCollectionCustomizer done
Event: 263.437 Loading class java/util/AbstractCollectionCustomizer
Event: 263.437 Loading class java/util/AbstractCollectionCustomizer done
Event: 263.446 Loading class sun/reflect/generics/reflectiveObjects/GenericArrayTypeImpl
Event: 263.447 Loading class sun/reflect/generics/reflectiveObjects/GenericArrayTypeImpl done

Classes unloaded (0 events):
No events

Classes redefined (0 events):
No events

Internal exceptions (20 events):
Event: 262.642 Thread 0x000002026b44ef10 Exception <a 'java/lang/ClassNotFoundException'{0x00000000a47c2f68}: org/gradle/api/internal/project/ProjectScriptCustomizer> (0x00000000a47c2f68) 
thrown [s\src\hotspot\share\classfile\systemDictionary.cpp, line 313]
Event: 262.752 Thread 0x000002026b44ef10 Exception <a 'java/lang/ClassNotFoundException'{0x00000000a47da8b0}: build_tlyuj8wr72me0qzsmealxchlCustomizer> (0x00000000a47da8b0) 
thrown [s\src\hotspot\share\classfile\systemDictionary.cpp, line 313]
Event: 263.064 Thread 0x000002026b44ef10 Exception <a 'java/lang/ClassNotFoundException'{0x00000000a465bca0}: org/gradle/api/internal/initialization/DefaultScriptHandler_DecoratedBeanInfo> (0x00000000a465bca0) 
thrown [s\src\hotspot\share\classfile\systemDictionary.cpp, line 313]
Event: 263.191 Thread 0x000002026b44ef10 Exception <a 'java/lang/ClassNotFoundException'{0x00000000a466bae8}: org/gradle/api/internal/initialization/DefaultScriptHandlerBeanInfo> (0x00000000a466bae8) 
thrown [s\src\hotspot\share\classfile\systemDictionary.cpp, line 313]
Event: 263.210 Thread 0x000002026b44ef10 Exception <a 'java/lang/ClassNotFoundException'{0x00000000a467b5d0}: org/gradle/api/internal/initialization/DefaultScriptHandlerCustomizer> (0x00000000a467b5d0) 
thrown [s\src\hotspot\share\classfile\systemDictionary.cpp, line 313]
Event: 263.263 Thread 0x000002026b44ef10 Exception <a 'java/lang/ClassNotFoundException'{0x00000000a4698828}: org/gradle/api/internal/initialization/DefaultScriptHandler_DecoratedCustomizer> (0x00000000a4698828) 
thrown [s\src\hotspot\share\classfile\systemDictionary.cpp, line 313]
Event: 263.404 Thread 0x000002026b44ef10 Exception <a 'java/lang/ClassNotFoundException'{0x00000000a42fe3b8}: org/gradle/api/internal/artifacts/dsl/DefaultRepositoryHandler_DecoratedBeanInfo> (0x00000000a42fe3b8) 
thrown [s\src\hotspot\share\classfile\systemDictionary.cpp, line 313]
Event: 263.413 Thread 0x000002026b44ef10 Exception <a 'java/lang/ClassNotFoundException'{0x00000000a41121c0}: org/gradle/api/internal/artifacts/dsl/DefaultRepositoryHandlerBeanInfo> (0x00000000a41121c0) 
thrown [s\src\hotspot\share\classfile\systemDictionary.cpp, line 313]
Event: 263.421 Thread 0x000002026b44ef10 Exception <a 'java/lang/ClassNotFoundException'{0x00000000a4126af0}: org/gradle/api/internal/artifacts/DefaultArtifactRepositoryContainerBeanInfo> (0x00000000a4126af0) 
thrown [s\src\hotspot\share\classfile\systemDictionary.cpp, line 313]
Event: 263.423 Thread 0x000002026b44ef10 Exception <a 'java/lang/ClassNotFoundException'{0x00000000a4139140}: org/gradle/api/internal/DefaultNamedDomainObjectListBeanInfo> (0x00000000a4139140) 
thrown [s\src\hotspot\share\classfile\systemDictionary.cpp, line 313]
Event: 263.427 Thread 0x000002026b44ef10 Exception <a 'java/lang/ClassNotFoundException'{0x00000000a414c478}: org/gradle/api/internal/DefaultNamedDomainObjectCollectionBeanInfo> (0x00000000a414c478) 
thrown [s\src\hotspot\share\classfile\systemDictionary.cpp, line 313]
Event: 263.432 Thread 0x000002026b44ef10 Exception <a 'java/lang/ClassNotFoundException'{0x00000000a415f580}: org/gradle/api/internal/DefaultDomainObjectCollectionBeanInfo> (0x00000000a415f580) 
thrown [s\src\hotspot\share\classfile\systemDictionary.cpp, line 313]
Event: 263.433 Thread 0x000002026b44ef10 Exception <a 'java/lang/ClassNotFoundException'{0x00000000a4165a88}: java/util/AbstractCollectionBeanInfo> (0x00000000a4165a88) 
thrown [s\src\hotspot\share\classfile\systemDictionary.cpp, line 313]
Event: 263.437 Thread 0x000002026b44ef10 Exception <a 'java/lang/ClassNotFoundException'{0x00000000a416bf60}: java/util/AbstractCollectionCustomizer> (0x00000000a416bf60) 
thrown [s\src\hotspot\share\classfile\systemDictionary.cpp, line 313]
Event: 263.450 Thread 0x000002026b44ef10 Exception <a 'java/lang/ClassNotFoundException'{0x00000000a4192238}: org/gradle/api/internal/DefaultDomainObjectCollectionCustomizer> (0x00000000a4192238) 
thrown [s\src\hotspot\share\classfile\systemDictionary.cpp, line 313]
Event: 263.457 Thread 0x000002026b44ef10 Exception <a 'java/lang/ClassNotFoundException'{0x00000000a41df158}: org/gradle/api/internal/DefaultNamedDomainObjectCollectionCustomizer> (0x00000000a41df158) 
thrown [s\src\hotspot\share\classfile\systemDictionary.cpp, line 313]
Event: 263.467 Thread 0x000002026b44ef10 Exception <a 'java/lang/ClassNotFoundException'{0x00000000a4035c28}: org/gradle/api/internal/DefaultNamedDomainObjectListCustomizer> (0x00000000a4035c28) 
thrown [s\src\hotspot\share\classfile\systemDictionary.cpp, line 313]
Event: 263.486 Thread 0x000002026b44ef10 Exception <a 'java/lang/ClassNotFoundException'{0x00000000a40c4fa0}: org/gradle/api/internal/artifacts/DefaultArtifactRepositoryContainerCustomizer> (0x00000000a40c4fa0) 
thrown [s\src\hotspot\share\classfile\systemDictionary.cpp, line 313]
Event: 263.497 Thread 0x000002026b44ef10 Exception <a 'java/lang/ClassNotFoundException'{0x00000000a3f62b30}: org/gradle/api/internal/artifacts/dsl/DefaultRepositoryHandlerCustomizer> (0x00000000a3f62b30) 
thrown [s\src\hotspot\share\classfile\systemDictionary.cpp, line 313]
Event: 263.507 Thread 0x000002026b44ef10 Exception <a 'java/lang/ClassNotFoundException'{0x00000000a3e36de0}: org/gradle/api/internal/artifacts/dsl/DefaultRepositoryHandler_DecoratedCustomizer> (0x00000000a3e36de0) 
thrown [s\src\hotspot\share\classfile\systemDictionary.cpp, line 313]

ZGC Phase Switch (0 events):
No events

VM Operations (20 events):
Event: 242.897 Executing safepoint VM operation: Cleanup
Event: 242.897 Executing safepoint VM operation: Cleanup done
Event: 243.898 Executing safepoint VM operation: Cleanup
Event: 243.898 Executing safepoint VM operation: Cleanup done
Event: 244.904 Executing safepoint VM operation: Cleanup
Event: 244.904 Executing safepoint VM operation: Cleanup done
Event: 245.186 Executing safepoint VM operation: G1CollectForAllocation (G1 Evacuation Pause)
Event: 245.196 Executing safepoint VM operation: G1CollectForAllocation (G1 Evacuation Pause) done
Event: 245.383 Executing non-safepoint VM operation: HandshakeAllThreads (Deoptimize)
Event: 245.383 Executing non-safepoint VM operation: HandshakeAllThreads (Deoptimize) done
Event: 246.391 Executing safepoint VM operation: Cleanup
Event: 246.392 Executing safepoint VM operation: Cleanup done
Event: 247.393 Executing safepoint VM operation: Cleanup
Event: 247.532 Executing safepoint VM operation: Cleanup done
Event: 248.536 Executing safepoint VM operation: Cleanup
Event: 248.553 Executing safepoint VM operation: Cleanup done
Event: 249.556 Executing safepoint VM operation: Cleanup
Event: 249.556 Executing safepoint VM operation: Cleanup done
Event: 262.676 Executing safepoint VM operation: Cleanup
Event: 262.707 Executing safepoint VM operation: Cleanup done

Memory protections (0 events):
No events

Nmethod flushes (20 events):
Event: 84.020 Thread 0x00000202253fbaa0 flushing  nmethod 0x0000020211504410
Event: 84.020 Thread 0x00000202253fbaa0 flushing  nmethod 0x0000020211505110
Event: 84.020 Thread 0x00000202253fbaa0 flushing  nmethod 0x0000020211506f10
Event: 84.020 Thread 0x00000202253fbaa0 flushing  nmethod 0x000002021150f190
Event: 84.020 Thread 0x00000202253fbaa0 flushing  nmethod 0x000002021158a590
Event: 84.020 Thread 0x00000202253fbaa0 flushing  nmethod 0x000002021158a990
Event: 84.020 Thread 0x00000202253fbaa0 flushing  nmethod 0x0000020211593590
Event: 84.020 Thread 0x00000202253fbaa0 flushing  nmethod 0x0000020211594e10
Event: 84.020 Thread 0x00000202253fbaa0 flushing  nmethod 0x00000202115d7610
Event: 84.020 Thread 0x00000202253fbaa0 flushing  nmethod 0x00000202115d8210
Event: 84.020 Thread 0x00000202253fbaa0 flushing  nmethod 0x00000202115d9010
Event: 84.020 Thread 0x00000202253fbaa0 flushing  nmethod 0x000002021167f190
Event: 84.020 Thread 0x00000202253fbaa0 flushing  nmethod 0x00000202116e1090
Event: 84.020 Thread 0x00000202253fbaa0 flushing  nmethod 0x000002021172e510
Event: 84.020 Thread 0x00000202253fbaa0 flushing  nmethod 0x00000202117a6990
Event: 84.020 Thread 0x00000202253fbaa0 flushing  nmethod 0x00000202117a9d10
Event: 84.020 Thread 0x00000202253fbaa0 flushing  nmethod 0x00000202117ab610
Event: 84.020 Thread 0x00000202253fbaa0 flushing  nmethod 0x00000202117b2610
Event: 84.020 Thread 0x00000202253fbaa0 flushing  nmethod 0x00000202118f2b90
Event: 84.020 Thread 0x00000202253fbaa0 flushing  nmethod 0x00000202118f8910

Events (20 events):
Event: 25.067 Thread 0x000002026b44ef10 Thread added: 0x00000202255bd280
Event: 25.083 Thread 0x000002026b44ef10 Thread added: 0x00000202255bbed0
Event: 27.390 Thread 0x00000202255bbed0 Thread added: 0x00000202255bc560
Event: 27.458 Thread 0x000002026b44ef10 Thread added: 0x00000202255bdfa0
Event: 32.818 Thread 0x000002026b44ef10 Thread added: 0x00000202255bd910
Event: 32.889 Thread 0x000002026b44ef10 Thread added: 0x00000202255bab20
Event: 35.934 Thread 0x000002026b44ef10 Thread added: 0x00000202255be630
Event: 35.967 Thread 0x000002026b44ef10 Thread added: 0x00000202255bb1b0
Event: 52.998 Thread 0x000002026b44ef10 Thread added: 0x00000202255bf350
Event: 73.993 Thread 0x000002026b44ef10 Thread added: 0x00000202255c0070
Event: 80.030 Thread 0x000002026b44ef10 Thread added: 0x00000202255c1420
Event: 80.119 Thread 0x000002026b44ef10 Thread added: 0x00000202255c1ab0
Event: 90.386 Thread 0x000002026b44ef10 Thread added: 0x00000202255bf9e0
Event: 142.510 Thread 0x000002026b44ef10 Thread added: 0x00000202255becc0
Event: 190.476 Thread 0x000002026b44ef10 Thread added: 0x000002026c65a2a0
Event: 230.374 Thread 0x000002026b44ef10 Thread added: 0x000002026c65a930
Event: 237.203 Thread 0x000002026b44ef10 Thread added: 0x000002026c65b650
Event: 238.372 Thread 0x000002026b44ef10 Thread added: 0x000002026c659580
Event: 262.297 Thread 0x000002026b44ef10 Thread added: 0x000002026c65ca00
Event: 264.294 Thread 0x000002022541fee0 Thread added: 0x000002026e2b71b0


Dynamic libraries:
0x00007ff61a400000 - 0x00007ff61a40e000 	C:\Users\Lucas Hernandez\.vscode\extensions\redhat.java-1.56.0-win32-x64\jre\21.0.12.1-win32-x86_64\bin\java.exe
0x00007ffa77d80000 - 0x00007ffa77fe7000 	C:\WINDOWS\SYSTEM32\ntdll.dll
0x00007ffa765c0000 - 0x00007ffa7668b000 	C:\WINDOWS\System32\KERNEL32.DLL
0x00007ffa74f80000 - 0x00007ffa75382000 	C:\WINDOWS\System32\KERNELBASE.dll
0x00007ffa75940000 - 0x00007ffa75a8c000 	C:\WINDOWS\System32\ucrtbase.dll
0x00007ffa54440000 - 0x00007ffa54458000 	C:\Users\Lucas Hernandez\.vscode\extensions\redhat.java-1.56.0-win32-x64\jre\21.0.12.1-win32-x86_64\bin\jli.dll
0x00007ffa76d80000 - 0x00007ffa76f4f000 	C:\WINDOWS\System32\USER32.dll
0x00007ffa75630000 - 0x00007ffa75657000 	C:\WINDOWS\System32\win32u.dll
0x00007ffa76590000 - 0x00007ffa765bb000 	C:\WINDOWS\System32\GDI32.dll
0x00007ffa75390000 - 0x00007ffa754b9000 	C:\WINDOWS\System32\gdi32full.dll
0x00007ffa75580000 - 0x00007ffa75623000 	C:\WINDOWS\System32\msvcp_win.dll
0x00007ffa55230000 - 0x00007ffa5524e000 	C:\Users\Lucas Hernandez\.vscode\extensions\redhat.java-1.56.0-win32-x64\jre\21.0.12.1-win32-x86_64\bin\VCRUNTIME140.dll
0x00007ffa626a0000 - 0x00007ffa62930000 	C:\WINDOWS\WinSxS\amd64_microsoft.windows.common-controls_6595b64144ccf1df_6.0.26100.9278_none_3e0d1ba8e3303201\COMCTL32.dll
0x00007ffa77060000 - 0x00007ffa77109000 	C:\WINDOWS\System32\msvcrt.dll
0x00007ffa75db0000 - 0x00007ffa75de1000 	C:\WINDOWS\System32\IMM32.DLL
0x00007ffa60070000 - 0x00007ffa6007c000 	C:\Users\Lucas Hernandez\.vscode\extensions\redhat.java-1.56.0-win32-x64\jre\21.0.12.1-win32-x86_64\bin\vcruntime140_1.dll
0x00007ffa258a0000 - 0x00007ffa2592d000 	C:\Users\Lucas Hernandez\.vscode\extensions\redhat.java-1.56.0-win32-x64\jre\21.0.12.1-win32-x86_64\bin\msvcp140.dll
0x00007ff9a90d0000 - 0x00007ff9a9e72000 	C:\Users\Lucas Hernandez\.vscode\extensions\redhat.java-1.56.0-win32-x64\jre\21.0.12.1-win32-x86_64\bin\server\jvm.dll
0x00007ffa76b60000 - 0x00007ffa76c1c000 	C:\WINDOWS\System32\ADVAPI32.dll
0x00007ffa771a0000 - 0x00007ffa77249000 	C:\WINDOWS\System32\sechost.dll
0x00007ffa76a40000 - 0x00007ffa76b58000 	C:\WINDOWS\System32\RPCRT4.dll
0x00007ffa75c10000 - 0x00007ffa75c90000 	C:\WINDOWS\System32\WS2_32.dll
0x00007ffa74e00000 - 0x00007ffa74e5e000 	C:\WINDOWS\SYSTEM32\POWRPROF.dll
0x00007ffa6c150000 - 0x00007ffa6c186000 	C:\WINDOWS\SYSTEM32\WINMM.dll
0x00007ffa6cd30000 - 0x00007ffa6cd3b000 	C:\WINDOWS\SYSTEM32\VERSION.dll
0x00007ffa74de0000 - 0x00007ffa74df5000 	C:\WINDOWS\SYSTEM32\UMPDC.dll
0x00007ffa73c30000 - 0x00007ffa73c4b000 	C:\WINDOWS\SYSTEM32\kernel.appcore.dll
0x00007ffa5ff20000 - 0x00007ffa5ff2a000 	C:\Users\Lucas Hernandez\.vscode\extensions\redhat.java-1.56.0-win32-x64\jre\21.0.12.1-win32-x86_64\bin\jimage.dll
0x00007ffa68aa0000 - 0x00007ffa68cec000 	C:\WINDOWS\SYSTEM32\DBGHELP.DLL
0x00007ffa766b0000 - 0x00007ffa76a35000 	C:\WINDOWS\System32\combase.dll
0x00007ffa776e0000 - 0x00007ffa777b9000 	C:\WINDOWS\System32\OLEAUT32.dll
0x00007ffa5e7b0000 - 0x00007ffa5e7eb000 	C:\WINDOWS\SYSTEM32\dbgcore.DLL
0x00007ffa75880000 - 0x00007ffa7592c000 	C:\WINDOWS\System32\bcryptPrimitives.dll
0x00007ffa58db0000 - 0x00007ffa58dbf000 	C:\Users\Lucas Hernandez\.vscode\extensions\redhat.java-1.56.0-win32-x64\jre\21.0.12.1-win32-x86_64\bin\instrument.dll
0x00007ffa54380000 - 0x00007ffa543a0000 	C:\Users\Lucas Hernandez\.vscode\extensions\redhat.java-1.56.0-win32-x64\jre\21.0.12.1-win32-x86_64\bin\java.dll
0x00007ffa75df0000 - 0x00007ffa76588000 	C:\WINDOWS\System32\SHELL32.dll
0x00007ffa729c0000 - 0x00007ffa7326e000 	C:\WINDOWS\SYSTEM32\windows.storage.dll
0x00007ffa76f60000 - 0x00007ffa7705b000 	C:\WINDOWS\System32\SHCORE.dll
0x00007ffa77b40000 - 0x00007ffa77ba6000 	C:\WINDOWS\System32\shlwapi.dll
0x00007ffa74ea0000 - 0x00007ffa74ec9000 	C:\WINDOWS\SYSTEM32\profapi.dll
0x00007ffa54120000 - 0x00007ffa54138000 	C:\Users\Lucas Hernandez\.vscode\extensions\redhat.java-1.56.0-win32-x64\jre\21.0.12.1-win32-x86_64\bin\zip.dll
0x00007ffa5f810000 - 0x00007ffa5f820000 	C:\Users\Lucas Hernandez\.vscode\extensions\redhat.java-1.56.0-win32-x64\jre\21.0.12.1-win32-x86_64\bin\net.dll
0x00007ffa6ca10000 - 0x00007ffa6cb3a000 	C:\WINDOWS\SYSTEM32\WINHTTP.dll
0x00007ffa74210000 - 0x00007ffa7427c000 	C:\WINDOWS\system32\mswsock.dll
0x00007ffa53680000 - 0x00007ffa53696000 	C:\Users\Lucas Hernandez\.vscode\extensions\redhat.java-1.56.0-win32-x64\jre\21.0.12.1-win32-x86_64\bin\nio.dll
0x00007ffa57e70000 - 0x00007ffa57e80000 	C:\Users\Lucas Hernandez\.vscode\extensions\redhat.java-1.56.0-win32-x64\jre\21.0.12.1-win32-x86_64\bin\verify.dll
0x00007ffa47ff0000 - 0x00007ffa48017000 	C:\Users\Lucas Hernandez\.gradle\native\1def1411415f61bf3af743bc5b6707747c0891f09f0c88961ee8f79bc544acac\windows-amd64\native-platform.dll
0x00007ffa25c60000 - 0x00007ffa25cd8000 	C:\Users\Lucas Hernandez\.gradle\native\0.2.7\x86_64-windows-gnu\gradle-fileevents.dll
0x00007ffa6fe70000 - 0x00007ffa6fe7a000 	C:\Users\Lucas Hernandez\.vscode\extensions\redhat.java-1.56.0-win32-x64\jre\21.0.12.1-win32-x86_64\bin\management.dll
0x00007ffa6fe60000 - 0x00007ffa6fe6c000 	C:\Users\Lucas Hernandez\.vscode\extensions\redhat.java-1.56.0-win32-x64\jre\21.0.12.1-win32-x86_64\bin\management_ext.dll
0x00007ffa77c00000 - 0x00007ffa77c08000 	C:\WINDOWS\System32\PSAPI.DLL
0x00007ffa735d0000 - 0x00007ffa73603000 	C:\WINDOWS\SYSTEM32\IPHLPAPI.DLL
0x00007ffa77c10000 - 0x00007ffa77c1a000 	C:\WINDOWS\System32\NSI.dll
0x00007ffa60960000 - 0x00007ffa60969000 	C:\Users\Lucas Hernandez\.vscode\extensions\redhat.java-1.56.0-win32-x64\jre\21.0.12.1-win32-x86_64\bin\extnet.dll
0x00007ffa74520000 - 0x00007ffa7453b000 	C:\WINDOWS\SYSTEM32\CRYPTSP.dll
0x00007ffa73b90000 - 0x00007ffa73bc9000 	C:\WINDOWS\system32\rsaenh.dll
0x00007ffa742c0000 - 0x00007ffa742f4000 	C:\WINDOWS\SYSTEM32\USERENV.dll
0x00007ffa74e70000 - 0x00007ffa74e9a000 	C:\WINDOWS\SYSTEM32\bcrypt.dll
0x00007ffa74500000 - 0x00007ffa7450c000 	C:\WINDOWS\SYSTEM32\CRYPTBASE.dll
0x00007ffa60950000 - 0x00007ffa6095e000 	C:\Users\Lucas Hernandez\.vscode\extensions\redhat.java-1.56.0-win32-x64\jre\21.0.12.1-win32-x86_64\bin\sunmscapi.dll
0x00007ffa756f0000 - 0x00007ffa7586e000 	C:\WINDOWS\System32\CRYPT32.dll
0x00007ffa74740000 - 0x00007ffa74770000 	C:\WINDOWS\SYSTEM32\ncrypt.dll
0x00007ffa746f0000 - 0x00007ffa7472f000 	C:\WINDOWS\SYSTEM32\NTASN1.dll
0x00007ffa3a230000 - 0x00007ffa3a238000 	C:\WINDOWS\system32\wshunix.dll

JVMTI agents:
C:\Users\Lucas Hernandez\.gradle\wrapper\dists\gradle-8.14.3-all\10utluxaxniiv4wxiphsi49nj\gradle-8.14.3\lib\agents\gradle-instrumentation-agent-8.14.3.jar path:C:\Users\Lucas Hernandez\.vscode\extensions\redhat.java-1.56.0-win32-x64\jre\21.0.12.1-win32-x86_64\bin\instrument.dll, loaded, initialized, instrumentlib options:none

dbghelp: loaded successfully - version: 4.0.5 - missing functions: none
symbol engine: initialized successfully - sym options: 0x614 - pdb path: .;C:\Users\Lucas Hernandez\.vscode\extensions\redhat.java-1.56.0-win32-x64\jre\21.0.12.1-win32-x86_64\bin;C:\WINDOWS\SYSTEM32;C:\WINDOWS\WinSxS\amd64_microsoft.windows.common-controls_6595b64144ccf1df_6.0.26100.9278_none_3e0d1ba8e3303201;C:\Users\Lucas Hernandez\.vscode\extensions\redhat.java-1.56.0-win32-x64\jre\21.0.12.1-win32-x86_64\bin\server;C:\Users\Lucas Hernandez\.gradle\native\1def1411415f61bf3af743bc5b6707747c0891f09f0c88961ee8f79bc544acac\windows-amd64;C:\Users\Lucas Hernandez\.gradle\native\0.2.7\x86_64-windows-gnu

VM Arguments:
jvm_args: --add-opens=java.base/java.lang=ALL-UNNAMED --add-opens=java.base/java.lang.invoke=ALL-UNNAMED --add-opens=java.base/java.util=ALL-UNNAMED --add-opens=java.prefs/java.util.prefs=ALL-UNNAMED --add-exports=jdk.compiler/com.sun.tools.javac.api=ALL-UNNAMED --add-exports=jdk.compiler/com.sun.tools.javac.util=ALL-UNNAMED --add-opens=java.base/java.util=ALL-UNNAMED --add-opens=java.prefs/java.util.prefs=ALL-UNNAMED --add-opens=java.base/java.nio.charset=ALL-UNNAMED --add-opens=java.base/java.net=ALL-UNNAMED --add-opens=java.base/java.util.concurrent.atomic=ALL-UNNAMED --add-opens=java.xml/javax.xml.namespace=ALL-UNNAMED -Xmx1536m -Dfile.encoding=UTF-8 -Duser.country=ES -Duser.language=es -Duser.variant -javaagent:C:\Users\Lucas Hernandez\.gradle\wrapper\dists\gradle-8.14.3-all\10utluxaxniiv4wxiphsi49nj\gradle-8.14.3\lib\agents\gradle-instrumentation-agent-8.14.3.jar 
java_command: org.gradle.launcher.daemon.bootstrap.GradleDaemon 8.14.3
java_class_path (initial): C:\Users\Lucas Hernandez\.gradle\wrapper\dists\gradle-8.14.3-all\10utluxaxniiv4wxiphsi49nj\gradle-8.14.3\lib\gradle-daemon-main-8.14.3.jar
Launcher Type: SUN_STANDARD

[Global flags]
     intx CICompilerCount                          = 4                                         {product} {ergonomic}
     uint ConcGCThreads                            = 3                                         {product} {ergonomic}
     uint G1ConcRefinementThreads                  = 10                                        {product} {ergonomic}
   size_t G1HeapRegionSize                         = 1048576                                   {product} {ergonomic}
    uintx GCDrainStackTargetSize                   = 64                                        {product} {ergonomic}
   size_t InitialHeapSize                          = 260046848                                 {product} {ergonomic}
   size_t MarkStackSize                            = 4194304                                   {product} {ergonomic}
   size_t MaxHeapSize                              = 1610612736                                {product} {command line}
   size_t MaxNewSize                               = 965738496                                 {product} {ergonomic}
   size_t MinHeapDeltaBytes                        = 1048576                                   {product} {ergonomic}
   size_t MinHeapSize                              = 8388608                                   {product} {ergonomic}
    uintx NonNMethodCodeHeapSize                   = 5839372                                {pd product} {ergonomic}
    uintx NonProfiledCodeHeapSize                  = 122909434                              {pd product} {ergonomic}
    uintx ProfiledCodeHeapSize                     = 122909434                              {pd product} {ergonomic}
    uintx ReservedCodeCacheSize                    = 251658240                              {pd product} {ergonomic}
     bool SegmentedCodeCache                       = true                                      {product} {ergonomic}
   size_t SoftMaxHeapSize                          = 1610612736                             {manageable} {ergonomic}
     bool UseCompressedOops                        = true                           {product lp64_product} {ergonomic}
     bool UseG1GC                                  = true                                      {product} {ergonomic}
     bool UseLargePagesIndividualAllocation        = false                                  {pd product} {ergonomic}

Logging:
Log output configuration:
 #0: stdout all=warning uptime,level,tags foldmultilines=false
 #1: stderr all=off uptime,level,tags foldmultilines=false

Release file:
JAVA_VERSION="21.0.12.1" 
MODULES="java.base java.compiler java.datatransfer java.xml java.prefs java.desktop java.instrument java.logging java.management java.security.sasl java.naming java.rmi java.management.rmi java.net.http java.scripting java.security.jgss java.transaction.xa java.sql java.sql.rowset java.xml.crypto java.se java.smartcardio jdk.accessibility jdk.internal.jvmstat jdk.attach jdk.charsets jdk.internal.opt jdk.zipfs jdk.compiler jdk.crypto.ec jdk.crypto.cryptoki jdk.crypto.mscapi jdk.dynalink jdk.internal.ed jdk.editpad jdk.hotspot.agent jdk.httpserver jdk.internal.le jdk.internal.vm.ci jdk.internal.vm.compiler jdk.internal.vm.compiler.management jdk.jartool jdk.javadoc jdk.jcmd jdk.management jdk.management.agent jdk.jconsole jdk.jdeps jdk.jdwp.agent jdk.jdi jdk.jfr jdk.jshell jdk.jsobject jdk.jstatd jdk.localedata jdk.management.jfr jdk.naming.dns jdk.naming.rmi jdk.net jdk.nio.mapmode jdk.random jdk.sctp jdk.security.auth jdk.security.jgss jdk.unsupported jdk.unsupported.desktop jdk.xml.dom" 

Environment Variables:
JAVA_HOME=C:\Program Files\Eclipse Adoptium\jdk-17.0.20.101-hotspot\
PATH=C:\Program Files\Eclipse Adoptium\jdk-17.0.20.101-hotspot\bin;C:\Users\Lucas Hernandez\AppData\Local\Programs\Python\Python314\Scripts\;C:\Users\Lucas Hernandez\AppData\Local\Programs\Python\Python314\;C:\app\dbhomeXE\bin;C:\WINDOWS\system32;C:\WINDOWS;C:\WINDOWS\System32\Wbem;C:\WINDOWS\System32\WindowsPowerShell\v1.0\;C:\WINDOWS\System32\OpenSSH\;C:\Program Files\Docker\Docker\resources\bin;C:\Program Files\nodejs\;C:\ProgramData\chocolatey\bin;C:\Program Files\dotnet\;C:\Program Files\Git\cmd;C:\Program Files\MySQL\MySQL Shell 8.0\bin\;C:\Users\Lucas Hernandez\AppData\Local\Microsoft\WindowsApps;C:\Program Files\JetBrains\IntelliJ IDEA 2025.2.2\bin;C:\Users\Lucas Hernandez\AppData\Local\GitHubDesktop\bin;C:\Users\Lucas Hernandez\AppData\Local\Programs\Microsoft VS Code\bin;C:\Users\Lucas Hernandez\AppData\Local\Python\bin;C:\Users\Lucas Hernandez\AppData\Local\Programs\cursor\resources\app\bin;C:\Users\Lucas Hernandez\AppData\Roaming\npm;C:\src\flutter\bin;;C:\Android\sdk\platform-tools;C:\Android\sdk\cmdline-tools\latest\bin;C:\Android\sdk\emulator
USERNAME=Lucas Hernandez
OS=Windows_NT
PROCESSOR_IDENTIFIER=AMD64 Family 23 Model 104 Stepping 1, AuthenticAMD
TMP=C:\Users\LUCASH~1\AppData\Local\Temp
TEMP=C:\Users\LUCASH~1\AppData\Local\Temp




Periodic native trim disabled

---------------  S Y S T E M  ---------------

OS:
 Windows 11 , 64 bit Build 26100 (10.0.26100.9444)
OS uptime: 11 days 19:08 hours
Hyper-V role detected

CPU: total 12 (initial active 12) (12 cores per cpu, 2 threads per core) family 23 model 104 stepping 1 microcode 0x8608103, cx8, cmov, fxsr, ht, mmx, 3dnowpref, sse, sse2, sse3, ssse3, sse4a, sse4.1, sse4.2, popcnt, lzcnt, tsc, tscinvbit, avx, avx2, aes, clmul, bmi1, bmi2, adx, sha, fma, vzeroupper, clflush, clflushopt, hv, rdtscp, rdpid, f16c
Processor Information for the first 12 processors :
  Max Mhz: 2100, Current Mhz: 2100, Mhz Limit: 2100

Memory: 4k page, system-wide physical 15754M (560M free)
TotalPageFile size 64906M (AvailPageFile size 674M)
current process WorkingSet (physical memory assigned to process): 130M, peak: 305M
current process commit charge ("private bytes"): 281M, peak: 419M

vm_info: OpenJDK 64-Bit Server VM (21.0.12.1+1-LTS) for windows-amd64 JRE (21.0.12.1+1-LTS), built on 2026-08-18T00:00:00Z by "admin" with MS VC++ 17.12 (VS2022)

END.
