#
# There is insufficient memory for the Java Runtime Environment to continue.
# Native memory allocation (malloc) failed to allocate 534256 bytes. Error detail: Chunk::new
# Possible reasons:
#   The system is out of physical RAM or swap space
#   This process is running with CompressedOops enabled, and the Java Heap may be blocking the growth of the native heap
# Possible solutions:
#   Reduce memory load on the system
#   Increase physical memory or swap space
#   Check if swap backing store is full
#   Decrease Java heap size (-Xmx/-Xms)
#   Decrease number of Java threads
#   Decrease Java thread stack sizes (-Xss)
#   Set larger code cache with -XX:ReservedCodeCacheSize=
#   JVM is running with Unscaled Compressed Oops mode in which the Java heap is
#     placed in the first 4GB address space. The Java Heap base address is the
#     maximum limit for the native heap growth. Please use -XX:HeapBaseMinAddress
#     to set the Java Heap base and to place the Java Heap above 4GB virtual address.
# This output file may be truncated or incomplete.
#
#  Out of Memory Error (arena.cpp:168), pid=19260, tid=12772
#
# JRE version: OpenJDK Runtime Environment Temurin-21.0.12.1+1 (21.0.12.1+1) (build 21.0.12.1+1-LTS)
# Java VM: OpenJDK 64-Bit Server VM Temurin-21.0.12.1+1 (21.0.12.1+1-LTS, mixed mode, sharing, tiered, compressed oops, compressed class ptrs, g1 gc, windows-amd64)
# No core dump will be written. Minidumps are not enabled by default on client versions of Windows
#

---------------  S U M M A R Y ------------

Command Line: --add-opens=java.base/java.util=ALL-UNNAMED --add-opens=java.base/java.lang=ALL-UNNAMED --add-opens=java.base/java.lang.invoke=ALL-UNNAMED --add-opens=java.prefs/java.util.prefs=ALL-UNNAMED --add-exports=jdk.compiler/com.sun.tools.javac.api=ALL-UNNAMED --add-exports=jdk.compiler/com.sun.tools.javac.util=ALL-UNNAMED --add-opens=java.base/java.nio.charset=ALL-UNNAMED --add-opens=java.base/java.net=ALL-UNNAMED --add-opens=java.base/java.util.concurrent.atomic=ALL-UNNAMED -XX:MaxMetaspaceSize=384m -XX:+HeapDumpOnOutOfMemoryError -Xms256m -Xmx512m -Dfile.encoding=utf8 -Duser.country=ES -Duser.language=es -Duser.variant -javaagent:C:\Users\Lucas Hernandez\.gradle\wrapper\dists\gradle-8.9-bin\90cnw93cvbtalezasaz0blq0a\gradle-8.9\lib\agents\gradle-instrumentation-agent-8.9.jar org.gradle.launcher.daemon.bootstrap.GradleDaemon 8.9

Host: AMD Ryzen 5 7430U with Radeon Graphics, 12 cores, 15G,  Windows 11 , 64 bit Build 26100 (10.0.26100.9444)
Time: Wed Oct  7 16:08:00 2026 Hora de verano romance elapsed time: 277.907371 seconds (0d 0h 4m 37s)

---------------  T H R E A D  ---------------

Current thread (0x000001d5b652b290):  JavaThread "C2 CompilerThread0" daemon [_thread_in_native, id=12772, stack(0x0000008aa7d00000,0x0000008aa7e00000) (1024K)]


Current CompileTask:
C2:277907 9953   !   4       sun.nio.ch.DatagramChannelImpl::blockingReceive (363 bytes)

Stack: [0x0000008aa7d00000,0x0000008aa7e00000]
Native frames: (J=compiled Java code, j=interpreted, Vv=VM code, C=native code)
V  [jvm.dll+0x6d83e9]
V  [jvm.dll+0x8b5736]
V  [jvm.dll+0x8b7cee]
V  [jvm.dll+0x8b83d3]
V  [jvm.dll+0x284596]
V  [jvm.dll+0xc685d]
V  [jvm.dll+0xc6da1]
V  [jvm.dll+0x3bf151]
V  [jvm.dll+0x38b6d2]
V  [jvm.dll+0x38ab1a]
V  [jvm.dll+0x24c700]
V  [jvm.dll+0x24bce0]
V  [jvm.dll+0x1cb4ae]
V  [jvm.dll+0x25baad]
V  [jvm.dll+0x25a03a]
V  [jvm.dll+0x3f8aae]
V  [jvm.dll+0x8600cd]
V  [jvm.dll+0x6d6c1d]
C  [ucrtbase.dll+0x2cd30]
C  [KERNEL32.DLL+0x2cd87]
C  [ntdll.dll+0xacaec]


---------------  P R O C E S S  ---------------

Threads class SMR info:
_java_thread_list=0x000001d5d2eab350, length=50, elements={
0x000001d5a07106b0, 0x000001d5b651acb0, 0x000001d5b651c430, 0x000001d5b65241c0,
0x000001d5b6524c20, 0x000001d5b6525680, 0x000001d5b652a500, 0x000001d5b652b290,
0x000001d5b6538a00, 0x000001d5b67ea6a0, 0x000001d5b67af760, 0x000001d5d163af00,
0x000001d5d1757040, 0x000001d5d0c64bb0, 0x000001d5d0cf2d20, 0x000001d5d14b8380,
0x000001d5d14b6940, 0x000001d5d14b62b0, 0x000001d5d14b6fd0, 0x000001d5d2cbdd90,
0x000001d5d2cbbcc0, 0x000001d5d2cbc350, 0x000001d5d2cbd700, 0x000001d5d212c940,
0x000001d5d21294c0, 0x000001d5d212d660, 0x000001d5d1fc66b0, 0x000001d5d1fca850,
0x000001d5d14b7660, 0x000001d5d14b8a10, 0x000001d5d14b9730, 0x000001d5d1fc6020,
0x000001d5d1fc80f0, 0x000001d5d1fc8780, 0x000001d5d1fc6d40, 0x000001d5d1fc73d0,
0x000001d5d1fc7a60, 0x000001d5d1fc5300, 0x000001d5d1fc9b30, 0x000001d5d1fc5990,
0x000001d5d1fca1c0, 0x000001d5d1fcb570, 0x000001d5d1fcaee0, 0x000001d5d1fc8e10,
0x000001d5d1fcbc00, 0x000001d5d1fc94a0, 0x000001d5d1fcc290, 0x000001d5d1fcc920,
0x000001d5d212b590, 0x000001d5d212a1e0
}

Java Threads: ( => current thread )
  0x000001d5a07106b0 JavaThread "main"                              [_thread_blocked, id=360, stack(0x0000008aa6e00000,0x0000008aa6f00000) (1024K)]
  0x000001d5b651acb0 JavaThread "Reference Handler"          daemon [_thread_blocked, id=8636, stack(0x0000008aa7700000,0x0000008aa7800000) (1024K)]
  0x000001d5b651c430 JavaThread "Finalizer"                  daemon [_thread_blocked, id=27196, stack(0x0000008aa7800000,0x0000008aa7900000) (1024K)]
  0x000001d5b65241c0 JavaThread "Signal Dispatcher"          daemon [_thread_blocked, id=7732, stack(0x0000008aa7900000,0x0000008aa7a00000) (1024K)]
  0x000001d5b6524c20 JavaThread "Attach Listener"            daemon [_thread_blocked, id=3852, stack(0x0000008aa7a00000,0x0000008aa7b00000) (1024K)]
  0x000001d5b6525680 JavaThread "Service Thread"             daemon [_thread_blocked, id=38632, stack(0x0000008aa7b00000,0x0000008aa7c00000) (1024K)]
  0x000001d5b652a500 JavaThread "Monitor Deflation Thread"   daemon [_thread_blocked, id=27864, stack(0x0000008aa7c00000,0x0000008aa7d00000) (1024K)]
=>0x000001d5b652b290 JavaThread "C2 CompilerThread0"         daemon [_thread_in_native, id=12772, stack(0x0000008aa7d00000,0x0000008aa7e00000) (1024K)]
  0x000001d5b6538a00 JavaThread "C1 CompilerThread0"         daemon [_thread_blocked, id=36892, stack(0x0000008aa7e00000,0x0000008aa7f00000) (1024K)]
  0x000001d5b67ea6a0 JavaThread "Common-Cleaner"             daemon [_thread_blocked, id=22704, stack(0x0000008aa7f00000,0x0000008aa8000000) (1024K)]
  0x000001d5b67af760 JavaThread "Notification Thread"        daemon [_thread_blocked, id=18872, stack(0x0000008aa8000000,0x0000008aa8100000) (1024K)]
  0x000001d5d163af00 JavaThread "Daemon health stats"               [_thread_blocked, id=13108, stack(0x0000008aa8900000,0x0000008aa8a00000) (1024K)]
  0x000001d5d1757040 JavaThread "Incoming local TCP Connector on port 60926"        [_thread_in_native, id=26968, stack(0x0000008aa8a00000,0x0000008aa8b00000) (1024K)]
  0x000001d5d0c64bb0 JavaThread "Daemon periodic checks"            [_thread_blocked, id=15908, stack(0x0000008aa8b00000,0x0000008aa8c00000) (1024K)]
  0x000001d5d0cf2d20 JavaThread "Daemon"                            [_thread_blocked, id=7684, stack(0x0000008aa8100000,0x0000008aa8200000) (1024K)]
  0x000001d5d14b8380 JavaThread "Daemon worker"                     [_thread_blocked, id=28416, stack(0x0000008aa8e00000,0x0000008aa8f00000) (1024K)]
  0x000001d5d14b6940 JavaThread "Cache worker for journal cache (C:\Users\Lucas Hernandez\.gradle\caches\journal-1)"        [_thread_blocked, id=20040, stack(0x0000008aa9200000,0x0000008aa9300000) (1024K)]
  0x000001d5d14b62b0 JavaThread "File lock request listener"        [_thread_in_native, id=31740, stack(0x0000008aa9300000,0x0000008aa9400000) (1024K)]
  0x000001d5d14b6fd0 JavaThread "Cache worker for file hash cache (C:\Users\Lucas Hernandez\.gradle\caches\8.9\fileHashes)"        [_thread_blocked, id=37268, stack(0x0000008aa9400000,0x0000008aa9500000) (1024K)]
  0x000001d5d2cbdd90 JavaThread "File lock release action executor"        [_thread_blocked, id=20260, stack(0x0000008aa9500000,0x0000008aa9600000) (1024K)]
  0x000001d5d2cbbcc0 JavaThread "File watcher server"        daemon [_thread_in_native, id=23872, stack(0x0000008aa9c00000,0x0000008aa9d00000) (1024K)]
  0x000001d5d2cbc350 JavaThread "File watcher consumer"      daemon [_thread_blocked, id=2868, stack(0x0000008aa9d00000,0x0000008aa9e00000) (1024K)]
  0x000001d5d2cbd700 JavaThread "Cache worker for file content cache (C:\Users\Lucas Hernandez\.gradle\caches\8.9\fileContent)"        [_thread_blocked, id=27180, stack(0x0000008aa9f00000,0x0000008aaa000000) (1024K)]
  0x000001d5d212c940 JavaThread "jar transforms"                    [_thread_blocked, id=37120, stack(0x0000008aaa200000,0x0000008aaa300000) (1024K)]
  0x000001d5d21294c0 JavaThread "jar transforms Thread 2"           [_thread_blocked, id=38688, stack(0x0000008aaa300000,0x0000008aaa400000) (1024K)]
  0x000001d5d212d660 JavaThread "jar transforms Thread 3"           [_thread_blocked, id=17584, stack(0x0000008aa6d00000,0x0000008aa6e00000) (1024K)]
  0x000001d5d1fc66b0 JavaThread "jar transforms Thread 4"           [_thread_blocked, id=39992, stack(0x0000008aac400000,0x0000008aac500000) (1024K)]
  0x000001d5d1fca850 JavaThread "jar transforms Thread 5"           [_thread_blocked, id=17052, stack(0x0000008aaa400000,0x0000008aaa500000) (1024K)]
  0x000001d5d14b7660 JavaThread "jar transforms Thread 6"           [_thread_blocked, id=19756, stack(0x0000008aabb00000,0x0000008aabc00000) (1024K)]
  0x000001d5d14b8a10 JavaThread "Handler for socket connection from /127.0.0.1:60926 to /127.0.0.1:55629"        [_thread_in_native, id=10108, stack(0x0000008aa8c00000,0x0000008aa8d00000) (1024K)]
  0x000001d5d14b9730 JavaThread "Cancel handler"                    [_thread_blocked, id=13656, stack(0x0000008aa8d00000,0x0000008aa8e00000) (1024K)]
  0x000001d5d1fc6020 JavaThread "Asynchronous log dispatcher for DefaultDaemonConnection: socket connection from /127.0.0.1:60926 to /127.0.0.1:55629"        [_thread_blocked, id=24772, stack(0x0000008aa8f00000,0x0000008aa9000000) (1024K)]
  0x000001d5d1fc80f0 JavaThread "Stdin handler"                     [_thread_blocked, id=2716, stack(0x0000008aa9000000,0x0000008aa9100000) (1024K)]
  0x000001d5d1fc8780 JavaThread "Daemon client event forwarder"        [_thread_blocked, id=36148, stack(0x0000008aa9100000,0x0000008aa9200000) (1024K)]
  0x000001d5d1fc6d40 JavaThread "Cache worker for file hash cache (C:\Users\Lucas Hernandez\OneDrive - UDIT\Documents\DI\dam2-productos-archivos\node_modules\@capacitor\app\android\.gradle\8.9\fileHashes)"        [_thread_blocked, id=1680, stack(0x0000008aa9a00000,0x0000008aa9b00000) (1024K)]
  0x000001d5d1fc73d0 JavaThread "Cache worker for Build Output Cleanup Cache (C:\Users\Lucas Hernandez\OneDrive - UDIT\Documents\DI\dam2-productos-archivos\node_modules\@capacitor\app\android\.gradle\buildOutputCleanup)"        [_thread_blocked, id=38048, stack(0x0000008aa9b00000,0x0000008aa9c00000) (1024K)]
  0x000001d5d1fc7a60 JavaThread "Cache worker for checksums cache (C:\Users\Lucas Hernandez\OneDrive - UDIT\Documents\DI\dam2-productos-archivos\node_modules\@capacitor\app\android\.gradle\8.9\checksums)"        [_thread_blocked, id=40856, stack(0x0000008aa9e00000,0x0000008aa9f00000) (1024K)]
  0x000001d5d1fc5300 JavaThread "Cache worker for cache directory md-rule (C:\Users\Lucas Hernandez\.gradle\caches\8.9\md-rule)"        [_thread_blocked, id=27740, stack(0x0000008aaa000000,0x0000008aaa100000) (1024K)]
  0x000001d5d1fc9b30 JavaThread "Cache worker for cache directory md-supplier (C:\Users\Lucas Hernandez\.gradle\caches\8.9\md-supplier)"        [_thread_blocked, id=3220, stack(0x0000008aaa100000,0x0000008aaa200000) (1024K)]
  0x000001d5d1fc5990 JavaThread "Unconstrained build operations"        [_thread_blocked, id=3680, stack(0x0000008aa6f00000,0x0000008aa7000000) (1024K)]
  0x000001d5d1fca1c0 JavaThread "Unconstrained build operations Thread 2"        [_thread_blocked, id=7132, stack(0x0000008aaa500000,0x0000008aaa600000) (1024K)]
  0x000001d5d1fcb570 JavaThread "Unconstrained build operations Thread 3"        [_thread_blocked, id=31444, stack(0x0000008aaa600000,0x0000008aaa700000) (1024K)]
  0x000001d5d1fcaee0 JavaThread "Unconstrained build operations Thread 4"        [_thread_blocked, id=38372, stack(0x0000008aaa700000,0x0000008aaa800000) (1024K)]
  0x000001d5d1fc8e10 JavaThread "Unconstrained build operations Thread 5"        [_thread_blocked, id=26056, stack(0x0000008aaa800000,0x0000008aaa900000) (1024K)]
  0x000001d5d1fcbc00 JavaThread "Unconstrained build operations Thread 6"        [_thread_blocked, id=22752, stack(0x0000008aaa900000,0x0000008aaaa00000) (1024K)]
  0x000001d5d1fc94a0 JavaThread "Unconstrained build operations Thread 7"        [_thread_blocked, id=39036, stack(0x0000008aaaa00000,0x0000008aaab00000) (1024K)]
  0x000001d5d1fcc290 JavaThread "Unconstrained build operations Thread 8"        [_thread_blocked, id=40992, stack(0x0000008aaab00000,0x0000008aaac00000) (1024K)]
  0x000001d5d1fcc920 JavaThread "Unconstrained build operations Thread 9"        [_thread_blocked, id=40980, stack(0x0000008aaac00000,0x0000008aaad00000) (1024K)]
  0x000001d5d212b590 JavaThread "Unconstrained build operations Thread 10"        [_thread_blocked, id=40984, stack(0x0000008aaad00000,0x0000008aaae00000) (1024K)]
  0x000001d5d212a1e0 JavaThread "Unconstrained build operations Thread 11"        [_thread_in_native, id=41008, stack(0x0000008aaae00000,0x0000008aaaf00000) (1024K)]
Total: 50

Other Threads:
  0x000001d5b65001e0 VMThread "VM Thread"                           [id=11336, stack(0x0000008aa7600000,0x0000008aa7700000) (1024K)]
  0x000001d5b64f0100 WatcherThread "VM Periodic Task Thread"        [id=11712, stack(0x0000008aa7500000,0x0000008aa7600000) (1024K)]
  0x000001d5a073e940 WorkerThread "GC Thread#0"                     [id=30084, stack(0x0000008aa7000000,0x0000008aa7100000) (1024K)]
  0x000001d5d02476d0 WorkerThread "GC Thread#1"                     [id=21316, stack(0x0000008aa8200000,0x0000008aa8300000) (1024K)]
  0x000001d5d0247a80 WorkerThread "GC Thread#2"                     [id=26720, stack(0x0000008aa8300000,0x0000008aa8400000) (1024K)]
  0x000001d5d03221b0 WorkerThread "GC Thread#3"                     [id=33688, stack(0x0000008aa8400000,0x0000008aa8500000) (1024K)]
  0x000001d5d0322560 WorkerThread "GC Thread#4"                     [id=26924, stack(0x0000008aa8500000,0x0000008aa8600000) (1024K)]
  0x000001d5d0322910 WorkerThread "GC Thread#5"                     [id=14572, stack(0x0000008aa8600000,0x0000008aa8700000) (1024K)]
  0x000001d5d18a4ed0 WorkerThread "GC Thread#6"                     [id=37368, stack(0x0000008aa8700000,0x0000008aa8800000) (1024K)]
  0x000001d5d18a5280 WorkerThread "GC Thread#7"                     [id=37724, stack(0x0000008aa8800000,0x0000008aa8900000) (1024K)]
  0x000001d5d1eb89a0 WorkerThread "GC Thread#8"                     [id=5612, stack(0x0000008aa9600000,0x0000008aa9700000) (1024K)]
  0x000001d5d1eb7ae0 WorkerThread "GC Thread#9"                     [id=26152, stack(0x0000008aa9700000,0x0000008aa9800000) (1024K)]
  0x000001d5a0743740 ConcurrentGCThread "G1 Main Marker"            [id=32248, stack(0x0000008aa7100000,0x0000008aa7200000) (1024K)]
  0x000001d5a0744060 WorkerThread "G1 Conc#0"                       [id=36424, stack(0x0000008aa7200000,0x0000008aa7300000) (1024K)]
  0x000001d5d1eb9100 WorkerThread "G1 Conc#1"                       [id=17928, stack(0x0000008aa9800000,0x0000008aa9900000) (1024K)]
  0x000001d5d1eb85f0 WorkerThread "G1 Conc#2"                       [id=23264, stack(0x0000008aa9900000,0x0000008aa9a00000) (1024K)]
  0x000001d5b63bf240 ConcurrentGCThread "G1 Refine#0"               [id=10804, stack(0x0000008aa7300000,0x0000008aa7400000) (1024K)]
  0x000001d5b63bf7e0 ConcurrentGCThread "G1 Service"                [id=38524, stack(0x0000008aa7400000,0x0000008aa7500000) (1024K)]
Total: 18

Threads with active compile tasks:
C2 CompilerThread0  277945 9953   !   4       sun.nio.ch.DatagramChannelImpl::blockingReceive (363 bytes)
Total: 1

VM state: not at safepoint (normal execution)

VM Mutex/Monitor currently owned by a thread: None

Heap address: 0x00000000e0000000, size: 512 MB, Compressed Oops mode: 32-bit

CDS archive(s) mapped at: [0x000001d5b7000000-0x000001d5b7ba0000-0x000001d5b7ba0000), size 12189696, SharedBaseAddress: 0x000001d5b7000000, ArchiveRelocationMode: 1.
Compressed class space mapped at: 0x000001d5b8000000-0x000001d5cc000000, reserved size: 335544320
Narrow klass base: 0x000001d5b7000000, Narrow klass shift: 0, Narrow klass range: 0x100000000

GC Precious Log:
 CardTable entry size: 512
 Card Set container configuration: InlinePtr #cards 5 size 8 Array Of Cards #cards 12 size 40 Howl #buckets 4 coarsen threshold 1843 Howl Bitmap #cards 512 size 80 coarsen threshold 460 Card regions per heap region 1 cards per card region 2048
 CPUs: 12 total, 12 available
 Memory: 15754M
 Large Page Support: Disabled
 NUMA Support: Disabled
 Compressed Oops: Enabled (32-bit)
 Heap Region Size: 1M
 Heap Min Capacity: 256M
 Heap Initial Capacity: 256M
 Heap Max Capacity: 512M
 Pre-touch: Disabled
 Parallel Workers: 10
 Concurrent Workers: 3
 Concurrent Refinement Workers: 10
 Periodic GC: Disabled

Heap:
 garbage-first heap   total 262144K, used 168314K [0x00000000e0000000, 0x0000000100000000)
  region size 1024K, 120 young (122880K), 11 survivors (11264K)
 Metaspace       used 52114K, committed 53888K, reserved 393216K
  class space    used 7338K, committed 8192K, reserved 327680K

Heap Regions: E=young(eden), S=young(survivor), O=old, HS=humongous(starts), HC=humongous(continues), CS=collection set, F=free, TAMS=top-at-mark-start, PB=parsable bottom
|   0|0x00000000e0000000, 0x00000000e0100000, 0x00000000e0100000|100%|HS|  |TAMS 0x00000000e0000000| PB 0x00000000e0000000| Complete 
|   1|0x00000000e0100000, 0x00000000e0200000, 0x00000000e0200000|100%|HC|  |TAMS 0x00000000e0100000| PB 0x00000000e0100000| Complete 
|   2|0x00000000e0200000, 0x00000000e0300000, 0x00000000e0300000|100%|HC|  |TAMS 0x00000000e0200000| PB 0x00000000e0200000| Complete 
|   3|0x00000000e0300000, 0x00000000e0400000, 0x00000000e0400000|100%|HC|  |TAMS 0x00000000e0300000| PB 0x00000000e0300000| Complete 
|   4|0x00000000e0400000, 0x00000000e0500000, 0x00000000e0500000|100%| O|  |TAMS 0x00000000e0400000| PB 0x00000000e0400000| Untracked 
|   5|0x00000000e0500000, 0x00000000e0600000, 0x00000000e0600000|100%| O|  |TAMS 0x00000000e0500000| PB 0x00000000e0500000| Untracked 
|   6|0x00000000e0600000, 0x00000000e0700000, 0x00000000e0700000|100%|HS|  |TAMS 0x00000000e0600000| PB 0x00000000e0600000| Complete 
|   7|0x00000000e0700000, 0x00000000e0800000, 0x00000000e0800000|100%| O|  |TAMS 0x00000000e0700000| PB 0x00000000e0700000| Untracked 
|   8|0x00000000e0800000, 0x00000000e0900000, 0x00000000e0900000|100%| O|  |TAMS 0x00000000e0800000| PB 0x00000000e0800000| Untracked 
|   9|0x00000000e0900000, 0x00000000e0a00000, 0x00000000e0a00000|100%| O|  |TAMS 0x00000000e0900000| PB 0x00000000e0900000| Untracked 
|  10|0x00000000e0a00000, 0x00000000e0b00000, 0x00000000e0b00000|100%|HS|  |TAMS 0x00000000e0a00000| PB 0x00000000e0a00000| Complete 
|  11|0x00000000e0b00000, 0x00000000e0c00000, 0x00000000e0c00000|100%| O|  |TAMS 0x00000000e0b00000| PB 0x00000000e0b00000| Untracked 
|  12|0x00000000e0c00000, 0x00000000e0d00000, 0x00000000e0d00000|100%| O|  |TAMS 0x00000000e0c00000| PB 0x00000000e0c00000| Untracked 
|  13|0x00000000e0d00000, 0x00000000e0e00000, 0x00000000e0e00000|100%| O|  |TAMS 0x00000000e0d00000| PB 0x00000000e0d00000| Untracked 
|  14|0x00000000e0e00000, 0x00000000e0e00000, 0x00000000e0f00000|  0%| F|  |TAMS 0x00000000e0e00000| PB 0x00000000e0e00000| Untracked 
|  15|0x00000000e0f00000, 0x00000000e1000000, 0x00000000e1000000|100%| O|  |TAMS 0x00000000e0f00000| PB 0x00000000e0f00000| Untracked 
|  16|0x00000000e1000000, 0x00000000e1100000, 0x00000000e1100000|100%| O|  |TAMS 0x00000000e1000000| PB 0x00000000e1000000| Untracked 
|  17|0x00000000e1100000, 0x00000000e1200000, 0x00000000e1200000|100%| O|  |TAMS 0x00000000e1100000| PB 0x00000000e1100000| Untracked 
|  18|0x00000000e1200000, 0x00000000e1300000, 0x00000000e1300000|100%| O|  |TAMS 0x00000000e1200000| PB 0x00000000e1200000| Untracked 
|  19|0x00000000e1300000, 0x00000000e1400000, 0x00000000e1400000|100%| O|  |TAMS 0x00000000e1300000| PB 0x00000000e1300000| Untracked 
|  20|0x00000000e1400000, 0x00000000e1500000, 0x00000000e1500000|100%| O|  |TAMS 0x00000000e1400000| PB 0x00000000e1400000| Untracked 
|  21|0x00000000e1500000, 0x00000000e1600000, 0x00000000e1600000|100%| O|  |TAMS 0x00000000e1500000| PB 0x00000000e1500000| Untracked 
|  22|0x00000000e1600000, 0x00000000e1700000, 0x00000000e1700000|100%| O|  |TAMS 0x00000000e1600000| PB 0x00000000e1600000| Untracked 
|  23|0x00000000e1700000, 0x00000000e1800000, 0x00000000e1800000|100%| O|  |TAMS 0x00000000e1700000| PB 0x00000000e1700000| Untracked 
|  24|0x00000000e1800000, 0x00000000e1900000, 0x00000000e1900000|100%| O|  |TAMS 0x00000000e1800000| PB 0x00000000e1800000| Untracked 
|  25|0x00000000e1900000, 0x00000000e1a00000, 0x00000000e1a00000|100%| O|  |TAMS 0x00000000e1900000| PB 0x00000000e1900000| Untracked 
|  26|0x00000000e1a00000, 0x00000000e1b00000, 0x00000000e1b00000|100%|HS|  |TAMS 0x00000000e1a00000| PB 0x00000000e1a00000| Complete 
|  27|0x00000000e1b00000, 0x00000000e1c00000, 0x00000000e1c00000|100%|HS|  |TAMS 0x00000000e1b00000| PB 0x00000000e1b00000| Complete 
|  28|0x00000000e1c00000, 0x00000000e1d00000, 0x00000000e1d00000|100%|HS|  |TAMS 0x00000000e1c00000| PB 0x00000000e1c00000| Complete 
|  29|0x00000000e1d00000, 0x00000000e1d00000, 0x00000000e1e00000|  0%| F|  |TAMS 0x00000000e1d00000| PB 0x00000000e1d00000| Untracked 
|  30|0x00000000e1e00000, 0x00000000e1f00000, 0x00000000e1f00000|100%|HS|  |TAMS 0x00000000e1e00000| PB 0x00000000e1e00000| Complete 
|  31|0x00000000e1f00000, 0x00000000e2000000, 0x00000000e2000000|100%| O|  |TAMS 0x00000000e1f00000| PB 0x00000000e1f00000| Untracked 
|  32|0x00000000e2000000, 0x00000000e2100000, 0x00000000e2100000|100%| O|  |TAMS 0x00000000e2000000| PB 0x00000000e2000000| Untracked 
|  33|0x00000000e2100000, 0x00000000e2200000, 0x00000000e2200000|100%| O|  |TAMS 0x00000000e2100000| PB 0x00000000e2100000| Untracked 
|  34|0x00000000e2200000, 0x00000000e2300000, 0x00000000e2300000|100%| O|  |TAMS 0x00000000e2200000| PB 0x00000000e2200000| Untracked 
|  35|0x00000000e2300000, 0x00000000e2400000, 0x00000000e2400000|100%| O|  |TAMS 0x00000000e2300000| PB 0x00000000e2300000| Untracked 
|  36|0x00000000e2400000, 0x00000000e2500000, 0x00000000e2500000|100%| O|  |TAMS 0x00000000e2400000| PB 0x00000000e2400000| Untracked 
|  37|0x00000000e2500000, 0x00000000e2600000, 0x00000000e2600000|100%| O|  |TAMS 0x00000000e2500000| PB 0x00000000e2500000| Untracked 
|  38|0x00000000e2600000, 0x00000000e2700000, 0x00000000e2700000|100%| O|  |TAMS 0x00000000e2600000| PB 0x00000000e2600000| Untracked 
|  39|0x00000000e2700000, 0x00000000e2800000, 0x00000000e2800000|100%| O|  |TAMS 0x00000000e2700000| PB 0x00000000e2700000| Untracked 
|  40|0x00000000e2800000, 0x00000000e2900000, 0x00000000e2900000|100%| O|  |TAMS 0x00000000e2800000| PB 0x00000000e2800000| Untracked 
|  41|0x00000000e2900000, 0x00000000e2a00000, 0x00000000e2a00000|100%| O|  |TAMS 0x00000000e2900000| PB 0x00000000e2900000| Untracked 
|  42|0x00000000e2a00000, 0x00000000e2b00000, 0x00000000e2b00000|100%| O|  |TAMS 0x00000000e2a00000| PB 0x00000000e2a00000| Untracked 
|  43|0x00000000e2b00000, 0x00000000e2c00000, 0x00000000e2c00000|100%| O|  |TAMS 0x00000000e2b00000| PB 0x00000000e2b00000| Untracked 
|  44|0x00000000e2c00000, 0x00000000e2d00000, 0x00000000e2d00000|100%| O|  |TAMS 0x00000000e2c00000| PB 0x00000000e2c00000| Untracked 
|  45|0x00000000e2d00000, 0x00000000e2e00000, 0x00000000e2e00000|100%| O|  |TAMS 0x00000000e2d00000| PB 0x00000000e2d00000| Untracked 
|  46|0x00000000e2e00000, 0x00000000e2f00000, 0x00000000e2f00000|100%| O|  |TAMS 0x00000000e2e00000| PB 0x00000000e2e00000| Untracked 
|  47|0x00000000e2f00000, 0x00000000e2f8d740, 0x00000000e3000000| 55%| O|  |TAMS 0x00000000e2f00000| PB 0x00000000e2f00000| Untracked 
|  48|0x00000000e3000000, 0x00000000e3000000, 0x00000000e3100000|  0%| F|  |TAMS 0x00000000e3000000| PB 0x00000000e3000000| Untracked 
|  49|0x00000000e3100000, 0x00000000e3100000, 0x00000000e3200000|  0%| F|  |TAMS 0x00000000e3100000| PB 0x00000000e3100000| Untracked 
|  50|0x00000000e3200000, 0x00000000e3200000, 0x00000000e3300000|  0%| F|  |TAMS 0x00000000e3200000| PB 0x00000000e3200000| Untracked 
|  51|0x00000000e3300000, 0x00000000e3300000, 0x00000000e3400000|  0%| F|  |TAMS 0x00000000e3300000| PB 0x00000000e3300000| Untracked 
|  52|0x00000000e3400000, 0x00000000e3400000, 0x00000000e3500000|  0%| F|  |TAMS 0x00000000e3400000| PB 0x00000000e3400000| Untracked 
|  53|0x00000000e3500000, 0x00000000e3500000, 0x00000000e3600000|  0%| F|  |TAMS 0x00000000e3500000| PB 0x00000000e3500000| Untracked 
|  54|0x00000000e3600000, 0x00000000e3600000, 0x00000000e3700000|  0%| F|  |TAMS 0x00000000e3600000| PB 0x00000000e3600000| Untracked 
|  55|0x00000000e3700000, 0x00000000e3700000, 0x00000000e3800000|  0%| F|  |TAMS 0x00000000e3700000| PB 0x00000000e3700000| Untracked 
|  56|0x00000000e3800000, 0x00000000e3800000, 0x00000000e3900000|  0%| F|  |TAMS 0x00000000e3800000| PB 0x00000000e3800000| Untracked 
|  57|0x00000000e3900000, 0x00000000e3900000, 0x00000000e3a00000|  0%| F|  |TAMS 0x00000000e3900000| PB 0x00000000e3900000| Untracked 
|  58|0x00000000e3a00000, 0x00000000e3a00000, 0x00000000e3b00000|  0%| F|  |TAMS 0x00000000e3a00000| PB 0x00000000e3a00000| Untracked 
|  59|0x00000000e3b00000, 0x00000000e3b00000, 0x00000000e3c00000|  0%| F|  |TAMS 0x00000000e3b00000| PB 0x00000000e3b00000| Untracked 
|  60|0x00000000e3c00000, 0x00000000e3c00000, 0x00000000e3d00000|  0%| F|  |TAMS 0x00000000e3c00000| PB 0x00000000e3c00000| Untracked 
|  61|0x00000000e3d00000, 0x00000000e3d00000, 0x00000000e3e00000|  0%| F|  |TAMS 0x00000000e3d00000| PB 0x00000000e3d00000| Untracked 
|  62|0x00000000e3e00000, 0x00000000e3e00000, 0x00000000e3f00000|  0%| F|  |TAMS 0x00000000e3e00000| PB 0x00000000e3e00000| Untracked 
|  63|0x00000000e3f00000, 0x00000000e3f00000, 0x00000000e4000000|  0%| F|  |TAMS 0x00000000e3f00000| PB 0x00000000e3f00000| Untracked 
|  64|0x00000000e4000000, 0x00000000e4000000, 0x00000000e4100000|  0%| F|  |TAMS 0x00000000e4000000| PB 0x00000000e4000000| Untracked 
|  65|0x00000000e4100000, 0x00000000e4100000, 0x00000000e4200000|  0%| F|  |TAMS 0x00000000e4100000| PB 0x00000000e4100000| Untracked 
|  66|0x00000000e4200000, 0x00000000e4200000, 0x00000000e4300000|  0%| F|  |TAMS 0x00000000e4200000| PB 0x00000000e4200000| Untracked 
|  67|0x00000000e4300000, 0x00000000e4300000, 0x00000000e4400000|  0%| F|  |TAMS 0x00000000e4300000| PB 0x00000000e4300000| Untracked 
|  68|0x00000000e4400000, 0x00000000e4400000, 0x00000000e4500000|  0%| F|  |TAMS 0x00000000e4400000| PB 0x00000000e4400000| Untracked 
|  69|0x00000000e4500000, 0x00000000e4500000, 0x00000000e4600000|  0%| F|  |TAMS 0x00000000e4500000| PB 0x00000000e4500000| Untracked 
|  70|0x00000000e4600000, 0x00000000e4600000, 0x00000000e4700000|  0%| F|  |TAMS 0x00000000e4600000| PB 0x00000000e4600000| Untracked 
|  71|0x00000000e4700000, 0x00000000e4700000, 0x00000000e4800000|  0%| F|  |TAMS 0x00000000e4700000| PB 0x00000000e4700000| Untracked 
|  72|0x00000000e4800000, 0x00000000e4800000, 0x00000000e4900000|  0%| F|  |TAMS 0x00000000e4800000| PB 0x00000000e4800000| Untracked 
|  73|0x00000000e4900000, 0x00000000e4900000, 0x00000000e4a00000|  0%| F|  |TAMS 0x00000000e4900000| PB 0x00000000e4900000| Untracked 
|  74|0x00000000e4a00000, 0x00000000e4a00000, 0x00000000e4b00000|  0%| F|  |TAMS 0x00000000e4a00000| PB 0x00000000e4a00000| Untracked 
|  75|0x00000000e4b00000, 0x00000000e4b00000, 0x00000000e4c00000|  0%| F|  |TAMS 0x00000000e4b00000| PB 0x00000000e4b00000| Untracked 
|  76|0x00000000e4c00000, 0x00000000e4c00000, 0x00000000e4d00000|  0%| F|  |TAMS 0x00000000e4c00000| PB 0x00000000e4c00000| Untracked 
|  77|0x00000000e4d00000, 0x00000000e4d00000, 0x00000000e4e00000|  0%| F|  |TAMS 0x00000000e4d00000| PB 0x00000000e4d00000| Untracked 
|  78|0x00000000e4e00000, 0x00000000e4e00000, 0x00000000e4f00000|  0%| F|  |TAMS 0x00000000e4e00000| PB 0x00000000e4e00000| Untracked 
|  79|0x00000000e4f00000, 0x00000000e4f00000, 0x00000000e5000000|  0%| F|  |TAMS 0x00000000e4f00000| PB 0x00000000e4f00000| Untracked 
|  80|0x00000000e5000000, 0x00000000e5000000, 0x00000000e5100000|  0%| F|  |TAMS 0x00000000e5000000| PB 0x00000000e5000000| Untracked 
|  81|0x00000000e5100000, 0x00000000e5100000, 0x00000000e5200000|  0%| F|  |TAMS 0x00000000e5100000| PB 0x00000000e5100000| Untracked 
|  82|0x00000000e5200000, 0x00000000e5200000, 0x00000000e5300000|  0%| F|  |TAMS 0x00000000e5200000| PB 0x00000000e5200000| Untracked 
|  83|0x00000000e5300000, 0x00000000e5300000, 0x00000000e5400000|  0%| F|  |TAMS 0x00000000e5300000| PB 0x00000000e5300000| Untracked 
|  84|0x00000000e5400000, 0x00000000e5400000, 0x00000000e5500000|  0%| F|  |TAMS 0x00000000e5400000| PB 0x00000000e5400000| Untracked 
|  85|0x00000000e5500000, 0x00000000e5500000, 0x00000000e5600000|  0%| F|  |TAMS 0x00000000e5500000| PB 0x00000000e5500000| Untracked 
|  86|0x00000000e5600000, 0x00000000e5600000, 0x00000000e5700000|  0%| F|  |TAMS 0x00000000e5600000| PB 0x00000000e5600000| Untracked 
|  87|0x00000000e5700000, 0x00000000e5700000, 0x00000000e5800000|  0%| F|  |TAMS 0x00000000e5700000| PB 0x00000000e5700000| Untracked 
|  88|0x00000000e5800000, 0x00000000e5800000, 0x00000000e5900000|  0%| F|  |TAMS 0x00000000e5800000| PB 0x00000000e5800000| Untracked 
|  89|0x00000000e5900000, 0x00000000e5900000, 0x00000000e5a00000|  0%| F|  |TAMS 0x00000000e5900000| PB 0x00000000e5900000| Untracked 
|  90|0x00000000e5a00000, 0x00000000e5a00000, 0x00000000e5b00000|  0%| F|  |TAMS 0x00000000e5a00000| PB 0x00000000e5a00000| Untracked 
|  91|0x00000000e5b00000, 0x00000000e5b00000, 0x00000000e5c00000|  0%| F|  |TAMS 0x00000000e5b00000| PB 0x00000000e5b00000| Untracked 
|  92|0x00000000e5c00000, 0x00000000e5c00000, 0x00000000e5d00000|  0%| F|  |TAMS 0x00000000e5c00000| PB 0x00000000e5c00000| Untracked 
|  93|0x00000000e5d00000, 0x00000000e5d00000, 0x00000000e5e00000|  0%| F|  |TAMS 0x00000000e5d00000| PB 0x00000000e5d00000| Untracked 
|  94|0x00000000e5e00000, 0x00000000e5e00000, 0x00000000e5f00000|  0%| F|  |TAMS 0x00000000e5e00000| PB 0x00000000e5e00000| Untracked 
|  95|0x00000000e5f00000, 0x00000000e5f00000, 0x00000000e6000000|  0%| F|  |TAMS 0x00000000e5f00000| PB 0x00000000e5f00000| Untracked 
|  96|0x00000000e6000000, 0x00000000e6000000, 0x00000000e6100000|  0%| F|  |TAMS 0x00000000e6000000| PB 0x00000000e6000000| Untracked 
|  97|0x00000000e6100000, 0x00000000e6100000, 0x00000000e6200000|  0%| F|  |TAMS 0x00000000e6100000| PB 0x00000000e6100000| Untracked 
|  98|0x00000000e6200000, 0x00000000e6200000, 0x00000000e6300000|  0%| F|  |TAMS 0x00000000e6200000| PB 0x00000000e6200000| Untracked 
|  99|0x00000000e6300000, 0x00000000e6300000, 0x00000000e6400000|  0%| F|  |TAMS 0x00000000e6300000| PB 0x00000000e6300000| Untracked 
| 100|0x00000000e6400000, 0x00000000e6400000, 0x00000000e6500000|  0%| F|  |TAMS 0x00000000e6400000| PB 0x00000000e6400000| Untracked 
| 101|0x00000000e6500000, 0x00000000e6500000, 0x00000000e6600000|  0%| F|  |TAMS 0x00000000e6500000| PB 0x00000000e6500000| Untracked 
| 102|0x00000000e6600000, 0x00000000e6600000, 0x00000000e6700000|  0%| F|  |TAMS 0x00000000e6600000| PB 0x00000000e6600000| Untracked 
| 103|0x00000000e6700000, 0x00000000e6700000, 0x00000000e6800000|  0%| F|  |TAMS 0x00000000e6700000| PB 0x00000000e6700000| Untracked 
| 104|0x00000000e6800000, 0x00000000e6800000, 0x00000000e6900000|  0%| F|  |TAMS 0x00000000e6800000| PB 0x00000000e6800000| Untracked 
| 105|0x00000000e6900000, 0x00000000e6900000, 0x00000000e6a00000|  0%| F|  |TAMS 0x00000000e6900000| PB 0x00000000e6900000| Untracked 
| 106|0x00000000e6a00000, 0x00000000e6a00000, 0x00000000e6b00000|  0%| F|  |TAMS 0x00000000e6a00000| PB 0x00000000e6a00000| Untracked 
| 107|0x00000000e6b00000, 0x00000000e6b00000, 0x00000000e6c00000|  0%| F|  |TAMS 0x00000000e6b00000| PB 0x00000000e6b00000| Untracked 
| 108|0x00000000e6c00000, 0x00000000e6c00000, 0x00000000e6d00000|  0%| F|  |TAMS 0x00000000e6c00000| PB 0x00000000e6c00000| Untracked 
| 109|0x00000000e6d00000, 0x00000000e6d00000, 0x00000000e6e00000|  0%| F|  |TAMS 0x00000000e6d00000| PB 0x00000000e6d00000| Untracked 
| 110|0x00000000e6e00000, 0x00000000e6ed1190, 0x00000000e6f00000| 81%| S|CS|TAMS 0x00000000e6e00000| PB 0x00000000e6e00000| Complete 
| 111|0x00000000e6f00000, 0x00000000e7000000, 0x00000000e7000000|100%| S|CS|TAMS 0x00000000e6f00000| PB 0x00000000e6f00000| Complete 
| 112|0x00000000e7000000, 0x00000000e7100000, 0x00000000e7100000|100%| S|CS|TAMS 0x00000000e7000000| PB 0x00000000e7000000| Complete 
| 113|0x00000000e7100000, 0x00000000e7200000, 0x00000000e7200000|100%| S|CS|TAMS 0x00000000e7100000| PB 0x00000000e7100000| Complete 
| 114|0x00000000e7200000, 0x00000000e7300000, 0x00000000e7300000|100%| S|CS|TAMS 0x00000000e7200000| PB 0x00000000e7200000| Complete 
| 115|0x00000000e7300000, 0x00000000e7400000, 0x00000000e7400000|100%| S|CS|TAMS 0x00000000e7300000| PB 0x00000000e7300000| Complete 
| 116|0x00000000e7400000, 0x00000000e7500000, 0x00000000e7500000|100%| S|CS|TAMS 0x00000000e7400000| PB 0x00000000e7400000| Complete 
| 117|0x00000000e7500000, 0x00000000e7600000, 0x00000000e7600000|100%| S|CS|TAMS 0x00000000e7500000| PB 0x00000000e7500000| Complete 
| 118|0x00000000e7600000, 0x00000000e7700000, 0x00000000e7700000|100%| S|CS|TAMS 0x00000000e7600000| PB 0x00000000e7600000| Complete 
| 119|0x00000000e7700000, 0x00000000e7800000, 0x00000000e7800000|100%| S|CS|TAMS 0x00000000e7700000| PB 0x00000000e7700000| Complete 
| 120|0x00000000e7800000, 0x00000000e7900000, 0x00000000e7900000|100%| S|CS|TAMS 0x00000000e7800000| PB 0x00000000e7800000| Complete 
| 121|0x00000000e7900000, 0x00000000e7900000, 0x00000000e7a00000|  0%| F|  |TAMS 0x00000000e7900000| PB 0x00000000e7900000| Untracked 
| 122|0x00000000e7a00000, 0x00000000e7a00000, 0x00000000e7b00000|  0%| F|  |TAMS 0x00000000e7a00000| PB 0x00000000e7a00000| Untracked 
| 123|0x00000000e7b00000, 0x00000000e7b00000, 0x00000000e7c00000|  0%| F|  |TAMS 0x00000000e7b00000| PB 0x00000000e7b00000| Untracked 
| 124|0x00000000e7c00000, 0x00000000e7c00000, 0x00000000e7d00000|  0%| F|  |TAMS 0x00000000e7c00000| PB 0x00000000e7c00000| Untracked 
| 125|0x00000000e7d00000, 0x00000000e7d00000, 0x00000000e7e00000|  0%| F|  |TAMS 0x00000000e7d00000| PB 0x00000000e7d00000| Untracked 
| 126|0x00000000e7e00000, 0x00000000e7e00000, 0x00000000e7f00000|  0%| F|  |TAMS 0x00000000e7e00000| PB 0x00000000e7e00000| Untracked 
| 127|0x00000000e7f00000, 0x00000000e7f00000, 0x00000000e8000000|  0%| F|  |TAMS 0x00000000e7f00000| PB 0x00000000e7f00000| Untracked 
| 128|0x00000000e8000000, 0x00000000e8000000, 0x00000000e8100000|  0%| F|  |TAMS 0x00000000e8000000| PB 0x00000000e8000000| Untracked 
| 129|0x00000000e8100000, 0x00000000e8100000, 0x00000000e8200000|  0%| F|  |TAMS 0x00000000e8100000| PB 0x00000000e8100000| Untracked 
| 130|0x00000000e8200000, 0x00000000e8200000, 0x00000000e8300000|  0%| F|  |TAMS 0x00000000e8200000| PB 0x00000000e8200000| Untracked 
| 131|0x00000000e8300000, 0x00000000e8300000, 0x00000000e8400000|  0%| F|  |TAMS 0x00000000e8300000| PB 0x00000000e8300000| Untracked 
| 132|0x00000000e8400000, 0x00000000e8400000, 0x00000000e8500000|  0%| F|  |TAMS 0x00000000e8400000| PB 0x00000000e8400000| Untracked 
| 133|0x00000000e8500000, 0x00000000e8500000, 0x00000000e8600000|  0%| F|  |TAMS 0x00000000e8500000| PB 0x00000000e8500000| Untracked 
| 134|0x00000000e8600000, 0x00000000e8600000, 0x00000000e8700000|  0%| F|  |TAMS 0x00000000e8600000| PB 0x00000000e8600000| Untracked 
| 135|0x00000000e8700000, 0x00000000e8700000, 0x00000000e8800000|  0%| F|  |TAMS 0x00000000e8700000| PB 0x00000000e8700000| Untracked 
| 136|0x00000000e8800000, 0x00000000e8800000, 0x00000000e8900000|  0%| F|  |TAMS 0x00000000e8800000| PB 0x00000000e8800000| Untracked 
| 137|0x00000000e8900000, 0x00000000e8900000, 0x00000000e8a00000|  0%| F|  |TAMS 0x00000000e8900000| PB 0x00000000e8900000| Untracked 
| 138|0x00000000e8a00000, 0x00000000e8a00000, 0x00000000e8b00000|  0%| F|  |TAMS 0x00000000e8a00000| PB 0x00000000e8a00000| Untracked 
| 139|0x00000000e8b00000, 0x00000000e8b00000, 0x00000000e8c00000|  0%| F|  |TAMS 0x00000000e8b00000| PB 0x00000000e8b00000| Untracked 
| 140|0x00000000e8c00000, 0x00000000e8c00000, 0x00000000e8d00000|  0%| F|  |TAMS 0x00000000e8c00000| PB 0x00000000e8c00000| Untracked 
| 141|0x00000000e8d00000, 0x00000000e8d00000, 0x00000000e8e00000|  0%| F|  |TAMS 0x00000000e8d00000| PB 0x00000000e8d00000| Untracked 
| 142|0x00000000e8e00000, 0x00000000e8e00000, 0x00000000e8f00000|  0%| F|  |TAMS 0x00000000e8e00000| PB 0x00000000e8e00000| Untracked 
| 143|0x00000000e8f00000, 0x00000000e8f00000, 0x00000000e9000000|  0%| F|  |TAMS 0x00000000e8f00000| PB 0x00000000e8f00000| Untracked 
| 144|0x00000000e9000000, 0x00000000e9000000, 0x00000000e9100000|  0%| F|  |TAMS 0x00000000e9000000| PB 0x00000000e9000000| Untracked 
| 145|0x00000000e9100000, 0x00000000e9100000, 0x00000000e9200000|  0%| F|  |TAMS 0x00000000e9100000| PB 0x00000000e9100000| Untracked 
| 146|0x00000000e9200000, 0x00000000e9200000, 0x00000000e9300000|  0%| F|  |TAMS 0x00000000e9200000| PB 0x00000000e9200000| Untracked 
| 147|0x00000000e9300000, 0x00000000e93d4790, 0x00000000e9400000| 82%| E|  |TAMS 0x00000000e9300000| PB 0x00000000e9300000| Complete 
| 148|0x00000000e9400000, 0x00000000e9500000, 0x00000000e9500000|100%| E|CS|TAMS 0x00000000e9400000| PB 0x00000000e9400000| Complete 
| 149|0x00000000e9500000, 0x00000000e9600000, 0x00000000e9600000|100%| E|CS|TAMS 0x00000000e9500000| PB 0x00000000e9500000| Complete 
| 150|0x00000000e9600000, 0x00000000e9700000, 0x00000000e9700000|100%| E|CS|TAMS 0x00000000e9600000| PB 0x00000000e9600000| Complete 
| 151|0x00000000e9700000, 0x00000000e9800000, 0x00000000e9800000|100%| E|CS|TAMS 0x00000000e9700000| PB 0x00000000e9700000| Complete 
| 152|0x00000000e9800000, 0x00000000e9900000, 0x00000000e9900000|100%| E|CS|TAMS 0x00000000e9800000| PB 0x00000000e9800000| Complete 
| 153|0x00000000e9900000, 0x00000000e9a00000, 0x00000000e9a00000|100%| E|CS|TAMS 0x00000000e9900000| PB 0x00000000e9900000| Complete 
| 154|0x00000000e9a00000, 0x00000000e9b00000, 0x00000000e9b00000|100%| E|CS|TAMS 0x00000000e9a00000| PB 0x00000000e9a00000| Complete 
| 155|0x00000000e9b00000, 0x00000000e9c00000, 0x00000000e9c00000|100%| E|CS|TAMS 0x00000000e9b00000| PB 0x00000000e9b00000| Complete 
| 156|0x00000000e9c00000, 0x00000000e9d00000, 0x00000000e9d00000|100%| E|CS|TAMS 0x00000000e9c00000| PB 0x00000000e9c00000| Complete 
| 157|0x00000000e9d00000, 0x00000000e9e00000, 0x00000000e9e00000|100%| E|CS|TAMS 0x00000000e9d00000| PB 0x00000000e9d00000| Complete 
| 158|0x00000000e9e00000, 0x00000000e9f00000, 0x00000000e9f00000|100%| E|CS|TAMS 0x00000000e9e00000| PB 0x00000000e9e00000| Complete 
| 159|0x00000000e9f00000, 0x00000000ea000000, 0x00000000ea000000|100%| E|CS|TAMS 0x00000000e9f00000| PB 0x00000000e9f00000| Complete 
| 160|0x00000000ea000000, 0x00000000ea100000, 0x00000000ea100000|100%| E|CS|TAMS 0x00000000ea000000| PB 0x00000000ea000000| Complete 
| 161|0x00000000ea100000, 0x00000000ea200000, 0x00000000ea200000|100%| E|CS|TAMS 0x00000000ea100000| PB 0x00000000ea100000| Complete 
| 162|0x00000000ea200000, 0x00000000ea300000, 0x00000000ea300000|100%| E|CS|TAMS 0x00000000ea200000| PB 0x00000000ea200000| Complete 
| 163|0x00000000ea300000, 0x00000000ea400000, 0x00000000ea400000|100%| E|CS|TAMS 0x00000000ea300000| PB 0x00000000ea300000| Complete 
| 164|0x00000000ea400000, 0x00000000ea500000, 0x00000000ea500000|100%| E|CS|TAMS 0x00000000ea400000| PB 0x00000000ea400000| Complete 
| 165|0x00000000ea500000, 0x00000000ea600000, 0x00000000ea600000|100%| E|CS|TAMS 0x00000000ea500000| PB 0x00000000ea500000| Complete 
| 166|0x00000000ea600000, 0x00000000ea700000, 0x00000000ea700000|100%| E|CS|TAMS 0x00000000ea600000| PB 0x00000000ea600000| Complete 
| 167|0x00000000ea700000, 0x00000000ea800000, 0x00000000ea800000|100%| E|CS|TAMS 0x00000000ea700000| PB 0x00000000ea700000| Complete 
| 168|0x00000000ea800000, 0x00000000ea900000, 0x00000000ea900000|100%| E|CS|TAMS 0x00000000ea800000| PB 0x00000000ea800000| Complete 
| 169|0x00000000ea900000, 0x00000000eaa00000, 0x00000000eaa00000|100%| E|CS|TAMS 0x00000000ea900000| PB 0x00000000ea900000| Complete 
| 170|0x00000000eaa00000, 0x00000000eab00000, 0x00000000eab00000|100%| E|CS|TAMS 0x00000000eaa00000| PB 0x00000000eaa00000| Complete 
| 171|0x00000000eab00000, 0x00000000eac00000, 0x00000000eac00000|100%| E|CS|TAMS 0x00000000eab00000| PB 0x00000000eab00000| Complete 
| 172|0x00000000eac00000, 0x00000000ead00000, 0x00000000ead00000|100%| E|CS|TAMS 0x00000000eac00000| PB 0x00000000eac00000| Complete 
| 173|0x00000000ead00000, 0x00000000eae00000, 0x00000000eae00000|100%| E|CS|TAMS 0x00000000ead00000| PB 0x00000000ead00000| Complete 
| 174|0x00000000eae00000, 0x00000000eaf00000, 0x00000000eaf00000|100%| E|CS|TAMS 0x00000000eae00000| PB 0x00000000eae00000| Complete 
| 175|0x00000000eaf00000, 0x00000000eb000000, 0x00000000eb000000|100%| E|CS|TAMS 0x00000000eaf00000| PB 0x00000000eaf00000| Complete 
| 176|0x00000000eb000000, 0x00000000eb100000, 0x00000000eb100000|100%| E|CS|TAMS 0x00000000eb000000| PB 0x00000000eb000000| Complete 
| 177|0x00000000eb100000, 0x00000000eb200000, 0x00000000eb200000|100%| E|CS|TAMS 0x00000000eb100000| PB 0x00000000eb100000| Complete 
| 178|0x00000000eb200000, 0x00000000eb300000, 0x00000000eb300000|100%| E|CS|TAMS 0x00000000eb200000| PB 0x00000000eb200000| Complete 
| 179|0x00000000eb300000, 0x00000000eb400000, 0x00000000eb400000|100%| E|CS|TAMS 0x00000000eb300000| PB 0x00000000eb300000| Complete 
| 180|0x00000000eb400000, 0x00000000eb500000, 0x00000000eb500000|100%| E|CS|TAMS 0x00000000eb400000| PB 0x00000000eb400000| Complete 
| 181|0x00000000eb500000, 0x00000000eb600000, 0x00000000eb600000|100%| E|CS|TAMS 0x00000000eb500000| PB 0x00000000eb500000| Complete 
| 182|0x00000000eb600000, 0x00000000eb700000, 0x00000000eb700000|100%| E|CS|TAMS 0x00000000eb600000| PB 0x00000000eb600000| Complete 
| 183|0x00000000eb700000, 0x00000000eb800000, 0x00000000eb800000|100%| E|CS|TAMS 0x00000000eb700000| PB 0x00000000eb700000| Complete 
| 184|0x00000000eb800000, 0x00000000eb900000, 0x00000000eb900000|100%| E|CS|TAMS 0x00000000eb800000| PB 0x00000000eb800000| Complete 
| 185|0x00000000eb900000, 0x00000000eba00000, 0x00000000eba00000|100%| E|CS|TAMS 0x00000000eb900000| PB 0x00000000eb900000| Complete 
| 186|0x00000000eba00000, 0x00000000ebb00000, 0x00000000ebb00000|100%| E|CS|TAMS 0x00000000eba00000| PB 0x00000000eba00000| Complete 
| 187|0x00000000ebb00000, 0x00000000ebc00000, 0x00000000ebc00000|100%| E|CS|TAMS 0x00000000ebb00000| PB 0x00000000ebb00000| Complete 
| 188|0x00000000ebc00000, 0x00000000ebd00000, 0x00000000ebd00000|100%| E|CS|TAMS 0x00000000ebc00000| PB 0x00000000ebc00000| Complete 
| 189|0x00000000ebd00000, 0x00000000ebe00000, 0x00000000ebe00000|100%| E|CS|TAMS 0x00000000ebd00000| PB 0x00000000ebd00000| Complete 
| 190|0x00000000ebe00000, 0x00000000ebf00000, 0x00000000ebf00000|100%| E|CS|TAMS 0x00000000ebe00000| PB 0x00000000ebe00000| Complete 
| 191|0x00000000ebf00000, 0x00000000ec000000, 0x00000000ec000000|100%| E|CS|TAMS 0x00000000ebf00000| PB 0x00000000ebf00000| Complete 
| 192|0x00000000ec000000, 0x00000000ec100000, 0x00000000ec100000|100%| E|CS|TAMS 0x00000000ec000000| PB 0x00000000ec000000| Complete 
| 193|0x00000000ec100000, 0x00000000ec200000, 0x00000000ec200000|100%| E|CS|TAMS 0x00000000ec100000| PB 0x00000000ec100000| Complete 
| 194|0x00000000ec200000, 0x00000000ec300000, 0x00000000ec300000|100%| E|CS|TAMS 0x00000000ec200000| PB 0x00000000ec200000| Complete 
| 195|0x00000000ec300000, 0x00000000ec400000, 0x00000000ec400000|100%| E|CS|TAMS 0x00000000ec300000| PB 0x00000000ec300000| Complete 
| 196|0x00000000ec400000, 0x00000000ec500000, 0x00000000ec500000|100%| E|CS|TAMS 0x00000000ec400000| PB 0x00000000ec400000| Complete 
| 197|0x00000000ec500000, 0x00000000ec600000, 0x00000000ec600000|100%| E|CS|TAMS 0x00000000ec500000| PB 0x00000000ec500000| Complete 
| 198|0x00000000ec600000, 0x00000000ec700000, 0x00000000ec700000|100%| E|CS|TAMS 0x00000000ec600000| PB 0x00000000ec600000| Complete 
| 199|0x00000000ec700000, 0x00000000ec800000, 0x00000000ec800000|100%| E|CS|TAMS 0x00000000ec700000| PB 0x00000000ec700000| Complete 
| 200|0x00000000ec800000, 0x00000000ec900000, 0x00000000ec900000|100%| E|CS|TAMS 0x00000000ec800000| PB 0x00000000ec800000| Complete 
| 201|0x00000000ec900000, 0x00000000eca00000, 0x00000000eca00000|100%| E|CS|TAMS 0x00000000ec900000| PB 0x00000000ec900000| Complete 
| 202|0x00000000eca00000, 0x00000000ecb00000, 0x00000000ecb00000|100%| E|CS|TAMS 0x00000000eca00000| PB 0x00000000eca00000| Complete 
| 203|0x00000000ecb00000, 0x00000000ecc00000, 0x00000000ecc00000|100%| E|CS|TAMS 0x00000000ecb00000| PB 0x00000000ecb00000| Complete 
| 204|0x00000000ecc00000, 0x00000000ecd00000, 0x00000000ecd00000|100%| E|CS|TAMS 0x00000000ecc00000| PB 0x00000000ecc00000| Complete 
| 205|0x00000000ecd00000, 0x00000000ece00000, 0x00000000ece00000|100%| E|CS|TAMS 0x00000000ecd00000| PB 0x00000000ecd00000| Complete 
| 206|0x00000000ece00000, 0x00000000ecf00000, 0x00000000ecf00000|100%| E|CS|TAMS 0x00000000ece00000| PB 0x00000000ece00000| Complete 
| 207|0x00000000ecf00000, 0x00000000ed000000, 0x00000000ed000000|100%| E|CS|TAMS 0x00000000ecf00000| PB 0x00000000ecf00000| Complete 
| 208|0x00000000ed000000, 0x00000000ed100000, 0x00000000ed100000|100%| E|CS|TAMS 0x00000000ed000000| PB 0x00000000ed000000| Complete 
| 209|0x00000000ed100000, 0x00000000ed200000, 0x00000000ed200000|100%| E|CS|TAMS 0x00000000ed100000| PB 0x00000000ed100000| Complete 
| 210|0x00000000ed200000, 0x00000000ed300000, 0x00000000ed300000|100%| E|CS|TAMS 0x00000000ed200000| PB 0x00000000ed200000| Complete 
| 211|0x00000000ed300000, 0x00000000ed400000, 0x00000000ed400000|100%| E|CS|TAMS 0x00000000ed300000| PB 0x00000000ed300000| Complete 
| 212|0x00000000ed400000, 0x00000000ed500000, 0x00000000ed500000|100%| E|CS|TAMS 0x00000000ed400000| PB 0x00000000ed400000| Complete 
| 213|0x00000000ed500000, 0x00000000ed600000, 0x00000000ed600000|100%| E|CS|TAMS 0x00000000ed500000| PB 0x00000000ed500000| Complete 
| 214|0x00000000ed600000, 0x00000000ed700000, 0x00000000ed700000|100%| E|CS|TAMS 0x00000000ed600000| PB 0x00000000ed600000| Complete 
| 215|0x00000000ed700000, 0x00000000ed800000, 0x00000000ed800000|100%| E|CS|TAMS 0x00000000ed700000| PB 0x00000000ed700000| Complete 
| 216|0x00000000ed800000, 0x00000000ed900000, 0x00000000ed900000|100%| E|CS|TAMS 0x00000000ed800000| PB 0x00000000ed800000| Complete 
| 217|0x00000000ed900000, 0x00000000eda00000, 0x00000000eda00000|100%| E|CS|TAMS 0x00000000ed900000| PB 0x00000000ed900000| Complete 
| 218|0x00000000eda00000, 0x00000000edb00000, 0x00000000edb00000|100%| E|CS|TAMS 0x00000000eda00000| PB 0x00000000eda00000| Complete 
| 219|0x00000000edb00000, 0x00000000edc00000, 0x00000000edc00000|100%| E|CS|TAMS 0x00000000edb00000| PB 0x00000000edb00000| Complete 
| 220|0x00000000edc00000, 0x00000000edd00000, 0x00000000edd00000|100%| E|CS|TAMS 0x00000000edc00000| PB 0x00000000edc00000| Complete 
| 221|0x00000000edd00000, 0x00000000ede00000, 0x00000000ede00000|100%| E|CS|TAMS 0x00000000edd00000| PB 0x00000000edd00000| Complete 
| 222|0x00000000ede00000, 0x00000000edf00000, 0x00000000edf00000|100%| E|CS|TAMS 0x00000000ede00000| PB 0x00000000ede00000| Complete 
| 223|0x00000000edf00000, 0x00000000ee000000, 0x00000000ee000000|100%| E|CS|TAMS 0x00000000edf00000| PB 0x00000000edf00000| Complete 
| 224|0x00000000ee000000, 0x00000000ee100000, 0x00000000ee100000|100%| E|CS|TAMS 0x00000000ee000000| PB 0x00000000ee000000| Complete 
| 225|0x00000000ee100000, 0x00000000ee200000, 0x00000000ee200000|100%| E|CS|TAMS 0x00000000ee100000| PB 0x00000000ee100000| Complete 
| 226|0x00000000ee200000, 0x00000000ee300000, 0x00000000ee300000|100%| E|CS|TAMS 0x00000000ee200000| PB 0x00000000ee200000| Complete 
| 227|0x00000000ee300000, 0x00000000ee400000, 0x00000000ee400000|100%| E|CS|TAMS 0x00000000ee300000| PB 0x00000000ee300000| Complete 
| 228|0x00000000ee400000, 0x00000000ee500000, 0x00000000ee500000|100%| E|CS|TAMS 0x00000000ee400000| PB 0x00000000ee400000| Complete 
| 229|0x00000000ee500000, 0x00000000ee600000, 0x00000000ee600000|100%| E|CS|TAMS 0x00000000ee500000| PB 0x00000000ee500000| Complete 
| 230|0x00000000ee600000, 0x00000000ee700000, 0x00000000ee700000|100%| E|CS|TAMS 0x00000000ee600000| PB 0x00000000ee600000| Complete 
| 231|0x00000000ee700000, 0x00000000ee800000, 0x00000000ee800000|100%| E|CS|TAMS 0x00000000ee700000| PB 0x00000000ee700000| Complete 
| 232|0x00000000ee800000, 0x00000000ee900000, 0x00000000ee900000|100%| E|CS|TAMS 0x00000000ee800000| PB 0x00000000ee800000| Complete 
| 233|0x00000000ee900000, 0x00000000eea00000, 0x00000000eea00000|100%| E|CS|TAMS 0x00000000ee900000| PB 0x00000000ee900000| Complete 
| 234|0x00000000eea00000, 0x00000000eeb00000, 0x00000000eeb00000|100%| E|CS|TAMS 0x00000000eea00000| PB 0x00000000eea00000| Complete 
| 235|0x00000000eeb00000, 0x00000000eec00000, 0x00000000eec00000|100%| E|CS|TAMS 0x00000000eeb00000| PB 0x00000000eeb00000| Complete 
| 236|0x00000000eec00000, 0x00000000eed00000, 0x00000000eed00000|100%| E|CS|TAMS 0x00000000eec00000| PB 0x00000000eec00000| Complete 
| 237|0x00000000eed00000, 0x00000000eee00000, 0x00000000eee00000|100%| E|CS|TAMS 0x00000000eed00000| PB 0x00000000eed00000| Complete 
| 238|0x00000000eee00000, 0x00000000eef00000, 0x00000000eef00000|100%| E|CS|TAMS 0x00000000eee00000| PB 0x00000000eee00000| Complete 
| 239|0x00000000eef00000, 0x00000000ef000000, 0x00000000ef000000|100%| E|CS|TAMS 0x00000000eef00000| PB 0x00000000eef00000| Complete 
| 240|0x00000000ef000000, 0x00000000ef100000, 0x00000000ef100000|100%| E|CS|TAMS 0x00000000ef000000| PB 0x00000000ef000000| Complete 
| 241|0x00000000ef100000, 0x00000000ef200000, 0x00000000ef200000|100%| E|CS|TAMS 0x00000000ef100000| PB 0x00000000ef100000| Complete 
| 242|0x00000000ef200000, 0x00000000ef300000, 0x00000000ef300000|100%| E|CS|TAMS 0x00000000ef200000| PB 0x00000000ef200000| Complete 
| 243|0x00000000ef300000, 0x00000000ef400000, 0x00000000ef400000|100%| E|CS|TAMS 0x00000000ef300000| PB 0x00000000ef300000| Complete 
| 244|0x00000000ef400000, 0x00000000ef500000, 0x00000000ef500000|100%| E|CS|TAMS 0x00000000ef400000| PB 0x00000000ef400000| Complete 
| 245|0x00000000ef500000, 0x00000000ef600000, 0x00000000ef600000|100%| E|CS|TAMS 0x00000000ef500000| PB 0x00000000ef500000| Complete 
| 246|0x00000000ef600000, 0x00000000ef700000, 0x00000000ef700000|100%| E|CS|TAMS 0x00000000ef600000| PB 0x00000000ef600000| Complete 
| 247|0x00000000ef700000, 0x00000000ef800000, 0x00000000ef800000|100%| E|CS|TAMS 0x00000000ef700000| PB 0x00000000ef700000| Complete 
| 248|0x00000000ef800000, 0x00000000ef900000, 0x00000000ef900000|100%| E|CS|TAMS 0x00000000ef800000| PB 0x00000000ef800000| Complete 
| 249|0x00000000ef900000, 0x00000000efa00000, 0x00000000efa00000|100%| E|CS|TAMS 0x00000000ef900000| PB 0x00000000ef900000| Complete 
| 250|0x00000000efa00000, 0x00000000efb00000, 0x00000000efb00000|100%| E|CS|TAMS 0x00000000efa00000| PB 0x00000000efa00000| Complete 
| 251|0x00000000efb00000, 0x00000000efc00000, 0x00000000efc00000|100%| E|CS|TAMS 0x00000000efb00000| PB 0x00000000efb00000| Complete 
| 252|0x00000000efc00000, 0x00000000efd00000, 0x00000000efd00000|100%| E|CS|TAMS 0x00000000efc00000| PB 0x00000000efc00000| Complete 
| 253|0x00000000efd00000, 0x00000000efe00000, 0x00000000efe00000|100%| E|CS|TAMS 0x00000000efd00000| PB 0x00000000efd00000| Complete 
| 254|0x00000000efe00000, 0x00000000eff00000, 0x00000000eff00000|100%| E|CS|TAMS 0x00000000efe00000| PB 0x00000000efe00000| Complete 
| 255|0x00000000eff00000, 0x00000000f0000000, 0x00000000f0000000|100%| E|CS|TAMS 0x00000000eff00000| PB 0x00000000eff00000| Complete 

Card table byte_map: [0x000001d5b2f60000,0x000001d5b3060000] _byte_map_base: 0x000001d5b2860000

Marking Bits: (CMBitMap*) 0x000001d5a073ee60
 Bits: [0x000001d5b3060000, 0x000001d5b3860000)

Polling page: 0x000001d59e2a0000

Metaspace:

Usage:
  Non-class:     43.73 MB used.
      Class:      7.17 MB used.
       Both:     50.89 MB used.

Virtual space:
  Non-class space:       64.00 MB reserved,      44.62 MB ( 70%) committed,  1 nodes.
      Class space:      320.00 MB reserved,       8.00 MB (  2%) committed,  1 nodes.
             Both:      384.00 MB reserved,      52.62 MB ( 14%) committed. 

Chunk freelists:
   Non-Class:  3.34 MB
       Class:  7.93 MB
        Both:  11.27 MB

MaxMetaspaceSize: 384.00 MB
CompressedClassSpaceSize: 320.00 MB
Initial GC threshold: 21.00 MB
Current GC threshold: 59.94 MB
CDS: on
 - commit_granule_bytes: 65536.
 - commit_granule_words: 8192.
 - virtual_space_node_default_size: 8388608.
 - enlarge_chunks_in_place: 1.
 - use_allocation_guard: 0.


Internal statistics:

num_allocs_failed_limit: 12.
num_arena_births: 3086.
num_arena_deaths: 0.
num_vsnodes_births: 2.
num_vsnodes_deaths: 0.
num_space_committed: 842.
num_space_uncommitted: 0.
num_chunks_returned_to_freelist: 12.
num_chunks_taken_from_freelist: 5563.
num_chunk_merges: 9.
num_chunk_splits: 3592.
num_chunks_enlarged: 2173.
num_inconsistent_stats: 0.

CodeHeap 'non-profiled nmethods': size=120000Kb used=5505Kb max_used=5505Kb free=114494Kb
 bounds [0x000001d5ab3e0000, 0x000001d5ab950000, 0x000001d5b2910000]
CodeHeap 'profiled nmethods': size=120000Kb used=18462Kb max_used=18462Kb free=101538Kb
 bounds [0x000001d5a3910000, 0x000001d5a4b20000, 0x000001d5aae40000]
CodeHeap 'non-nmethods': size=5760Kb used=2606Kb max_used=2655Kb free=3153Kb
 bounds [0x000001d5aae40000, 0x000001d5ab0e0000, 0x000001d5ab3e0000]
CodeCache: size=245760Kb, used=26573Kb, max_used=26622Kb, free=219185Kb
 total_blobs=10290, nmethods=9419, adapters=774, full_count=0
Compilation: enabled, stopped_count=0, restarted_count=0

Compilation events (20 events):
Event: 265.719 Thread 0x000001d5b6538a00 nmethod 9943 0x000001d5a4b16390 code [0x000001d5a4b165e0, 0x000001d5a4b16d90]
Event: 265.719 Thread 0x000001d5b6538a00 9944       3       org.gradle.launcher.daemon.context.DefaultDaemonContext::<init> (62 bytes)
Event: 265.721 Thread 0x000001d5b6538a00 nmethod 9944 0x000001d5a4b17090 code [0x000001d5a4b17260, 0x000001d5a4b17728]
Event: 271.686 Thread 0x000001d5b652b290 9945       4       java.util.concurrent.locks.AbstractQueuedSynchronizer$ConditionObject::await (202 bytes)
Event: 271.757 Thread 0x000001d5b652b290 nmethod 9945 0x000001d5ab93a010 code [0x000001d5ab93a320, 0x000001d5ab93b858]
Event: 272.095 Thread 0x000001d5b652b290 9946       4       java.util.Random::nextInt (74 bytes)
Event: 272.104 Thread 0x000001d5b652b290 nmethod 9946 0x000001d5ab93c510 code [0x000001d5ab93c6c0, 0x000001d5ab93c9a0]
Event: 272.233 Thread 0x000001d5b652b290 9947       4       org.gradle.internal.time.ExponentialBackoff::backoffPeriodFor (20 bytes)
Event: 272.235 Thread 0x000001d5b652b290 nmethod 9947 0x000001d5ab93cc10 code [0x000001d5ab93cdc0, 0x000001d5ab93cfd8]
Event: 272.235 Thread 0x000001d5b652b290 9948   !   4       org.gradle.cache.internal.DefaultFileLockManager$AwaitableFileLockReleasedSignal::await (78 bytes)
Event: 272.250 Thread 0x000001d5b652b290 nmethod 9948 0x000001d5ab93d190 code [0x000001d5ab93d3c0, 0x000001d5ab93db98]
Event: 274.560 Thread 0x000001d5b652b290 9949       4       org.gradle.internal.time.DefaultCountdownTimer::hasExpired (15 bytes)
Event: 274.564 Thread 0x000001d5b652b290 nmethod 9949 0x000001d5ab93e110 code [0x000001d5ab93e2c0, 0x000001d5ab93e4c8]
Event: 275.180 Thread 0x000001d5b652b290 9950  s    4       sun.nio.ch.FileLockImpl::release (78 bytes)
Event: 275.190 Thread 0x000001d5b652b290 nmethod 9950 0x000001d5ab93e690 code [0x000001d5ab93e8a0, 0x000001d5ab93f1e8]
Event: 275.623 Thread 0x000001d5b652b290 9951       4       org.gradle.internal.serialize.InputStreamBackedDecoder::readInt (8 bytes)
Event: 275.627 Thread 0x000001d5b652b290 nmethod 9951 0x000001d5ab93f790 code [0x000001d5ab93f940, 0x000001d5ab93fb58]
Event: 275.847 Thread 0x000001d5b652b290 9952   !   4       sun.nio.ch.DatagramChannelImpl::beginRead (87 bytes)
Event: 275.852 Thread 0x000001d5b652b290 nmethod 9952 0x000001d5ab93fe90 code [0x000001d5ab940040, 0x000001d5ab9403c0]
Event: 277.807 Thread 0x000001d5b652b290 9953   !   4       sun.nio.ch.DatagramChannelImpl::blockingReceive (363 bytes)

GC Heap History (18 events):
Event: 1.184 GC heap before
{Heap before GC invocations=0 (full 0):
 garbage-first heap   total 262144K, used 26624K [0x00000000e0000000, 0x0000000100000000)
  region size 1024K, 23 young (23552K), 0 survivors (0K)
 Metaspace       used 1141K, committed 1280K, reserved 393216K
  class space    used 81K, committed 128K, reserved 327680K
}
Event: 1.233 GC heap after
{Heap after GC invocations=1 (full 0):
 garbage-first heap   total 262144K, used 9482K [0x00000000e0000000, 0x0000000100000000)
  region size 1024K, 3 young (3072K), 3 survivors (3072K)
 Metaspace       used 1141K, committed 1280K, reserved 393216K
  class space    used 81K, committed 128K, reserved 327680K
}
Event: 2.826 GC heap before
{Heap before GC invocations=1 (full 0):
 garbage-first heap   total 262144K, used 41226K [0x00000000e0000000, 0x0000000100000000)
  region size 1024K, 34 young (34816K), 3 survivors (3072K)
 Metaspace       used 4304K, committed 4480K, reserved 393216K
  class space    used 541K, committed 640K, reserved 327680K
}
Event: 2.831 GC heap after
{Heap after GC invocations=2 (full 0):
 garbage-first heap   total 262144K, used 11946K [0x00000000e0000000, 0x0000000100000000)
  region size 1024K, 3 young (3072K), 3 survivors (3072K)
 Metaspace       used 4304K, committed 4480K, reserved 393216K
  class space    used 541K, committed 640K, reserved 327680K
}
Event: 4.635 GC heap before
{Heap before GC invocations=2 (full 0):
 garbage-first heap   total 262144K, used 59050K [0x00000000e0000000, 0x0000000100000000)
  region size 1024K, 48 young (49152K), 3 survivors (3072K)
 Metaspace       used 5858K, committed 6016K, reserved 393216K
  class space    used 773K, committed 832K, reserved 327680K
}
Event: 4.642 GC heap after
{Heap after GC invocations=3 (full 0):
 garbage-first heap   total 262144K, used 18631K [0x00000000e0000000, 0x0000000100000000)
  region size 1024K, 6 young (6144K), 6 survivors (6144K)
 Metaspace       used 5858K, committed 6016K, reserved 393216K
  class space    used 773K, committed 832K, reserved 327680K
}
Event: 19.655 GC heap before
{Heap before GC invocations=3 (full 0):
 garbage-first heap   total 262144K, used 105671K [0x00000000e0000000, 0x0000000100000000)
  region size 1024K, 92 young (94208K), 6 survivors (6144K)
 Metaspace       used 20843K, committed 21504K, reserved 393216K
  class space    used 3056K, committed 3392K, reserved 327680K
}
Event: 19.669 GC heap after
{Heap after GC invocations=4 (full 0):
 garbage-first heap   total 262144K, used 25373K [0x00000000e0000000, 0x0000000100000000)
  region size 1024K, 13 young (13312K), 13 survivors (13312K)
 Metaspace       used 20843K, committed 21504K, reserved 393216K
  class space    used 3056K, committed 3392K, reserved 327680K
}
Event: 56.606 GC heap before
{Heap before GC invocations=5 (full 0):
 garbage-first heap   total 262144K, used 121629K [0x00000000e0000000, 0x0000000100000000)
  region size 1024K, 108 young (110592K), 13 survivors (13312K)
 Metaspace       used 34890K, committed 36096K, reserved 393216K
  class space    used 5172K, committed 5760K, reserved 327680K
}
Event: 56.627 GC heap after
{Heap after GC invocations=6 (full 0):
 garbage-first heap   total 262144K, used 32438K [0x00000000e0000000, 0x0000000100000000)
  region size 1024K, 14 young (14336K), 14 survivors (14336K)
 Metaspace       used 34890K, committed 36096K, reserved 393216K
  class space    used 5172K, committed 5760K, reserved 327680K
}
Event: 56.791 GC heap before
{Heap before GC invocations=6 (full 0):
 garbage-first heap   total 262144K, used 32438K [0x00000000e0000000, 0x0000000100000000)
  region size 1024K, 15 young (15360K), 14 survivors (14336K)
 Metaspace       used 35186K, committed 36416K, reserved 393216K
  class space    used 5184K, committed 5824K, reserved 327680K
}
Event: 56.809 GC heap after
{Heap after GC invocations=7 (full 0):
 garbage-first heap   total 262144K, used 31812K [0x00000000e0000000, 0x0000000100000000)
  region size 1024K, 7 young (7168K), 7 survivors (7168K)
 Metaspace       used 35186K, committed 36416K, reserved 393216K
  class space    used 5184K, committed 5824K, reserved 327680K
}
Event: 57.171 GC heap before
{Heap before GC invocations=7 (full 0):
 garbage-first heap   total 262144K, used 33860K [0x00000000e0000000, 0x0000000100000000)
  region size 1024K, 10 young (10240K), 7 survivors (7168K)
 Metaspace       used 35463K, committed 36736K, reserved 393216K
  class space    used 5216K, committed 5824K, reserved 327680K
}
Event: 57.177 GC heap after
{Heap after GC invocations=8 (full 0):
 garbage-first heap   total 262144K, used 32471K [0x00000000e0000000, 0x0000000100000000)
  region size 1024K, 8 young (8192K), 8 survivors (8192K)
 Metaspace       used 35463K, committed 36736K, reserved 393216K
  class space    used 5216K, committed 5824K, reserved 327680K
}
Event: 86.006 GC heap before
{Heap before GC invocations=9 (full 0):
 garbage-first heap   total 262144K, used 187095K [0x00000000e0000000, 0x0000000100000000)
  region size 1024K, 153 young (156672K), 8 survivors (8192K)
 Metaspace       used 48075K, committed 49728K, reserved 393216K
  class space    used 6955K, committed 7808K, reserved 327680K
}
Event: 86.026 GC heap after
{Heap after GC invocations=10 (full 0):
 garbage-first heap   total 262144K, used 43168K [0x00000000e0000000, 0x0000000100000000)
  region size 1024K, 18 young (18432K), 18 survivors (18432K)
 Metaspace       used 48075K, committed 49728K, reserved 393216K
  class space    used 6955K, committed 7808K, reserved 327680K
}
Event: 129.185 GC heap before
{Heap before GC invocations=10 (full 0):
 garbage-first heap   total 262144K, used 187552K [0x00000000e0000000, 0x0000000100000000)
  region size 1024K, 153 young (156672K), 18 survivors (18432K)
 Metaspace       used 50746K, committed 52416K, reserved 393216K
  class space    used 7259K, committed 8064K, reserved 327680K
}
Event: 129.206 GC heap after
{Heap after GC invocations=11 (full 0):
 garbage-first heap   total 262144K, used 57722K [0x00000000e0000000, 0x0000000100000000)
  region size 1024K, 11 young (11264K), 11 survivors (11264K)
 Metaspace       used 50746K, committed 52416K, reserved 393216K
  class space    used 7259K, committed 8064K, reserved 327680K
}

Dll operation events (20 events):
Event: 0.296 Attempting to load shared library C:\Users\Lucas Hernandez\.vscode\extensions\redhat.java-1.56.0-win32-x64\jre\21.0.12.1-win32-x86_64\bin\nio.dll
Event: 0.297 Loaded shared library C:\Users\Lucas Hernandez\.vscode\extensions\redhat.java-1.56.0-win32-x64\jre\21.0.12.1-win32-x86_64\bin\nio.dll
Event: 0.309 Attempting to load shared library C:\Users\Lucas Hernandez\.vscode\extensions\redhat.java-1.56.0-win32-x64\jre\21.0.12.1-win32-x86_64\bin\zip.dll
Event: 0.309 Loaded shared library C:\Users\Lucas Hernandez\.vscode\extensions\redhat.java-1.56.0-win32-x64\jre\21.0.12.1-win32-x86_64\bin\zip.dll
Event: 0.934 Attempting to load shared library C:\Users\Lucas Hernandez\.vscode\extensions\redhat.java-1.56.0-win32-x64\jre\21.0.12.1-win32-x86_64\bin\jimage.dll
Event: 0.934 Loaded shared library C:\Users\Lucas Hernandez\.vscode\extensions\redhat.java-1.56.0-win32-x64\jre\21.0.12.1-win32-x86_64\bin\jimage.dll
Event: 1.281 Attempting to load shared library C:\Users\Lucas Hernandez\.vscode\extensions\redhat.java-1.56.0-win32-x64\jre\21.0.12.1-win32-x86_64\bin\verify.dll
Event: 1.281 Loaded shared library C:\Users\Lucas Hernandez\.vscode\extensions\redhat.java-1.56.0-win32-x64\jre\21.0.12.1-win32-x86_64\bin\verify.dll
Event: 1.607 Attempting to load shared library C:\Users\Lucas Hernandez\.gradle\native\c067742578af261105cb4f569cf0c3c89f3d7b1fecec35dd04571415982c5e48\windows-amd64\native-platform.dll
Event: 1.608 Loaded shared library C:\Users\Lucas Hernandez\.gradle\native\c067742578af261105cb4f569cf0c3c89f3d7b1fecec35dd04571415982c5e48\windows-amd64\native-platform.dll
Event: 1.620 Attempting to load shared library C:\Users\Lucas Hernandez\.gradle\native\100fb08df4bc3b14c8652ba06237920a3bd2aa13389f12d3474272988ae205f9\windows-amd64\native-platform-file-events.dll
Event: 1.635 Loaded shared library C:\Users\Lucas Hernandez\.gradle\native\100fb08df4bc3b14c8652ba06237920a3bd2aa13389f12d3474272988ae205f9\windows-amd64\native-platform-file-events.dll
Event: 4.727 Attempting to load shared library C:\Users\Lucas Hernandez\.vscode\extensions\redhat.java-1.56.0-win32-x64\jre\21.0.12.1-win32-x86_64\bin\management.dll
Event: 4.727 Loaded shared library C:\Users\Lucas Hernandez\.vscode\extensions\redhat.java-1.56.0-win32-x64\jre\21.0.12.1-win32-x86_64\bin\management.dll
Event: 4.732 Attempting to load shared library C:\Users\Lucas Hernandez\.vscode\extensions\redhat.java-1.56.0-win32-x64\jre\21.0.12.1-win32-x86_64\bin\management_ext.dll
Event: 4.733 Loaded shared library C:\Users\Lucas Hernandez\.vscode\extensions\redhat.java-1.56.0-win32-x64\jre\21.0.12.1-win32-x86_64\bin\management_ext.dll
Event: 5.198 Attempting to load shared library C:\Users\Lucas Hernandez\.vscode\extensions\redhat.java-1.56.0-win32-x64\jre\21.0.12.1-win32-x86_64\bin\extnet.dll
Event: 5.200 Loaded shared library C:\Users\Lucas Hernandez\.vscode\extensions\redhat.java-1.56.0-win32-x64\jre\21.0.12.1-win32-x86_64\bin\extnet.dll
Event: 5.537 Attempting to load shared library C:\Users\Lucas Hernandez\.vscode\extensions\redhat.java-1.56.0-win32-x64\jre\21.0.12.1-win32-x86_64\bin\sunmscapi.dll
Event: 5.541 Loaded shared library C:\Users\Lucas Hernandez\.vscode\extensions\redhat.java-1.56.0-win32-x64\jre\21.0.12.1-win32-x86_64\bin\sunmscapi.dll

Deoptimization events (20 events):
Event: 172.657 Thread 0x000001d5d14b8380 DEOPT PACKING pc=0x000001d5a47149e1 sp=0x0000008aa8ef7bd0
Event: 172.657 Thread 0x000001d5d14b8380 DEOPT UNPACKING pc=0x000001d5aae94bc2 sp=0x0000008aa8ef70e0 mode 0
Event: 194.477 Thread 0x000001d5d14b8380 Uncommon trap: trap_request=0xffffffbe fr.pc=0x000001d5ab8a0190 relative=0x0000000000000470
Event: 194.477 Thread 0x000001d5d14b8380 Uncommon trap: reason=profile_predicate action=maybe_recompile pc=0x000001d5ab8a0190 method=java.util.Collections.indexedBinarySearch(Ljava/util/List;Ljava/lang/Object;Ljava/util/Comparator;)I @ 15 c2
Event: 194.477 Thread 0x000001d5d14b8380 DEOPT PACKING pc=0x000001d5ab8a0190 sp=0x0000008aa8ef7db0
Event: 194.477 Thread 0x000001d5d14b8380 DEOPT UNPACKING pc=0x000001d5aae94422 sp=0x0000008aa8ef7cf0 mode 2
Event: 195.583 Thread 0x000001d5d14b8380 Uncommon trap: trap_request=0xffffffbe fr.pc=0x000001d5ab8a0190 relative=0x0000000000000470
Event: 195.583 Thread 0x000001d5d14b8380 Uncommon trap: reason=profile_predicate action=maybe_recompile pc=0x000001d5ab8a0190 method=java.util.Collections.indexedBinarySearch(Ljava/util/List;Ljava/lang/Object;Ljava/util/Comparator;)I @ 15 c2
Event: 195.583 Thread 0x000001d5d14b8380 DEOPT PACKING pc=0x000001d5ab8a0190 sp=0x0000008aa8ef7db0
Event: 195.583 Thread 0x000001d5d14b8380 DEOPT UNPACKING pc=0x000001d5aae94422 sp=0x0000008aa8ef7cf0 mode 2
Event: 195.833 Thread 0x000001d5d14b8380 Uncommon trap: trap_request=0xffffffbe fr.pc=0x000001d5ab8a0190 relative=0x0000000000000470
Event: 195.833 Thread 0x000001d5d14b8380 Uncommon trap: reason=profile_predicate action=maybe_recompile pc=0x000001d5ab8a0190 method=java.util.Collections.indexedBinarySearch(Ljava/util/List;Ljava/lang/Object;Ljava/util/Comparator;)I @ 15 c2
Event: 195.833 Thread 0x000001d5d14b8380 DEOPT PACKING pc=0x000001d5ab8a0190 sp=0x0000008aa8ef7db0
Event: 195.833 Thread 0x000001d5d14b8380 DEOPT UNPACKING pc=0x000001d5aae94422 sp=0x0000008aa8ef7cf0 mode 2
Event: 195.835 Thread 0x000001d5d14b8380 Uncommon trap: trap_request=0xffffffbe fr.pc=0x000001d5ab8a0190 relative=0x0000000000000470
Event: 195.835 Thread 0x000001d5d14b8380 Uncommon trap: reason=profile_predicate action=maybe_recompile pc=0x000001d5ab8a0190 method=java.util.Collections.indexedBinarySearch(Ljava/util/List;Ljava/lang/Object;Ljava/util/Comparator;)I @ 15 c2
Event: 195.835 Thread 0x000001d5d14b8380 DEOPT PACKING pc=0x000001d5ab8a0190 sp=0x0000008aa8ef7db0
Event: 195.835 Thread 0x000001d5d14b8380 DEOPT UNPACKING pc=0x000001d5aae94422 sp=0x0000008aa8ef7cf0 mode 2
Event: 236.459 Thread 0x000001d5d14b8380 DEOPT PACKING pc=0x000001d5a4714a02 sp=0x0000008aa8ef83b0
Event: 236.459 Thread 0x000001d5d14b8380 DEOPT UNPACKING pc=0x000001d5aae94bc2 sp=0x0000008aa8ef78c0 mode 0

Classes loaded (20 events):
Event: 130.388 Loading class java/io/ObjectStreamClass$1
Event: 130.388 Loading class java/io/ObjectStreamClass$1 done
Event: 130.388 Loading class java/io/ObjectStreamClass$MemberSignature
Event: 130.388 Loading class java/io/ObjectStreamClass$MemberSignature done
Event: 130.388 Loading class java/io/ObjectStreamClass$3
Event: 130.388 Loading class java/io/ObjectStreamClass$3 done
Event: 130.389 Loading class java/io/ObjectStreamClass$4
Event: 130.389 Loading class java/io/ObjectStreamClass$4 done
Event: 130.389 Loading class java/io/ObjectStreamClass$5
Event: 130.389 Loading class java/io/ObjectStreamClass$5 done
Event: 130.484 Loading class java/net/UrlDeserializedState
Event: 130.484 Loading class java/net/UrlDeserializedState done
Event: 130.486 Loading class java/net/Proxy
Event: 130.486 Loading class java/net/Proxy done
Event: 130.523 Loading class java/util/concurrent/CompletableFuture$AsyncRun
Event: 130.523 Loading class java/util/concurrent/CompletableFuture$AsyncRun done
Event: 133.631 Loading class jdk/internal/math/FormattedFPDecimal
Event: 133.632 Loading class jdk/internal/math/FormattedFPDecimal done
Event: 133.634 Loading class sun/text/resources/cldr/FormatData_en
Event: 133.698 Loading class sun/text/resources/cldr/FormatData_en done

Classes unloaded (0 events):
No events

Classes redefined (0 events):
No events

Internal exceptions (20 events):
Event: 129.293 Thread 0x000001d5d14b8380 Exception <a 'java/lang/NoSuchMethodError'{0x00000000eff6fd00}: 'long java.lang.invoke.Invokers$Holder.invokeExact_MT(java.lang.Object, java.lang.Object)'> (0x00000000eff6fd00) 
thrown [s\src\hotspot\share\interpreter\linkResolver.cpp, line 773]
Event: 130.388 Thread 0x000001d5d0cf2d20 Exception <a 'java/lang/NoSuchMethodError'{0x00000000ef7b2728}: static Lorg/gradle/tooling/internal/provider/serialization/ClassLoaderDetails;.<clinit>()V> (0x00000000ef7b2728) 
thrown [s\src\hotspot\share\prims\jni.cpp, line 1111]
Event: 130.446 Thread 0x000001d5d0cf2d20 Exception <a 'java/lang/NoSuchMethodError'{0x00000000ef7c6188}: static Lorg/gradle/tooling/internal/provider/serialization/WellKnownClassLoaderRegistry$KnownClassLoaderSpec;.<clinit>()V> (0x00000000ef7c6188) 
thrown [s\src\hotspot\share\prims\jni.cpp, line 1111]
Event: 130.446 Thread 0x000001d5d0cf2d20 Exception <a 'java/lang/NoSuchMethodError'{0x00000000ef7c79d0}: static Lorg/gradle/internal/classloader/ClassLoaderSpec;.<clinit>()V> (0x00000000ef7c79d0) 
thrown [s\src\hotspot\share\prims\jni.cpp, line 1111]
Event: 130.470 Thread 0x000001d5d0cf2d20 Exception <a 'java/lang/NoSuchMethodError'{0x00000000ef7da860}: static Lorg/gradle/internal/classloader/ClassLoaderSpec;.<clinit>()V> (0x00000000ef7da860) 
thrown [s\src\hotspot\share\prims\jni.cpp, line 1111]
Event: 130.477 Thread 0x000001d5d0cf2d20 Exception <a 'java/lang/NoSuchMethodError'{0x00000000ef7e6c10}: static Lorg/gradle/internal/classloader/VisitableURLClassLoader$Spec;.<clinit>()V> (0x00000000ef7e6c10) 
thrown [s\src\hotspot\share\prims\jni.cpp, line 1111]
Event: 135.398 Thread 0x000001d5d14b8380 Exception <a 'sun/nio/fs/WindowsException'{0x00000000ef1823c0}> (0x00000000ef1823c0) 
thrown [s\src\hotspot\share\prims\jni.cpp, line 520]
Event: 135.410 Thread 0x000001d5d14b8380 Exception <a 'sun/nio/fs/WindowsException'{0x00000000ef183908}> (0x00000000ef183908) 
thrown [s\src\hotspot\share\prims\jni.cpp, line 520]
Event: 135.411 Thread 0x000001d5d14b8380 Exception <a 'sun/nio/fs/WindowsException'{0x00000000ef184e40}> (0x00000000ef184e40) 
thrown [s\src\hotspot\share\prims\jni.cpp, line 520]
Event: 135.415 Thread 0x000001d5d14b8380 Exception <a 'sun/nio/fs/WindowsException'{0x00000000ef185f60}> (0x00000000ef185f60) 
thrown [s\src\hotspot\share\prims\jni.cpp, line 520]
Event: 138.197 Thread 0x000001d5d14b8380 Exception <a 'java/lang/ClassNotFoundException'{0x00000000eefd13a8}: build_d88hov32ofu4vsj1hxujsr8u1BeanInfo> (0x00000000eefd13a8) 
thrown [s\src\hotspot\share\classfile\systemDictionary.cpp, line 313]
Event: 138.216 Thread 0x000001d5d14b8380 Exception <a 'java/lang/ClassNotFoundException'{0x00000000eefd7d88}: build_d88hov32ofu4vsj1hxujsr8u1Customizer> (0x00000000eefd7d88) 
thrown [s\src\hotspot\share\classfile\systemDictionary.cpp, line 313]
Event: 138.548 Thread 0x000001d5d14b8380 Implicit null exception at 0x000001d5ab6f95dd to 0x000001d5ab6f9aac
Event: 138.548 Thread 0x000001d5d14b8380 Implicit null exception at 0x000001d5ab6fa2df to 0x000001d5ab6fa79c
Event: 154.410 Thread 0x000001d5d14b8380 Exception <a 'java/lang/ClassNotFoundException'{0x00000000ed10bf50}: build_d88hov32ofu4vsj1hxujsr8u1BeanInfo> (0x00000000ed10bf50) 
thrown [s\src\hotspot\share\classfile\systemDictionary.cpp, line 313]
Event: 154.411 Thread 0x000001d5d14b8380 Exception <a 'java/lang/ClassNotFoundException'{0x00000000ed1128c0}: build_d88hov32ofu4vsj1hxujsr8u1Customizer> (0x00000000ed1128c0) 
thrown [s\src\hotspot\share\classfile\systemDictionary.cpp, line 313]
Event: 168.956 Thread 0x000001d5d14b8380 Exception <a 'sun/nio/fs/WindowsException'{0x00000000eca563d8}> (0x00000000eca563d8) 
thrown [s\src\hotspot\share\prims\jni.cpp, line 520]
Event: 168.967 Thread 0x000001d5d14b8380 Exception <a 'sun/nio/fs/WindowsException'{0x00000000eca57920}> (0x00000000eca57920) 
thrown [s\src\hotspot\share\prims\jni.cpp, line 520]
Event: 168.968 Thread 0x000001d5d14b8380 Exception <a 'sun/nio/fs/WindowsException'{0x00000000eca58e58}> (0x00000000eca58e58) 
thrown [s\src\hotspot\share\prims\jni.cpp, line 520]
Event: 168.969 Thread 0x000001d5d14b8380 Exception <a 'sun/nio/fs/WindowsException'{0x00000000eca59f78}> (0x00000000eca59f78) 
thrown [s\src\hotspot\share\prims\jni.cpp, line 520]

ZGC Phase Switch (0 events):
No events

VM Operations (20 events):
Event: 238.981 Executing safepoint VM operation: Cleanup
Event: 238.981 Executing safepoint VM operation: Cleanup done
Event: 240.441 Executing non-safepoint VM operation: HandshakeAllThreads (HandshakeForDeflation)
Event: 240.441 Executing non-safepoint VM operation: HandshakeAllThreads (HandshakeForDeflation) done
Event: 240.441 Executing non-safepoint VM operation: RendezvousGCThreads
Event: 240.441 Executing non-safepoint VM operation: RendezvousGCThreads done
Event: 250.512 Executing safepoint VM operation: Cleanup
Event: 250.512 Executing safepoint VM operation: Cleanup done
Event: 252.513 Executing safepoint VM operation: Cleanup
Event: 252.513 Executing safepoint VM operation: Cleanup done
Event: 255.533 Executing safepoint VM operation: Cleanup
Event: 255.533 Executing safepoint VM operation: Cleanup done
Event: 257.544 Executing safepoint VM operation: Cleanup
Event: 257.544 Executing safepoint VM operation: Cleanup done
Event: 258.546 Executing safepoint VM operation: Cleanup
Event: 258.546 Executing safepoint VM operation: Cleanup done
Event: 259.551 Executing safepoint VM operation: Cleanup
Event: 259.552 Executing safepoint VM operation: Cleanup done
Event: 272.657 Executing safepoint VM operation: Cleanup
Event: 272.657 Executing safepoint VM operation: Cleanup done

Memory protections (0 events):
No events

Nmethod flushes (20 events):
Event: 57.211 Thread 0x000001d5b65001e0 flushing  nmethod 0x000001d5a3a85990
Event: 57.211 Thread 0x000001d5b65001e0 flushing  nmethod 0x000001d5a3a86a10
Event: 57.211 Thread 0x000001d5b65001e0 flushing  nmethod 0x000001d5a3a87310
Event: 57.211 Thread 0x000001d5b65001e0 flushing  nmethod 0x000001d5a3a87c10
Event: 57.211 Thread 0x000001d5b65001e0 flushing  nmethod 0x000001d5a3a88990
Event: 57.211 Thread 0x000001d5b65001e0 flushing  nmethod 0x000001d5a3a89790
Event: 57.211 Thread 0x000001d5b65001e0 flushing  nmethod 0x000001d5a3a89b90
Event: 57.211 Thread 0x000001d5b65001e0 flushing  nmethod 0x000001d5a3ad1a10
Event: 57.211 Thread 0x000001d5b65001e0 flushing  nmethod 0x000001d5a3ad3810
Event: 57.211 Thread 0x000001d5b65001e0 flushing  nmethod 0x000001d5a3ad5490
Event: 57.211 Thread 0x000001d5b65001e0 flushing  nmethod 0x000001d5a3ad6c10
Event: 57.211 Thread 0x000001d5b65001e0 flushing  nmethod 0x000001d5a3ad7190
Event: 57.211 Thread 0x000001d5b65001e0 flushing  nmethod 0x000001d5a3ad7490
Event: 57.211 Thread 0x000001d5b65001e0 flushing  nmethod 0x000001d5a3b1bf90
Event: 57.211 Thread 0x000001d5b65001e0 flushing  nmethod 0x000001d5a3b21e10
Event: 57.211 Thread 0x000001d5b65001e0 flushing  nmethod 0x000001d5a3cc9e10
Event: 57.211 Thread 0x000001d5b65001e0 flushing  nmethod 0x000001d5a3cd3010
Event: 57.211 Thread 0x000001d5b65001e0 flushing  nmethod 0x000001d5a3d6a190
Event: 57.211 Thread 0x000001d5b65001e0 flushing  nmethod 0x000001d5a3d6fc10
Event: 57.211 Thread 0x000001d5b65001e0 flushing  nmethod 0x000001d5a3dc5d90

Events (20 events):
Event: 164.476 Thread 0x000001d5d14b8380 Thread added: 0x000001d5d1fc6020
Event: 164.799 Thread 0x000001d5d14b8380 Thread added: 0x000001d5d1fc80f0
Event: 164.801 Thread 0x000001d5d14b8380 Thread added: 0x000001d5d1fc8780
Event: 167.207 Thread 0x000001d5d14b8380 Thread added: 0x000001d5d1fc6d40
Event: 167.317 Thread 0x000001d5d14b8380 Thread added: 0x000001d5d1fc73d0
Event: 167.707 Thread 0x000001d5d14b8380 Thread added: 0x000001d5d1fc7a60
Event: 167.969 Thread 0x000001d5d14b8380 Thread added: 0x000001d5d1fc5300
Event: 168.044 Thread 0x000001d5d14b8380 Thread added: 0x000001d5d1fc9b30
Event: 214.865 Thread 0x000001d5d1fc5990 Thread exited: 0x000001d5d1fc5990
Event: 236.488 Thread 0x000001d5d14b8380 Thread added: 0x000001d5d1fc5990
Event: 236.488 Thread 0x000001d5d14b8380 Thread added: 0x000001d5d1fca1c0
Event: 236.489 Thread 0x000001d5d14b8380 Thread added: 0x000001d5d1fcb570
Event: 236.489 Thread 0x000001d5d14b8380 Thread added: 0x000001d5d1fcaee0
Event: 236.497 Thread 0x000001d5d14b8380 Thread added: 0x000001d5d1fc8e10
Event: 236.498 Thread 0x000001d5d14b8380 Thread added: 0x000001d5d1fcbc00
Event: 236.498 Thread 0x000001d5d14b8380 Thread added: 0x000001d5d1fc94a0
Event: 236.498 Thread 0x000001d5d14b8380 Thread added: 0x000001d5d1fcc290
Event: 236.499 Thread 0x000001d5d14b8380 Thread added: 0x000001d5d1fcc920
Event: 236.505 Thread 0x000001d5d14b8380 Thread added: 0x000001d5d212b590
Event: 236.507 Thread 0x000001d5d14b8380 Thread added: 0x000001d5d212a1e0


Dynamic libraries:
0x00007ff61a400000 - 0x00007ff61a40e000 	C:\Users\Lucas Hernandez\.vscode\extensions\redhat.java-1.56.0-win32-x64\jre\21.0.12.1-win32-x86_64\bin\java.exe
0x00007ffa77d80000 - 0x00007ffa77fe7000 	C:\WINDOWS\SYSTEM32\ntdll.dll
0x00007ffa765c0000 - 0x00007ffa7668b000 	C:\WINDOWS\System32\KERNEL32.DLL
0x00007ffa74f80000 - 0x00007ffa75382000 	C:\WINDOWS\System32\KERNELBASE.dll
0x00007ffa75940000 - 0x00007ffa75a8c000 	C:\WINDOWS\System32\ucrtbase.dll
0x00007ffa54440000 - 0x00007ffa54458000 	C:\Users\Lucas Hernandez\.vscode\extensions\redhat.java-1.56.0-win32-x64\jre\21.0.12.1-win32-x86_64\bin\jli.dll
0x00007ffa76d80000 - 0x00007ffa76f4f000 	C:\WINDOWS\System32\USER32.dll
0x00007ffa75630000 - 0x00007ffa75657000 	C:\WINDOWS\System32\win32u.dll
0x00007ffa76590000 - 0x00007ffa765bb000 	C:\WINDOWS\System32\GDI32.dll
0x00007ffa75390000 - 0x00007ffa754b9000 	C:\WINDOWS\System32\gdi32full.dll
0x00007ffa75580000 - 0x00007ffa75623000 	C:\WINDOWS\System32\msvcp_win.dll
0x00007ffa55230000 - 0x00007ffa5524e000 	C:\Users\Lucas Hernandez\.vscode\extensions\redhat.java-1.56.0-win32-x64\jre\21.0.12.1-win32-x86_64\bin\VCRUNTIME140.dll
0x00007ffa626a0000 - 0x00007ffa62930000 	C:\WINDOWS\WinSxS\amd64_microsoft.windows.common-controls_6595b64144ccf1df_6.0.26100.9278_none_3e0d1ba8e3303201\COMCTL32.dll
0x00007ffa77060000 - 0x00007ffa77109000 	C:\WINDOWS\System32\msvcrt.dll
0x00007ffa75db0000 - 0x00007ffa75de1000 	C:\WINDOWS\System32\IMM32.DLL
0x00007ffa60070000 - 0x00007ffa6007c000 	C:\Users\Lucas Hernandez\.vscode\extensions\redhat.java-1.56.0-win32-x64\jre\21.0.12.1-win32-x86_64\bin\vcruntime140_1.dll
0x00007ffa258a0000 - 0x00007ffa2592d000 	C:\Users\Lucas Hernandez\.vscode\extensions\redhat.java-1.56.0-win32-x64\jre\21.0.12.1-win32-x86_64\bin\msvcp140.dll
0x00007ff9a90d0000 - 0x00007ff9a9e72000 	C:\Users\Lucas Hernandez\.vscode\extensions\redhat.java-1.56.0-win32-x64\jre\21.0.12.1-win32-x86_64\bin\server\jvm.dll
0x00007ffa76b60000 - 0x00007ffa76c1c000 	C:\WINDOWS\System32\ADVAPI32.dll
0x00007ffa771a0000 - 0x00007ffa77249000 	C:\WINDOWS\System32\sechost.dll
0x00007ffa76a40000 - 0x00007ffa76b58000 	C:\WINDOWS\System32\RPCRT4.dll
0x00007ffa75c10000 - 0x00007ffa75c90000 	C:\WINDOWS\System32\WS2_32.dll
0x00007ffa74e00000 - 0x00007ffa74e5e000 	C:\WINDOWS\SYSTEM32\POWRPROF.dll
0x00007ffa6c150000 - 0x00007ffa6c186000 	C:\WINDOWS\SYSTEM32\WINMM.dll
0x00007ffa6cd30000 - 0x00007ffa6cd3b000 	C:\WINDOWS\SYSTEM32\VERSION.dll
0x00007ffa74de0000 - 0x00007ffa74df5000 	C:\WINDOWS\SYSTEM32\UMPDC.dll
0x00007ffa73c30000 - 0x00007ffa73c4b000 	C:\WINDOWS\SYSTEM32\kernel.appcore.dll
0x00007ffa5ff20000 - 0x00007ffa5ff2a000 	C:\Users\Lucas Hernandez\.vscode\extensions\redhat.java-1.56.0-win32-x64\jre\21.0.12.1-win32-x86_64\bin\jimage.dll
0x00007ffa68aa0000 - 0x00007ffa68cec000 	C:\WINDOWS\SYSTEM32\DBGHELP.DLL
0x00007ffa766b0000 - 0x00007ffa76a35000 	C:\WINDOWS\System32\combase.dll
0x00007ffa776e0000 - 0x00007ffa777b9000 	C:\WINDOWS\System32\OLEAUT32.dll
0x00007ffa5e7b0000 - 0x00007ffa5e7eb000 	C:\WINDOWS\SYSTEM32\dbgcore.DLL
0x00007ffa75880000 - 0x00007ffa7592c000 	C:\WINDOWS\System32\bcryptPrimitives.dll
0x00007ffa58db0000 - 0x00007ffa58dbf000 	C:\Users\Lucas Hernandez\.vscode\extensions\redhat.java-1.56.0-win32-x64\jre\21.0.12.1-win32-x86_64\bin\instrument.dll
0x00007ffa54380000 - 0x00007ffa543a0000 	C:\Users\Lucas Hernandez\.vscode\extensions\redhat.java-1.56.0-win32-x64\jre\21.0.12.1-win32-x86_64\bin\java.dll
0x00007ffa75df0000 - 0x00007ffa76588000 	C:\WINDOWS\System32\SHELL32.dll
0x00007ffa729c0000 - 0x00007ffa7326e000 	C:\WINDOWS\SYSTEM32\windows.storage.dll
0x00007ffa76f60000 - 0x00007ffa7705b000 	C:\WINDOWS\System32\SHCORE.dll
0x00007ffa77b40000 - 0x00007ffa77ba6000 	C:\WINDOWS\System32\shlwapi.dll
0x00007ffa74ea0000 - 0x00007ffa74ec9000 	C:\WINDOWS\SYSTEM32\profapi.dll
0x00007ffa54120000 - 0x00007ffa54138000 	C:\Users\Lucas Hernandez\.vscode\extensions\redhat.java-1.56.0-win32-x64\jre\21.0.12.1-win32-x86_64\bin\zip.dll
0x00007ffa5f810000 - 0x00007ffa5f820000 	C:\Users\Lucas Hernandez\.vscode\extensions\redhat.java-1.56.0-win32-x64\jre\21.0.12.1-win32-x86_64\bin\net.dll
0x00007ffa6ca10000 - 0x00007ffa6cb3a000 	C:\WINDOWS\SYSTEM32\WINHTTP.dll
0x00007ffa74210000 - 0x00007ffa7427c000 	C:\WINDOWS\system32\mswsock.dll
0x00007ffa53680000 - 0x00007ffa53696000 	C:\Users\Lucas Hernandez\.vscode\extensions\redhat.java-1.56.0-win32-x64\jre\21.0.12.1-win32-x86_64\bin\nio.dll
0x00007ffa57e70000 - 0x00007ffa57e80000 	C:\Users\Lucas Hernandez\.vscode\extensions\redhat.java-1.56.0-win32-x64\jre\21.0.12.1-win32-x86_64\bin\verify.dll
0x00007ffa3c3e0000 - 0x00007ffa3c407000 	C:\Users\Lucas Hernandez\.gradle\native\c067742578af261105cb4f569cf0c3c89f3d7b1fecec35dd04571415982c5e48\windows-amd64\native-platform.dll
0x00007ff9ff5b0000 - 0x00007ff9ff6f4000 	C:\Users\Lucas Hernandez\.gradle\native\100fb08df4bc3b14c8652ba06237920a3bd2aa13389f12d3474272988ae205f9\windows-amd64\native-platform-file-events.dll
0x00007ffa6fe70000 - 0x00007ffa6fe7a000 	C:\Users\Lucas Hernandez\.vscode\extensions\redhat.java-1.56.0-win32-x64\jre\21.0.12.1-win32-x86_64\bin\management.dll
0x00007ffa6fe60000 - 0x00007ffa6fe6c000 	C:\Users\Lucas Hernandez\.vscode\extensions\redhat.java-1.56.0-win32-x64\jre\21.0.12.1-win32-x86_64\bin\management_ext.dll
0x00007ffa77c00000 - 0x00007ffa77c08000 	C:\WINDOWS\System32\PSAPI.DLL
0x00007ffa74520000 - 0x00007ffa7453b000 	C:\WINDOWS\SYSTEM32\CRYPTSP.dll
0x00007ffa73b90000 - 0x00007ffa73bc9000 	C:\WINDOWS\system32\rsaenh.dll
0x00007ffa742c0000 - 0x00007ffa742f4000 	C:\WINDOWS\SYSTEM32\USERENV.dll
0x00007ffa74e70000 - 0x00007ffa74e9a000 	C:\WINDOWS\SYSTEM32\bcrypt.dll
0x00007ffa74500000 - 0x00007ffa7450c000 	C:\WINDOWS\SYSTEM32\CRYPTBASE.dll
0x00007ffa735d0000 - 0x00007ffa73603000 	C:\WINDOWS\SYSTEM32\IPHLPAPI.DLL
0x00007ffa77c10000 - 0x00007ffa77c1a000 	C:\WINDOWS\System32\NSI.dll
0x00007ffa60960000 - 0x00007ffa60969000 	C:\Users\Lucas Hernandez\.vscode\extensions\redhat.java-1.56.0-win32-x64\jre\21.0.12.1-win32-x86_64\bin\extnet.dll
0x00007ffa60950000 - 0x00007ffa6095e000 	C:\Users\Lucas Hernandez\.vscode\extensions\redhat.java-1.56.0-win32-x64\jre\21.0.12.1-win32-x86_64\bin\sunmscapi.dll
0x00007ffa756f0000 - 0x00007ffa7586e000 	C:\WINDOWS\System32\CRYPT32.dll
0x00007ffa74740000 - 0x00007ffa74770000 	C:\WINDOWS\SYSTEM32\ncrypt.dll
0x00007ffa746f0000 - 0x00007ffa7472f000 	C:\WINDOWS\SYSTEM32\NTASN1.dll
0x00007ffa3a230000 - 0x00007ffa3a238000 	C:\WINDOWS\system32\wshunix.dll

JVMTI agents:
C:\Users\Lucas Hernandez\.gradle\wrapper\dists\gradle-8.9-bin\90cnw93cvbtalezasaz0blq0a\gradle-8.9\lib\agents\gradle-instrumentation-agent-8.9.jar path:C:\Users\Lucas Hernandez\.vscode\extensions\redhat.java-1.56.0-win32-x64\jre\21.0.12.1-win32-x86_64\bin\instrument.dll, loaded, initialized, instrumentlib options:none

dbghelp: loaded successfully - version: 4.0.5 - missing functions: none
symbol engine: initialized successfully - sym options: 0x614 - pdb path: .;C:\Users\Lucas Hernandez\.vscode\extensions\redhat.java-1.56.0-win32-x64\jre\21.0.12.1-win32-x86_64\bin;C:\WINDOWS\SYSTEM32;C:\WINDOWS\WinSxS\amd64_microsoft.windows.common-controls_6595b64144ccf1df_6.0.26100.9278_none_3e0d1ba8e3303201;C:\Users\Lucas Hernandez\.vscode\extensions\redhat.java-1.56.0-win32-x64\jre\21.0.12.1-win32-x86_64\bin\server;C:\Users\Lucas Hernandez\.gradle\native\c067742578af261105cb4f569cf0c3c89f3d7b1fecec35dd04571415982c5e48\windows-amd64;C:\Users\Lucas Hernandez\.gradle\native\100fb08df4bc3b14c8652ba06237920a3bd2aa13389f12d3474272988ae205f9\windows-amd64

VM Arguments:
jvm_args: --add-opens=java.base/java.util=ALL-UNNAMED --add-opens=java.base/java.lang=ALL-UNNAMED --add-opens=java.base/java.lang.invoke=ALL-UNNAMED --add-opens=java.prefs/java.util.prefs=ALL-UNNAMED --add-exports=jdk.compiler/com.sun.tools.javac.api=ALL-UNNAMED --add-exports=jdk.compiler/com.sun.tools.javac.util=ALL-UNNAMED --add-opens=java.base/java.nio.charset=ALL-UNNAMED --add-opens=java.base/java.net=ALL-UNNAMED --add-opens=java.base/java.util.concurrent.atomic=ALL-UNNAMED -XX:MaxMetaspaceSize=384m -XX:+HeapDumpOnOutOfMemoryError -Xms256m -Xmx512m -Dfile.encoding=utf8 -Duser.country=ES -Duser.language=es -Duser.variant -javaagent:C:\Users\Lucas Hernandez\.gradle\wrapper\dists\gradle-8.9-bin\90cnw93cvbtalezasaz0blq0a\gradle-8.9\lib\agents\gradle-instrumentation-agent-8.9.jar 
java_command: org.gradle.launcher.daemon.bootstrap.GradleDaemon 8.9
java_class_path (initial): C:\Users\Lucas Hernandez\.gradle\wrapper\dists\gradle-8.9-bin\90cnw93cvbtalezasaz0blq0a\gradle-8.9\lib\gradle-daemon-main-8.9.jar
Launcher Type: SUN_STANDARD

[Global flags]
     intx CICompilerCount                          = 4                                         {product} {ergonomic}
   size_t CompressedClassSpaceSize                 = 335544320                                 {product} {ergonomic}
     uint ConcGCThreads                            = 3                                         {product} {ergonomic}
     uint G1ConcRefinementThreads                  = 10                                        {product} {ergonomic}
   size_t G1HeapRegionSize                         = 1048576                                   {product} {ergonomic}
    uintx GCDrainStackTargetSize                   = 64                                        {product} {ergonomic}
     bool HeapDumpOnOutOfMemoryError               = true                                   {manageable} {command line}
   size_t InitialHeapSize                          = 268435456                                 {product} {command line}
   size_t MarkStackSize                            = 4194304                                   {product} {ergonomic}
   size_t MaxHeapSize                              = 536870912                                 {product} {command line}
   size_t MaxMetaspaceSize                         = 402653184                                 {product} {command line}
   size_t MaxNewSize                               = 321912832                                 {product} {ergonomic}
   size_t MinHeapDeltaBytes                        = 1048576                                   {product} {ergonomic}
   size_t MinHeapSize                              = 268435456                                 {product} {command line}
    uintx NonNMethodCodeHeapSize                   = 5839372                                {pd product} {ergonomic}
    uintx NonProfiledCodeHeapSize                  = 122909434                              {pd product} {ergonomic}
    uintx ProfiledCodeHeapSize                     = 122909434                              {pd product} {ergonomic}
    uintx ReservedCodeCacheSize                    = 251658240                              {pd product} {ergonomic}
     bool SegmentedCodeCache                       = true                                      {product} {ergonomic}
   size_t SoftMaxHeapSize                          = 536870912                              {manageable} {ergonomic}
     bool UseCompressedOops                        = true                           {product lp64_product} {ergonomic}
     bool UseG1GC                                  = true                                      {product} {ergonomic}
     bool UseLargePagesIndividualAllocation        = false                                  {pd product} {ergonomic}

Logging:
Log output configuration:
 #0: stdout all=warning uptime,level,tags foldmultilines=false
 #1: stderr all=off uptime,level,tags foldmultilines=false

Release file:
JAVA_VERSION="21.0.12.1" 
MODULES="java.base java.compiler java.datatransfer java.xml java.prefs java.desktop java.instrument java.logging java.management java.security.sasl java.naming java.rmi java.management.rmi java.net.http java.scripting java.security.jgss java.transaction.xa java.sql java.sql.rowset java.xml.crypto java.se java.smartcardio jdk.accessibility jdk.internal.jvmstat jdk.attach jdk.charsets jdk.internal.opt jdk.zipfs jdk.compiler jdk.crypto.ec jdk.crypto.cryptoki jdk.crypto.mscapi jdk.dynalink jdk.internal.ed jdk.editpad jdk.hotspot.agent jdk.httpserver jdk.internal.le jdk.internal.vm.ci jdk.internal.vm.compiler jdk.internal.vm.compiler.management jdk.jartool jdk.javadoc jdk.jcmd jdk.management jdk.management.agent jdk.jconsole jdk.jdeps jdk.jdwp.agent jdk.jdi jdk.jfr jdk.jshell jdk.jsobject jdk.jstatd jdk.localedata jdk.management.jfr jdk.naming.dns jdk.naming.rmi jdk.net jdk.nio.mapmode jdk.random jdk.sctp jdk.security.auth jdk.security.jgss jdk.unsupported jdk.unsupported.desktop jdk.xml.dom" 

Environment Variables:
JAVA_HOME=C:\Program Files\Eclipse Adoptium\jdk-17.0.20.101-hotspot\
PATH=C:\Program Files\Eclipse Adoptium\jdk-17.0.20.101-hotspot\bin;C:\Users\Lucas Hernandez\AppData\Local\Programs\Python\Python314\Scripts\;C:\Users\Lucas Hernandez\AppData\Local\Programs\Python\Python314\;C:\app\dbhomeXE\bin;C:\WINDOWS\system32;C:\WINDOWS;C:\WINDOWS\System32\Wbem;C:\WINDOWS\System32\WindowsPowerShell\v1.0\;C:\WINDOWS\System32\OpenSSH\;C:\Program Files\Docker\Docker\resources\bin;C:\Program Files\nodejs\;C:\ProgramData\chocolatey\bin;C:\Program Files\dotnet\;C:\Program Files\Git\cmd;C:\Program Files\MySQL\MySQL Shell 8.0\bin\;C:\Users\Lucas Hernandez\AppData\Local\Microsoft\WindowsApps;C:\Program Files\JetBrains\IntelliJ IDEA 2025.2.2\bin;C:\Users\Lucas Hernandez\AppData\Local\GitHubDesktop\bin;C:\Users\Lucas Hernandez\AppData\Local\Programs\Microsoft VS Code\bin;C:\Users\Lucas Hernandez\AppData\Local\Python\bin;C:\Users\Lucas Hernandez\AppData\Local\Programs\cursor\resources\app\bin;C:\Users\Lucas Hernandez\AppData\Roaming\npm;C:\src\flutter\bin;;C:\Android\sdk\platform-tools;C:\Android\sdk\cmdline-tools\latest\bin;C:\Android\sdk\emulator
USERNAME=Lucas Hernandez
OS=Windows_NT
PROCESSOR_IDENTIFIER=AMD64 Family 23 Model 104 Stepping 1, AuthenticAMD
TMP=C:\Users\LUCASH~1\AppData\Local\Temp
TEMP=C:\Users\LUCASH~1\AppData\Local\Temp




Periodic native trim disabled

---------------  S Y S T E M  ---------------

OS:
 Windows 11 , 64 bit Build 26100 (10.0.26100.9444)
OS uptime: 11 days 19:00 hours
Hyper-V role detected

CPU: total 12 (initial active 12) (12 cores per cpu, 2 threads per core) family 23 model 104 stepping 1 microcode 0x8608103, cx8, cmov, fxsr, ht, mmx, 3dnowpref, sse, sse2, sse3, ssse3, sse4a, sse4.1, sse4.2, popcnt, lzcnt, tsc, tscinvbit, avx, avx2, aes, clmul, bmi1, bmi2, adx, sha, fma, vzeroupper, clflush, clflushopt, hv, rdtscp, rdpid, f16c
Processor Information for the first 12 processors :
  Max Mhz: 2100, Current Mhz: 2100, Mhz Limit: 2100

Memory: 4k page, system-wide physical 15754M (316M free)
TotalPageFile size 64906M (AvailPageFile size 0M)
current process WorkingSet (physical memory assigned to process): 65M, peak: 384M
current process commit charge ("private bytes"): 484M, peak: 499M

vm_info: OpenJDK 64-Bit Server VM (21.0.12.1+1-LTS) for windows-amd64 JRE (21.0.12.1+1-LTS), built on 2026-08-18T00:00:00Z by "admin" with MS VC++ 17.12 (VS2022)

END.
