#
# There is insufficient memory for the Java Runtime Environment to continue.
# Native memory allocation (malloc) failed to allocate 1307168 bytes. Error detail: Chunk::new
# Possible reasons:
#   The system is out of physical RAM or swap space
#   This process is running with CompressedOops enabled, and the Java Heap may be blocking the growth of the native heap
# Possible solutions:
#   Reduce memory load on the system
#   Increase physical memory or swap space
#   Check if swap backing store is full
#   Decrease Java heap size (-Xmx/-Xms)
#   Decrease number of Java threads
#   Decrease Java thread stack sizes (-Xss)
#   Set larger code cache with -XX:ReservedCodeCacheSize=
#   JVM is running with Unscaled Compressed Oops mode in which the Java heap is
#     placed in the first 4GB address space. The Java Heap base address is the
#     maximum limit for the native heap growth. Please use -XX:HeapBaseMinAddress
#     to set the Java Heap base and to place the Java Heap above 4GB virtual address.
# This output file may be truncated or incomplete.
#
#  Out of Memory Error (arena.cpp:168), pid=28068, tid=27000
#
# JRE version: OpenJDK Runtime Environment Temurin-21.0.12.1+1 (21.0.12.1+1) (build 21.0.12.1+1-LTS)
# Java VM: OpenJDK 64-Bit Server VM Temurin-21.0.12.1+1 (21.0.12.1+1-LTS, mixed mode, sharing, tiered, compressed oops, compressed class ptrs, g1 gc, windows-amd64)
# No core dump will be written. Minidumps are not enabled by default on client versions of Windows
#

---------------  S U M M A R Y ------------

Command Line: --add-opens=java.base/java.lang=ALL-UNNAMED --add-opens=java.base/java.lang.invoke=ALL-UNNAMED --add-opens=java.base/java.util=ALL-UNNAMED --add-opens=java.prefs/java.util.prefs=ALL-UNNAMED --add-exports=jdk.compiler/com.sun.tools.javac.api=ALL-UNNAMED --add-exports=jdk.compiler/com.sun.tools.javac.util=ALL-UNNAMED --add-opens=java.base/java.util=ALL-UNNAMED --add-opens=java.prefs/java.util.prefs=ALL-UNNAMED --add-opens=java.base/java.nio.charset=ALL-UNNAMED --add-opens=java.base/java.net=ALL-UNNAMED --add-opens=java.base/java.util.concurrent.atomic=ALL-UNNAMED --add-opens=java.xml/javax.xml.namespace=ALL-UNNAMED -Xmx1536m -Dfile.encoding=UTF-8 -Duser.country=ES -Duser.language=es -Duser.variant -javaagent:C:\Users\Lucas Hernandez\.gradle\wrapper\dists\gradle-8.14.3-all\10utluxaxniiv4wxiphsi49nj\gradle-8.14.3\lib\agents\gradle-instrumentation-agent-8.14.3.jar org.gradle.launcher.daemon.bootstrap.GradleDaemon 8.14.3

Host: AMD Ryzen 5 7430U with Radeon Graphics, 12 cores, 15G,  Windows 11 , 64 bit Build 26100 (10.0.26100.9444)
Time: Wed Oct  7 16:09:12 2026 Hora de verano romance elapsed time: 263.282149 seconds (0d 0h 4m 23s)

---------------  T H R E A D  ---------------

Current thread (0x000001f3c04e8750):  JavaThread "C2 CompilerThread0" daemon [_thread_in_native, id=27000, stack(0x000000ed1db00000,0x000000ed1dc00000) (1024K)]


Current CompileTask:
C2:263282 6700       4       org.gradle.cache.internal.DefaultFileLockManager$DefaultFileLock$1::run (252 bytes)

Stack: [0x000000ed1db00000,0x000000ed1dc00000]
Native frames: (J=compiled Java code, j=interpreted, Vv=VM code, C=native code)
V  [jvm.dll+0x6d83e9]
V  [jvm.dll+0x8b5736]
V  [jvm.dll+0x8b7cee]
V  [jvm.dll+0x8b83d3]
V  [jvm.dll+0x284596]
V  [jvm.dll+0xc685d]
V  [jvm.dll+0xc6da1]
V  [jvm.dll+0x3bf18b]
V  [jvm.dll+0x1e4149]
V  [jvm.dll+0x24c853]
V  [jvm.dll+0x24bce0]
V  [jvm.dll+0x1cb4ae]
V  [jvm.dll+0x25baad]
V  [jvm.dll+0x25a03a]
V  [jvm.dll+0x3f8aae]
V  [jvm.dll+0x8600cd]
V  [jvm.dll+0x6d6c1d]
C  [ucrtbase.dll+0x2cd30]
C  [KERNEL32.DLL+0x2cd87]
C  [ntdll.dll+0xacaec]


---------------  P R O C E S S  ---------------

Threads class SMR info:
_java_thread_list=0x000001f3c08a85d0, length=40, elements={
0x000001f3a6ecc020, 0x000001f3c04e0120, 0x000001f3c04e3700, 0x000001f3c04e4cd0,
0x000001f3c04e5730, 0x000001f3c04e6190, 0x000001f3c04e7890, 0x000001f3c04e8750,
0x000001f3c04ef460, 0x000001f3c0765840, 0x000001f3c0792830, 0x000001f407771490,
0x000001f40733e500, 0x000001f406ef00f0, 0x000001f4069fc4b0, 0x000001f4074dcb20,
0x000001f4074dd1b0, 0x000001f4074dd840, 0x000001f4074dbe00, 0x000001f4074dc490,
0x000001f4074dded0, 0x000001f4074db0e0, 0x000001f4074db770, 0x000001f4074de560,
0x000001f4070c6aa0, 0x000001f4070c56f0, 0x000001f4070c7130, 0x000001f4070c77c0,
0x000001f4070c5d80, 0x000001f4070c4340, 0x000001f4070c49d0, 0x000001f4070c7e50,
0x000001f4070c84e0, 0x000001f4070c8b70, 0x000001f4070c6410, 0x000001f4070c9f20,
0x000001f4070ca5b0, 0x000001f4070cac40, 0x000001f4070cb2d0, 0x000001f4070c9200
}

Java Threads: ( => current thread )
  0x000001f3a6ecc020 JavaThread "main"                              [_thread_blocked, id=22496, stack(0x000000ed1cd00000,0x000000ed1ce00000) (1024K)]
  0x000001f3c04e0120 JavaThread "Reference Handler"          daemon [_thread_blocked, id=18120, stack(0x000000ed1d500000,0x000000ed1d600000) (1024K)]
  0x000001f3c04e3700 JavaThread "Finalizer"                  daemon [_thread_blocked, id=18648, stack(0x000000ed1d600000,0x000000ed1d700000) (1024K)]
  0x000001f3c04e4cd0 JavaThread "Signal Dispatcher"          daemon [_thread_blocked, id=1876, stack(0x000000ed1d700000,0x000000ed1d800000) (1024K)]
  0x000001f3c04e5730 JavaThread "Attach Listener"            daemon [_thread_blocked, id=20992, stack(0x000000ed1d800000,0x000000ed1d900000) (1024K)]
  0x000001f3c04e6190 JavaThread "Service Thread"             daemon [_thread_blocked, id=3404, stack(0x000000ed1d900000,0x000000ed1da00000) (1024K)]
  0x000001f3c04e7890 JavaThread "Monitor Deflation Thread"   daemon [_thread_blocked, id=10732, stack(0x000000ed1da00000,0x000000ed1db00000) (1024K)]
=>0x000001f3c04e8750 JavaThread "C2 CompilerThread0"         daemon [_thread_in_native, id=27000, stack(0x000000ed1db00000,0x000000ed1dc00000) (1024K)]
  0x000001f3c04ef460 JavaThread "C1 CompilerThread0"         daemon [_thread_blocked, id=28816, stack(0x000000ed1dc00000,0x000000ed1dd00000) (1024K)]
  0x000001f3c0765840 JavaThread "Common-Cleaner"             daemon [_thread_blocked, id=18904, stack(0x000000ed1dd00000,0x000000ed1de00000) (1024K)]
  0x000001f3c0792830 JavaThread "Notification Thread"        daemon [_thread_blocked, id=37440, stack(0x000000ed1de00000,0x000000ed1df00000) (1024K)]
  0x000001f407771490 JavaThread "Daemon health stats"               [_thread_blocked, id=35124, stack(0x000000ed1e300000,0x000000ed1e400000) (1024K)]
  0x000001f40733e500 JavaThread "Incoming local TCP Connector on port 57336"        [_thread_in_native, id=8216, stack(0x000000ed1e400000,0x000000ed1e500000) (1024K)]
  0x000001f406ef00f0 JavaThread "Daemon periodic checks"            [_thread_blocked, id=36432, stack(0x000000ed1e500000,0x000000ed1e600000) (1024K)]
  0x000001f4069fc4b0 JavaThread "Daemon"                            [_thread_blocked, id=39740, stack(0x000000ed1e600000,0x000000ed1e700000) (1024K)]
  0x000001f4074dcb20 JavaThread "Handler for socket connection from /127.0.0.1:57336 to /127.0.0.1:57337"        [_thread_in_native, id=6352, stack(0x000000ed1e700000,0x000000ed1e800000) (1024K)]
  0x000001f4074dd1b0 JavaThread "Cancel handler"                    [_thread_blocked, id=37184, stack(0x000000ed1e800000,0x000000ed1e900000) (1024K)]
  0x000001f4074dd840 JavaThread "Daemon worker"                     [_thread_blocked, id=35564, stack(0x000000ed1e900000,0x000000ed1ea00000) (1024K)]
  0x000001f4074dbe00 JavaThread "Asynchronous log dispatcher for DefaultDaemonConnection: socket connection from /127.0.0.1:57336 to /127.0.0.1:57337"        [_thread_blocked, id=37016, stack(0x000000ed1ea00000,0x000000ed1eb00000) (1024K)]
  0x000001f4074dc490 JavaThread "Stdin handler"                     [_thread_blocked, id=36900, stack(0x000000ed1eb00000,0x000000ed1ec00000) (1024K)]
  0x000001f4074dded0 JavaThread "Daemon client event forwarder"        [_thread_blocked, id=10280, stack(0x000000ed1ec00000,0x000000ed1ed00000) (1024K)]
  0x000001f4074db0e0 JavaThread "Cache worker for journal cache (C:\Users\Lucas Hernandez\.gradle\caches\journal-1)"        [_thread_blocked, id=12444, stack(0x000000ed1ed00000,0x000000ed1ee00000) (1024K)]
  0x000001f4074db770 JavaThread "File lock request listener"        [_thread_in_native, id=32200, stack(0x000000ed1ee00000,0x000000ed1ef00000) (1024K)]
  0x000001f4074de560 JavaThread "File lock release action executor"        [_thread_blocked, id=19136, stack(0x000000ed1ef00000,0x000000ed1f000000) (1024K)]
  0x000001f4070c6aa0 JavaThread "Cache worker for file hash cache (C:\Users\Lucas Hernandez\.gradle\caches\8.14.3\fileHashes)"        [_thread_blocked, id=6452, stack(0x000000ed1f000000,0x000000ed1f100000) (1024K)]
  0x000001f4070c56f0 JavaThread "Cache worker for file hash cache (C:\Users\Lucas Hernandez\OneDrive - UDIT\Documents\DI\dam2-productos-archivos\android\.gradle\8.14.3\fileHashes)"        [_thread_blocked, id=37364, stack(0x000000ed1f800000,0x000000ed1f900000) (1024K)]
  0x000001f4070c7130 JavaThread "Cache worker for Build Output Cleanup Cache (C:\Users\Lucas Hernandez\OneDrive - UDIT\Documents\DI\dam2-productos-archivos\android\.gradle\buildOutputCleanup)"        [_thread_blocked, id=37452, stack(0x000000ed1f900000,0x000000ed1fa00000) (1024K)]
  0x000001f4070c77c0 JavaThread "File watcher server"        daemon [_thread_in_native, id=38776, stack(0x000000ed1fa00000,0x000000ed1fb00000) (1024K)]
  0x000001f4070c5d80 JavaThread "File watcher consumer"      daemon [_thread_blocked, id=7924, stack(0x000000ed1fb00000,0x000000ed1fc00000) (1024K)]
  0x000001f4070c4340 JavaThread "jar transforms"                    [_thread_blocked, id=32888, stack(0x000000ed1fc00000,0x000000ed1fd00000) (1024K)]
  0x000001f4070c49d0 JavaThread "jar transforms Thread 2"           [_thread_blocked, id=40788, stack(0x000000ed1fd00000,0x000000ed1fe00000) (1024K)]
  0x000001f4070c7e50 JavaThread "Cache worker for checksums cache (C:\Users\Lucas Hernandez\OneDrive - UDIT\Documents\DI\dam2-productos-archivos\android\.gradle\8.14.3\checksums)"        [_thread_blocked, id=31912, stack(0x000000ed1fe00000,0x000000ed1ff00000) (1024K)]
  0x000001f4070c84e0 JavaThread "Cache worker for file content cache (C:\Users\Lucas Hernandez\.gradle\caches\8.14.3\fileContent)"        [_thread_blocked, id=5620, stack(0x000000ed1ff00000,0x000000ed20000000) (1024K)]
  0x000001f4070c8b70 JavaThread "jar transforms Thread 3"           [_thread_blocked, id=25756, stack(0x000000ed20000000,0x000000ed20100000) (1024K)]
  0x000001f4070c6410 JavaThread "jar transforms Thread 4"           [_thread_blocked, id=5368, stack(0x000000ed1cb00000,0x000000ed1cc00000) (1024K)]
  0x000001f4070c9f20 JavaThread "jar transforms Thread 5"           [_thread_blocked, id=32864, stack(0x000000ed1cc00000,0x000000ed1cd00000) (1024K)]
  0x000001f4070ca5b0 JavaThread "jar transforms Thread 6"           [_thread_blocked, id=10908, stack(0x000000ed20100000,0x000000ed20200000) (1024K)]
  0x000001f4070cac40 JavaThread "Cache worker for cache directory md-supplier (C:\Users\Lucas Hernandez\.gradle\caches\8.14.3\md-supplier)"        [_thread_blocked, id=15684, stack(0x000000ed20200000,0x000000ed20300000) (1024K)]
  0x000001f4070cb2d0 JavaThread "Cache worker for cache directory md-rule (C:\Users\Lucas Hernandez\.gradle\caches\8.14.3\md-rule)"        [_thread_blocked, id=23132, stack(0x000000ed20300000,0x000000ed20400000) (1024K)]
  0x000001f4070c9200 JavaThread "jar transforms Thread 7"           [_thread_blocked, id=41664, stack(0x000000ed20400000,0x000000ed20500000) (1024K)]
Total: 40

Other Threads:
  0x000001f3c04c81d0 VMThread "VM Thread"                           [id=11628, stack(0x000000ed1d400000,0x000000ed1d500000) (1024K)]
  0x000001f3c05a19e0 WatcherThread "VM Periodic Task Thread"        [id=25260, stack(0x000000ed1d300000,0x000000ed1d400000) (1024K)]
  0x000001f3a937c7f0 WorkerThread "GC Thread#0"                     [id=13536, stack(0x000000ed1ce00000,0x000000ed1cf00000) (1024K)]
  0x000001f3c089ff00 WorkerThread "GC Thread#1"                     [id=38920, stack(0x000000ed1df00000,0x000000ed1e000000) (1024K)]
  0x000001f3c091e930 WorkerThread "GC Thread#2"                     [id=404, stack(0x000000ed1e000000,0x000000ed1e100000) (1024K)]
  0x000001f3c0881080 WorkerThread "GC Thread#3"                     [id=36648, stack(0x000000ed1e100000,0x000000ed1e200000) (1024K)]
  0x000001f3c0881430 WorkerThread "GC Thread#4"                     [id=27656, stack(0x000000ed1e200000,0x000000ed1e300000) (1024K)]
  0x000001f408589ed0 WorkerThread "GC Thread#5"                     [id=28148, stack(0x000000ed1f100000,0x000000ed1f200000) (1024K)]
  0x000001f40858b4f0 WorkerThread "GC Thread#6"                     [id=16164, stack(0x000000ed1f200000,0x000000ed1f300000) (1024K)]
  0x000001f408589b20 WorkerThread "GC Thread#7"                     [id=27124, stack(0x000000ed1f300000,0x000000ed1f400000) (1024K)]
  0x000001f40858a280 WorkerThread "GC Thread#8"                     [id=13880, stack(0x000000ed1f400000,0x000000ed1f500000) (1024K)]
  0x000001f408587da0 WorkerThread "GC Thread#9"                     [id=34236, stack(0x000000ed1f500000,0x000000ed1f600000) (1024K)]
  0x000001f3a93895f0 ConcurrentGCThread "G1 Main Marker"            [id=24896, stack(0x000000ed1cf00000,0x000000ed1d000000) (1024K)]
  0x000001f3a9389f10 WorkerThread "G1 Conc#0"                       [id=30528, stack(0x000000ed1d000000,0x000000ed1d100000) (1024K)]
  0x000001f408588150 WorkerThread "G1 Conc#1"                       [id=21484, stack(0x000000ed1f600000,0x000000ed1f700000) (1024K)]
  0x000001f4085888b0 WorkerThread "G1 Conc#2"                       [id=34352, stack(0x000000ed1f700000,0x000000ed1f800000) (1024K)]
  0x000001f3c0402750 ConcurrentGCThread "G1 Refine#0"               [id=10276, stack(0x000000ed1d100000,0x000000ed1d200000) (1024K)]
  0x000001f3c0403f90 ConcurrentGCThread "G1 Service"                [id=14060, stack(0x000000ed1d200000,0x000000ed1d300000) (1024K)]
Total: 18

Threads with active compile tasks:
C2 CompilerThread0  263322 6700       4       org.gradle.cache.internal.DefaultFileLockManager$DefaultFileLock$1::run (252 bytes)
Total: 1

VM state: not at safepoint (normal execution)

VM Mutex/Monitor currently owned by a thread: None

Heap address: 0x00000000a0000000, size: 1536 MB, Compressed Oops mode: 32-bit

CDS archive(s) mapped at: [0x000001f3c1000000-0x000001f3c1ba0000-0x000001f3c1ba0000), size 12189696, SharedBaseAddress: 0x000001f3c1000000, ArchiveRelocationMode: 1.
Compressed class space mapped at: 0x000001f3c2000000-0x000001f402000000, reserved size: 1073741824
Narrow klass base: 0x000001f3c1000000, Narrow klass shift: 0, Narrow klass range: 0x100000000

GC Precious Log:
 CardTable entry size: 512
 Card Set container configuration: InlinePtr #cards 5 size 8 Array Of Cards #cards 12 size 40 Howl #buckets 4 coarsen threshold 1843 Howl Bitmap #cards 512 size 80 coarsen threshold 460 Card regions per heap region 1 cards per card region 2048
 CPUs: 12 total, 12 available
 Memory: 15754M
 Large Page Support: Disabled
 NUMA Support: Disabled
 Compressed Oops: Enabled (32-bit)
 Heap Region Size: 1M
 Heap Min Capacity: 8M
 Heap Initial Capacity: 248M
 Heap Max Capacity: 1536M
 Pre-touch: Disabled
 Parallel Workers: 10
 Concurrent Workers: 3
 Concurrent Refinement Workers: 10
 Periodic GC: Disabled

Heap:
 garbage-first heap   total 89088K, used 60840K [0x00000000a0000000, 0x0000000100000000)
  region size 1024K, 24 young (24576K), 4 survivors (4096K)
 Metaspace       used 49188K, committed 50944K, reserved 1114112K
  class space    used 7082K, committed 7936K, reserved 1048576K

Heap Regions: E=young(eden), S=young(survivor), O=old, HS=humongous(starts), HC=humongous(continues), CS=collection set, F=free, TAMS=top-at-mark-start, PB=parsable bottom
|   0|0x00000000a0000000, 0x00000000a0100000, 0x00000000a0100000|100%|HS|  |TAMS 0x00000000a0000000| PB 0x00000000a0000000| Complete 
|   1|0x00000000a0100000, 0x00000000a0200000, 0x00000000a0200000|100%|HC|  |TAMS 0x00000000a0100000| PB 0x00000000a0100000| Complete 
|   2|0x00000000a0200000, 0x00000000a0300000, 0x00000000a0300000|100%|HC|  |TAMS 0x00000000a0200000| PB 0x00000000a0200000| Complete 
|   3|0x00000000a0300000, 0x00000000a0400000, 0x00000000a0400000|100%| O|  |TAMS 0x00000000a0300000| PB 0x00000000a0300000| Untracked 
|   4|0x00000000a0400000, 0x00000000a0500000, 0x00000000a0500000|100%| O|  |TAMS 0x00000000a0400000| PB 0x00000000a0400000| Untracked 
|   5|0x00000000a0500000, 0x00000000a0600000, 0x00000000a0600000|100%| O|  |TAMS 0x00000000a0500000| PB 0x00000000a0500000| Untracked 
|   6|0x00000000a0600000, 0x00000000a0700000, 0x00000000a0700000|100%|HS|  |TAMS 0x00000000a0600000| PB 0x00000000a0600000| Complete 
|   7|0x00000000a0700000, 0x00000000a0800000, 0x00000000a0800000|100%| O|  |TAMS 0x00000000a0700000| PB 0x00000000a0700000| Untracked 
|   8|0x00000000a0800000, 0x00000000a0900000, 0x00000000a0900000|100%| O|  |TAMS 0x00000000a0800000| PB 0x00000000a0800000| Untracked 
|   9|0x00000000a0900000, 0x00000000a0a00000, 0x00000000a0a00000|100%| O|  |TAMS 0x00000000a0900000| PB 0x00000000a0900000| Untracked 
|  10|0x00000000a0a00000, 0x00000000a0b00000, 0x00000000a0b00000|100%| O|  |TAMS 0x00000000a0a00000| PB 0x00000000a0a00000| Untracked 
|  11|0x00000000a0b00000, 0x00000000a0c00000, 0x00000000a0c00000|100%| O|  |TAMS 0x00000000a0b00000| PB 0x00000000a0b00000| Untracked 
|  12|0x00000000a0c00000, 0x00000000a0d00000, 0x00000000a0d00000|100%| O|  |TAMS 0x00000000a0c00000| PB 0x00000000a0c00000| Untracked 
|  13|0x00000000a0d00000, 0x00000000a0e00000, 0x00000000a0e00000|100%| O|  |TAMS 0x00000000a0d00000| PB 0x00000000a0d00000| Untracked 
|  14|0x00000000a0e00000, 0x00000000a0f00000, 0x00000000a0f00000|100%| O|  |TAMS 0x00000000a0e00000| PB 0x00000000a0e00000| Untracked 
|  15|0x00000000a0f00000, 0x00000000a1000000, 0x00000000a1000000|100%| O|  |TAMS 0x00000000a0f00000| PB 0x00000000a0f00000| Untracked 
|  16|0x00000000a1000000, 0x00000000a1100000, 0x00000000a1100000|100%| O|  |TAMS 0x00000000a1000000| PB 0x00000000a1000000| Untracked 
|  17|0x00000000a1100000, 0x00000000a1200000, 0x00000000a1200000|100%| O|  |TAMS 0x00000000a1100000| PB 0x00000000a1100000| Untracked 
|  18|0x00000000a1200000, 0x00000000a1300000, 0x00000000a1300000|100%| O|  |TAMS 0x00000000a1200000| PB 0x00000000a1200000| Untracked 
|  19|0x00000000a1300000, 0x00000000a1400000, 0x00000000a1400000|100%| O|  |TAMS 0x00000000a1300000| PB 0x00000000a1300000| Untracked 
|  20|0x00000000a1400000, 0x00000000a1500000, 0x00000000a1500000|100%| O|  |TAMS 0x00000000a1400000| PB 0x00000000a1400000| Untracked 
|  21|0x00000000a1500000, 0x00000000a1600000, 0x00000000a1600000|100%| O|  |TAMS 0x00000000a1500000| PB 0x00000000a1500000| Untracked 
|  22|0x00000000a1600000, 0x00000000a1700000, 0x00000000a1700000|100%| O|  |TAMS 0x00000000a1600000| PB 0x00000000a1600000| Untracked 
|  23|0x00000000a1700000, 0x00000000a1800000, 0x00000000a1800000|100%| O|  |TAMS 0x00000000a1700000| PB 0x00000000a1700000| Untracked 
|  24|0x00000000a1800000, 0x00000000a1900000, 0x00000000a1900000|100%| O|  |TAMS 0x00000000a1800000| PB 0x00000000a1800000| Untracked 
|  25|0x00000000a1900000, 0x00000000a1a00000, 0x00000000a1a00000|100%| O|  |TAMS 0x00000000a1900000| PB 0x00000000a1900000| Untracked 
|  26|0x00000000a1a00000, 0x00000000a1b00000, 0x00000000a1b00000|100%| O|  |TAMS 0x00000000a1a00000| PB 0x00000000a1a00000| Untracked 
|  27|0x00000000a1b00000, 0x00000000a1c00000, 0x00000000a1c00000|100%| O|  |TAMS 0x00000000a1b00000| PB 0x00000000a1b00000| Untracked 
|  28|0x00000000a1c00000, 0x00000000a1d00000, 0x00000000a1d00000|100%| O|  |TAMS 0x00000000a1c00000| PB 0x00000000a1c00000| Untracked 
|  29|0x00000000a1d00000, 0x00000000a1e00000, 0x00000000a1e00000|100%| O|  |TAMS 0x00000000a1d00000| PB 0x00000000a1d00000| Untracked 
|  30|0x00000000a1e00000, 0x00000000a1f00000, 0x00000000a1f00000|100%| O|  |TAMS 0x00000000a1e00000| PB 0x00000000a1e00000| Untracked 
|  31|0x00000000a1f00000, 0x00000000a1f736a0, 0x00000000a2000000| 45%| O|  |TAMS 0x00000000a1f00000| PB 0x00000000a1f00000| Untracked 
|  32|0x00000000a2000000, 0x00000000a2100000, 0x00000000a2100000|100%| O|  |TAMS 0x00000000a2000000| PB 0x00000000a2000000| Untracked 
|  33|0x00000000a2100000, 0x00000000a2200000, 0x00000000a2200000|100%| O|  |TAMS 0x00000000a2100000| PB 0x00000000a2100000| Untracked 
|  34|0x00000000a2200000, 0x00000000a2300000, 0x00000000a2300000|100%| O|  |TAMS 0x00000000a2200000| PB 0x00000000a2200000| Untracked 
|  35|0x00000000a2300000, 0x00000000a2300000, 0x00000000a2400000|  0%| F|  |TAMS 0x00000000a2300000| PB 0x00000000a2300000| Untracked 
|  36|0x00000000a2400000, 0x00000000a2400000, 0x00000000a2500000|  0%| F|  |TAMS 0x00000000a2400000| PB 0x00000000a2400000| Untracked 
|  37|0x00000000a2500000, 0x00000000a2500000, 0x00000000a2600000|  0%| F|  |TAMS 0x00000000a2500000| PB 0x00000000a2500000| Untracked 
|  38|0x00000000a2600000, 0x00000000a2600000, 0x00000000a2700000|  0%| F|  |TAMS 0x00000000a2600000| PB 0x00000000a2600000| Untracked 
|  39|0x00000000a2700000, 0x00000000a2700000, 0x00000000a2800000|  0%| F|  |TAMS 0x00000000a2700000| PB 0x00000000a2700000| Untracked 
|  40|0x00000000a2800000, 0x00000000a2900000, 0x00000000a2900000|100%| O|  |TAMS 0x00000000a2800000| PB 0x00000000a2800000| Untracked 
|  41|0x00000000a2900000, 0x00000000a2a00000, 0x00000000a2a00000|100%| O|  |TAMS 0x00000000a2900000| PB 0x00000000a2900000| Untracked 
|  42|0x00000000a2a00000, 0x00000000a2a00000, 0x00000000a2b00000|  0%| F|  |TAMS 0x00000000a2a00000| PB 0x00000000a2a00000| Untracked 
|  43|0x00000000a2b00000, 0x00000000a2bf6c70, 0x00000000a2c00000| 96%| S|CS|TAMS 0x00000000a2b00000| PB 0x00000000a2b00000| Complete 
|  44|0x00000000a2c00000, 0x00000000a2d00000, 0x00000000a2d00000|100%| S|CS|TAMS 0x00000000a2c00000| PB 0x00000000a2c00000| Complete 
|  45|0x00000000a2d00000, 0x00000000a2d00000, 0x00000000a2e00000|  0%| F|  |TAMS 0x00000000a2d00000| PB 0x00000000a2d00000| Untracked 
|  46|0x00000000a2e00000, 0x00000000a2e00000, 0x00000000a2f00000|  0%| F|  |TAMS 0x00000000a2e00000| PB 0x00000000a2e00000| Untracked 
|  47|0x00000000a2f00000, 0x00000000a3000000, 0x00000000a3000000|100%| S|CS|TAMS 0x00000000a2f00000| PB 0x00000000a2f00000| Complete 
|  48|0x00000000a3000000, 0x00000000a3100000, 0x00000000a3100000|100%| S|CS|TAMS 0x00000000a3000000| PB 0x00000000a3000000| Complete 
|  49|0x00000000a3100000, 0x00000000a3100000, 0x00000000a3200000|  0%| F|  |TAMS 0x00000000a3100000| PB 0x00000000a3100000| Untracked 
|  50|0x00000000a3200000, 0x00000000a3200000, 0x00000000a3300000|  0%| F|  |TAMS 0x00000000a3200000| PB 0x00000000a3200000| Untracked 
|  51|0x00000000a3300000, 0x00000000a3300000, 0x00000000a3400000|  0%| F|  |TAMS 0x00000000a3300000| PB 0x00000000a3300000| Untracked 
|  52|0x00000000a3400000, 0x00000000a3400000, 0x00000000a3500000|  0%| F|  |TAMS 0x00000000a3400000| PB 0x00000000a3400000| Untracked 
|  53|0x00000000a3500000, 0x00000000a3500000, 0x00000000a3600000|  0%| F|  |TAMS 0x00000000a3500000| PB 0x00000000a3500000| Untracked 
|  54|0x00000000a3600000, 0x00000000a3600000, 0x00000000a3700000|  0%| F|  |TAMS 0x00000000a3600000| PB 0x00000000a3600000| Untracked 
|  55|0x00000000a3700000, 0x00000000a3700000, 0x00000000a3800000|  0%| F|  |TAMS 0x00000000a3700000| PB 0x00000000a3700000| Untracked 
|  56|0x00000000a3800000, 0x00000000a3800000, 0x00000000a3900000|  0%| F|  |TAMS 0x00000000a3800000| PB 0x00000000a3800000| Untracked 
|  57|0x00000000a3900000, 0x00000000a3900000, 0x00000000a3a00000|  0%| F|  |TAMS 0x00000000a3900000| PB 0x00000000a3900000| Untracked 
|  58|0x00000000a3a00000, 0x00000000a3a00000, 0x00000000a3b00000|  0%| F|  |TAMS 0x00000000a3a00000| PB 0x00000000a3a00000| Untracked 
|  59|0x00000000a3b00000, 0x00000000a3b00000, 0x00000000a3c00000|  0%| F|  |TAMS 0x00000000a3b00000| PB 0x00000000a3b00000| Untracked 
|  60|0x00000000a3c00000, 0x00000000a3c00000, 0x00000000a3d00000|  0%| F|  |TAMS 0x00000000a3c00000| PB 0x00000000a3c00000| Untracked 
|  61|0x00000000a3d00000, 0x00000000a3d00000, 0x00000000a3e00000|  0%| F|  |TAMS 0x00000000a3d00000| PB 0x00000000a3d00000| Untracked 
|  62|0x00000000a3e00000, 0x00000000a3e00000, 0x00000000a3f00000|  0%| F|  |TAMS 0x00000000a3e00000| PB 0x00000000a3e00000| Untracked 
|  63|0x00000000a3f00000, 0x00000000a3f00000, 0x00000000a4000000|  0%| F|  |TAMS 0x00000000a3f00000| PB 0x00000000a3f00000| Untracked 
|  64|0x00000000a4000000, 0x00000000a4000000, 0x00000000a4100000|  0%| F|  |TAMS 0x00000000a4000000| PB 0x00000000a4000000| Untracked 
|  65|0x00000000a4100000, 0x00000000a4100000, 0x00000000a4200000|  0%| F|  |TAMS 0x00000000a4100000| PB 0x00000000a4100000| Untracked 
|  66|0x00000000a4200000, 0x00000000a4200000, 0x00000000a4300000|  0%| F|  |TAMS 0x00000000a4200000| PB 0x00000000a4200000| Untracked 
|  67|0x00000000a4300000, 0x00000000a43034e8, 0x00000000a4400000|  1%| E|  |TAMS 0x00000000a4300000| PB 0x00000000a4300000| Complete 
|  68|0x00000000a4400000, 0x00000000a4500000, 0x00000000a4500000|100%| E|CS|TAMS 0x00000000a4400000| PB 0x00000000a4400000| Complete 
|  69|0x00000000a4500000, 0x00000000a4600000, 0x00000000a4600000|100%| E|CS|TAMS 0x00000000a4500000| PB 0x00000000a4500000| Complete 
|  70|0x00000000a4600000, 0x00000000a4700000, 0x00000000a4700000|100%| E|CS|TAMS 0x00000000a4600000| PB 0x00000000a4600000| Complete 
|  71|0x00000000a4700000, 0x00000000a4800000, 0x00000000a4800000|100%| E|CS|TAMS 0x00000000a4700000| PB 0x00000000a4700000| Complete 
|  72|0x00000000a4800000, 0x00000000a4900000, 0x00000000a4900000|100%| E|CS|TAMS 0x00000000a4800000| PB 0x00000000a4800000| Complete 
|  73|0x00000000a4900000, 0x00000000a4a00000, 0x00000000a4a00000|100%| E|CS|TAMS 0x00000000a4900000| PB 0x00000000a4900000| Complete 
|  74|0x00000000a4a00000, 0x00000000a4b00000, 0x00000000a4b00000|100%| E|CS|TAMS 0x00000000a4a00000| PB 0x00000000a4a00000| Complete 
|  75|0x00000000a4b00000, 0x00000000a4c00000, 0x00000000a4c00000|100%| E|CS|TAMS 0x00000000a4b00000| PB 0x00000000a4b00000| Complete 
|  76|0x00000000a4c00000, 0x00000000a4d00000, 0x00000000a4d00000|100%| E|CS|TAMS 0x00000000a4c00000| PB 0x00000000a4c00000| Complete 
|  77|0x00000000a4d00000, 0x00000000a4e00000, 0x00000000a4e00000|100%| E|CS|TAMS 0x00000000a4d00000| PB 0x00000000a4d00000| Complete 
|  78|0x00000000a4e00000, 0x00000000a4f00000, 0x00000000a4f00000|100%| E|CS|TAMS 0x00000000a4e00000| PB 0x00000000a4e00000| Complete 
|  79|0x00000000a4f00000, 0x00000000a5000000, 0x00000000a5000000|100%| E|CS|TAMS 0x00000000a4f00000| PB 0x00000000a4f00000| Complete 
|  80|0x00000000a5000000, 0x00000000a5100000, 0x00000000a5100000|100%| E|CS|TAMS 0x00000000a5000000| PB 0x00000000a5000000| Complete 
|  81|0x00000000a5100000, 0x00000000a5200000, 0x00000000a5200000|100%| E|CS|TAMS 0x00000000a5100000| PB 0x00000000a5100000| Complete 
|  82|0x00000000a5200000, 0x00000000a5300000, 0x00000000a5300000|100%| E|CS|TAMS 0x00000000a5200000| PB 0x00000000a5200000| Complete 
|  83|0x00000000a5300000, 0x00000000a5400000, 0x00000000a5400000|100%| E|CS|TAMS 0x00000000a5300000| PB 0x00000000a5300000| Complete 
| 245|0x00000000af500000, 0x00000000af600000, 0x00000000af600000|100%| E|CS|TAMS 0x00000000af500000| PB 0x00000000af500000| Complete 
| 246|0x00000000af600000, 0x00000000af700000, 0x00000000af700000|100%| E|CS|TAMS 0x00000000af600000| PB 0x00000000af600000| Complete 
| 247|0x00000000af700000, 0x00000000af800000, 0x00000000af800000|100%| E|CS|TAMS 0x00000000af700000| PB 0x00000000af700000| Complete 

Card table byte_map: [0x000001f3bbd80000,0x000001f3bc080000] _byte_map_base: 0x000001f3bb880000

Marking Bits: (CMBitMap*) 0x000001f3a937cd10
 Bits: [0x000001f3bc080000, 0x000001f3bd880000)

Polling page: 0x000001f3a7100000

Metaspace:

Usage:
  Non-class:     41.12 MB used.
      Class:      6.92 MB used.
       Both:     48.04 MB used.

Virtual space:
  Non-class space:       64.00 MB reserved,      42.00 MB ( 66%) committed,  1 nodes.
      Class space:        1.00 GB reserved,       7.75 MB ( <1%) committed,  1 nodes.
             Both:        1.06 GB reserved,      49.75 MB (  5%) committed. 

Chunk freelists:
   Non-Class:  5.91 MB
       Class:  8.11 MB
        Both:  14.02 MB

MaxMetaspaceSize: unlimited
CompressedClassSpaceSize: 1.00 GB
Initial GC threshold: 21.00 MB
Current GC threshold: 58.69 MB
CDS: on
 - commit_granule_bytes: 65536.
 - commit_granule_words: 8192.
 - virtual_space_node_default_size: 8388608.
 - enlarge_chunks_in_place: 1.
 - use_allocation_guard: 0.


Internal statistics:

num_allocs_failed_limit: 6.
num_arena_births: 3054.
num_arena_deaths: 0.
num_vsnodes_births: 2.
num_vsnodes_deaths: 0.
num_space_committed: 796.
num_space_uncommitted: 0.
num_chunks_returned_to_freelist: 6.
num_chunks_taken_from_freelist: 5376.
num_chunk_merges: 6.
num_chunk_splits: 3506.
num_chunks_enlarged: 2158.
num_inconsistent_stats: 0.

CodeHeap 'non-profiled nmethods': size=120000Kb used=3712Kb max_used=3712Kb free=116287Kb
 bounds [0x000001f3b4000000, 0x000001f3b43b0000, 0x000001f3bb530000]
CodeHeap 'profiled nmethods': size=120000Kb used=11881Kb max_used=11881Kb free=108118Kb
 bounds [0x000001f3ac530000, 0x000001f3ad0d0000, 0x000001f3b3a60000]
CodeHeap 'non-nmethods': size=5760Kb used=2600Kb max_used=2645Kb free=3159Kb
 bounds [0x000001f3b3a60000, 0x000001f3b3d00000, 0x000001f3b4000000]
CodeCache: size=245760Kb, used=18193Kb, max_used=18238Kb, free=227564Kb
 total_blobs=7033, nmethods=6167, adapters=770, full_count=0
Compilation: enabled, stopped_count=0, restarted_count=0

Compilation events (20 events):
Event: 260.738 Thread 0x000001f3c04ef460 nmethod 6690 0x000001f3ad0c4410 code [0x000001f3ad0c45e0, 0x000001f3ad0c4880]
Event: 260.738 Thread 0x000001f3c04ef460 6691       3       org.gradle.cache.internal.DefaultPersistentDirectoryStore::useCache (9 bytes)
Event: 260.738 Thread 0x000001f3c04ef460 nmethod 6691 0x000001f3ad0c4a10 code [0x000001f3ad0c4bc0, 0x000001f3ad0c4d18]
Event: 261.868 Thread 0x000001f3c04ef460 6692       3       java.lang.management.ManagementFactory::getPlatformMXBeans (57 bytes)
Event: 261.872 Thread 0x000001f3c04ef460 nmethod 6692 0x000001f3ad0c4e10 code [0x000001f3ad0c5100, 0x000001f3ad0c6190]
Event: 261.872 Thread 0x000001f3c04ef460 6693       3       java.lang.management.ManagementFactory$PlatformMBeanFinder::findFirst (52 bytes)
Event: 261.873 Thread 0x000001f3c04ef460 nmethod 6693 0x000001f3ad0c6710 code [0x000001f3ad0c6a20, 0x000001f3ad0c7cc0]
Event: 261.873 Thread 0x000001f3c04ef460 6694       3       java.lang.management.ManagementFactory$PlatformMBeanFinder$$Lambda/0x000001f3c20741d0::<init> (10 bytes)
Event: 261.873 Thread 0x000001f3c04ef460 nmethod 6694 0x000001f3ad0c8290 code [0x000001f3ad0c8440, 0x000001f3ad0c85f8]
Event: 262.138 Thread 0x000001f3c04ef460 6695       3       java.util.HashMap::clear (50 bytes)
Event: 262.139 Thread 0x000001f3c04ef460 nmethod 6695 0x000001f3ad0c8690 code [0x000001f3ad0c8840, 0x000001f3ad0c8bf0]
Event: 262.139 Thread 0x000001f3c04ef460 6696       1       org.gradle.util.internal.DefaultGradleVersion::getVersion (5 bytes)
Event: 262.139 Thread 0x000001f3c04ef460 nmethod 6696 0x000001f3b439f910 code [0x000001f3b439faa0, 0x000001f3b439fb68]
Event: 262.140 Thread 0x000001f3c04e8750 6697       4       org.gradle.launcher.daemon.registry.DaemonRegistryContent::access$400 (4 bytes)
Event: 262.140 Thread 0x000001f3c04e8750 nmethod 6697 0x000001f3b439fc10 code [0x000001f3b439fda0, 0x000001f3b439fe10]
Event: 262.371 Thread 0x000001f3c04ef460 6698       1       jdk.internal.event.SecurityProviderServiceEvent::isEnabled (2 bytes)
Event: 262.371 Thread 0x000001f3c04ef460 nmethod 6698 0x000001f3b439ff10 code [0x000001f3b43a00a0, 0x000001f3b43a0168]
Event: 262.372 Thread 0x000001f3c04ef460 6699       3       org.gradle.cache.internal.btree.BTreePersistentIndexedCache$IndexBlock::find (140 bytes)
Event: 262.374 Thread 0x000001f3c04ef460 nmethod 6699 0x000001f3ad0c8d10 code [0x000001f3ad0c9000, 0x000001f3ad0ca1d0]
Event: 262.694 Thread 0x000001f3c04e8750 6700       4       org.gradle.cache.internal.DefaultFileLockManager$DefaultFileLock$1::run (252 bytes)

GC Heap History (20 events):
Event: 3.578 GC heap before
{Heap before GC invocations=1 (full 0):
 garbage-first heap   total 253952K, used 40448K [0x00000000a0000000, 0x0000000100000000)
  region size 1024K, 38 young (38912K), 2 survivors (2048K)
 Metaspace       used 4401K, committed 4608K, reserved 1114112K
  class space    used 557K, committed 640K, reserved 1048576K
}
Event: 3.586 GC heap after
{Heap after GC invocations=2 (full 0):
 garbage-first heap   total 253952K, used 10985K [0x00000000a0000000, 0x0000000100000000)
  region size 1024K, 5 young (5120K), 5 survivors (5120K)
 Metaspace       used 4401K, committed 4608K, reserved 1114112K
  class space    used 557K, committed 640K, reserved 1048576K
}
Event: 19.059 GC heap before
{Heap before GC invocations=2 (full 0):
 garbage-first heap   total 253952K, used 159465K [0x00000000a0000000, 0x0000000100000000)
  region size 1024K, 148 young (151552K), 5 survivors (5120K)
 Metaspace       used 20716K, committed 21376K, reserved 1114112K
  class space    used 3053K, committed 3392K, reserved 1048576K
}
Event: 19.079 GC heap after
{Heap after GC invocations=3 (full 0):
 garbage-first heap   total 253952K, used 23950K [0x00000000a0000000, 0x0000000100000000)
  region size 1024K, 17 young (17408K), 17 survivors (17408K)
 Metaspace       used 20716K, committed 21376K, reserved 1114112K
  class space    used 3053K, committed 3392K, reserved 1048576K
}
Event: 19.118 GC heap before
{Heap before GC invocations=3 (full 0):
 garbage-first heap   total 253952K, used 23950K [0x00000000a0000000, 0x0000000100000000)
  region size 1024K, 18 young (18432K), 17 survivors (17408K)
 Metaspace       used 20807K, committed 21504K, reserved 1114112K
  class space    used 3062K, committed 3456K, reserved 1048576K
}
Event: 19.129 GC heap after
{Heap after GC invocations=4 (full 0):
 garbage-first heap   total 253952K, used 25774K [0x00000000a0000000, 0x0000000100000000)
  region size 1024K, 2 young (2048K), 2 survivors (2048K)
 Metaspace       used 20807K, committed 21504K, reserved 1114112K
  class space    used 3062K, committed 3456K, reserved 1048576K
}
Event: 46.886 GC heap before
{Heap before GC invocations=5 (full 0):
 garbage-first heap   total 89088K, used 76974K [0x00000000a0000000, 0x0000000100000000)
  region size 1024K, 52 young (53248K), 2 survivors (2048K)
 Metaspace       used 27240K, committed 28160K, reserved 1114112K
  class space    used 4107K, committed 4544K, reserved 1048576K
}
Event: 46.892 GC heap after
{Heap after GC invocations=6 (full 0):
 garbage-first heap   total 89088K, used 26754K [0x00000000a0000000, 0x0000000100000000)
  region size 1024K, 3 young (3072K), 3 survivors (3072K)
 Metaspace       used 27240K, committed 28160K, reserved 1114112K
  class space    used 4107K, committed 4544K, reserved 1048576K
}
Event: 48.789 GC heap before
{Heap before GC invocations=6 (full 0):
 garbage-first heap   total 89088K, used 73858K [0x00000000a0000000, 0x0000000100000000)
  region size 1024K, 50 young (51200K), 3 survivors (3072K)
 Metaspace       used 32972K, committed 33920K, reserved 1114112K
  class space    used 4731K, committed 5184K, reserved 1048576K
}
Event: 48.796 GC heap after
{Heap after GC invocations=7 (full 0):
 garbage-first heap   total 89088K, used 31356K [0x00000000a0000000, 0x0000000100000000)
  region size 1024K, 7 young (7168K), 7 survivors (7168K)
 Metaspace       used 32972K, committed 33920K, reserved 1114112K
  class space    used 4731K, committed 5184K, reserved 1048576K
}
Event: 51.355 GC heap before
{Heap before GC invocations=7 (full 0):
 garbage-first heap   total 89088K, used 47740K [0x00000000a0000000, 0x0000000100000000)
  region size 1024K, 20 young (20480K), 7 survivors (7168K)
 Metaspace       used 34906K, committed 35968K, reserved 1114112K
  class space    used 4941K, committed 5504K, reserved 1048576K
}
Event: 51.362 GC heap after
{Heap after GC invocations=8 (full 0):
 garbage-first heap   total 89088K, used 32374K [0x00000000a0000000, 0x0000000100000000)
  region size 1024K, 2 young (2048K), 2 survivors (2048K)
 Metaspace       used 34906K, committed 35968K, reserved 1114112K
  class space    used 4941K, committed 5504K, reserved 1048576K
}
Event: 96.723 GC heap before
{Heap before GC invocations=9 (full 0):
 garbage-first heap   total 89088K, used 76406K [0x00000000a0000000, 0x0000000100000000)
  region size 1024K, 45 young (46080K), 2 survivors (2048K)
 Metaspace       used 39020K, committed 40384K, reserved 1114112K
  class space    used 5607K, committed 6272K, reserved 1048576K
}
Event: 96.736 GC heap after
{Heap after GC invocations=10 (full 0):
 garbage-first heap   total 89088K, used 34816K [0x00000000a0000000, 0x0000000100000000)
  region size 1024K, 4 young (4096K), 4 survivors (4096K)
 Metaspace       used 39020K, committed 40384K, reserved 1114112K
  class space    used 5607K, committed 6272K, reserved 1048576K
}
Event: 117.830 GC heap before
{Heap before GC invocations=10 (full 0):
 garbage-first heap   total 89088K, used 79872K [0x00000000a0000000, 0x0000000100000000)
  region size 1024K, 46 young (47104K), 4 survivors (4096K)
 Metaspace       used 44122K, committed 45632K, reserved 1114112K
  class space    used 6304K, committed 7040K, reserved 1048576K
}
Event: 117.845 GC heap after
{Heap after GC invocations=11 (full 0):
 garbage-first heap   total 89088K, used 37282K [0x00000000a0000000, 0x0000000100000000)
  region size 1024K, 6 young (6144K), 6 survivors (6144K)
 Metaspace       used 44122K, committed 45632K, reserved 1114112K
  class space    used 6304K, committed 7040K, reserved 1048576K
}
Event: 121.055 GC heap before
{Heap before GC invocations=11 (full 0):
 garbage-first heap   total 89088K, used 78242K [0x00000000a0000000, 0x0000000100000000)
  region size 1024K, 46 young (47104K), 6 survivors (6144K)
 Metaspace       used 47614K, committed 49344K, reserved 1114112K
  class space    used 6906K, committed 7744K, reserved 1048576K
}
Event: 121.063 GC heap after
{Heap after GC invocations=12 (full 0):
 garbage-first heap   total 89088K, used 40057K [0x00000000a0000000, 0x0000000100000000)
  region size 1024K, 6 young (6144K), 6 survivors (6144K)
 Metaspace       used 47614K, committed 49344K, reserved 1114112K
  class space    used 6906K, committed 7744K, reserved 1048576K
}
Event: 198.877 GC heap before
{Heap before GC invocations=12 (full 0):
 garbage-first heap   total 89088K, used 78969K [0x00000000a0000000, 0x0000000100000000)
  region size 1024K, 44 young (45056K), 6 survivors (6144K)
 Metaspace       used 48990K, committed 50688K, reserved 1114112K
  class space    used 7071K, committed 7872K, reserved 1048576K
}
Event: 198.901 GC heap after
{Heap after GC invocations=13 (full 0):
 garbage-first heap   total 89088K, used 41384K [0x00000000a0000000, 0x0000000100000000)
  region size 1024K, 4 young (4096K), 4 survivors (4096K)
 Metaspace       used 48990K, committed 50688K, reserved 1114112K
  class space    used 7071K, committed 7872K, reserved 1048576K
}

Dll operation events (20 events):
Event: 0.214 Attempting to load shared library C:\Users\Lucas Hernandez\.vscode\extensions\redhat.java-1.56.0-win32-x64\jre\21.0.12.1-win32-x86_64\bin\nio.dll
Event: 0.215 Loaded shared library C:\Users\Lucas Hernandez\.vscode\extensions\redhat.java-1.56.0-win32-x64\jre\21.0.12.1-win32-x86_64\bin\nio.dll
Event: 0.223 Attempting to load shared library C:\Users\Lucas Hernandez\.vscode\extensions\redhat.java-1.56.0-win32-x64\jre\21.0.12.1-win32-x86_64\bin\zip.dll
Event: 0.223 Loaded shared library C:\Users\Lucas Hernandez\.vscode\extensions\redhat.java-1.56.0-win32-x64\jre\21.0.12.1-win32-x86_64\bin\zip.dll
Event: 1.287 Attempting to load shared library C:\Users\Lucas Hernandez\.vscode\extensions\redhat.java-1.56.0-win32-x64\jre\21.0.12.1-win32-x86_64\bin\jimage.dll
Event: 1.287 Loaded shared library C:\Users\Lucas Hernandez\.vscode\extensions\redhat.java-1.56.0-win32-x64\jre\21.0.12.1-win32-x86_64\bin\jimage.dll
Event: 1.818 Attempting to load shared library C:\Users\Lucas Hernandez\.vscode\extensions\redhat.java-1.56.0-win32-x64\jre\21.0.12.1-win32-x86_64\bin\verify.dll
Event: 1.819 Loaded shared library C:\Users\Lucas Hernandez\.vscode\extensions\redhat.java-1.56.0-win32-x64\jre\21.0.12.1-win32-x86_64\bin\verify.dll
Event: 2.098 Attempting to load shared library C:\Users\Lucas Hernandez\.gradle\native\1def1411415f61bf3af743bc5b6707747c0891f09f0c88961ee8f79bc544acac\windows-amd64\native-platform.dll
Event: 2.100 Loaded shared library C:\Users\Lucas Hernandez\.gradle\native\1def1411415f61bf3af743bc5b6707747c0891f09f0c88961ee8f79bc544acac\windows-amd64\native-platform.dll
Event: 2.147 Attempting to load shared library C:\Users\Lucas Hernandez\.gradle\native\0.2.7\x86_64-windows-gnu\gradle-fileevents.dll
Event: 2.149 Loaded shared library C:\Users\Lucas Hernandez\.gradle\native\0.2.7\x86_64-windows-gnu\gradle-fileevents.dll
Event: 8.634 Attempting to load shared library C:\Users\Lucas Hernandez\.vscode\extensions\redhat.java-1.56.0-win32-x64\jre\21.0.12.1-win32-x86_64\bin\management.dll
Event: 8.637 Loaded shared library C:\Users\Lucas Hernandez\.vscode\extensions\redhat.java-1.56.0-win32-x64\jre\21.0.12.1-win32-x86_64\bin\management.dll
Event: 8.655 Attempting to load shared library C:\Users\Lucas Hernandez\.vscode\extensions\redhat.java-1.56.0-win32-x64\jre\21.0.12.1-win32-x86_64\bin\management_ext.dll
Event: 8.656 Loaded shared library C:\Users\Lucas Hernandez\.vscode\extensions\redhat.java-1.56.0-win32-x64\jre\21.0.12.1-win32-x86_64\bin\management_ext.dll
Event: 10.168 Attempting to load shared library C:\Users\Lucas Hernandez\.vscode\extensions\redhat.java-1.56.0-win32-x64\jre\21.0.12.1-win32-x86_64\bin\extnet.dll
Event: 10.170 Loaded shared library C:\Users\Lucas Hernandez\.vscode\extensions\redhat.java-1.56.0-win32-x64\jre\21.0.12.1-win32-x86_64\bin\extnet.dll
Event: 12.201 Attempting to load shared library C:\Users\Lucas Hernandez\.vscode\extensions\redhat.java-1.56.0-win32-x64\jre\21.0.12.1-win32-x86_64\bin\sunmscapi.dll
Event: 12.204 Loaded shared library C:\Users\Lucas Hernandez\.vscode\extensions\redhat.java-1.56.0-win32-x64\jre\21.0.12.1-win32-x86_64\bin\sunmscapi.dll

Deoptimization events (20 events):
Event: 118.990 Thread 0x000001f4074dd840 DEOPT PACKING pc=0x000001f3b42ea054 sp=0x000000ed1e9f79e0
Event: 118.990 Thread 0x000001f4074dd840 DEOPT UNPACKING pc=0x000001f3b3ab4422 sp=0x000000ed1e9f7978 mode 2
Event: 155.458 Thread 0x000001f4074dd840 DEOPT PACKING pc=0x000001f3aca0c9b9 sp=0x000000ed1e9f7b20
Event: 155.458 Thread 0x000001f4074dd840 DEOPT UNPACKING pc=0x000001f3b3ab4bc2 sp=0x000000ed1e9f7020 mode 0
Event: 205.050 Thread 0x000001f4074dd840 Uncommon trap: trap_request=0xffffff45 fr.pc=0x000001f3b40dde10 relative=0x0000000000000070
Event: 205.050 Thread 0x000001f4074dd840 Uncommon trap: reason=unstable_if action=reinterpret pc=0x000001f3b40dde10 method=java.lang.ref.ReferenceQueue.poll()Ljava/lang/ref/Reference; @ 4 c2
Event: 205.050 Thread 0x000001f4074dd840 DEOPT PACKING pc=0x000001f3b40dde10 sp=0x000000ed1e9f81f0
Event: 205.050 Thread 0x000001f4074dd840 DEOPT UNPACKING pc=0x000001f3b3ab4422 sp=0x000000ed1e9f8180 mode 2
Event: 239.613 Thread 0x000001f4074dd840 Uncommon trap: trap_request=0xffffffc6 fr.pc=0x000001f3b40db9b8 relative=0x0000000000001c58
Event: 239.613 Thread 0x000001f4074dd840 Uncommon trap: reason=bimorphic_or_optimized_type_check action=maybe_recompile pc=0x000001f3b40db9b8 method=java.util.HashMap.putVal(ILjava/lang/Object;Ljava/lang/Object;ZZ)Ljava/lang/Object; @ 203 c2
Event: 239.613 Thread 0x000001f4074dd840 DEOPT PACKING pc=0x000001f3b40db9b8 sp=0x000000ed1e9f7e40
Event: 239.613 Thread 0x000001f4074dd840 DEOPT UNPACKING pc=0x000001f3b3ab4422 sp=0x000000ed1e9f7cf8 mode 2
Event: 239.613 Thread 0x000001f4074dd840 Uncommon trap: trap_request=0xffffffc6 fr.pc=0x000001f3b40db998 relative=0x0000000000001c38
Event: 239.613 Thread 0x000001f4074dd840 Uncommon trap: reason=bimorphic_or_optimized_type_check action=maybe_recompile pc=0x000001f3b40db998 method=java.util.HashMap.putVal(ILjava/lang/Object;Ljava/lang/Object;ZZ)Ljava/lang/Object; @ 91 c2
Event: 239.613 Thread 0x000001f4074dd840 DEOPT PACKING pc=0x000001f3b40db998 sp=0x000000ed1e9f7e40
Event: 239.613 Thread 0x000001f4074dd840 DEOPT UNPACKING pc=0x000001f3b3ab4422 sp=0x000000ed1e9f7cf8 mode 2
Event: 239.613 Thread 0x000001f4074dd840 Uncommon trap: trap_request=0xffffffc6 fr.pc=0x000001f3b40db9b8 relative=0x0000000000001c58
Event: 239.613 Thread 0x000001f4074dd840 Uncommon trap: reason=bimorphic_or_optimized_type_check action=maybe_recompile pc=0x000001f3b40db9b8 method=java.util.HashMap.putVal(ILjava/lang/Object;Ljava/lang/Object;ZZ)Ljava/lang/Object; @ 203 c2
Event: 239.613 Thread 0x000001f4074dd840 DEOPT PACKING pc=0x000001f3b40db9b8 sp=0x000000ed1e9f7e40
Event: 239.613 Thread 0x000001f4074dd840 DEOPT UNPACKING pc=0x000001f3b3ab4422 sp=0x000000ed1e9f7cf8 mode 2

Classes loaded (20 events):
Event: 101.910 Loading class java/util/PrimitiveIterator$OfInt
Event: 101.910 Loading class java/util/PrimitiveIterator
Event: 101.919 Loading class java/util/PrimitiveIterator done
Event: 101.920 Loading class java/util/PrimitiveIterator$OfInt done
Event: 102.067 Loading class java/util/concurrent/RecursiveAction
Event: 102.067 Loading class java/util/concurrent/RecursiveAction done
Event: 118.060 Loading class java/util/AbstractCollectionBeanInfo
Event: 118.060 Loading class java/util/AbstractCollectionBeanInfo done
Event: 118.060 Loading class java/util/AbstractCollectionBeanInfo
Event: 118.060 Loading class java/util/AbstractCollectionBeanInfo done
Event: 118.066 Loading class java/util/AbstractCollectionCustomizer
Event: 118.066 Loading class java/util/AbstractCollectionCustomizer done
Event: 118.070 Loading class java/util/AbstractCollectionCustomizer
Event: 118.070 Loading class java/util/AbstractCollectionCustomizer done
Event: 118.078 Loading class sun/reflect/generics/reflectiveObjects/GenericArrayTypeImpl
Event: 118.078 Loading class sun/reflect/generics/reflectiveObjects/GenericArrayTypeImpl done
Event: 121.096 Loading class java/io/DeleteOnExitHook
Event: 121.097 Loading class java/io/DeleteOnExitHook done
Event: 121.097 Loading class java/io/DeleteOnExitHook$1
Event: 121.097 Loading class java/io/DeleteOnExitHook$1 done

Classes unloaded (0 events):
No events

Classes redefined (0 events):
No events

Internal exceptions (20 events):
Event: 119.439 Thread 0x000001f4074dd840 Exception <a 'java/lang/NoSuchMethodError'{0x00000000a41c3c08}: 'java.lang.Object java.lang.invoke.DirectMethodHandle$Holder.newInvokeSpecial(java.lang.Object, long)'> (0x00000000a41c3c08) 
thrown [s\src\hotspot\share\interpreter\linkResolver.cpp, line 773]
Event: 119.464 Thread 0x000001f4074dd840 Exception <a 'java/lang/NoSuchMethodError'{0x00000000a4029028}: 'java.lang.Object java.lang.invoke.DirectMethodHandle$Holder.newInvokeSpecial(java.lang.Object, java.lang.Object, java.lang.Object, java.lang.Object, java.lang.Object, long, java.lang.Object)'> (0x00000000a4029028) 
thrown [s\src\hotspot\share\interpreter\linkResolver.cpp, line 773]
Event: 119.467 Thread 0x000001f4074dd840 Exception <a 'java/lang/NoSuchMethodError'{0x00000000a4031a50}: 'java.lang.Object java.lang.invoke.Invokers$Holder.linkToTargetMethod(java.lang.Object, java.lang.Object, java.lang.Object, java.lang.Object, long, java.lang.Object, java.lang.Object)'> (0x00000000a4031a50) 
thrown [s\src\hotspot\share\interpreter\linkResolver.cpp, line 773]
Event: 119.491 Thread 0x000001f4074dd840 Exception <a 'java/lang/NoSuchMethodError'{0x00000000a4077680}: 'java.lang.Object java.lang.invoke.DirectMethodHandle$Holder.newInvokeSpecial(java.lang.Object, java.lang.Object, java.lang.Object, long, java.lang.Object)'> (0x00000000a4077680) 
thrown [s\src\hotspot\share\interpreter\linkResolver.cpp, line 773]
Event: 119.497 Thread 0x000001f4074dd840 Exception <a 'java/lang/NoSuchMethodError'{0x00000000a407c7d0}: 'java.lang.Object java.lang.invoke.DirectMethodHandle$Holder.invokeSpecial(java.lang.Object, java.lang.Object, java.lang.Object, java.lang.Object, long, java.lang.Object)'> (0x00000000a407c7d0) 
thrown [s\src\hotspot\share\interpreter\linkResolver.cpp, line 773]
Event: 119.497 Thread 0x000001f4074dd840 Exception <a 'java/lang/NoSuchMethodError'{0x00000000a4081248}: 'java.lang.Object java.lang.invoke.Invokers$Holder.linkToTargetMethod(java.lang.Object, java.lang.Object, long, java.lang.Object, java.lang.Object)'> (0x00000000a4081248) 
thrown [s\src\hotspot\share\interpreter\linkResolver.cpp, line 773]
Event: 119.690 Thread 0x000001f4074dd840 Exception <a 'java/lang/NoSuchMethodError'{0x00000000a3ec7b60}: 'java.lang.Object java.lang.invoke.DirectMethodHandle$Holder.newInvokeSpecial(java.lang.Object, java.lang.Object, java.lang.Object, java.lang.Object, java.lang.Object, java.lang.Object, java.lang.Object, java.lang.Object, java.lang.Object, java.lang.Object, java.lang.Object, java.lang.Object, java.lang.Object, java.lang.Object, java.lang.Object, java.lang.Object, java.lang.Object, java.lang.Object, java.lang.Object, java.lang.Object, java.lang
Event: 119.691 Thread 0x000001f4074dd840 Exception <a 'java/lang/NoSuchMethodError'{0x00000000a3ecfa10}: 'java.lang.Object java.lang.invoke.DirectMethodHandle$Holder.invokeSpecial(java.lang.Object, java.lang.Object, java.lang.Object, java.lang.Object, java.lang.Object, java.lang.Object, java.lang.Object, java.lang.Object, java.lang.Object, java.lang.Object, java.lang.Object, java.lang.Object, java.lang.Object, java.lang.Object, java.lang.Object, java.lang.Object, java.lang.Object, java.lang.Object, java.lang.Object, java.lang.Object, java.lang.Ob
Event: 119.692 Thread 0x000001f4074dd840 Exception <a 'java/lang/NoSuchMethodError'{0x00000000a3ed6010}: 'java.lang.Object java.lang.invoke.DelegatingMethodHandle$Holder.reinvoke_L(java.lang.Object, java.lang.Object, java.lang.Object, java.lang.Object, java.lang.Object, java.lang.Object, java.lang.Object, java.lang.Object, java.lang.Object, java.lang.Object, java.lang.Object, java.lang.Object, java.lang.Object, java.lang.Object, java.lang.Object, java.lang.Object, java.lang.Object, java.lang.Object, java.lang.Object, java.lang.Object, java.lang.O
Event: 120.209 Thread 0x000001f4074dd840 Exception <a 'java/lang/ClassNotFoundException'{0x00000000a3bf7b98}: org/gradle/api/internal/artifacts/dsl/dependencies/DefaultDependencyHandler_DecoratedBeanInfo> (0x00000000a3bf7b98) 
thrown [s\src\hotspot\share\classfile\systemDictionary.cpp, line 313]
Event: 120.232 Thread 0x000001f4074dd840 Exception <a 'java/lang/ClassNotFoundException'{0x00000000a3a4e828}: org/gradle/api/internal/artifacts/dsl/dependencies/DefaultDependencyHandlerBeanInfo> (0x00000000a3a4e828) 
thrown [s\src\hotspot\share\classfile\systemDictionary.cpp, line 313]
Event: 120.241 Thread 0x000001f4074dd840 Exception <a 'java/lang/ClassNotFoundException'{0x00000000a3a628c8}: org/gradle/api/internal/artifacts/dsl/dependencies/DefaultDependencyHandlerCustomizer> (0x00000000a3a628c8) 
thrown [s\src\hotspot\share\classfile\systemDictionary.cpp, line 313]
Event: 120.294 Thread 0x000001f4074dd840 Exception <a 'java/lang/ClassNotFoundException'{0x00000000a3ab9df0}: org/gradle/api/internal/artifacts/dsl/dependencies/DefaultDependencyHandler_DecoratedCustomizer> (0x00000000a3ab9df0) 
thrown [s\src\hotspot\share\classfile\systemDictionary.cpp, line 313]
Event: 120.494 Thread 0x000001f4074dd840 Exception <a 'java/lang/NoSuchMethodError'{0x00000000a38d31e0}: 'java.lang.Object java.lang.invoke.DirectMethodHandle$Holder.newInvokeSpecial(java.lang.Object, int, java.lang.Object)'> (0x00000000a38d31e0) 
thrown [s\src\hotspot\share\interpreter\linkResolver.cpp, line 773]
Event: 120.823 Thread 0x000001f4074dd840 Exception <a 'java/lang/NoSuchMethodError'{0x00000000a3214900}: 'java.lang.Object java.lang.invoke.DirectMethodHandle$Holder.newInvokeSpecial(java.lang.Object, java.lang.Object, java.lang.Object, int)'> (0x00000000a3214900) 
thrown [s\src\hotspot\share\interpreter\linkResolver.cpp, line 773]
Event: 120.823 Thread 0x000001f4074dd840 Exception <a 'java/lang/NoSuchMethodError'{0x00000000a3218f48}: 'java.lang.Object java.lang.invoke.Invokers$Holder.linkToTargetMethod(java.lang.Object, java.lang.Object, int, java.lang.Object)'> (0x00000000a3218f48) 
thrown [s\src\hotspot\share\interpreter\linkResolver.cpp, line 773]
Event: 120.997 Thread 0x000001f4074dd840 Exception <a 'java/lang/NoSuchMethodError'{0x00000000a30e7c78}: 'java.lang.Object java.lang.invoke.DirectMethodHandle$Holder.invokeSpecial(java.lang.Object, java.lang.Object, long, java.lang.Object, java.lang.Object)'> (0x00000000a30e7c78) 
thrown [s\src\hotspot\share\interpreter\linkResolver.cpp, line 773]
Event: 121.044 Thread 0x000001f4074dd840 Exception <a 'java/lang/NoSuchMethodError'{0x00000000a2fbf5e8}: 'java.lang.Object java.lang.invoke.DirectMethodHandle$Holder.newInvokeSpecial(java.lang.Object, java.lang.Object, java.lang.Object, int, java.lang.Object)'> (0x00000000a2fbf5e8) 
thrown [s\src\hotspot\share\interpreter\linkResolver.cpp, line 773]
Event: 121.045 Thread 0x000001f4074dd840 Exception <a 'java/lang/NoSuchMethodError'{0x00000000a2fc3d90}: 'java.lang.Object java.lang.invoke.Invokers$Holder.linkToTargetMethod(java.lang.Object, java.lang.Object, int, java.lang.Object, java.lang.Object)'> (0x00000000a2fc3d90) 
thrown [s\src\hotspot\share\interpreter\linkResolver.cpp, line 773]
Event: 121.699 Thread 0x000001f4074dd840 Exception <a 'java/lang/NoSuchMethodError'{0x00000000a52b85d0}: 'int java.lang.invoke.DirectMethodHandle$Holder.invokeSpecialIFC(java.lang.Object, java.lang.Object, java.lang.Object)'> (0x00000000a52b85d0) 
thrown [s\src\hotspot\share\interpreter\linkResolver.cpp, line 773]

ZGC Phase Switch (0 events):
No events

VM Operations (20 events):
Event: 244.280 Executing safepoint VM operation: Cleanup
Event: 244.280 Executing safepoint VM operation: Cleanup done
Event: 246.303 Executing safepoint VM operation: Cleanup
Event: 246.303 Executing safepoint VM operation: Cleanup done
Event: 247.317 Executing safepoint VM operation: Cleanup
Event: 247.317 Executing safepoint VM operation: Cleanup done
Event: 248.324 Executing safepoint VM operation: Cleanup
Event: 248.324 Executing safepoint VM operation: Cleanup done
Event: 249.338 Executing safepoint VM operation: Cleanup
Event: 249.338 Executing safepoint VM operation: Cleanup done
Event: 252.352 Executing safepoint VM operation: Cleanup
Event: 252.352 Executing safepoint VM operation: Cleanup done
Event: 256.397 Executing safepoint VM operation: Cleanup
Event: 256.398 Executing safepoint VM operation: Cleanup done
Event: 258.404 Executing safepoint VM operation: Cleanup
Event: 258.404 Executing safepoint VM operation: Cleanup done
Event: 260.422 Executing safepoint VM operation: Cleanup
Event: 260.422 Executing safepoint VM operation: Cleanup done
Event: 261.436 Executing safepoint VM operation: Cleanup
Event: 261.436 Executing safepoint VM operation: Cleanup done

Memory protections (0 events):
No events

Nmethod flushes (20 events):
Event: 51.403 Thread 0x000001f3c04c81d0 flushing  nmethod 0x000001f3ac889f90
Event: 51.403 Thread 0x000001f3c04c81d0 flushing  nmethod 0x000001f3ac8b3e90
Event: 51.403 Thread 0x000001f3c04c81d0 flushing  nmethod 0x000001f3ac8b4890
Event: 51.403 Thread 0x000001f3c04c81d0 flushing  nmethod 0x000001f3ac7ca210
Event: 51.403 Thread 0x000001f3c04c81d0 flushing  nmethod 0x000001f3ac7cf190
Event: 51.403 Thread 0x000001f3c04c81d0 flushing  nmethod 0x000001f3ac7d0a90
Event: 51.403 Thread 0x000001f3c04c81d0 flushing  nmethod 0x000001f3ac872c90
Event: 51.403 Thread 0x000001f3c04c81d0 flushing  nmethod 0x000001f3ac8b8a10
Event: 51.403 Thread 0x000001f3c04c81d0 flushing  nmethod 0x000001f3ac93d810
Event: 51.403 Thread 0x000001f3c04c81d0 flushing  nmethod 0x000001f3ac940510
Event: 51.403 Thread 0x000001f3c04c81d0 flushing  nmethod 0x000001f3ac942110
Event: 51.403 Thread 0x000001f3c04c81d0 flushing  nmethod 0x000001f3ac943290
Event: 51.403 Thread 0x000001f3c04c81d0 flushing  nmethod 0x000001f3ac944310
Event: 51.403 Thread 0x000001f3c04c81d0 flushing  nmethod 0x000001f3ac971910
Event: 51.403 Thread 0x000001f3c04c81d0 flushing  nmethod 0x000001f3ac9cce90
Event: 51.403 Thread 0x000001f3c04c81d0 flushing  nmethod 0x000001f3ac9cfc90
Event: 51.403 Thread 0x000001f3c04c81d0 flushing  nmethod 0x000001f3ac9d4d90
Event: 51.403 Thread 0x000001f3c04c81d0 flushing  nmethod 0x000001f3ac862d10
Event: 51.403 Thread 0x000001f3c04c81d0 flushing  nmethod 0x000001f3aca37a90
Event: 51.403 Thread 0x000001f3c04c81d0 flushing  nmethod 0x000001f3aca3ba10

Events (20 events):
Event: 15.578 Thread 0x000001f4074dd840 Thread added: 0x000001f4070c6aa0
Event: 19.500 Thread 0x000001f4074dd840 Thread added: 0x000001f4070c56f0
Event: 19.541 Thread 0x000001f4074dd840 Thread added: 0x000001f4070c7130
Event: 21.759 Thread 0x000001f4074dd840 Thread added: 0x000001f4070c77c0
Event: 21.787 Thread 0x000001f4074dd840 Thread added: 0x000001f4070c5d80
Event: 28.800 Thread 0x000001f3c04e8750 Thread added: 0x000001f4079b0630
Event: 29.287 Thread 0x000001f4079b0630 Thread exited: 0x000001f4079b0630
Event: 35.422 Thread 0x000001f4074dd840 Thread added: 0x000001f4070c4340
Event: 46.333 Thread 0x000001f4074dd840 Thread added: 0x000001f4070c49d0
Event: 48.857 Thread 0x000001f4074dd840 Thread added: 0x000001f4070c7e50
Event: 48.975 Thread 0x000001f4074dd840 Thread added: 0x000001f4070c84e0
Event: 53.582 Thread 0x000001f4074dd840 Thread added: 0x000001f4070c8b70
Event: 71.336 Thread 0x000001f4074dd840 Thread added: 0x000001f4070c6410
Event: 90.191 Thread 0x000001f4074dd840 Thread added: 0x000001f4070c9f20
Event: 93.351 Thread 0x000001f4074dd840 Thread added: 0x000001f4070ca5b0
Event: 96.247 Thread 0x000001f4074dd840 Thread added: 0x000001f4070cac40
Event: 96.536 Thread 0x000001f4074dd840 Thread added: 0x000001f4070cb2d0
Event: 117.037 Thread 0x000001f4074dd840 Thread added: 0x000001f4070c9200
Event: 247.292 Thread 0x000001f3c04ef460 Thread added: 0x000001f406d14490
Event: 247.439 Thread 0x000001f406d14490 Thread exited: 0x000001f406d14490


Dynamic libraries:
0x00007ff61a400000 - 0x00007ff61a40e000 	C:\Users\Lucas Hernandez\.vscode\extensions\redhat.java-1.56.0-win32-x64\jre\21.0.12.1-win32-x86_64\bin\java.exe
0x00007ffa77d80000 - 0x00007ffa77fe7000 	C:\WINDOWS\SYSTEM32\ntdll.dll
0x00007ffa765c0000 - 0x00007ffa7668b000 	C:\WINDOWS\System32\KERNEL32.DLL
0x00007ffa74f80000 - 0x00007ffa75382000 	C:\WINDOWS\System32\KERNELBASE.dll
0x00007ffa75940000 - 0x00007ffa75a8c000 	C:\WINDOWS\System32\ucrtbase.dll
0x00007ffa54440000 - 0x00007ffa54458000 	C:\Users\Lucas Hernandez\.vscode\extensions\redhat.java-1.56.0-win32-x64\jre\21.0.12.1-win32-x86_64\bin\jli.dll
0x00007ffa76d80000 - 0x00007ffa76f4f000 	C:\WINDOWS\System32\USER32.dll
0x00007ffa75630000 - 0x00007ffa75657000 	C:\WINDOWS\System32\win32u.dll
0x00007ffa76590000 - 0x00007ffa765bb000 	C:\WINDOWS\System32\GDI32.dll
0x00007ffa75390000 - 0x00007ffa754b9000 	C:\WINDOWS\System32\gdi32full.dll
0x00007ffa75580000 - 0x00007ffa75623000 	C:\WINDOWS\System32\msvcp_win.dll
0x00007ffa55230000 - 0x00007ffa5524e000 	C:\Users\Lucas Hernandez\.vscode\extensions\redhat.java-1.56.0-win32-x64\jre\21.0.12.1-win32-x86_64\bin\VCRUNTIME140.dll
0x00007ffa626a0000 - 0x00007ffa62930000 	C:\WINDOWS\WinSxS\amd64_microsoft.windows.common-controls_6595b64144ccf1df_6.0.26100.9278_none_3e0d1ba8e3303201\COMCTL32.dll
0x00007ffa77060000 - 0x00007ffa77109000 	C:\WINDOWS\System32\msvcrt.dll
0x00007ffa75db0000 - 0x00007ffa75de1000 	C:\WINDOWS\System32\IMM32.DLL
0x00007ffa60070000 - 0x00007ffa6007c000 	C:\Users\Lucas Hernandez\.vscode\extensions\redhat.java-1.56.0-win32-x64\jre\21.0.12.1-win32-x86_64\bin\vcruntime140_1.dll
0x00007ffa258a0000 - 0x00007ffa2592d000 	C:\Users\Lucas Hernandez\.vscode\extensions\redhat.java-1.56.0-win32-x64\jre\21.0.12.1-win32-x86_64\bin\msvcp140.dll
0x00007ff9a90d0000 - 0x00007ff9a9e72000 	C:\Users\Lucas Hernandez\.vscode\extensions\redhat.java-1.56.0-win32-x64\jre\21.0.12.1-win32-x86_64\bin\server\jvm.dll
0x00007ffa76b60000 - 0x00007ffa76c1c000 	C:\WINDOWS\System32\ADVAPI32.dll
0x00007ffa771a0000 - 0x00007ffa77249000 	C:\WINDOWS\System32\sechost.dll
0x00007ffa76a40000 - 0x00007ffa76b58000 	C:\WINDOWS\System32\RPCRT4.dll
0x00007ffa75c10000 - 0x00007ffa75c90000 	C:\WINDOWS\System32\WS2_32.dll
0x00007ffa74e00000 - 0x00007ffa74e5e000 	C:\WINDOWS\SYSTEM32\POWRPROF.dll
0x00007ffa6c150000 - 0x00007ffa6c186000 	C:\WINDOWS\SYSTEM32\WINMM.dll
0x00007ffa6cd30000 - 0x00007ffa6cd3b000 	C:\WINDOWS\SYSTEM32\VERSION.dll
0x00007ffa74de0000 - 0x00007ffa74df5000 	C:\WINDOWS\SYSTEM32\UMPDC.dll
0x00007ffa73c30000 - 0x00007ffa73c4b000 	C:\WINDOWS\SYSTEM32\kernel.appcore.dll
0x00007ffa5ff20000 - 0x00007ffa5ff2a000 	C:\Users\Lucas Hernandez\.vscode\extensions\redhat.java-1.56.0-win32-x64\jre\21.0.12.1-win32-x86_64\bin\jimage.dll
0x00007ffa68aa0000 - 0x00007ffa68cec000 	C:\WINDOWS\SYSTEM32\DBGHELP.DLL
0x00007ffa766b0000 - 0x00007ffa76a35000 	C:\WINDOWS\System32\combase.dll
0x00007ffa776e0000 - 0x00007ffa777b9000 	C:\WINDOWS\System32\OLEAUT32.dll
0x00007ffa5e7b0000 - 0x00007ffa5e7eb000 	C:\WINDOWS\SYSTEM32\dbgcore.DLL
0x00007ffa75880000 - 0x00007ffa7592c000 	C:\WINDOWS\System32\bcryptPrimitives.dll
0x00007ffa58db0000 - 0x00007ffa58dbf000 	C:\Users\Lucas Hernandez\.vscode\extensions\redhat.java-1.56.0-win32-x64\jre\21.0.12.1-win32-x86_64\bin\instrument.dll
0x00007ffa54380000 - 0x00007ffa543a0000 	C:\Users\Lucas Hernandez\.vscode\extensions\redhat.java-1.56.0-win32-x64\jre\21.0.12.1-win32-x86_64\bin\java.dll
0x00007ffa75df0000 - 0x00007ffa76588000 	C:\WINDOWS\System32\SHELL32.dll
0x00007ffa729c0000 - 0x00007ffa7326e000 	C:\WINDOWS\SYSTEM32\windows.storage.dll
0x00007ffa76f60000 - 0x00007ffa7705b000 	C:\WINDOWS\System32\SHCORE.dll
0x00007ffa77b40000 - 0x00007ffa77ba6000 	C:\WINDOWS\System32\shlwapi.dll
0x00007ffa74ea0000 - 0x00007ffa74ec9000 	C:\WINDOWS\SYSTEM32\profapi.dll
0x00007ffa54120000 - 0x00007ffa54138000 	C:\Users\Lucas Hernandez\.vscode\extensions\redhat.java-1.56.0-win32-x64\jre\21.0.12.1-win32-x86_64\bin\zip.dll
0x00007ffa5f810000 - 0x00007ffa5f820000 	C:\Users\Lucas Hernandez\.vscode\extensions\redhat.java-1.56.0-win32-x64\jre\21.0.12.1-win32-x86_64\bin\net.dll
0x00007ffa6ca10000 - 0x00007ffa6cb3a000 	C:\WINDOWS\SYSTEM32\WINHTTP.dll
0x00007ffa74210000 - 0x00007ffa7427c000 	C:\WINDOWS\system32\mswsock.dll
0x00007ffa53680000 - 0x00007ffa53696000 	C:\Users\Lucas Hernandez\.vscode\extensions\redhat.java-1.56.0-win32-x64\jre\21.0.12.1-win32-x86_64\bin\nio.dll
0x00007ffa57e70000 - 0x00007ffa57e80000 	C:\Users\Lucas Hernandez\.vscode\extensions\redhat.java-1.56.0-win32-x64\jre\21.0.12.1-win32-x86_64\bin\verify.dll
0x00007ffa47ff0000 - 0x00007ffa48017000 	C:\Users\Lucas Hernandez\.gradle\native\1def1411415f61bf3af743bc5b6707747c0891f09f0c88961ee8f79bc544acac\windows-amd64\native-platform.dll
0x00007ffa25c60000 - 0x00007ffa25cd8000 	C:\Users\Lucas Hernandez\.gradle\native\0.2.7\x86_64-windows-gnu\gradle-fileevents.dll
0x00007ffa6fe70000 - 0x00007ffa6fe7a000 	C:\Users\Lucas Hernandez\.vscode\extensions\redhat.java-1.56.0-win32-x64\jre\21.0.12.1-win32-x86_64\bin\management.dll
0x00007ffa6fe60000 - 0x00007ffa6fe6c000 	C:\Users\Lucas Hernandez\.vscode\extensions\redhat.java-1.56.0-win32-x64\jre\21.0.12.1-win32-x86_64\bin\management_ext.dll
0x00007ffa77c00000 - 0x00007ffa77c08000 	C:\WINDOWS\System32\PSAPI.DLL
0x00007ffa735d0000 - 0x00007ffa73603000 	C:\WINDOWS\SYSTEM32\IPHLPAPI.DLL
0x00007ffa77c10000 - 0x00007ffa77c1a000 	C:\WINDOWS\System32\NSI.dll
0x00007ffa60960000 - 0x00007ffa60969000 	C:\Users\Lucas Hernandez\.vscode\extensions\redhat.java-1.56.0-win32-x64\jre\21.0.12.1-win32-x86_64\bin\extnet.dll
0x00007ffa74520000 - 0x00007ffa7453b000 	C:\WINDOWS\SYSTEM32\CRYPTSP.dll
0x00007ffa73b90000 - 0x00007ffa73bc9000 	C:\WINDOWS\system32\rsaenh.dll
0x00007ffa742c0000 - 0x00007ffa742f4000 	C:\WINDOWS\SYSTEM32\USERENV.dll
0x00007ffa74e70000 - 0x00007ffa74e9a000 	C:\WINDOWS\SYSTEM32\bcrypt.dll
0x00007ffa74500000 - 0x00007ffa7450c000 	C:\WINDOWS\SYSTEM32\CRYPTBASE.dll
0x00007ffa60950000 - 0x00007ffa6095e000 	C:\Users\Lucas Hernandez\.vscode\extensions\redhat.java-1.56.0-win32-x64\jre\21.0.12.1-win32-x86_64\bin\sunmscapi.dll
0x00007ffa756f0000 - 0x00007ffa7586e000 	C:\WINDOWS\System32\CRYPT32.dll
0x00007ffa74740000 - 0x00007ffa74770000 	C:\WINDOWS\SYSTEM32\ncrypt.dll
0x00007ffa746f0000 - 0x00007ffa7472f000 	C:\WINDOWS\SYSTEM32\NTASN1.dll
0x00007ffa3a230000 - 0x00007ffa3a238000 	C:\WINDOWS\system32\wshunix.dll

JVMTI agents:
C:\Users\Lucas Hernandez\.gradle\wrapper\dists\gradle-8.14.3-all\10utluxaxniiv4wxiphsi49nj\gradle-8.14.3\lib\agents\gradle-instrumentation-agent-8.14.3.jar path:C:\Users\Lucas Hernandez\.vscode\extensions\redhat.java-1.56.0-win32-x64\jre\21.0.12.1-win32-x86_64\bin\instrument.dll, loaded, initialized, instrumentlib options:none

dbghelp: loaded successfully - version: 4.0.5 - missing functions: none
symbol engine: initialized successfully - sym options: 0x614 - pdb path: .;C:\Users\Lucas Hernandez\.vscode\extensions\redhat.java-1.56.0-win32-x64\jre\21.0.12.1-win32-x86_64\bin;C:\WINDOWS\SYSTEM32;C:\WINDOWS\WinSxS\amd64_microsoft.windows.common-controls_6595b64144ccf1df_6.0.26100.9278_none_3e0d1ba8e3303201;C:\Users\Lucas Hernandez\.vscode\extensions\redhat.java-1.56.0-win32-x64\jre\21.0.12.1-win32-x86_64\bin\server;C:\Users\Lucas Hernandez\.gradle\native\1def1411415f61bf3af743bc5b6707747c0891f09f0c88961ee8f79bc544acac\windows-amd64;C:\Users\Lucas Hernandez\.gradle\native\0.2.7\x86_64-windows-gnu

VM Arguments:
jvm_args: --add-opens=java.base/java.lang=ALL-UNNAMED --add-opens=java.base/java.lang.invoke=ALL-UNNAMED --add-opens=java.base/java.util=ALL-UNNAMED --add-opens=java.prefs/java.util.prefs=ALL-UNNAMED --add-exports=jdk.compiler/com.sun.tools.javac.api=ALL-UNNAMED --add-exports=jdk.compiler/com.sun.tools.javac.util=ALL-UNNAMED --add-opens=java.base/java.util=ALL-UNNAMED --add-opens=java.prefs/java.util.prefs=ALL-UNNAMED --add-opens=java.base/java.nio.charset=ALL-UNNAMED --add-opens=java.base/java.net=ALL-UNNAMED --add-opens=java.base/java.util.concurrent.atomic=ALL-UNNAMED --add-opens=java.xml/javax.xml.namespace=ALL-UNNAMED -Xmx1536m -Dfile.encoding=UTF-8 -Duser.country=ES -Duser.language=es -Duser.variant -javaagent:C:\Users\Lucas Hernandez\.gradle\wrapper\dists\gradle-8.14.3-all\10utluxaxniiv4wxiphsi49nj\gradle-8.14.3\lib\agents\gradle-instrumentation-agent-8.14.3.jar 
java_command: org.gradle.launcher.daemon.bootstrap.GradleDaemon 8.14.3
java_class_path (initial): C:\Users\Lucas Hernandez\.gradle\wrapper\dists\gradle-8.14.3-all\10utluxaxniiv4wxiphsi49nj\gradle-8.14.3\lib\gradle-daemon-main-8.14.3.jar
Launcher Type: SUN_STANDARD

[Global flags]
     intx CICompilerCount                          = 4                                         {product} {ergonomic}
     uint ConcGCThreads                            = 3                                         {product} {ergonomic}
     uint G1ConcRefinementThreads                  = 10                                        {product} {ergonomic}
   size_t G1HeapRegionSize                         = 1048576                                   {product} {ergonomic}
    uintx GCDrainStackTargetSize                   = 64                                        {product} {ergonomic}
   size_t InitialHeapSize                          = 260046848                                 {product} {ergonomic}
   size_t MarkStackSize                            = 4194304                                   {product} {ergonomic}
   size_t MaxHeapSize                              = 1610612736                                {product} {command line}
   size_t MaxNewSize                               = 965738496                                 {product} {ergonomic}
   size_t MinHeapDeltaBytes                        = 1048576                                   {product} {ergonomic}
   size_t MinHeapSize                              = 8388608                                   {product} {ergonomic}
    uintx NonNMethodCodeHeapSize                   = 5839372                                {pd product} {ergonomic}
    uintx NonProfiledCodeHeapSize                  = 122909434                              {pd product} {ergonomic}
    uintx ProfiledCodeHeapSize                     = 122909434                              {pd product} {ergonomic}
    uintx ReservedCodeCacheSize                    = 251658240                              {pd product} {ergonomic}
     bool SegmentedCodeCache                       = true                                      {product} {ergonomic}
   size_t SoftMaxHeapSize                          = 1610612736                             {manageable} {ergonomic}
     bool UseCompressedOops                        = true                           {product lp64_product} {ergonomic}
     bool UseG1GC                                  = true                                      {product} {ergonomic}
     bool UseLargePagesIndividualAllocation        = false                                  {pd product} {ergonomic}

Logging:
Log output configuration:
 #0: stdout all=warning uptime,level,tags foldmultilines=false
 #1: stderr all=off uptime,level,tags foldmultilines=false

Release file:
JAVA_VERSION="21.0.12.1" 
MODULES="java.base java.compiler java.datatransfer java.xml java.prefs java.desktop java.instrument java.logging java.management java.security.sasl java.naming java.rmi java.management.rmi java.net.http java.scripting java.security.jgss java.transaction.xa java.sql java.sql.rowset java.xml.crypto java.se java.smartcardio jdk.accessibility jdk.internal.jvmstat jdk.attach jdk.charsets jdk.internal.opt jdk.zipfs jdk.compiler jdk.crypto.ec jdk.crypto.cryptoki jdk.crypto.mscapi jdk.dynalink jdk.internal.ed jdk.editpad jdk.hotspot.agent jdk.httpserver jdk.internal.le jdk.internal.vm.ci jdk.internal.vm.compiler jdk.internal.vm.compiler.management jdk.jartool jdk.javadoc jdk.jcmd jdk.management jdk.management.agent jdk.jconsole jdk.jdeps jdk.jdwp.agent jdk.jdi jdk.jfr jdk.jshell jdk.jsobject jdk.jstatd jdk.localedata jdk.management.jfr jdk.naming.dns jdk.naming.rmi jdk.net jdk.nio.mapmode jdk.random jdk.sctp jdk.security.auth jdk.security.jgss jdk.unsupported jdk.unsupported.desktop jdk.xml.dom" 

Environment Variables:
JAVA_HOME=C:\Program Files\Eclipse Adoptium\jdk-17.0.20.101-hotspot\
PATH=C:\Program Files\Eclipse Adoptium\jdk-17.0.20.101-hotspot\bin;C:\Users\Lucas Hernandez\AppData\Local\Programs\Python\Python314\Scripts\;C:\Users\Lucas Hernandez\AppData\Local\Programs\Python\Python314\;C:\app\dbhomeXE\bin;C:\WINDOWS\system32;C:\WINDOWS;C:\WINDOWS\System32\Wbem;C:\WINDOWS\System32\WindowsPowerShell\v1.0\;C:\WINDOWS\System32\OpenSSH\;C:\Program Files\Docker\Docker\resources\bin;C:\Program Files\nodejs\;C:\ProgramData\chocolatey\bin;C:\Program Files\dotnet\;C:\Program Files\Git\cmd;C:\Program Files\MySQL\MySQL Shell 8.0\bin\;C:\Users\Lucas Hernandez\AppData\Local\Microsoft\WindowsApps;C:\Program Files\JetBrains\IntelliJ IDEA 2025.2.2\bin;C:\Users\Lucas Hernandez\AppData\Local\GitHubDesktop\bin;C:\Users\Lucas Hernandez\AppData\Local\Programs\Microsoft VS Code\bin;C:\Users\Lucas Hernandez\AppData\Local\Python\bin;C:\Users\Lucas Hernandez\AppData\Local\Programs\cursor\resources\app\bin;C:\Users\Lucas Hernandez\AppData\Roaming\npm;C:\src\flutter\bin;;C:\Android\sdk\platform-tools;C:\Android\sdk\cmdline-tools\latest\bin;C:\Android\sdk\emulator
USERNAME=Lucas Hernandez
OS=Windows_NT
PROCESSOR_IDENTIFIER=AMD64 Family 23 Model 104 Stepping 1, AuthenticAMD
TMP=C:\Users\LUCASH~1\AppData\Local\Temp
TEMP=C:\Users\LUCASH~1\AppData\Local\Temp




Periodic native trim disabled

---------------  S Y S T E M  ---------------

OS:
 Windows 11 , 64 bit Build 26100 (10.0.26100.9444)
OS uptime: 11 days 19:01 hours
Hyper-V role detected

CPU: total 12 (initial active 12) (12 cores per cpu, 2 threads per core) family 23 model 104 stepping 1 microcode 0x8608103, cx8, cmov, fxsr, ht, mmx, 3dnowpref, sse, sse2, sse3, ssse3, sse4a, sse4.1, sse4.2, popcnt, lzcnt, tsc, tscinvbit, avx, avx2, aes, clmul, bmi1, bmi2, adx, sha, fma, vzeroupper, clflush, clflushopt, hv, rdtscp, rdpid, f16c
Processor Information for the first 12 processors :
  Max Mhz: 2100, Current Mhz: 2100, Mhz Limit: 2100

Memory: 4k page, system-wide physical 15754M (638M free)
TotalPageFile size 64906M (AvailPageFile size 8M)
current process WorkingSet (physical memory assigned to process): 123M, peak: 301M
current process commit charge ("private bytes"): 303M, peak: 415M

vm_info: OpenJDK 64-Bit Server VM (21.0.12.1+1-LTS) for windows-amd64 JRE (21.0.12.1+1-LTS), built on 2026-08-18T00:00:00Z by "admin" with MS VC++ 17.12 (VS2022)

END.
