#
# There is insufficient memory for the Java Runtime Environment to continue.
# Native memory allocation (malloc) failed to allocate 262160 bytes. Error detail: Chunk::new
# Possible reasons:
#   The system is out of physical RAM or swap space
#   This process is running with CompressedOops enabled, and the Java Heap may be blocking the growth of the native heap
# Possible solutions:
#   Reduce memory load on the system
#   Increase physical memory or swap space
#   Check if swap backing store is full
#   Decrease Java heap size (-Xmx/-Xms)
#   Decrease number of Java threads
#   Decrease Java thread stack sizes (-Xss)
#   Set larger code cache with -XX:ReservedCodeCacheSize=
#   JVM is running with Unscaled Compressed Oops mode in which the Java heap is
#     placed in the first 4GB address space. The Java Heap base address is the
#     maximum limit for the native heap growth. Please use -XX:HeapBaseMinAddress
#     to set the Java Heap base and to place the Java Heap above 4GB virtual address.
# This output file may be truncated or incomplete.
#
#  Out of Memory Error (arena.cpp:168), pid=40604, tid=11800
#
# JRE version: OpenJDK Runtime Environment Temurin-21.0.12.1+1 (21.0.12.1+1) (build 21.0.12.1+1-LTS)
# Java VM: OpenJDK 64-Bit Server VM Temurin-21.0.12.1+1 (21.0.12.1+1-LTS, mixed mode, sharing, tiered, compressed oops, compressed class ptrs, g1 gc, windows-amd64)
# No core dump will be written. Minidumps are not enabled by default on client versions of Windows
#

---------------  S U M M A R Y ------------

Command Line: --add-opens=java.base/java.lang=ALL-UNNAMED --add-opens=java.base/java.lang.invoke=ALL-UNNAMED --add-opens=java.base/java.util=ALL-UNNAMED --add-opens=java.prefs/java.util.prefs=ALL-UNNAMED --add-exports=jdk.compiler/com.sun.tools.javac.api=ALL-UNNAMED --add-exports=jdk.compiler/com.sun.tools.javac.util=ALL-UNNAMED --add-opens=java.base/java.util=ALL-UNNAMED --add-opens=java.prefs/java.util.prefs=ALL-UNNAMED --add-opens=java.base/java.nio.charset=ALL-UNNAMED --add-opens=java.base/java.net=ALL-UNNAMED --add-opens=java.base/java.util.concurrent.atomic=ALL-UNNAMED --add-opens=java.xml/javax.xml.namespace=ALL-UNNAMED -Xmx1536m -Dfile.encoding=UTF-8 -Duser.country=ES -Duser.language=es -Duser.variant -javaagent:C:\Users\Lucas Hernandez\.gradle\wrapper\dists\gradle-8.14.3-all\10utluxaxniiv4wxiphsi49nj\gradle-8.14.3\lib\agents\gradle-instrumentation-agent-8.14.3.jar org.gradle.launcher.daemon.bootstrap.GradleDaemon 8.14.3

Host: AMD Ryzen 5 7430U with Radeon Graphics, 12 cores, 15G,  Windows 11 , 64 bit Build 26100 (10.0.26100.9444)
Time: Wed Oct  7 16:07:43 2026 Hora de verano romance elapsed time: 99.974571 seconds (0d 0h 1m 39s)

---------------  T H R E A D  ---------------

Current thread (0x00000225e862d200):  JavaThread "C2 CompilerThread0" daemon [_thread_in_native, id=11800, stack(0x000000aba4d00000,0x000000aba4e00000) (1024K)]


Current CompileTask:
C2:99974 3981   !   4       java.net.URLClassLoader::findClass (47 bytes)

Stack: [0x000000aba4d00000,0x000000aba4e00000]
Native frames: (J=compiled Java code, j=interpreted, Vv=VM code, C=native code)
V  [jvm.dll+0x6d83e9]
V  [jvm.dll+0x8b5736]
V  [jvm.dll+0x8b7cee]
V  [jvm.dll+0x8b83d3]
V  [jvm.dll+0x284596]
V  [jvm.dll+0xc685d]
V  [jvm.dll+0xc6da1]
V  [jvm.dll+0xc6985]
V  [jvm.dll+0x6b33cc]
V  [jvm.dll+0x254339]
V  [jvm.dll+0x6fdc47]
V  [jvm.dll+0x24baa7]
V  [jvm.dll+0x1cb4ae]
V  [jvm.dll+0x25baad]
V  [jvm.dll+0x25a03a]
V  [jvm.dll+0x3f8aae]
V  [jvm.dll+0x8600cd]
V  [jvm.dll+0x6d6c1d]
C  [ucrtbase.dll+0x2cd30]
C  [KERNEL32.DLL+0x2cd87]
C  [ntdll.dll+0xacaec]


---------------  P R O C E S S  ---------------

Threads class SMR info:
_java_thread_list=0x00000225ef604730, length=31, elements={
0x00000225d14108f0, 0x00000225e8625640, 0x00000225e8626dc0, 0x00000225e862a550,
0x00000225e862afb0, 0x00000225e862ba10, 0x00000225e862c470, 0x00000225e862d200,
0x00000225e8630f30, 0x00000225e887d970, 0x00000225e88e0020, 0x00000225e8759d60,
0x00000225ed07dc60, 0x00000225ee63c670, 0x00000225ee5804e0, 0x00000225ee3a12d0,
0x00000225edd08e60, 0x00000225edd087d0, 0x00000225edd06070, 0x00000225edd094f0,
0x00000225edd07ab0, 0x00000225edd08140, 0x00000225edd06700, 0x00000225edd06d90,
0x00000225edd07420, 0x00000225ef0ef320, 0x00000225ef0ed250, 0x00000225ef0eec90,
0x00000225ef0ef9b0, 0x00000225ef0ec530, 0x00000225ef0edf70
}

Java Threads: ( => current thread )
  0x00000225d14108f0 JavaThread "main"                              [_thread_blocked, id=39660, stack(0x000000aba3f00000,0x000000aba4000000) (1024K)]
  0x00000225e8625640 JavaThread "Reference Handler"          daemon [_thread_blocked, id=40576, stack(0x000000aba4700000,0x000000aba4800000) (1024K)]
  0x00000225e8626dc0 JavaThread "Finalizer"                  daemon [_thread_blocked, id=27044, stack(0x000000aba4800000,0x000000aba4900000) (1024K)]
  0x00000225e862a550 JavaThread "Signal Dispatcher"          daemon [_thread_blocked, id=30628, stack(0x000000aba4900000,0x000000aba4a00000) (1024K)]
  0x00000225e862afb0 JavaThread "Attach Listener"            daemon [_thread_blocked, id=34692, stack(0x000000aba4a00000,0x000000aba4b00000) (1024K)]
  0x00000225e862ba10 JavaThread "Service Thread"             daemon [_thread_blocked, id=984, stack(0x000000aba4b00000,0x000000aba4c00000) (1024K)]
  0x00000225e862c470 JavaThread "Monitor Deflation Thread"   daemon [_thread_blocked, id=40000, stack(0x000000aba4c00000,0x000000aba4d00000) (1024K)]
=>0x00000225e862d200 JavaThread "C2 CompilerThread0"         daemon [_thread_in_native, id=11800, stack(0x000000aba4d00000,0x000000aba4e00000) (1024K)]
  0x00000225e8630f30 JavaThread "C1 CompilerThread0"         daemon [_thread_blocked, id=33300, stack(0x000000aba4e00000,0x000000aba4f00000) (1024K)]
  0x00000225e887d970 JavaThread "Common-Cleaner"             daemon [_thread_blocked, id=30024, stack(0x000000aba4f00000,0x000000aba5000000) (1024K)]
  0x00000225e88e0020 JavaThread "Notification Thread"        daemon [_thread_blocked, id=8328, stack(0x000000aba5000000,0x000000aba5100000) (1024K)]
  0x00000225e8759d60 JavaThread "Daemon health stats"               [_thread_blocked, id=30580, stack(0x000000aba5500000,0x000000aba5600000) (1024K)]
  0x00000225ed07dc60 JavaThread "Incoming local TCP Connector on port 56717"        [_thread_in_native, id=41024, stack(0x000000aba5600000,0x000000aba5700000) (1024K)]
  0x00000225ee63c670 JavaThread "Daemon periodic checks"            [_thread_blocked, id=41076, stack(0x000000aba5700000,0x000000aba5800000) (1024K)]
  0x00000225ee5804e0 JavaThread "Daemon"                            [_thread_blocked, id=41104, stack(0x000000aba5800000,0x000000aba5900000) (1024K)]
  0x00000225ee3a12d0 JavaThread "Handler for socket connection from /127.0.0.1:56717 to /127.0.0.1:56718"        [_thread_in_native, id=41128, stack(0x000000aba5900000,0x000000aba5a00000) (1024K)]
  0x00000225edd08e60 JavaThread "Cancel handler"                    [_thread_blocked, id=41184, stack(0x000000aba5a00000,0x000000aba5b00000) (1024K)]
  0x00000225edd087d0 JavaThread "Daemon worker"                     [_thread_in_native, id=41196, stack(0x000000aba5b00000,0x000000aba5c00000) (1024K)]
  0x00000225edd06070 JavaThread "Asynchronous log dispatcher for DefaultDaemonConnection: socket connection from /127.0.0.1:56717 to /127.0.0.1:56718"        [_thread_blocked, id=41208, stack(0x000000aba5c00000,0x000000aba5d00000) (1024K)]
  0x00000225edd094f0 JavaThread "Stdin handler"                     [_thread_blocked, id=41224, stack(0x000000aba5d00000,0x000000aba5e00000) (1024K)]
  0x00000225edd07ab0 JavaThread "Daemon client event forwarder"        [_thread_blocked, id=41232, stack(0x000000aba5e00000,0x000000aba5f00000) (1024K)]
  0x00000225edd08140 JavaThread "Cache worker for journal cache (C:\Users\Lucas Hernandez\.gradle\caches\journal-1)"        [_thread_blocked, id=24400, stack(0x000000aba5f00000,0x000000aba6000000) (1024K)]
  0x00000225edd06700 JavaThread "File lock request listener"        [_thread_in_native, id=28908, stack(0x000000aba6500000,0x000000aba6600000) (1024K)]
  0x00000225edd06d90 JavaThread "File lock release action executor"        [_thread_blocked, id=19616, stack(0x000000aba6600000,0x000000aba6700000) (1024K)]
  0x00000225edd07420 JavaThread "Cache worker for file hash cache (C:\Users\Lucas Hernandez\.gradle\caches\8.14.3\fileHashes)"        [_thread_blocked, id=41512, stack(0x000000aba6700000,0x000000aba6800000) (1024K)]
  0x00000225ef0ef320 JavaThread "Cache worker for file hash cache (C:\Users\Lucas Hernandez\OneDrive - UDIT\Documents\DI\dam2-productos-archivos\android\.gradle\8.14.3\fileHashes)"        [_thread_blocked, id=42748, stack(0x000000aba6a00000,0x000000aba6b00000) (1024K)]
  0x00000225ef0ed250 JavaThread "Cache worker for Build Output Cleanup Cache (C:\Users\Lucas Hernandez\OneDrive - UDIT\Documents\DI\dam2-productos-archivos\android\.gradle\buildOutputCleanup)"        [_thread_blocked, id=42768, stack(0x000000aba6b00000,0x000000aba6c00000) (1024K)]
  0x00000225ef0eec90 JavaThread "File watcher server"        daemon [_thread_in_native, id=42956, stack(0x000000aba6c00000,0x000000aba6d00000) (1024K)]
  0x00000225ef0ef9b0 JavaThread "File watcher consumer"      daemon [_thread_blocked, id=42968, stack(0x000000aba6d00000,0x000000aba6e00000) (1024K)]
  0x00000225ef0ec530 JavaThread "jar transforms"                    [_thread_blocked, id=43276, stack(0x000000aba6e00000,0x000000aba6f00000) (1024K)]
  0x00000225ef0edf70 JavaThread "jar transforms Thread 2"           [_thread_blocked, id=39792, stack(0x000000aba3d00000,0x000000aba3e00000) (1024K)]
Total: 31

Other Threads:
  0x00000225e8608e50 VMThread "VM Thread"                           [id=20132, stack(0x000000aba4600000,0x000000aba4700000) (1024K)]
  0x00000225e85f3c10 WatcherThread "VM Periodic Task Thread"        [id=18116, stack(0x000000aba4500000,0x000000aba4600000) (1024K)]
  0x00000225d145c730 WorkerThread "GC Thread#0"                     [id=17992, stack(0x000000aba4000000,0x000000aba4100000) (1024K)]
  0x00000225ed064850 WorkerThread "GC Thread#1"                     [id=7056, stack(0x000000aba5100000,0x000000aba5200000) (1024K)]
  0x00000225e86da8b0 WorkerThread "GC Thread#2"                     [id=36724, stack(0x000000aba5200000,0x000000aba5300000) (1024K)]
  0x00000225e86dac60 WorkerThread "GC Thread#3"                     [id=14532, stack(0x000000aba5300000,0x000000aba5400000) (1024K)]
  0x00000225e89a00e0 WorkerThread "GC Thread#4"                     [id=9712, stack(0x000000aba5400000,0x000000aba5500000) (1024K)]
  0x00000225ee848100 WorkerThread "GC Thread#5"                     [id=35868, stack(0x000000aba6000000,0x000000aba6100000) (1024K)]
  0x00000225ee6399d0 WorkerThread "GC Thread#6"                     [id=30448, stack(0x000000aba6100000,0x000000aba6200000) (1024K)]
  0x00000225ee856cd0 WorkerThread "GC Thread#7"                     [id=32296, stack(0x000000aba6200000,0x000000aba6300000) (1024K)]
  0x00000225ee857080 WorkerThread "GC Thread#8"                     [id=29708, stack(0x000000aba6300000,0x000000aba6400000) (1024K)]
  0x00000225ee857430 WorkerThread "GC Thread#9"                     [id=25544, stack(0x000000aba6400000,0x000000aba6500000) (1024K)]
  0x00000225d1469530 ConcurrentGCThread "G1 Main Marker"            [id=16224, stack(0x000000aba4100000,0x000000aba4200000) (1024K)]
  0x00000225d1469e50 WorkerThread "G1 Conc#0"                       [id=39696, stack(0x000000aba4200000,0x000000aba4300000) (1024K)]
  0x00000225eef08340 WorkerThread "G1 Conc#1"                       [id=42576, stack(0x000000aba6800000,0x000000aba6900000) (1024K)]
  0x00000225eef095b0 WorkerThread "G1 Conc#2"                       [id=42580, stack(0x000000aba6900000,0x000000aba6a00000) (1024K)]
  0x00000225d14ce7d0 ConcurrentGCThread "G1 Refine#0"               [id=39448, stack(0x000000aba4300000,0x000000aba4400000) (1024K)]
  0x00000225e84c56a0 ConcurrentGCThread "G1 Service"                [id=31448, stack(0x000000aba4400000,0x000000aba4500000) (1024K)]
Total: 18

Threads with active compile tasks:
C2 CompilerThread0  100012 3981   !   4       java.net.URLClassLoader::findClass (47 bytes)
Total: 1

VM state: not at safepoint (normal execution)

VM Mutex/Monitor currently owned by a thread: None

Heap address: 0x00000000a0000000, size: 1536 MB, Compressed Oops mode: 32-bit

CDS archive(s) mapped at: [0x0000022580000000-0x0000022580ba0000-0x0000022580ba0000), size 12189696, SharedBaseAddress: 0x0000022580000000, ArchiveRelocationMode: 1.
Compressed class space mapped at: 0x0000022581000000-0x00000225c1000000, reserved size: 1073741824
Narrow klass base: 0x0000022580000000, Narrow klass shift: 0, Narrow klass range: 0x100000000

GC Precious Log:
 CardTable entry size: 512
 Card Set container configuration: InlinePtr #cards 5 size 8 Array Of Cards #cards 12 size 40 Howl #buckets 4 coarsen threshold 1843 Howl Bitmap #cards 512 size 80 coarsen threshold 460 Card regions per heap region 1 cards per card region 2048
 CPUs: 12 total, 12 available
 Memory: 15754M
 Large Page Support: Disabled
 NUMA Support: Disabled
 Compressed Oops: Enabled (32-bit)
 Heap Region Size: 1M
 Heap Min Capacity: 8M
 Heap Initial Capacity: 248M
 Heap Max Capacity: 1536M
 Pre-touch: Disabled
 Parallel Workers: 10
 Concurrent Workers: 3
 Concurrent Refinement Workers: 10
 Periodic GC: Disabled

Heap:
 garbage-first heap   total 86016K, used 74655K [0x00000000a0000000, 0x0000000100000000)
  region size 1024K, 62 young (63488K), 12 survivors (12288K)
 Metaspace       used 27235K, committed 28224K, reserved 1114112K
  class space    used 4108K, committed 4608K, reserved 1048576K

Heap Regions: E=young(eden), S=young(survivor), O=old, HS=humongous(starts), HC=humongous(continues), CS=collection set, F=free, TAMS=top-at-mark-start, PB=parsable bottom
|   0|0x00000000a0000000, 0x00000000a0100000, 0x00000000a0100000|100%|HS|  |TAMS 0x00000000a0000000| PB 0x00000000a0000000| Complete 
|   1|0x00000000a0100000, 0x00000000a0200000, 0x00000000a0200000|100%|HC|  |TAMS 0x00000000a0100000| PB 0x00000000a0100000| Complete 
|   2|0x00000000a0200000, 0x00000000a0300000, 0x00000000a0300000|100%|HC|  |TAMS 0x00000000a0200000| PB 0x00000000a0200000| Complete 
|   3|0x00000000a0300000, 0x00000000a0400000, 0x00000000a0400000|100%| O|  |TAMS 0x00000000a0300000| PB 0x00000000a0300000| Untracked 
|   4|0x00000000a0400000, 0x00000000a0500000, 0x00000000a0500000|100%| O|  |TAMS 0x00000000a0400000| PB 0x00000000a0400000| Untracked 
|   5|0x00000000a0500000, 0x00000000a0600000, 0x00000000a0600000|100%| O|  |TAMS 0x00000000a0500000| PB 0x00000000a0500000| Untracked 
|   6|0x00000000a0600000, 0x00000000a0700000, 0x00000000a0700000|100%|HS|  |TAMS 0x00000000a0600000| PB 0x00000000a0600000| Complete 
|   7|0x00000000a0700000, 0x00000000a0800000, 0x00000000a0800000|100%| O|  |TAMS 0x00000000a0700000| PB 0x00000000a0700000| Untracked 
|   8|0x00000000a0800000, 0x00000000a0900000, 0x00000000a0900000|100%| O|  |TAMS 0x00000000a0800000| PB 0x00000000a0800000| Untracked 
|   9|0x00000000a0900000, 0x00000000a0a00000, 0x00000000a0a00000|100%| O|  |TAMS 0x00000000a0900000| PB 0x00000000a0900000| Untracked 
|  10|0x00000000a0a00000, 0x00000000a0b00000, 0x00000000a0b00000|100%| O|  |TAMS 0x00000000a0a00000| PB 0x00000000a0a00000| Untracked 
|  11|0x00000000a0b00000, 0x00000000a0c00000, 0x00000000a0c00000|100%| O|  |TAMS 0x00000000a0b00000| PB 0x00000000a0b00000| Untracked 
|  12|0x00000000a0c00000, 0x00000000a0c49db0, 0x00000000a0d00000| 28%| O|Cm|TAMS 0x00000000a0c00000| PB 0x00000000a0c00000| Complete 
|  13|0x00000000a0d00000, 0x00000000a0d00000, 0x00000000a0e00000|  0%| F|  |TAMS 0x00000000a0d00000| PB 0x00000000a0d00000| Untracked 
|  14|0x00000000a0e00000, 0x00000000a0e00000, 0x00000000a0f00000|  0%| F|  |TAMS 0x00000000a0e00000| PB 0x00000000a0e00000| Untracked 
|  15|0x00000000a0f00000, 0x00000000a0f00000, 0x00000000a1000000|  0%| F|  |TAMS 0x00000000a0f00000| PB 0x00000000a0f00000| Untracked 
|  16|0x00000000a1000000, 0x00000000a1000000, 0x00000000a1100000|  0%| F|  |TAMS 0x00000000a1000000| PB 0x00000000a1000000| Untracked 
|  17|0x00000000a1100000, 0x00000000a1100000, 0x00000000a1200000|  0%| F|  |TAMS 0x00000000a1100000| PB 0x00000000a1100000| Untracked 
|  18|0x00000000a1200000, 0x00000000a1200000, 0x00000000a1300000|  0%| F|  |TAMS 0x00000000a1200000| PB 0x00000000a1200000| Untracked 
|  19|0x00000000a1300000, 0x00000000a1300000, 0x00000000a1400000|  0%| F|  |TAMS 0x00000000a1300000| PB 0x00000000a1300000| Untracked 
|  20|0x00000000a1400000, 0x00000000a1400000, 0x00000000a1500000|  0%| F|  |TAMS 0x00000000a1400000| PB 0x00000000a1400000| Untracked 
|  21|0x00000000a1500000, 0x00000000a1500000, 0x00000000a1600000|  0%| F|  |TAMS 0x00000000a1500000| PB 0x00000000a1500000| Untracked 
|  22|0x00000000a1600000, 0x00000000a1700000, 0x00000000a1700000|100%| E|  |TAMS 0x00000000a1600000| PB 0x00000000a1600000| Complete 
|  23|0x00000000a1700000, 0x00000000a1800000, 0x00000000a1800000|100%| E|CS|TAMS 0x00000000a1700000| PB 0x00000000a1700000| Complete 
|  24|0x00000000a1800000, 0x00000000a1900000, 0x00000000a1900000|100%| E|CS|TAMS 0x00000000a1800000| PB 0x00000000a1800000| Complete 
|  25|0x00000000a1900000, 0x00000000a1a00000, 0x00000000a1a00000|100%| E|CS|TAMS 0x00000000a1900000| PB 0x00000000a1900000| Complete 
|  26|0x00000000a1a00000, 0x00000000a1b00000, 0x00000000a1b00000|100%| E|CS|TAMS 0x00000000a1a00000| PB 0x00000000a1a00000| Complete 
|  27|0x00000000a1b00000, 0x00000000a1c00000, 0x00000000a1c00000|100%| E|CS|TAMS 0x00000000a1b00000| PB 0x00000000a1b00000| Complete 
|  28|0x00000000a1c00000, 0x00000000a1d00000, 0x00000000a1d00000|100%| E|CS|TAMS 0x00000000a1c00000| PB 0x00000000a1c00000| Complete 
|  29|0x00000000a1d00000, 0x00000000a1e00000, 0x00000000a1e00000|100%| E|CS|TAMS 0x00000000a1d00000| PB 0x00000000a1d00000| Complete 
|  30|0x00000000a1e00000, 0x00000000a1f00000, 0x00000000a1f00000|100%| E|CS|TAMS 0x00000000a1e00000| PB 0x00000000a1e00000| Complete 
|  31|0x00000000a1f00000, 0x00000000a2000000, 0x00000000a2000000|100%| E|CS|TAMS 0x00000000a1f00000| PB 0x00000000a1f00000| Complete 
|  32|0x00000000a2000000, 0x00000000a2100000, 0x00000000a2100000|100%| E|CS|TAMS 0x00000000a2000000| PB 0x00000000a2000000| Complete 
|  33|0x00000000a2100000, 0x00000000a2200000, 0x00000000a2200000|100%| E|CS|TAMS 0x00000000a2100000| PB 0x00000000a2100000| Complete 
|  34|0x00000000a2200000, 0x00000000a2300000, 0x00000000a2300000|100%| E|CS|TAMS 0x00000000a2200000| PB 0x00000000a2200000| Complete 
|  35|0x00000000a2300000, 0x00000000a2400000, 0x00000000a2400000|100%| E|CS|TAMS 0x00000000a2300000| PB 0x00000000a2300000| Complete 
|  36|0x00000000a2400000, 0x00000000a2500000, 0x00000000a2500000|100%| E|CS|TAMS 0x00000000a2400000| PB 0x00000000a2400000| Complete 
|  37|0x00000000a2500000, 0x00000000a2600000, 0x00000000a2600000|100%| E|CS|TAMS 0x00000000a2500000| PB 0x00000000a2500000| Complete 
|  38|0x00000000a2600000, 0x00000000a2700000, 0x00000000a2700000|100%| E|CS|TAMS 0x00000000a2600000| PB 0x00000000a2600000| Complete 
|  39|0x00000000a2700000, 0x00000000a2800000, 0x00000000a2800000|100%| E|CS|TAMS 0x00000000a2700000| PB 0x00000000a2700000| Complete 
|  40|0x00000000a2800000, 0x00000000a2900000, 0x00000000a2900000|100%| E|CS|TAMS 0x00000000a2800000| PB 0x00000000a2800000| Complete 
|  41|0x00000000a2900000, 0x00000000a2a00000, 0x00000000a2a00000|100%| E|CS|TAMS 0x00000000a2900000| PB 0x00000000a2900000| Complete 
|  42|0x00000000a2a00000, 0x00000000a2b00000, 0x00000000a2b00000|100%| E|CS|TAMS 0x00000000a2a00000| PB 0x00000000a2a00000| Complete 
|  43|0x00000000a2b00000, 0x00000000a2c00000, 0x00000000a2c00000|100%| E|CS|TAMS 0x00000000a2b00000| PB 0x00000000a2b00000| Complete 
|  44|0x00000000a2c00000, 0x00000000a2d00000, 0x00000000a2d00000|100%| E|CS|TAMS 0x00000000a2c00000| PB 0x00000000a2c00000| Complete 
|  45|0x00000000a2d00000, 0x00000000a2e00000, 0x00000000a2e00000|100%| E|CS|TAMS 0x00000000a2d00000| PB 0x00000000a2d00000| Complete 
|  46|0x00000000a2e00000, 0x00000000a2f00000, 0x00000000a2f00000|100%| E|CS|TAMS 0x00000000a2e00000| PB 0x00000000a2e00000| Complete 
|  47|0x00000000a2f00000, 0x00000000a3000000, 0x00000000a3000000|100%| E|CS|TAMS 0x00000000a2f00000| PB 0x00000000a2f00000| Complete 
|  48|0x00000000a3000000, 0x00000000a3100000, 0x00000000a3100000|100%| E|CS|TAMS 0x00000000a3000000| PB 0x00000000a3000000| Complete 
|  49|0x00000000a3100000, 0x00000000a3200000, 0x00000000a3200000|100%| E|CS|TAMS 0x00000000a3100000| PB 0x00000000a3100000| Complete 
|  50|0x00000000a3200000, 0x00000000a3300000, 0x00000000a3300000|100%| E|CS|TAMS 0x00000000a3200000| PB 0x00000000a3200000| Complete 
|  51|0x00000000a3300000, 0x00000000a3400000, 0x00000000a3400000|100%| E|CS|TAMS 0x00000000a3300000| PB 0x00000000a3300000| Complete 
|  52|0x00000000a3400000, 0x00000000a3500000, 0x00000000a3500000|100%| E|CS|TAMS 0x00000000a3400000| PB 0x00000000a3400000| Complete 
|  53|0x00000000a3500000, 0x00000000a3600000, 0x00000000a3600000|100%| E|CS|TAMS 0x00000000a3500000| PB 0x00000000a3500000| Complete 
|  54|0x00000000a3600000, 0x00000000a3700000, 0x00000000a3700000|100%| E|CS|TAMS 0x00000000a3600000| PB 0x00000000a3600000| Complete 
|  55|0x00000000a3700000, 0x00000000a3800000, 0x00000000a3800000|100%| E|CS|TAMS 0x00000000a3700000| PB 0x00000000a3700000| Complete 
|  56|0x00000000a3800000, 0x00000000a3900000, 0x00000000a3900000|100%| E|CS|TAMS 0x00000000a3800000| PB 0x00000000a3800000| Complete 
|  57|0x00000000a3900000, 0x00000000a3a00000, 0x00000000a3a00000|100%| E|CS|TAMS 0x00000000a3900000| PB 0x00000000a3900000| Complete 
|  58|0x00000000a3a00000, 0x00000000a3b00000, 0x00000000a3b00000|100%| E|CS|TAMS 0x00000000a3a00000| PB 0x00000000a3a00000| Complete 
|  59|0x00000000a3b00000, 0x00000000a3c00000, 0x00000000a3c00000|100%| E|CS|TAMS 0x00000000a3b00000| PB 0x00000000a3b00000| Complete 
|  60|0x00000000a3c00000, 0x00000000a3d00000, 0x00000000a3d00000|100%| E|CS|TAMS 0x00000000a3c00000| PB 0x00000000a3c00000| Complete 
|  61|0x00000000a3d00000, 0x00000000a3e00000, 0x00000000a3e00000|100%| E|CS|TAMS 0x00000000a3d00000| PB 0x00000000a3d00000| Complete 
|  62|0x00000000a3e00000, 0x00000000a3f00000, 0x00000000a3f00000|100%| E|CS|TAMS 0x00000000a3e00000| PB 0x00000000a3e00000| Complete 
|  63|0x00000000a3f00000, 0x00000000a4000000, 0x00000000a4000000|100%| E|CS|TAMS 0x00000000a3f00000| PB 0x00000000a3f00000| Complete 
|  64|0x00000000a4000000, 0x00000000a4100000, 0x00000000a4100000|100%| E|CS|TAMS 0x00000000a4000000| PB 0x00000000a4000000| Complete 
|  65|0x00000000a4100000, 0x00000000a4200000, 0x00000000a4200000|100%| E|CS|TAMS 0x00000000a4100000| PB 0x00000000a4100000| Complete 
|  66|0x00000000a4200000, 0x00000000a4300000, 0x00000000a4300000|100%| E|CS|TAMS 0x00000000a4200000| PB 0x00000000a4200000| Complete 
|  67|0x00000000a4300000, 0x00000000a4400000, 0x00000000a4400000|100%| E|CS|TAMS 0x00000000a4300000| PB 0x00000000a4300000| Complete 
|  68|0x00000000a4400000, 0x00000000a4500000, 0x00000000a4500000|100%| E|CS|TAMS 0x00000000a4400000| PB 0x00000000a4400000| Complete 
|  69|0x00000000a4500000, 0x00000000a4600000, 0x00000000a4600000|100%| E|CS|TAMS 0x00000000a4500000| PB 0x00000000a4500000| Complete 
|  70|0x00000000a4600000, 0x00000000a4700000, 0x00000000a4700000|100%| E|CS|TAMS 0x00000000a4600000| PB 0x00000000a4600000| Complete 
| 189|0x00000000abd00000, 0x00000000abd9dfe0, 0x00000000abe00000| 61%| S|CS|TAMS 0x00000000abd00000| PB 0x00000000abd00000| Complete 
| 190|0x00000000abe00000, 0x00000000abf00000, 0x00000000abf00000|100%| S|CS|TAMS 0x00000000abe00000| PB 0x00000000abe00000| Complete 
| 191|0x00000000abf00000, 0x00000000ac000000, 0x00000000ac000000|100%| S|CS|TAMS 0x00000000abf00000| PB 0x00000000abf00000| Complete 
| 192|0x00000000ac000000, 0x00000000ac100000, 0x00000000ac100000|100%| S|CS|TAMS 0x00000000ac000000| PB 0x00000000ac000000| Complete 
| 193|0x00000000ac100000, 0x00000000ac200000, 0x00000000ac200000|100%| S|CS|TAMS 0x00000000ac100000| PB 0x00000000ac100000| Complete 
| 194|0x00000000ac200000, 0x00000000ac300000, 0x00000000ac300000|100%| S|CS|TAMS 0x00000000ac200000| PB 0x00000000ac200000| Complete 
| 195|0x00000000ac300000, 0x00000000ac400000, 0x00000000ac400000|100%| S|CS|TAMS 0x00000000ac300000| PB 0x00000000ac300000| Complete 
| 196|0x00000000ac400000, 0x00000000ac500000, 0x00000000ac500000|100%| S|CS|TAMS 0x00000000ac400000| PB 0x00000000ac400000| Complete 
| 197|0x00000000ac500000, 0x00000000ac600000, 0x00000000ac600000|100%| S|CS|TAMS 0x00000000ac500000| PB 0x00000000ac500000| Complete 
| 198|0x00000000ac600000, 0x00000000ac700000, 0x00000000ac700000|100%| S|CS|TAMS 0x00000000ac600000| PB 0x00000000ac600000| Complete 
| 199|0x00000000ac700000, 0x00000000ac800000, 0x00000000ac800000|100%| S|CS|TAMS 0x00000000ac700000| PB 0x00000000ac700000| Complete 
| 200|0x00000000ac800000, 0x00000000ac900000, 0x00000000ac900000|100%| S|CS|TAMS 0x00000000ac800000| PB 0x00000000ac800000| Complete 
| 247|0x00000000af700000, 0x00000000af800000, 0x00000000af800000|100%| E|CS|TAMS 0x00000000af700000| PB 0x00000000af700000| Complete 

Card table byte_map: [0x00000225e3e60000,0x00000225e4160000] _byte_map_base: 0x00000225e3960000

Marking Bits: (CMBitMap*) 0x00000225d145cc50
 Bits: [0x00000225e4160000, 0x00000225e5960000)

Polling page: 0x00000225cf180000

Metaspace:

Usage:
  Non-class:     22.59 MB used.
      Class:      4.01 MB used.
       Both:     26.60 MB used.

Virtual space:
  Non-class space:       64.00 MB reserved,      23.06 MB ( 36%) committed,  1 nodes.
      Class space:        1.00 GB reserved,       4.50 MB ( <1%) committed,  1 nodes.
             Both:        1.06 GB reserved,      27.56 MB (  3%) committed. 

Chunk freelists:
   Non-Class:  8.54 MB
       Class:  11.48 MB
        Both:  20.02 MB

MaxMetaspaceSize: unlimited
CompressedClassSpaceSize: 1.00 GB
Initial GC threshold: 21.00 MB
Current GC threshold: 35.25 MB
CDS: on
 - commit_granule_bytes: 65536.
 - commit_granule_words: 8192.
 - virtual_space_node_default_size: 8388608.
 - enlarge_chunks_in_place: 1.
 - use_allocation_guard: 0.


Internal statistics:

num_allocs_failed_limit: 3.
num_arena_births: 1524.
num_arena_deaths: 0.
num_vsnodes_births: 2.
num_vsnodes_deaths: 0.
num_space_committed: 441.
num_space_uncommitted: 0.
num_chunks_returned_to_freelist: 3.
num_chunks_taken_from_freelist: 2709.
num_chunk_merges: 3.
num_chunk_splits: 1764.
num_chunks_enlarged: 1134.
num_inconsistent_stats: 0.

CodeHeap 'non-profiled nmethods': size=120000Kb used=2243Kb max_used=2243Kb free=117756Kb
 bounds [0x00000225dc0e0000, 0x00000225dc350000, 0x00000225e3610000]
CodeHeap 'profiled nmethods': size=120000Kb used=7969Kb max_used=7969Kb free=112031Kb
 bounds [0x00000225d4610000, 0x00000225d4de0000, 0x00000225dbb40000]
CodeHeap 'non-nmethods': size=5760Kb used=1432Kb max_used=1462Kb free=4327Kb
 bounds [0x00000225dbb40000, 0x00000225dbdb0000, 0x00000225dc0e0000]
CodeCache: size=245760Kb, used=11644Kb, max_used=11674Kb, free=234114Kb
 total_blobs=4570, nmethods=3982, adapters=492, full_count=0
Compilation: enabled, stopped_count=0, restarted_count=0

Compilation events (20 events):
Event: 99.900 Thread 0x00000225e8630f30 nmethod 3974 0x00000225d4dd1510 code [0x00000225d4dd1760, 0x00000225d4dd1fd0]
Event: 99.900 Thread 0x00000225e8630f30 3975       3       org.gradle.internal.instantiation.generator.AbstractClassGenerator$PropertyMetadata::lambda$findAnnotation$1 (6 bytes)
Event: 99.901 Thread 0x00000225e8630f30 nmethod 3975 0x00000225d4dd2310 code [0x00000225d4dd2560, 0x00000225d4dd2d60]
Event: 99.901 Thread 0x00000225e8630f30 3976       3       java.util.stream.MatchOps$1MatchSink::accept (44 bytes)
Event: 99.901 Thread 0x00000225e8630f30 nmethod 3976 0x00000225d4dd3010 code [0x00000225d4dd31c0, 0x00000225d4dd3418]
Event: 99.901 Thread 0x00000225e8630f30 3977       3       sun.invoke.util.VerifyAccess::isModuleAccessible (97 bytes)
Event: 99.902 Thread 0x00000225e8630f30 nmethod 3977 0x00000225d4dd3510 code [0x00000225d4dd37e0, 0x00000225d4dd4450]
Event: 99.914 Thread 0x00000225e8630f30 3978       3       java.lang.ClassLoader::getClassLoadingLock (35 bytes)
Event: 99.914 Thread 0x00000225e8630f30 nmethod 3978 0x00000225d4dd4910 code [0x00000225d4dd4ae0, 0x00000225d4dd4dc0]
Event: 99.914 Thread 0x00000225e8630f30 3979       3       jdk.internal.loader.URLClassPath$JarLoader$2::getManifest (26 bytes)
Event: 99.915 Thread 0x00000225e8630f30 nmethod 3979 0x00000225d4dd4f10 code [0x00000225d4dd5160, 0x00000225d4dd58b8]
Event: 99.915 Thread 0x00000225e8630f30 3980       3       java.util.jar.JavaUtilJarAccessImpl::ensureInitialization (5 bytes)
Event: 99.915 Thread 0x00000225e8630f30 nmethod 3980 0x00000225d4dd5c90 code [0x00000225d4dd5e40, 0x00000225d4dd6010]
Event: 99.925 Thread 0x00000225e862d200 3981   !   4       java.net.URLClassLoader::findClass (47 bytes)
Event: 99.928 Thread 0x00000225e8630f30 3983   !   2       java.net.URLClassLoader$1::run (81 bytes)
Event: 99.930 Thread 0x00000225e8630f30 nmethod 3983 0x00000225d4dd6110 code [0x00000225d4dd63c0, 0x00000225d4dd6bf0]
Event: 99.930 Thread 0x00000225e8630f30 3984       3       java.lang.String::regionMatches (150 bytes)
Event: 99.931 Thread 0x00000225e8630f30 nmethod 3984 0x00000225d4dd7110 code [0x00000225d4dd7360, 0x00000225d4dd7b28]
Event: 99.938 Thread 0x00000225e8630f30 3985       3       java.lang.StringLatin1::regionMatchesCI (45 bytes)
Event: 99.938 Thread 0x00000225e8630f30 nmethod 3985 0x00000225d4dd7e10 code [0x00000225d4dd7fe0, 0x00000225d4dd8298]

GC Heap History (8 events):
Event: 6.513 GC heap before
{Heap before GC invocations=0 (full 0):
 garbage-first heap   total 253952K, used 23552K [0x00000000a0000000, 0x0000000100000000)
  region size 1024K, 23 young (23552K), 0 survivors (0K)
 Metaspace       used 898K, committed 1024K, reserved 1114112K
  class space    used 72K, committed 128K, reserved 1048576K
}
Event: 6.533 GC heap after
{Heap after GC invocations=1 (full 0):
 garbage-first heap   total 253952K, used 1536K [0x00000000a0000000, 0x0000000100000000)
  region size 1024K, 2 young (2048K), 2 survivors (2048K)
 Metaspace       used 898K, committed 1024K, reserved 1114112K
  class space    used 72K, committed 128K, reserved 1048576K
}
Event: 17.903 GC heap before
{Heap before GC invocations=1 (full 0):
 garbage-first heap   total 253952K, used 39424K [0x00000000a0000000, 0x0000000100000000)
  region size 1024K, 37 young (37888K), 2 survivors (2048K)
 Metaspace       used 4415K, committed 4608K, reserved 1114112K
  class space    used 558K, committed 640K, reserved 1048576K
}
Event: 17.912 GC heap after
{Heap after GC invocations=2 (full 0):
 garbage-first heap   total 253952K, used 10753K [0x00000000a0000000, 0x0000000100000000)
  region size 1024K, 5 young (5120K), 5 survivors (5120K)
 Metaspace       used 4415K, committed 4608K, reserved 1114112K
  class space    used 558K, committed 640K, reserved 1048576K
}
Event: 47.422 GC heap before
{Heap before GC invocations=2 (full 0):
 garbage-first heap   total 253952K, used 114177K [0x00000000a0000000, 0x0000000100000000)
  region size 1024K, 104 young (106496K), 5 survivors (5120K)
 Metaspace       used 14889K, committed 15296K, reserved 1114112K
  class space    used 2074K, committed 2304K, reserved 1048576K
}
Event: 47.561 GC heap after
{Heap after GC invocations=3 (full 0):
 garbage-first heap   total 253952K, used 20588K [0x00000000a0000000, 0x0000000100000000)
  region size 1024K, 13 young (13312K), 13 survivors (13312K)
 Metaspace       used 14889K, committed 15296K, reserved 1114112K
  class space    used 2074K, committed 2304K, reserved 1048576K
}
Event: 68.894 GC heap before
{Heap before GC invocations=3 (full 0):
 garbage-first heap   total 253952K, used 67692K [0x00000000a0000000, 0x0000000100000000)
  region size 1024K, 60 young (61440K), 13 survivors (13312K)
 Metaspace       used 20883K, committed 21504K, reserved 1114112K
  class space    used 3068K, committed 3392K, reserved 1048576K
}
Event: 68.922 GC heap after
{Heap after GC invocations=4 (full 0):
 garbage-first heap   total 253952K, used 24479K [0x00000000a0000000, 0x0000000100000000)
  region size 1024K, 12 young (12288K), 12 survivors (12288K)
 Metaspace       used 20883K, committed 21504K, reserved 1114112K
  class space    used 3068K, committed 3392K, reserved 1048576K
}

Dll operation events (20 events):
Event: 0.855 Attempting to load shared library C:\Users\Lucas Hernandez\.vscode\extensions\redhat.java-1.56.0-win32-x64\jre\21.0.12.1-win32-x86_64\bin\nio.dll
Event: 0.856 Loaded shared library C:\Users\Lucas Hernandez\.vscode\extensions\redhat.java-1.56.0-win32-x64\jre\21.0.12.1-win32-x86_64\bin\nio.dll
Event: 0.863 Attempting to load shared library C:\Users\Lucas Hernandez\.vscode\extensions\redhat.java-1.56.0-win32-x64\jre\21.0.12.1-win32-x86_64\bin\zip.dll
Event: 0.863 Loaded shared library C:\Users\Lucas Hernandez\.vscode\extensions\redhat.java-1.56.0-win32-x64\jre\21.0.12.1-win32-x86_64\bin\zip.dll
Event: 6.557 Attempting to load shared library C:\Users\Lucas Hernandez\.vscode\extensions\redhat.java-1.56.0-win32-x64\jre\21.0.12.1-win32-x86_64\bin\jimage.dll
Event: 6.557 Loaded shared library C:\Users\Lucas Hernandez\.vscode\extensions\redhat.java-1.56.0-win32-x64\jre\21.0.12.1-win32-x86_64\bin\jimage.dll
Event: 10.440 Attempting to load shared library C:\Users\Lucas Hernandez\.vscode\extensions\redhat.java-1.56.0-win32-x64\jre\21.0.12.1-win32-x86_64\bin\verify.dll
Event: 10.441 Loaded shared library C:\Users\Lucas Hernandez\.vscode\extensions\redhat.java-1.56.0-win32-x64\jre\21.0.12.1-win32-x86_64\bin\verify.dll
Event: 11.288 Attempting to load shared library C:\Users\Lucas Hernandez\.gradle\native\1def1411415f61bf3af743bc5b6707747c0891f09f0c88961ee8f79bc544acac\windows-amd64\native-platform.dll
Event: 11.290 Loaded shared library C:\Users\Lucas Hernandez\.gradle\native\1def1411415f61bf3af743bc5b6707747c0891f09f0c88961ee8f79bc544acac\windows-amd64\native-platform.dll
Event: 11.430 Attempting to load shared library C:\Users\Lucas Hernandez\.gradle\native\0.2.7\x86_64-windows-gnu\gradle-fileevents.dll
Event: 11.436 Loaded shared library C:\Users\Lucas Hernandez\.gradle\native\0.2.7\x86_64-windows-gnu\gradle-fileevents.dll
Event: 31.375 Attempting to load shared library C:\Users\Lucas Hernandez\.vscode\extensions\redhat.java-1.56.0-win32-x64\jre\21.0.12.1-win32-x86_64\bin\management.dll
Event: 31.385 Loaded shared library C:\Users\Lucas Hernandez\.vscode\extensions\redhat.java-1.56.0-win32-x64\jre\21.0.12.1-win32-x86_64\bin\management.dll
Event: 31.413 Attempting to load shared library C:\Users\Lucas Hernandez\.vscode\extensions\redhat.java-1.56.0-win32-x64\jre\21.0.12.1-win32-x86_64\bin\management_ext.dll
Event: 31.414 Loaded shared library C:\Users\Lucas Hernandez\.vscode\extensions\redhat.java-1.56.0-win32-x64\jre\21.0.12.1-win32-x86_64\bin\management_ext.dll
Event: 35.624 Attempting to load shared library C:\Users\Lucas Hernandez\.vscode\extensions\redhat.java-1.56.0-win32-x64\jre\21.0.12.1-win32-x86_64\bin\extnet.dll
Event: 35.634 Loaded shared library C:\Users\Lucas Hernandez\.vscode\extensions\redhat.java-1.56.0-win32-x64\jre\21.0.12.1-win32-x86_64\bin\extnet.dll
Event: 37.512 Attempting to load shared library C:\Users\Lucas Hernandez\.vscode\extensions\redhat.java-1.56.0-win32-x64\jre\21.0.12.1-win32-x86_64\bin\sunmscapi.dll
Event: 37.520 Loaded shared library C:\Users\Lucas Hernandez\.vscode\extensions\redhat.java-1.56.0-win32-x64\jre\21.0.12.1-win32-x86_64\bin\sunmscapi.dll

Deoptimization events (20 events):
Event: 99.686 Thread 0x00000225edd087d0 Uncommon trap: trap_request=0xffffff45 fr.pc=0x00000225dc2bd18c relative=0x0000000000002d0c
Event: 99.687 Thread 0x00000225edd087d0 Uncommon trap: reason=unstable_if action=reinterpret pc=0x00000225dc2bd18c method=java.lang.String.regionMatches(ZILjava/lang/String;II)Z @ 36 c2
Event: 99.687 Thread 0x00000225edd087d0 DEOPT PACKING pc=0x00000225dc2bd18c sp=0x000000aba5bfa030
Event: 99.687 Thread 0x00000225edd087d0 DEOPT UNPACKING pc=0x00000225dbb94422 sp=0x000000aba5bf9f30 mode 2
Event: 99.687 Thread 0x00000225edd087d0 Uncommon trap: trap_request=0xffffffde fr.pc=0x00000225dc152368 relative=0x0000000000001088
Event: 99.688 Thread 0x00000225edd087d0 Uncommon trap: reason=class_check action=maybe_recompile pc=0x00000225dc152368 method=jdk.internal.loader.URLClassPath.getLoader(I)Ljdk/internal/loader/URLClassPath$Loader; @ 88 c2
Event: 99.688 Thread 0x00000225edd087d0 DEOPT PACKING pc=0x00000225dc152368 sp=0x000000aba5bfa340
Event: 99.688 Thread 0x00000225edd087d0 DEOPT UNPACKING pc=0x00000225dbb94422 sp=0x000000aba5bfa330 mode 2
Event: 99.688 Thread 0x00000225edd087d0 Uncommon trap: trap_request=0xffffffde fr.pc=0x00000225dc28fb98 relative=0x0000000000004258
Event: 99.688 Thread 0x00000225edd087d0 Uncommon trap: reason=class_check action=maybe_recompile pc=0x00000225dc28fb98 method=jdk.internal.loader.URLClassPath.getResource(Ljava/lang/String;Z)Ljdk/internal/loader/Resource; @ 53 c2
Event: 99.688 Thread 0x00000225edd087d0 DEOPT PACKING pc=0x00000225dc28fb98 sp=0x000000aba5bfa400
Event: 99.688 Thread 0x00000225edd087d0 DEOPT UNPACKING pc=0x00000225dbb94422 sp=0x000000aba5bfa220 mode 2
Event: 99.737 Thread 0x00000225edd087d0 Uncommon trap: trap_request=0xffffff45 fr.pc=0x00000225dc218018 relative=0x00000000000000f8
Event: 99.737 Thread 0x00000225edd087d0 Uncommon trap: reason=unstable_if action=reinterpret pc=0x00000225dc218018 method=java.lang.ClassLoader.getClassLoadingLock(Ljava/lang/String;)Ljava/lang/Object; @ 6 c2
Event: 99.737 Thread 0x00000225edd087d0 DEOPT PACKING pc=0x00000225dc218018 sp=0x000000aba5bf8990
Event: 99.737 Thread 0x00000225edd087d0 DEOPT UNPACKING pc=0x00000225dbb94422 sp=0x000000aba5bf8920 mode 2
Event: 99.746 Thread 0x00000225edd087d0 Uncommon trap: trap_request=0xffffff45 fr.pc=0x00000225dc29d0dc relative=0x00000000000008bc
Event: 99.746 Thread 0x00000225edd087d0 Uncommon trap: reason=unstable_if action=reinterpret pc=0x00000225dc29d0dc method=java.lang.Class.getPackageName()Ljava/lang/String; @ 55 c2
Event: 99.746 Thread 0x00000225edd087d0 DEOPT PACKING pc=0x00000225dc29d0dc sp=0x000000aba5bf9fd0
Event: 99.746 Thread 0x00000225edd087d0 DEOPT UNPACKING pc=0x00000225dbb94422 sp=0x000000aba5bf9fa0 mode 2

Classes loaded (20 events):
Event: 99.669 Loading class jdk/internal/loader/URLClassPath$FileLoader
Event: 99.669 Loading class jdk/internal/loader/URLClassPath$FileLoader done
Event: 99.689 Loading class jdk/internal/loader/URLClassPath$FileLoader$1
Event: 99.689 Loading class jdk/internal/loader/URLClassPath$FileLoader$1 done
Event: 99.832 Loading class java/beans/Transient
Event: 99.832 Loading class java/beans/Transient done
Event: 99.904 Loading class java/util/stream/IntPipeline$1
Event: 99.905 Loading class java/util/stream/IntPipeline$1 done
Event: 99.908 Loading class java/util/stream/IntPipeline$1$1
Event: 99.908 Loading class java/util/stream/Sink$ChainedInt
Event: 99.908 Loading class java/util/stream/Sink$OfInt
Event: 99.908 Loading class java/util/stream/Sink$OfInt done
Event: 99.908 Loading class java/util/stream/Sink$ChainedInt done
Event: 99.908 Loading class java/util/stream/IntPipeline$1$1 done
Event: 99.940 Loading class java/lang/IllegalAccessError
Event: 99.940 Loading class java/lang/IllegalAccessError done
Event: 99.967 Loading class java/lang/Process
Event: 99.968 Loading class java/lang/Process done
Event: 99.968 Loading class java/lang/ProcessBuilder
Event: 99.969 Loading class java/lang/ProcessBuilder done

Classes unloaded (0 events):
No events

Classes redefined (0 events):
No events

Internal exceptions (20 events):
Event: 72.231 Thread 0x00000225edd087d0 Exception <a 'java/lang/NoSuchMethodError'{0x00000000a3891248}: 'java.lang.Object java.lang.invoke.DirectMethodHandle$Holder.invokeSpecial(java.lang.Object, java.lang.Object, java.lang.Object, java.lang.Object, java.lang.Object, java.lang.Object, java.lang.Object, java.lang.Object, java.lang.Object, java.lang.Object, java.lang.Object, java.lang.Object, java.lang.Object, java.lang.Object)'> (0x00000000a3891248) 
thrown [s\src\hotspot\share\interpreter\linkResolver.cpp, line 773]
Event: 72.232 Thread 0x00000225edd087d0 Exception <a 'java/lang/NoSuchMethodError'{0x00000000a3895f98}: 'java.lang.Object java.lang.invoke.DelegatingMethodHandle$Holder.reinvoke_L(java.lang.Object, java.lang.Object, java.lang.Object, java.lang.Object, java.lang.Object, java.lang.Object, java.lang.Object, java.lang.Object, java.lang.Object, java.lang.Object, java.lang.Object, java.lang.Object, java.lang.Object)'> (0x00000000a3895f98) 
thrown [s\src\hotspot\share\interpreter\linkResolver.cpp, line 773]
Event: 73.023 Thread 0x00000225edd087d0 Exception <a 'java/lang/NoSuchMethodError'{0x00000000a36316f0}: 'void java.lang.invoke.DirectMethodHandle$Holder.invokeStaticInit(java.lang.Object, java.lang.Object)'> (0x00000000a36316f0) 
thrown [s\src\hotspot\share\interpreter\linkResolver.cpp, line 773]
Event: 73.704 Thread 0x00000225edd087d0 Exception <a 'java/lang/NoSuchMethodError'{0x00000000a3212d78}: 'java.lang.Object java.lang.invoke.DirectMethodHandle$Holder.newInvokeSpecial(java.lang.Object, java.lang.Object, java.lang.Object, java.lang.Object, java.lang.Object, java.lang.Object, java.lang.Object, java.lang.Object, java.lang.Object)'> (0x00000000a3212d78) 
thrown [s\src\hotspot\share\interpreter\linkResolver.cpp, line 773]
Event: 74.121 Thread 0x00000225edd087d0 Exception <a 'java/lang/NoSuchMethodError'{0x00000000a30f8570}: 'int java.lang.invoke.DirectMethodHandle$Holder.invokeVirtual(java.lang.Object, java.lang.Object)'> (0x00000000a30f8570) 
thrown [s\src\hotspot\share\interpreter\linkResolver.cpp, line 773]
Event: 74.489 Thread 0x00000225edd087d0 Implicit null exception at 0x00000225dc1ae041 to 0x00000225dc1af094
Event: 74.506 Thread 0x00000225edd087d0 Exception <a 'java/lang/NoSuchMethodError'{0x00000000a2c6b0a0}: 'void java.lang.invoke.DirectMethodHandle$Holder.invokeInterface(java.lang.Object, java.lang.Object, java.lang.Object, java.lang.Object, java.lang.Object)'> (0x00000000a2c6b0a0) 
thrown [s\src\hotspot\share\interpreter\linkResolver.cpp, line 773]
Event: 74.654 Thread 0x00000225edd087d0 Exception <a 'java/lang/NoSuchMethodError'{0x00000000a2cfb908}: 'void java.lang.invoke.DirectMethodHandle$Holder.invokeStatic(java.lang.Object, java.lang.Object, java.lang.Object, java.lang.Object, java.lang.Object, java.lang.Object)'> (0x00000000a2cfb908) 
thrown [s\src\hotspot\share\interpreter\linkResolver.cpp, line 773]
Event: 75.600 Thread 0x00000225edd087d0 Exception <a 'java/lang/IncompatibleClassChangeError'{0x00000000a24ed2b0}: Found class java.lang.Object, but interface was expected> (0x00000000a24ed2b0) 
thrown [s\src\hotspot\share\interpreter\linkResolver.cpp, line 840]
Event: 79.322 Thread 0x00000225edd087d0 Exception <a 'java/lang/NoSuchMethodError'{0x00000000a22b8c10}: 'java.lang.Object java.lang.invoke.DirectMethodHandle$Holder.newInvokeSpecial(java.lang.Object, java.lang.Object, long)'> (0x00000000a22b8c10) 
thrown [s\src\hotspot\share\interpreter\linkResolver.cpp, line 773]
Event: 79.323 Thread 0x00000225edd087d0 Exception <a 'java/lang/NoSuchMethodError'{0x00000000a22bcfb8}: 'java.lang.Object java.lang.invoke.Invokers$Holder.linkToTargetMethod(java.lang.Object, long, java.lang.Object)'> (0x00000000a22bcfb8) 
thrown [s\src\hotspot\share\interpreter\linkResolver.cpp, line 773]
Event: 79.391 Thread 0x00000225edd08140 Implicit null exception at 0x00000225dc248647 to 0x00000225dc248a00
Event: 79.715 Thread 0x00000225edd087d0 Exception <a 'java/lang/NoSuchMethodError'{0x00000000a1fb2118}: 'int java.lang.invoke.DirectMethodHandle$Holder.invokeInterface(java.lang.Object, java.lang.Object)'> (0x00000000a1fb2118) 
thrown [s\src\hotspot\share\interpreter\linkResolver.cpp, line 773]
Event: 79.764 Thread 0x00000225edd087d0 Exception <a 'java/lang/NoSuchMethodError'{0x00000000a1e3cc78}: 'java.lang.Object java.lang.invoke.DirectMethodHandle$Holder.invokeVirtual(java.lang.Object, java.lang.Object, int)'> (0x00000000a1e3cc78) 
thrown [s\src\hotspot\share\interpreter\linkResolver.cpp, line 773]
Event: 87.139 Thread 0x00000225edd087d0 Exception <a 'java/lang/NoSuchMethodError'{0x00000000a1dc69b0}: 'java.lang.Object java.lang.invoke.DirectMethodHandle$Holder.invokeStatic(java.lang.Object, java.lang.Object, int, java.lang.Object)'> (0x00000000a1dc69b0) 
thrown [s\src\hotspot\share\interpreter\linkResolver.cpp, line 773]
Event: 87.146 Thread 0x00000225edd087d0 Exception <a 'java/lang/NoSuchMethodError'{0x00000000a1dcde08}: 'java.lang.Object java.lang.invoke.DirectMethodHandle$Holder.newInvokeSpecial(java.lang.Object, java.lang.Object, int, java.lang.Object)'> (0x00000000a1dcde08) 
thrown [s\src\hotspot\share\interpreter\linkResolver.cpp, line 773]
Event: 87.149 Thread 0x00000225edd087d0 Exception <a 'java/lang/NoSuchMethodError'{0x00000000a1dd25a0}: 'java.lang.Object java.lang.invoke.DirectMethodHandle$Holder.invokeSpecial(java.lang.Object, java.lang.Object, java.lang.Object, int, java.lang.Object)'> (0x00000000a1dd25a0) 
thrown [s\src\hotspot\share\interpreter\linkResolver.cpp, line 773]
Event: 99.640 Thread 0x00000225edd087d0 Exception <a 'java/lang/NoSuchMethodError'{0x00000000a19cf870}: 'void java.lang.invoke.DirectMethodHandle$Holder.invokeInterface(java.lang.Object, java.lang.Object, java.lang.Object, java.lang.Object, java.lang.Object, java.lang.Object, java.lang.Object)'> (0x00000000a19cf870) 
thrown [s\src\hotspot\share\interpreter\linkResolver.cpp, line 773]
Event: 99.643 Thread 0x00000225edd087d0 Exception <a 'java/lang/NoSuchMethodError'{0x00000000a19d41f8}: 'void java.lang.invoke.DelegatingMethodHandle$Holder.reinvoke_L(java.lang.Object, java.lang.Object, java.lang.Object, java.lang.Object, java.lang.Object, java.lang.Object, java.lang.Object)'> (0x00000000a19d41f8) 
thrown [s\src\hotspot\share\interpreter\linkResolver.cpp, line 773]
Event: 99.966 Thread 0x00000225edd087d0 Exception <a 'java/lang/NoSuchMethodError'{0x00000000a169e328}: 'java.lang.Object java.lang.invoke.DirectMethodHandle$Holder.invokeStaticInit(java.lang.Object, java.lang.Object, java.lang.Object, java.lang.Object, java.lang.Object, java.lang.Object, java.lang.Object)'> (0x00000000a169e328) 
thrown [s\src\hotspot\share\interpreter\linkResolver.cpp, line 773]

ZGC Phase Switch (0 events):
No events

VM Operations (20 events):
Event: 91.464 Executing safepoint VM operation: Cleanup
Event: 91.464 Executing safepoint VM operation: Cleanup done
Event: 92.470 Executing safepoint VM operation: Cleanup
Event: 92.470 Executing safepoint VM operation: Cleanup done
Event: 93.470 Executing safepoint VM operation: Cleanup
Event: 93.470 Executing safepoint VM operation: Cleanup done
Event: 94.475 Executing safepoint VM operation: Cleanup
Event: 94.475 Executing safepoint VM operation: Cleanup done
Event: 95.489 Executing safepoint VM operation: Cleanup
Event: 95.489 Executing safepoint VM operation: Cleanup done
Event: 96.492 Executing safepoint VM operation: Cleanup
Event: 96.492 Executing safepoint VM operation: Cleanup done
Event: 98.508 Executing safepoint VM operation: Cleanup
Event: 98.508 Executing safepoint VM operation: Cleanup done
Event: 99.520 Executing safepoint VM operation: Cleanup
Event: 99.536 Executing safepoint VM operation: Cleanup done
Event: 99.699 Executing non-safepoint VM operation: HandshakeAllThreads (Deoptimize)
Event: 99.699 Executing non-safepoint VM operation: HandshakeAllThreads (Deoptimize) done
Event: 99.703 Executing non-safepoint VM operation: HandshakeAllThreads (Deoptimize)
Event: 99.703 Executing non-safepoint VM operation: HandshakeAllThreads (Deoptimize) done

Memory protections (0 events):
No events

Nmethod flushes (0 events):
No events

Events (20 events):
Event: 32.505 Thread 0x00000225d14108f0 Thread added: 0x00000225e8759d60
Event: 37.131 Thread 0x00000225d14108f0 Thread added: 0x00000225ed07dc60
Event: 37.434 Thread 0x00000225d14108f0 Thread added: 0x00000225ee63c670
Event: 37.765 Thread 0x00000225ed07dc60 Thread added: 0x00000225ee5804e0
Event: 37.828 Thread 0x00000225ee5804e0 Thread added: 0x00000225ee3a12d0
Event: 38.083 Thread 0x00000225ee5804e0 Thread added: 0x00000225edd08e60
Event: 38.397 Thread 0x00000225ee5804e0 Thread added: 0x00000225edd087d0
Event: 38.608 Thread 0x00000225edd087d0 Thread added: 0x00000225edd06070
Event: 38.764 Thread 0x00000225edd087d0 Thread added: 0x00000225edd094f0
Event: 38.856 Thread 0x00000225edd087d0 Thread added: 0x00000225edd07ab0
Event: 47.309 Thread 0x00000225edd087d0 Thread added: 0x00000225edd08140
Event: 47.752 Thread 0x00000225edd087d0 Thread added: 0x00000225edd06700
Event: 48.241 Thread 0x00000225edd06700 Thread added: 0x00000225edd06d90
Event: 48.308 Thread 0x00000225edd087d0 Thread added: 0x00000225edd07420
Event: 70.881 Thread 0x00000225edd087d0 Thread added: 0x00000225ef0ef320
Event: 70.992 Thread 0x00000225edd087d0 Thread added: 0x00000225ef0ed250
Event: 73.968 Thread 0x00000225edd087d0 Thread added: 0x00000225ef0eec90
Event: 74.112 Thread 0x00000225edd087d0 Thread added: 0x00000225ef0ef9b0
Event: 87.159 Thread 0x00000225edd087d0 Thread added: 0x00000225ef0ec530
Event: 95.668 Thread 0x00000225edd087d0 Thread added: 0x00000225ef0edf70


Dynamic libraries:
0x00007ff61a400000 - 0x00007ff61a40e000 	C:\Users\Lucas Hernandez\.vscode\extensions\redhat.java-1.56.0-win32-x64\jre\21.0.12.1-win32-x86_64\bin\java.exe
0x00007ffa77d80000 - 0x00007ffa77fe7000 	C:\WINDOWS\SYSTEM32\ntdll.dll
0x00007ffa765c0000 - 0x00007ffa7668b000 	C:\WINDOWS\System32\KERNEL32.DLL
0x00007ffa74f80000 - 0x00007ffa75382000 	C:\WINDOWS\System32\KERNELBASE.dll
0x00007ffa75940000 - 0x00007ffa75a8c000 	C:\WINDOWS\System32\ucrtbase.dll
0x00007ffa54440000 - 0x00007ffa54458000 	C:\Users\Lucas Hernandez\.vscode\extensions\redhat.java-1.56.0-win32-x64\jre\21.0.12.1-win32-x86_64\bin\jli.dll
0x00007ffa76d80000 - 0x00007ffa76f4f000 	C:\WINDOWS\System32\USER32.dll
0x00007ffa75630000 - 0x00007ffa75657000 	C:\WINDOWS\System32\win32u.dll
0x00007ffa76590000 - 0x00007ffa765bb000 	C:\WINDOWS\System32\GDI32.dll
0x00007ffa75390000 - 0x00007ffa754b9000 	C:\WINDOWS\System32\gdi32full.dll
0x00007ffa75580000 - 0x00007ffa75623000 	C:\WINDOWS\System32\msvcp_win.dll
0x00007ffa55230000 - 0x00007ffa5524e000 	C:\Users\Lucas Hernandez\.vscode\extensions\redhat.java-1.56.0-win32-x64\jre\21.0.12.1-win32-x86_64\bin\VCRUNTIME140.dll
0x00007ffa626a0000 - 0x00007ffa62930000 	C:\WINDOWS\WinSxS\amd64_microsoft.windows.common-controls_6595b64144ccf1df_6.0.26100.9278_none_3e0d1ba8e3303201\COMCTL32.dll
0x00007ffa77060000 - 0x00007ffa77109000 	C:\WINDOWS\System32\msvcrt.dll
0x00007ffa75db0000 - 0x00007ffa75de1000 	C:\WINDOWS\System32\IMM32.DLL
0x00007ffa60070000 - 0x00007ffa6007c000 	C:\Users\Lucas Hernandez\.vscode\extensions\redhat.java-1.56.0-win32-x64\jre\21.0.12.1-win32-x86_64\bin\vcruntime140_1.dll
0x00007ffa258a0000 - 0x00007ffa2592d000 	C:\Users\Lucas Hernandez\.vscode\extensions\redhat.java-1.56.0-win32-x64\jre\21.0.12.1-win32-x86_64\bin\msvcp140.dll
0x00007ff9a90d0000 - 0x00007ff9a9e72000 	C:\Users\Lucas Hernandez\.vscode\extensions\redhat.java-1.56.0-win32-x64\jre\21.0.12.1-win32-x86_64\bin\server\jvm.dll
0x00007ffa76b60000 - 0x00007ffa76c1c000 	C:\WINDOWS\System32\ADVAPI32.dll
0x00007ffa771a0000 - 0x00007ffa77249000 	C:\WINDOWS\System32\sechost.dll
0x00007ffa76a40000 - 0x00007ffa76b58000 	C:\WINDOWS\System32\RPCRT4.dll
0x00007ffa75c10000 - 0x00007ffa75c90000 	C:\WINDOWS\System32\WS2_32.dll
0x00007ffa74e00000 - 0x00007ffa74e5e000 	C:\WINDOWS\SYSTEM32\POWRPROF.dll
0x00007ffa6c150000 - 0x00007ffa6c186000 	C:\WINDOWS\SYSTEM32\WINMM.dll
0x00007ffa6cd30000 - 0x00007ffa6cd3b000 	C:\WINDOWS\SYSTEM32\VERSION.dll
0x00007ffa74de0000 - 0x00007ffa74df5000 	C:\WINDOWS\SYSTEM32\UMPDC.dll
0x00007ffa73c30000 - 0x00007ffa73c4b000 	C:\WINDOWS\SYSTEM32\kernel.appcore.dll
0x00007ffa5ff20000 - 0x00007ffa5ff2a000 	C:\Users\Lucas Hernandez\.vscode\extensions\redhat.java-1.56.0-win32-x64\jre\21.0.12.1-win32-x86_64\bin\jimage.dll
0x00007ffa68aa0000 - 0x00007ffa68cec000 	C:\WINDOWS\SYSTEM32\DBGHELP.DLL
0x00007ffa766b0000 - 0x00007ffa76a35000 	C:\WINDOWS\System32\combase.dll
0x00007ffa776e0000 - 0x00007ffa777b9000 	C:\WINDOWS\System32\OLEAUT32.dll
0x00007ffa5e7b0000 - 0x00007ffa5e7eb000 	C:\WINDOWS\SYSTEM32\dbgcore.DLL
0x00007ffa75880000 - 0x00007ffa7592c000 	C:\WINDOWS\System32\bcryptPrimitives.dll
0x00007ffa58db0000 - 0x00007ffa58dbf000 	C:\Users\Lucas Hernandez\.vscode\extensions\redhat.java-1.56.0-win32-x64\jre\21.0.12.1-win32-x86_64\bin\instrument.dll
0x00007ffa54380000 - 0x00007ffa543a0000 	C:\Users\Lucas Hernandez\.vscode\extensions\redhat.java-1.56.0-win32-x64\jre\21.0.12.1-win32-x86_64\bin\java.dll
0x00007ffa75df0000 - 0x00007ffa76588000 	C:\WINDOWS\System32\SHELL32.dll
0x00007ffa729c0000 - 0x00007ffa7326e000 	C:\WINDOWS\SYSTEM32\windows.storage.dll
0x00007ffa76f60000 - 0x00007ffa7705b000 	C:\WINDOWS\System32\SHCORE.dll
0x00007ffa77b40000 - 0x00007ffa77ba6000 	C:\WINDOWS\System32\shlwapi.dll
0x00007ffa74ea0000 - 0x00007ffa74ec9000 	C:\WINDOWS\SYSTEM32\profapi.dll
0x00007ffa54120000 - 0x00007ffa54138000 	C:\Users\Lucas Hernandez\.vscode\extensions\redhat.java-1.56.0-win32-x64\jre\21.0.12.1-win32-x86_64\bin\zip.dll
0x00007ffa5f810000 - 0x00007ffa5f820000 	C:\Users\Lucas Hernandez\.vscode\extensions\redhat.java-1.56.0-win32-x64\jre\21.0.12.1-win32-x86_64\bin\net.dll
0x00007ffa6ca10000 - 0x00007ffa6cb3a000 	C:\WINDOWS\SYSTEM32\WINHTTP.dll
0x00007ffa74210000 - 0x00007ffa7427c000 	C:\WINDOWS\system32\mswsock.dll
0x00007ffa53680000 - 0x00007ffa53696000 	C:\Users\Lucas Hernandez\.vscode\extensions\redhat.java-1.56.0-win32-x64\jre\21.0.12.1-win32-x86_64\bin\nio.dll
0x00007ffa57e70000 - 0x00007ffa57e80000 	C:\Users\Lucas Hernandez\.vscode\extensions\redhat.java-1.56.0-win32-x64\jre\21.0.12.1-win32-x86_64\bin\verify.dll
0x00007ffa47ff0000 - 0x00007ffa48017000 	C:\Users\Lucas Hernandez\.gradle\native\1def1411415f61bf3af743bc5b6707747c0891f09f0c88961ee8f79bc544acac\windows-amd64\native-platform.dll
0x00007ffa25c60000 - 0x00007ffa25cd8000 	C:\Users\Lucas Hernandez\.gradle\native\0.2.7\x86_64-windows-gnu\gradle-fileevents.dll
0x00007ffa6fe70000 - 0x00007ffa6fe7a000 	C:\Users\Lucas Hernandez\.vscode\extensions\redhat.java-1.56.0-win32-x64\jre\21.0.12.1-win32-x86_64\bin\management.dll
0x00007ffa6fe60000 - 0x00007ffa6fe6c000 	C:\Users\Lucas Hernandez\.vscode\extensions\redhat.java-1.56.0-win32-x64\jre\21.0.12.1-win32-x86_64\bin\management_ext.dll
0x00007ffa77c00000 - 0x00007ffa77c08000 	C:\WINDOWS\System32\PSAPI.DLL
0x00007ffa735d0000 - 0x00007ffa73603000 	C:\WINDOWS\SYSTEM32\IPHLPAPI.DLL
0x00007ffa77c10000 - 0x00007ffa77c1a000 	C:\WINDOWS\System32\NSI.dll
0x00007ffa60960000 - 0x00007ffa60969000 	C:\Users\Lucas Hernandez\.vscode\extensions\redhat.java-1.56.0-win32-x64\jre\21.0.12.1-win32-x86_64\bin\extnet.dll
0x00007ffa74520000 - 0x00007ffa7453b000 	C:\WINDOWS\SYSTEM32\CRYPTSP.dll
0x00007ffa73b90000 - 0x00007ffa73bc9000 	C:\WINDOWS\system32\rsaenh.dll
0x00007ffa742c0000 - 0x00007ffa742f4000 	C:\WINDOWS\SYSTEM32\USERENV.dll
0x00007ffa74e70000 - 0x00007ffa74e9a000 	C:\WINDOWS\SYSTEM32\bcrypt.dll
0x00007ffa74500000 - 0x00007ffa7450c000 	C:\WINDOWS\SYSTEM32\CRYPTBASE.dll
0x00007ffa60950000 - 0x00007ffa6095e000 	C:\Users\Lucas Hernandez\.vscode\extensions\redhat.java-1.56.0-win32-x64\jre\21.0.12.1-win32-x86_64\bin\sunmscapi.dll
0x00007ffa756f0000 - 0x00007ffa7586e000 	C:\WINDOWS\System32\CRYPT32.dll
0x00007ffa74740000 - 0x00007ffa74770000 	C:\WINDOWS\SYSTEM32\ncrypt.dll
0x00007ffa746f0000 - 0x00007ffa7472f000 	C:\WINDOWS\SYSTEM32\NTASN1.dll
0x00007ffa3a230000 - 0x00007ffa3a238000 	C:\WINDOWS\system32\wshunix.dll

JVMTI agents:
C:\Users\Lucas Hernandez\.gradle\wrapper\dists\gradle-8.14.3-all\10utluxaxniiv4wxiphsi49nj\gradle-8.14.3\lib\agents\gradle-instrumentation-agent-8.14.3.jar path:C:\Users\Lucas Hernandez\.vscode\extensions\redhat.java-1.56.0-win32-x64\jre\21.0.12.1-win32-x86_64\bin\instrument.dll, loaded, initialized, instrumentlib options:none

dbghelp: loaded successfully - version: 4.0.5 - missing functions: none
symbol engine: initialized successfully - sym options: 0x614 - pdb path: .;C:\Users\Lucas Hernandez\.vscode\extensions\redhat.java-1.56.0-win32-x64\jre\21.0.12.1-win32-x86_64\bin;C:\WINDOWS\SYSTEM32;C:\WINDOWS\WinSxS\amd64_microsoft.windows.common-controls_6595b64144ccf1df_6.0.26100.9278_none_3e0d1ba8e3303201;C:\Users\Lucas Hernandez\.vscode\extensions\redhat.java-1.56.0-win32-x64\jre\21.0.12.1-win32-x86_64\bin\server;C:\Users\Lucas Hernandez\.gradle\native\1def1411415f61bf3af743bc5b6707747c0891f09f0c88961ee8f79bc544acac\windows-amd64;C:\Users\Lucas Hernandez\.gradle\native\0.2.7\x86_64-windows-gnu

VM Arguments:
jvm_args: --add-opens=java.base/java.lang=ALL-UNNAMED --add-opens=java.base/java.lang.invoke=ALL-UNNAMED --add-opens=java.base/java.util=ALL-UNNAMED --add-opens=java.prefs/java.util.prefs=ALL-UNNAMED --add-exports=jdk.compiler/com.sun.tools.javac.api=ALL-UNNAMED --add-exports=jdk.compiler/com.sun.tools.javac.util=ALL-UNNAMED --add-opens=java.base/java.util=ALL-UNNAMED --add-opens=java.prefs/java.util.prefs=ALL-UNNAMED --add-opens=java.base/java.nio.charset=ALL-UNNAMED --add-opens=java.base/java.net=ALL-UNNAMED --add-opens=java.base/java.util.concurrent.atomic=ALL-UNNAMED --add-opens=java.xml/javax.xml.namespace=ALL-UNNAMED -Xmx1536m -Dfile.encoding=UTF-8 -Duser.country=ES -Duser.language=es -Duser.variant -javaagent:C:\Users\Lucas Hernandez\.gradle\wrapper\dists\gradle-8.14.3-all\10utluxaxniiv4wxiphsi49nj\gradle-8.14.3\lib\agents\gradle-instrumentation-agent-8.14.3.jar 
java_command: org.gradle.launcher.daemon.bootstrap.GradleDaemon 8.14.3
java_class_path (initial): C:\Users\Lucas Hernandez\.gradle\wrapper\dists\gradle-8.14.3-all\10utluxaxniiv4wxiphsi49nj\gradle-8.14.3\lib\gradle-daemon-main-8.14.3.jar
Launcher Type: SUN_STANDARD

[Global flags]
     intx CICompilerCount                          = 4                                         {product} {ergonomic}
     uint ConcGCThreads                            = 3                                         {product} {ergonomic}
     uint G1ConcRefinementThreads                  = 10                                        {product} {ergonomic}
   size_t G1HeapRegionSize                         = 1048576                                   {product} {ergonomic}
    uintx GCDrainStackTargetSize                   = 64                                        {product} {ergonomic}
   size_t InitialHeapSize                          = 260046848                                 {product} {ergonomic}
   size_t MarkStackSize                            = 4194304                                   {product} {ergonomic}
   size_t MaxHeapSize                              = 1610612736                                {product} {command line}
   size_t MaxNewSize                               = 965738496                                 {product} {ergonomic}
   size_t MinHeapDeltaBytes                        = 1048576                                   {product} {ergonomic}
   size_t MinHeapSize                              = 8388608                                   {product} {ergonomic}
    uintx NonNMethodCodeHeapSize                   = 5839372                                {pd product} {ergonomic}
    uintx NonProfiledCodeHeapSize                  = 122909434                              {pd product} {ergonomic}
    uintx ProfiledCodeHeapSize                     = 122909434                              {pd product} {ergonomic}
    uintx ReservedCodeCacheSize                    = 251658240                              {pd product} {ergonomic}
     bool SegmentedCodeCache                       = true                                      {product} {ergonomic}
   size_t SoftMaxHeapSize                          = 1610612736                             {manageable} {ergonomic}
     bool UseCompressedOops                        = true                           {product lp64_product} {ergonomic}
     bool UseG1GC                                  = true                                      {product} {ergonomic}
     bool UseLargePagesIndividualAllocation        = false                                  {pd product} {ergonomic}

Logging:
Log output configuration:
 #0: stdout all=warning uptime,level,tags foldmultilines=false
 #1: stderr all=off uptime,level,tags foldmultilines=false

Release file:
JAVA_VERSION="21.0.12.1" 
MODULES="java.base java.compiler java.datatransfer java.xml java.prefs java.desktop java.instrument java.logging java.management java.security.sasl java.naming java.rmi java.management.rmi java.net.http java.scripting java.security.jgss java.transaction.xa java.sql java.sql.rowset java.xml.crypto java.se java.smartcardio jdk.accessibility jdk.internal.jvmstat jdk.attach jdk.charsets jdk.internal.opt jdk.zipfs jdk.compiler jdk.crypto.ec jdk.crypto.cryptoki jdk.crypto.mscapi jdk.dynalink jdk.internal.ed jdk.editpad jdk.hotspot.agent jdk.httpserver jdk.internal.le jdk.internal.vm.ci jdk.internal.vm.compiler jdk.internal.vm.compiler.management jdk.jartool jdk.javadoc jdk.jcmd jdk.management jdk.management.agent jdk.jconsole jdk.jdeps jdk.jdwp.agent jdk.jdi jdk.jfr jdk.jshell jdk.jsobject jdk.jstatd jdk.localedata jdk.management.jfr jdk.naming.dns jdk.naming.rmi jdk.net jdk.nio.mapmode jdk.random jdk.sctp jdk.security.auth jdk.security.jgss jdk.unsupported jdk.unsupported.desktop jdk.xml.dom" 

Environment Variables:
JAVA_HOME=C:\Program Files\Eclipse Adoptium\jdk-17.0.20.101-hotspot\
PATH=C:\Program Files\Eclipse Adoptium\jdk-17.0.20.101-hotspot\bin;C:\Users\Lucas Hernandez\AppData\Local\Programs\Python\Python314\Scripts\;C:\Users\Lucas Hernandez\AppData\Local\Programs\Python\Python314\;C:\app\dbhomeXE\bin;C:\WINDOWS\system32;C:\WINDOWS;C:\WINDOWS\System32\Wbem;C:\WINDOWS\System32\WindowsPowerShell\v1.0\;C:\WINDOWS\System32\OpenSSH\;C:\Program Files\Docker\Docker\resources\bin;C:\Program Files\nodejs\;C:\ProgramData\chocolatey\bin;C:\Program Files\dotnet\;C:\Program Files\Git\cmd;C:\Program Files\MySQL\MySQL Shell 8.0\bin\;C:\Users\Lucas Hernandez\AppData\Local\Microsoft\WindowsApps;C:\Program Files\JetBrains\IntelliJ IDEA 2025.2.2\bin;C:\Users\Lucas Hernandez\AppData\Local\GitHubDesktop\bin;C:\Users\Lucas Hernandez\AppData\Local\Programs\Microsoft VS Code\bin;C:\Users\Lucas Hernandez\AppData\Local\Python\bin;C:\Users\Lucas Hernandez\AppData\Local\Programs\cursor\resources\app\bin;C:\Users\Lucas Hernandez\AppData\Roaming\npm;C:\src\flutter\bin;;C:\Android\sdk\platform-tools;C:\Android\sdk\cmdline-tools\latest\bin;C:\Android\sdk\emulator
USERNAME=Lucas Hernandez
OS=Windows_NT
PROCESSOR_IDENTIFIER=AMD64 Family 23 Model 104 Stepping 1, AuthenticAMD
TMP=C:\Users\LUCASH~1\AppData\Local\Temp
TEMP=C:\Users\LUCASH~1\AppData\Local\Temp




Periodic native trim disabled

---------------  S Y S T E M  ---------------

OS:
 Windows 11 , 64 bit Build 26100 (10.0.26100.9444)
OS uptime: 11 days 18:59 hours
Hyper-V role detected

CPU: total 12 (initial active 12) (12 cores per cpu, 2 threads per core) family 23 model 104 stepping 1 microcode 0x8608103, cx8, cmov, fxsr, ht, mmx, 3dnowpref, sse, sse2, sse3, ssse3, sse4a, sse4.1, sse4.2, popcnt, lzcnt, tsc, tscinvbit, avx, avx2, aes, clmul, bmi1, bmi2, adx, sha, fma, vzeroupper, clflush, clflushopt, hv, rdtscp, rdpid, f16c
Processor Information for the first 12 processors :
  Max Mhz: 2100, Current Mhz: 2100, Mhz Limit: 2100

Memory: 4k page, system-wide physical 15754M (251M free)
TotalPageFile size 64906M (AvailPageFile size 41M)
current process WorkingSet (physical memory assigned to process): 138M, peak: 198M
current process commit charge ("private bytes"): 243M, peak: 410M

vm_info: OpenJDK 64-Bit Server VM (21.0.12.1+1-LTS) for windows-amd64 JRE (21.0.12.1+1-LTS), built on 2026-08-18T00:00:00Z by "admin" with MS VC++ 17.12 (VS2022)

END.
