#
# There is insufficient memory for the Java Runtime Environment to continue.
# Native memory allocation (malloc) failed to allocate 1451376 bytes. Error detail: Chunk::new
# Possible reasons:
#   The system is out of physical RAM or swap space
#   This process is running with CompressedOops enabled, and the Java Heap may be blocking the growth of the native heap
# Possible solutions:
#   Reduce memory load on the system
#   Increase physical memory or swap space
#   Check if swap backing store is full
#   Decrease Java heap size (-Xmx/-Xms)
#   Decrease number of Java threads
#   Decrease Java thread stack sizes (-Xss)
#   Set larger code cache with -XX:ReservedCodeCacheSize=
#   JVM is running with Unscaled Compressed Oops mode in which the Java heap is
#     placed in the first 4GB address space. The Java Heap base address is the
#     maximum limit for the native heap growth. Please use -XX:HeapBaseMinAddress
#     to set the Java Heap base and to place the Java Heap above 4GB virtual address.
# This output file may be truncated or incomplete.
#
#  Out of Memory Error (arena.cpp:168), pid=40048, tid=7228
#
# JRE version: OpenJDK Runtime Environment Temurin-21.0.12.1+1 (21.0.12.1+1) (build 21.0.12.1+1-LTS)
# Java VM: OpenJDK 64-Bit Server VM Temurin-21.0.12.1+1 (21.0.12.1+1-LTS, mixed mode, sharing, tiered, compressed oops, compressed class ptrs, g1 gc, windows-amd64)
# No core dump will be written. Minidumps are not enabled by default on client versions of Windows
#

---------------  S U M M A R Y ------------

Command Line: --add-opens=java.base/java.lang=ALL-UNNAMED --add-opens=java.base/java.lang.invoke=ALL-UNNAMED --add-opens=java.base/java.util=ALL-UNNAMED --add-opens=java.prefs/java.util.prefs=ALL-UNNAMED --add-exports=jdk.compiler/com.sun.tools.javac.api=ALL-UNNAMED --add-exports=jdk.compiler/com.sun.tools.javac.util=ALL-UNNAMED --add-opens=java.base/java.util=ALL-UNNAMED --add-opens=java.prefs/java.util.prefs=ALL-UNNAMED --add-opens=java.base/java.nio.charset=ALL-UNNAMED --add-opens=java.base/java.net=ALL-UNNAMED --add-opens=java.base/java.util.concurrent.atomic=ALL-UNNAMED --add-opens=java.xml/javax.xml.namespace=ALL-UNNAMED -Xmx1536m -Dfile.encoding=UTF-8 -Duser.country=ES -Duser.language=es -Duser.variant -javaagent:C:\Users\Lucas Hernandez\.gradle\wrapper\dists\gradle-8.14.3-all\10utluxaxniiv4wxiphsi49nj\gradle-8.14.3\lib\agents\gradle-instrumentation-agent-8.14.3.jar org.gradle.launcher.daemon.bootstrap.GradleDaemon 8.14.3

Host: AMD Ryzen 5 7430U with Radeon Graphics, 12 cores, 15G,  Windows 11 , 64 bit Build 26100 (10.0.26100.9444)
Time: Wed Oct  7 16:16:44 2026 Hora de verano romance elapsed time: 187.909336 seconds (0d 0h 3m 7s)

---------------  T H R E A D  ---------------

Current thread (0x000001ccda9cf8c0):  JavaThread "C2 CompilerThread0" daemon [_thread_in_native, id=7228, stack(0x000000ab94b00000,0x000000ab94c00000) (1024K)]


Current CompileTask:
C2:187909 9542       4       java.lang.Class::getMethodsRecursive (99 bytes)

Stack: [0x000000ab94b00000,0x000000ab94c00000]
Native frames: (J=compiled Java code, j=interpreted, Vv=VM code, C=native code)
V  [jvm.dll+0x6d83e9]
V  [jvm.dll+0x8b5736]
V  [jvm.dll+0x8b7cee]
V  [jvm.dll+0x8b83d3]
V  [jvm.dll+0x284596]
V  [jvm.dll+0xc685d]
V  [jvm.dll+0xc6da1]
V  [jvm.dll+0x3bf151]
V  [jvm.dll+0x38b6d2]
V  [jvm.dll+0x38ab1a]
V  [jvm.dll+0x24c700]
V  [jvm.dll+0x24bce0]
V  [jvm.dll+0x1cb4ae]
V  [jvm.dll+0x25baad]
V  [jvm.dll+0x25a03a]
V  [jvm.dll+0x3f8aae]
V  [jvm.dll+0x8600cd]
V  [jvm.dll+0x6d6c1d]
C  [ucrtbase.dll+0x2cd30]
C  [KERNEL32.DLL+0x2cd87]
C  [ntdll.dll+0xacaec]


---------------  P R O C E S S  ---------------

Threads class SMR info:
_java_thread_list=0x000001cce2a3d5d0, length=77, elements={
0x000001ccc16e2630, 0x000001ccda9c7d00, 0x000001ccda9cb490, 0x000001ccda9ccc10,
0x000001ccda9cd670, 0x000001ccda9ce0d0, 0x000001ccda9ceb30, 0x000001ccda9cf8c0,
0x000001ccdaa46a60, 0x000001ccdac29190, 0x000001ccdac847e0, 0x000001ccdfbb8e80,
0x000001cce00dc5a0, 0x000001cce05c3100, 0x000001ccdab267c0, 0x000001cce05f6ad0,
0x000001cce07e6ee0, 0x000001cce07e4780, 0x000001cce07e4e10, 0x000001cce07e5b30,
0x000001cce07e61c0, 0x000001cce07e40f0, 0x000001cce07e54a0, 0x000001cce07e6850,
0x000001cce07e7570, 0x000001cce0ce7230, 0x000001cce0ce78c0, 0x000001cce0ce85e0,
0x000001cce0ce7f50, 0x000001cce0ce9300, 0x000001cce0ce6510, 0x000001cce0cece10,
0x000001cce0cead40, 0x000001cce0ceb3d0, 0x000001cce0cea6b0, 0x000001cce0ceba60,
0x000001cce0cec0f0, 0x000001cce0ce9990, 0x000001ccdfbc1c10, 0x000001ccdfbc4370,
0x000001ccdfbc0ef0, 0x000001ccdfbc2930, 0x000001ccdfbc4a00, 0x000001ccdfbc3ce0,
0x000001ccdfbc1580, 0x000001ccdfbc2fc0, 0x000001ccdfbc5090, 0x000001ccdfbc5720,
0x000001ccdfbc22a0, 0x000001ccdfbc3650, 0x000001ccdfbc77f0, 0x000001ccdfbc7e80,
0x000001ccdfbc6440, 0x000001ccdfbc8510, 0x000001ccdfbc6ad0, 0x000001ccdfbc7160,
0x000001cce170e810, 0x000001cce1711600, 0x000001cce170f530, 0x000001cce170fbc0,
0x000001cce1710250, 0x000001cce17108e0, 0x000001cce1711c90, 0x000001cce1710f70,
0x000001cce1712320, 0x000001cce170eea0, 0x000001cce1714a80, 0x000001cce17136d0,
0x000001cce1713d60, 0x000001cce1715110, 0x000001cce1715e30, 0x000001cce17143f0,
0x000001cce17157a0, 0x000001cce17129b0, 0x000001cce1713040, 0x000001ccdfca3240,
0x000001ccdfca3f60
}

Java Threads: ( => current thread )
  0x000001ccc16e2630 JavaThread "main"                              [_thread_blocked, id=32720, stack(0x000000ab93d00000,0x000000ab93e00000) (1024K)]
  0x000001ccda9c7d00 JavaThread "Reference Handler"          daemon [_thread_blocked, id=17904, stack(0x000000ab94500000,0x000000ab94600000) (1024K)]
  0x000001ccda9cb490 JavaThread "Finalizer"                  daemon [_thread_blocked, id=5060, stack(0x000000ab94600000,0x000000ab94700000) (1024K)]
  0x000001ccda9ccc10 JavaThread "Signal Dispatcher"          daemon [_thread_blocked, id=35376, stack(0x000000ab94700000,0x000000ab94800000) (1024K)]
  0x000001ccda9cd670 JavaThread "Attach Listener"            daemon [_thread_blocked, id=28560, stack(0x000000ab94800000,0x000000ab94900000) (1024K)]
  0x000001ccda9ce0d0 JavaThread "Service Thread"             daemon [_thread_blocked, id=35640, stack(0x000000ab94900000,0x000000ab94a00000) (1024K)]
  0x000001ccda9ceb30 JavaThread "Monitor Deflation Thread"   daemon [_thread_blocked, id=13784, stack(0x000000ab94a00000,0x000000ab94b00000) (1024K)]
=>0x000001ccda9cf8c0 JavaThread "C2 CompilerThread0"         daemon [_thread_in_native, id=7228, stack(0x000000ab94b00000,0x000000ab94c00000) (1024K)]
  0x000001ccdaa46a60 JavaThread "C1 CompilerThread0"         daemon [_thread_blocked, id=15460, stack(0x000000ab94c00000,0x000000ab94d00000) (1024K)]
  0x000001ccdac29190 JavaThread "Common-Cleaner"             daemon [_thread_blocked, id=20552, stack(0x000000ab94d00000,0x000000ab94e00000) (1024K)]
  0x000001ccdac847e0 JavaThread "Notification Thread"        daemon [_thread_blocked, id=33992, stack(0x000000ab94e00000,0x000000ab94f00000) (1024K)]
  0x000001ccdfbb8e80 JavaThread "Daemon health stats"               [_thread_blocked, id=41428, stack(0x000000ab95300000,0x000000ab95400000) (1024K)]
  0x000001cce00dc5a0 JavaThread "Incoming local TCP Connector on port 59176"        [_thread_in_native, id=13124, stack(0x000000ab95400000,0x000000ab95500000) (1024K)]
  0x000001cce05c3100 JavaThread "Daemon periodic checks"            [_thread_blocked, id=8888, stack(0x000000ab95500000,0x000000ab95600000) (1024K)]
  0x000001ccdab267c0 JavaThread "Daemon"                            [_thread_blocked, id=13088, stack(0x000000ab95600000,0x000000ab95700000) (1024K)]
  0x000001cce05f6ad0 JavaThread "Handler for socket connection from /127.0.0.1:59176 to /127.0.0.1:59177"        [_thread_in_native, id=30652, stack(0x000000ab95700000,0x000000ab95800000) (1024K)]
  0x000001cce07e6ee0 JavaThread "Cancel handler"                    [_thread_blocked, id=21776, stack(0x000000ab95800000,0x000000ab95900000) (1024K)]
  0x000001cce07e4780 JavaThread "Daemon worker"                     [_thread_in_vm, id=13468, stack(0x000000ab95900000,0x000000ab95a00000) (1024K)]
  0x000001cce07e4e10 JavaThread "Asynchronous log dispatcher for DefaultDaemonConnection: socket connection from /127.0.0.1:59176 to /127.0.0.1:59177"        [_thread_blocked, id=41164, stack(0x000000ab95a00000,0x000000ab95b00000) (1024K)]
  0x000001cce07e5b30 JavaThread "Stdin handler"                     [_thread_blocked, id=43400, stack(0x000000ab95b00000,0x000000ab95c00000) (1024K)]
  0x000001cce07e61c0 JavaThread "Daemon client event forwarder"        [_thread_blocked, id=11916, stack(0x000000ab95c00000,0x000000ab95d00000) (1024K)]
  0x000001cce07e40f0 JavaThread "Cache worker for journal cache (C:\Users\Lucas Hernandez\.gradle\caches\journal-1)"        [_thread_blocked, id=13844, stack(0x000000ab95d00000,0x000000ab95e00000) (1024K)]
  0x000001cce07e54a0 JavaThread "File lock request listener"        [_thread_in_native, id=27132, stack(0x000000ab95e00000,0x000000ab95f00000) (1024K)]
  0x000001cce07e6850 JavaThread "File lock release action executor"        [_thread_blocked, id=10020, stack(0x000000ab95f00000,0x000000ab96000000) (1024K)]
  0x000001cce07e7570 JavaThread "Cache worker for file hash cache (C:\Users\Lucas Hernandez\.gradle\caches\8.14.3\fileHashes)"        [_thread_blocked, id=26880, stack(0x000000ab96000000,0x000000ab96100000) (1024K)]
  0x000001cce0ce7230 JavaThread "Cache worker for file hash cache (C:\Users\Lucas Hernandez\OneDrive - UDIT\Documents\DI\dam2-productos-archivos\android\.gradle\8.14.3\fileHashes)"        [_thread_blocked, id=6744, stack(0x000000ab96800000,0x000000ab96900000) (1024K)]
  0x000001cce0ce78c0 JavaThread "Cache worker for Build Output Cleanup Cache (C:\Users\Lucas Hernandez\OneDrive - UDIT\Documents\DI\dam2-productos-archivos\android\.gradle\buildOutputCleanup)"        [_thread_blocked, id=7948, stack(0x000000ab96900000,0x000000ab96a00000) (1024K)]
  0x000001cce0ce85e0 JavaThread "File watcher server"        daemon [_thread_in_native, id=3788, stack(0x000000ab96a00000,0x000000ab96b00000) (1024K)]
  0x000001cce0ce7f50 JavaThread "File watcher consumer"      daemon [_thread_blocked, id=18728, stack(0x000000ab96b00000,0x000000ab96c00000) (1024K)]
  0x000001cce0ce9300 JavaThread "jar transforms"                    [_thread_blocked, id=42248, stack(0x000000ab93a00000,0x000000ab93b00000) (1024K)]
  0x000001cce0ce6510 JavaThread "jar transforms Thread 2"           [_thread_blocked, id=22876, stack(0x000000ab93b00000,0x000000ab93c00000) (1024K)]
  0x000001cce0cece10 JavaThread "Cache worker for checksums cache (C:\Users\Lucas Hernandez\OneDrive - UDIT\Documents\DI\dam2-productos-archivos\android\.gradle\8.14.3\checksums)"        [_thread_blocked, id=41100, stack(0x000000ab93c00000,0x000000ab93d00000) (1024K)]
  0x000001cce0cead40 JavaThread "Cache worker for file content cache (C:\Users\Lucas Hernandez\.gradle\caches\8.14.3\fileContent)"        [_thread_blocked, id=35580, stack(0x000000ab96c00000,0x000000ab96d00000) (1024K)]
  0x000001cce0ceb3d0 JavaThread "jar transforms Thread 3"           [_thread_blocked, id=21084, stack(0x000000ab96d00000,0x000000ab96e00000) (1024K)]
  0x000001cce0cea6b0 JavaThread "jar transforms Thread 4"           [_thread_blocked, id=43260, stack(0x000000ab96e00000,0x000000ab96f00000) (1024K)]
  0x000001cce0ceba60 JavaThread "Cache worker for cache directory md-supplier (C:\Users\Lucas Hernandez\.gradle\caches\8.14.3\md-supplier)"        [_thread_blocked, id=9444, stack(0x000000ab96f00000,0x000000ab97000000) (1024K)]
  0x000001cce0cec0f0 JavaThread "Cache worker for cache directory md-rule (C:\Users\Lucas Hernandez\.gradle\caches\8.14.3\md-rule)"        [_thread_blocked, id=36116, stack(0x000000ab97000000,0x000000ab97100000) (1024K)]
  0x000001cce0ce9990 JavaThread "jar transforms Thread 5"           [_thread_blocked, id=23380, stack(0x000000ab97100000,0x000000ab97200000) (1024K)]
  0x000001ccdfbc1c10 JavaThread "Unconstrained build operations"        [_thread_blocked, id=44956, stack(0x000000ab97200000,0x000000ab97300000) (1024K)]
  0x000001ccdfbc4370 JavaThread "Unconstrained build operations Thread 2"        [_thread_blocked, id=44960, stack(0x000000ab97300000,0x000000ab97400000) (1024K)]
  0x000001ccdfbc0ef0 JavaThread "Unconstrained build operations Thread 3"        [_thread_blocked, id=44964, stack(0x000000ab97400000,0x000000ab97500000) (1024K)]
  0x000001ccdfbc2930 JavaThread "Unconstrained build operations Thread 4"        [_thread_blocked, id=44968, stack(0x000000ab97500000,0x000000ab97600000) (1024K)]
  0x000001ccdfbc4a00 JavaThread "Unconstrained build operations Thread 5"        [_thread_blocked, id=44972, stack(0x000000ab97600000,0x000000ab97700000) (1024K)]
  0x000001ccdfbc3ce0 JavaThread "Unconstrained build operations Thread 6"        [_thread_blocked, id=44980, stack(0x000000ab97700000,0x000000ab97800000) (1024K)]
  0x000001ccdfbc1580 JavaThread "Unconstrained build operations Thread 7"        [_thread_blocked, id=44988, stack(0x000000ab97800000,0x000000ab97900000) (1024K)]
  0x000001ccdfbc2fc0 JavaThread "Unconstrained build operations Thread 8"        [_thread_blocked, id=44992, stack(0x000000ab97900000,0x000000ab97a00000) (1024K)]
  0x000001ccdfbc5090 JavaThread "Unconstrained build operations Thread 9"        [_thread_blocked, id=45000, stack(0x000000ab97a00000,0x000000ab97b00000) (1024K)]
  0x000001ccdfbc5720 JavaThread "Unconstrained build operations Thread 10"        [_thread_blocked, id=45004, stack(0x000000ab97b00000,0x000000ab97c00000) (1024K)]
  0x000001ccdfbc22a0 JavaThread "Unconstrained build operations Thread 11"        [_thread_blocked, id=45008, stack(0x000000ab97c00000,0x000000ab97d00000) (1024K)]
  0x000001ccdfbc3650 JavaThread "Unconstrained build operations Thread 12"        [_thread_blocked, id=41364, stack(0x000000ab97d00000,0x000000ab97e00000) (1024K)]
  0x000001ccdfbc77f0 JavaThread "Unconstrained build operations Thread 13"        [_thread_blocked, id=29056, stack(0x000000ab97e00000,0x000000ab97f00000) (1024K)]
  0x000001ccdfbc7e80 JavaThread "Unconstrained build operations Thread 14"        [_thread_blocked, id=16316, stack(0x000000ab97f00000,0x000000ab98000000) (1024K)]
  0x000001ccdfbc6440 JavaThread "Unconstrained build operations Thread 15"        [_thread_blocked, id=1412, stack(0x000000ab98000000,0x000000ab98100000) (1024K)]
  0x000001ccdfbc8510 JavaThread "Unconstrained build operations Thread 16"        [_thread_blocked, id=32924, stack(0x000000ab98100000,0x000000ab98200000) (1024K)]
  0x000001ccdfbc6ad0 JavaThread "Unconstrained build operations Thread 17"        [_thread_blocked, id=16176, stack(0x000000ab98200000,0x000000ab98300000) (1024K)]
  0x000001ccdfbc7160 JavaThread "Unconstrained build operations Thread 18"        [_thread_blocked, id=20652, stack(0x000000ab98300000,0x000000ab98400000) (1024K)]
  0x000001cce170e810 JavaThread "Unconstrained build operations Thread 19"        [_thread_blocked, id=42064, stack(0x000000ab98400000,0x000000ab98500000) (1024K)]
  0x000001cce1711600 JavaThread "Unconstrained build operations Thread 20"        [_thread_blocked, id=15992, stack(0x000000ab98500000,0x000000ab98600000) (1024K)]
  0x000001cce170f530 JavaThread "Unconstrained build operations Thread 21"        [_thread_blocked, id=5740, stack(0x000000ab98600000,0x000000ab98700000) (1024K)]
  0x000001cce170fbc0 JavaThread "Unconstrained build operations Thread 22"        [_thread_blocked, id=3748, stack(0x000000ab98700000,0x000000ab98800000) (1024K)]
  0x000001cce1710250 JavaThread "Unconstrained build operations Thread 23"        [_thread_blocked, id=15504, stack(0x000000ab98800000,0x000000ab98900000) (1024K)]
  0x000001cce17108e0 JavaThread "Unconstrained build operations Thread 24"        [_thread_blocked, id=836, stack(0x000000ab98900000,0x000000ab98a00000) (1024K)]
  0x000001cce1711c90 JavaThread "Unconstrained build operations Thread 25"        [_thread_blocked, id=21316, stack(0x000000ab98a00000,0x000000ab98b00000) (1024K)]
  0x000001cce1710f70 JavaThread "Unconstrained build operations Thread 26"        [_thread_blocked, id=17136, stack(0x000000ab98b00000,0x000000ab98c00000) (1024K)]
  0x000001cce1712320 JavaThread "Unconstrained build operations Thread 27"        [_thread_blocked, id=6524, stack(0x000000ab98c00000,0x000000ab98d00000) (1024K)]
  0x000001cce170eea0 JavaThread "Unconstrained build operations Thread 28"        [_thread_blocked, id=25260, stack(0x000000ab98d00000,0x000000ab98e00000) (1024K)]
  0x000001cce1714a80 JavaThread "Unconstrained build operations Thread 29"        [_thread_blocked, id=13680, stack(0x000000ab98e00000,0x000000ab98f00000) (1024K)]
  0x000001cce17136d0 JavaThread "Unconstrained build operations Thread 30"        [_thread_blocked, id=19952, stack(0x000000ab98f00000,0x000000ab99000000) (1024K)]
  0x000001cce1713d60 JavaThread "Unconstrained build operations Thread 31"        [_thread_blocked, id=43152, stack(0x000000ab99000000,0x000000ab99100000) (1024K)]
  0x000001cce1715110 JavaThread "Unconstrained build operations Thread 32"        [_thread_blocked, id=44392, stack(0x000000ab99100000,0x000000ab99200000) (1024K)]
  0x000001cce1715e30 JavaThread "Unconstrained build operations Thread 33"        [_thread_blocked, id=33580, stack(0x000000ab99200000,0x000000ab99300000) (1024K)]
  0x000001cce17143f0 JavaThread "jar transforms Thread 6"           [_thread_blocked, id=41148, stack(0x000000ab99300000,0x000000ab99400000) (1024K)]
  0x000001cce17157a0 JavaThread "jar transforms Thread 7"           [_thread_blocked, id=17368, stack(0x000000ab99400000,0x000000ab99500000) (1024K)]
  0x000001cce17129b0 JavaThread "jar transforms Thread 8"           [_thread_blocked, id=43656, stack(0x000000ab99500000,0x000000ab99600000) (1024K)]
  0x000001cce1713040 JavaThread "jar transforms Thread 9"           [_thread_blocked, id=46440, stack(0x000000ab99600000,0x000000ab99700000) (1024K)]
  0x000001ccdfca3240 JavaThread "jar transforms Thread 10"          [_thread_blocked, id=27672, stack(0x000000ab99700000,0x000000ab99800000) (1024K)]
  0x000001ccdfca3f60 JavaThread "Memory manager"                    [_thread_blocked, id=46972, stack(0x000000ab99800000,0x000000ab99900000) (1024K)]
Total: 77

Other Threads:
  0x000001ccda9ab5f0 VMThread "VM Thread"                           [id=39960, stack(0x000000ab94400000,0x000000ab94500000) (1024K)]
  0x000001ccda997ec0 WatcherThread "VM Periodic Task Thread"        [id=13472, stack(0x000000ab94300000,0x000000ab94400000) (1024K)]
  0x000001ccc172e240 WorkerThread "GC Thread#0"                     [id=40736, stack(0x000000ab93e00000,0x000000ab93f00000) (1024K)]
  0x000001ccdacce840 WorkerThread "GC Thread#1"                     [id=20184, stack(0x000000ab94f00000,0x000000ab95000000) (1024K)]
  0x000001ccdaccebf0 WorkerThread "GC Thread#2"                     [id=29804, stack(0x000000ab95000000,0x000000ab95100000) (1024K)]
  0x000001ccdaccefa0 WorkerThread "GC Thread#3"                     [id=25544, stack(0x000000ab95100000,0x000000ab95200000) (1024K)]
  0x000001ccdaccf760 WorkerThread "GC Thread#4"                     [id=29868, stack(0x000000ab95200000,0x000000ab95300000) (1024K)]
  0x000001cce27601c0 WorkerThread "GC Thread#5"                     [id=6256, stack(0x000000ab96100000,0x000000ab96200000) (1024K)]
  0x000001cce275f300 WorkerThread "GC Thread#6"                     [id=40144, stack(0x000000ab96200000,0x000000ab96300000) (1024K)]
  0x000001cce275e440 WorkerThread "GC Thread#7"                     [id=19492, stack(0x000000ab96300000,0x000000ab96400000) (1024K)]
  0x000001cce275dce0 WorkerThread "GC Thread#8"                     [id=40776, stack(0x000000ab96400000,0x000000ab96500000) (1024K)]
  0x000001cce275e090 WorkerThread "GC Thread#9"                     [id=13296, stack(0x000000ab96500000,0x000000ab96600000) (1024K)]
  0x000001ccc173b040 ConcurrentGCThread "G1 Main Marker"            [id=38984, stack(0x000000ab93f00000,0x000000ab94000000) (1024K)]
  0x000001ccc173c7e0 WorkerThread "G1 Conc#0"                       [id=38908, stack(0x000000ab94000000,0x000000ab94100000) (1024K)]
  0x000001cce275ca70 WorkerThread "G1 Conc#1"                       [id=41524, stack(0x000000ab96600000,0x000000ab96700000) (1024K)]
  0x000001cce275e7f0 WorkerThread "G1 Conc#2"                       [id=26948, stack(0x000000ab96700000,0x000000ab96800000) (1024K)]
  0x000001ccda867b70 ConcurrentGCThread "G1 Refine#0"               [id=36632, stack(0x000000ab94100000,0x000000ab94200000) (1024K)]
  0x000001ccda8693b0 ConcurrentGCThread "G1 Service"                [id=40340, stack(0x000000ab94200000,0x000000ab94300000) (1024K)]
Total: 18

Threads with active compile tasks:
C2 CompilerThread0  187984 9542       4       java.lang.Class::getMethodsRecursive (99 bytes)
Total: 1

VM state: not at safepoint (normal execution)

VM Mutex/Monitor currently owned by a thread: None

Heap address: 0x00000000a0000000, size: 1536 MB, Compressed Oops mode: 32-bit

CDS archive(s) mapped at: [0x000001cc80000000-0x000001cc80ba0000-0x000001cc80ba0000), size 12189696, SharedBaseAddress: 0x000001cc80000000, ArchiveRelocationMode: 1.
Compressed class space mapped at: 0x000001cc81000000-0x000001ccc1000000, reserved size: 1073741824
Narrow klass base: 0x000001cc80000000, Narrow klass shift: 0, Narrow klass range: 0x100000000

GC Precious Log:
 CardTable entry size: 512
 Card Set container configuration: InlinePtr #cards 5 size 8 Array Of Cards #cards 12 size 40 Howl #buckets 4 coarsen threshold 1843 Howl Bitmap #cards 512 size 80 coarsen threshold 460 Card regions per heap region 1 cards per card region 2048
 CPUs: 12 total, 12 available
 Memory: 15754M
 Large Page Support: Disabled
 NUMA Support: Disabled
 Compressed Oops: Enabled (32-bit)
 Heap Region Size: 1M
 Heap Min Capacity: 8M
 Heap Initial Capacity: 248M
 Heap Max Capacity: 1536M
 Pre-touch: Disabled
 Parallel Workers: 10
 Concurrent Workers: 3
 Concurrent Refinement Workers: 10
 Periodic GC: Disabled

Heap:
 garbage-first heap   total 119808K, used 73955K [0x00000000a0000000, 0x0000000100000000)
  region size 1024K, 6 young (6144K), 4 survivors (4096K)
 Metaspace       used 65378K, committed 67392K, reserved 1114112K
  class space    used 9192K, committed 10176K, reserved 1048576K

Heap Regions: E=young(eden), S=young(survivor), O=old, HS=humongous(starts), HC=humongous(continues), CS=collection set, F=free, TAMS=top-at-mark-start, PB=parsable bottom
|   0|0x00000000a0000000, 0x00000000a0100000, 0x00000000a0100000|100%|HS|  |TAMS 0x00000000a0000000| PB 0x00000000a0000000| Complete 
|   1|0x00000000a0100000, 0x00000000a0200000, 0x00000000a0200000|100%|HC|  |TAMS 0x00000000a0100000| PB 0x00000000a0100000| Complete 
|   2|0x00000000a0200000, 0x00000000a0300000, 0x00000000a0300000|100%|HC|  |TAMS 0x00000000a0200000| PB 0x00000000a0200000| Complete 
|   3|0x00000000a0300000, 0x00000000a0400000, 0x00000000a0400000|100%| O|  |TAMS 0x00000000a0300000| PB 0x00000000a0300000| Untracked 
|   4|0x00000000a0400000, 0x00000000a0500000, 0x00000000a0500000|100%| O|  |TAMS 0x00000000a0400000| PB 0x00000000a0400000| Untracked 
|   5|0x00000000a0500000, 0x00000000a0600000, 0x00000000a0600000|100%| O|  |TAMS 0x00000000a0500000| PB 0x00000000a0500000| Untracked 
|   6|0x00000000a0600000, 0x00000000a0700000, 0x00000000a0700000|100%|HS|  |TAMS 0x00000000a0600000| PB 0x00000000a0600000| Complete 
|   7|0x00000000a0700000, 0x00000000a07c3490, 0x00000000a0800000| 76%| O|  |TAMS 0x00000000a0700000| PB 0x00000000a0700000| Untracked 
|   8|0x00000000a0800000, 0x00000000a0800000, 0x00000000a0900000|  0%| F|  |TAMS 0x00000000a0800000| PB 0x00000000a0800000| Untracked 
|   9|0x00000000a0900000, 0x00000000a0a00000, 0x00000000a0a00000|100%| O|  |TAMS 0x00000000a0900000| PB 0x00000000a0900000| Untracked 
|  10|0x00000000a0a00000, 0x00000000a0b00000, 0x00000000a0b00000|100%| O|  |TAMS 0x00000000a0a00000| PB 0x00000000a0a00000| Untracked 
|  11|0x00000000a0b00000, 0x00000000a0c00000, 0x00000000a0c00000|100%| O|  |TAMS 0x00000000a0b00000| PB 0x00000000a0b00000| Untracked 
|  12|0x00000000a0c00000, 0x00000000a0d00000, 0x00000000a0d00000|100%| O|  |TAMS 0x00000000a0c00000| PB 0x00000000a0c00000| Untracked 
|  13|0x00000000a0d00000, 0x00000000a0e00000, 0x00000000a0e00000|100%| O|  |TAMS 0x00000000a0d00000| PB 0x00000000a0d00000| Untracked 
|  14|0x00000000a0e00000, 0x00000000a0f00000, 0x00000000a0f00000|100%| O|  |TAMS 0x00000000a0e00000| PB 0x00000000a0e00000| Untracked 
|  15|0x00000000a0f00000, 0x00000000a1000000, 0x00000000a1000000|100%| O|  |TAMS 0x00000000a0f00000| PB 0x00000000a0f00000| Untracked 
|  16|0x00000000a1000000, 0x00000000a1100000, 0x00000000a1100000|100%| O|  |TAMS 0x00000000a1000000| PB 0x00000000a1000000| Untracked 
|  17|0x00000000a1100000, 0x00000000a1200000, 0x00000000a1200000|100%| O|  |TAMS 0x00000000a1100000| PB 0x00000000a1100000| Untracked 
|  18|0x00000000a1200000, 0x00000000a1300000, 0x00000000a1300000|100%| O|  |TAMS 0x00000000a1200000| PB 0x00000000a1200000| Untracked 
|  19|0x00000000a1300000, 0x00000000a1400000, 0x00000000a1400000|100%| O|  |TAMS 0x00000000a1300000| PB 0x00000000a1300000| Untracked 
|  20|0x00000000a1400000, 0x00000000a1400000, 0x00000000a1500000|  0%| F|  |TAMS 0x00000000a1400000| PB 0x00000000a1400000| Untracked 
|  21|0x00000000a1500000, 0x00000000a1600000, 0x00000000a1600000|100%| O|  |TAMS 0x00000000a1500000| PB 0x00000000a1500000| Untracked 
|  22|0x00000000a1600000, 0x00000000a1700000, 0x00000000a1700000|100%| O|  |TAMS 0x00000000a1600000| PB 0x00000000a1600000| Untracked 
|  23|0x00000000a1700000, 0x00000000a1700000, 0x00000000a1800000|  0%| F|  |TAMS 0x00000000a1700000| PB 0x00000000a1700000| Untracked 
|  24|0x00000000a1800000, 0x00000000a1900000, 0x00000000a1900000|100%|HS|  |TAMS 0x00000000a1800000| PB 0x00000000a1800000| Complete 
|  25|0x00000000a1900000, 0x00000000a1a00000, 0x00000000a1a00000|100%|HS|  |TAMS 0x00000000a1900000| PB 0x00000000a1900000| Complete 
|  26|0x00000000a1a00000, 0x00000000a1b00000, 0x00000000a1b00000|100%|HS|  |TAMS 0x00000000a1a00000| PB 0x00000000a1a00000| Complete 
|  27|0x00000000a1b00000, 0x00000000a1c00000, 0x00000000a1c00000|100%|HS|  |TAMS 0x00000000a1b00000| PB 0x00000000a1b00000| Complete 
|  28|0x00000000a1c00000, 0x00000000a1d00000, 0x00000000a1d00000|100%| O|  |TAMS 0x00000000a1c00000| PB 0x00000000a1c00000| Untracked 
|  29|0x00000000a1d00000, 0x00000000a1e00000, 0x00000000a1e00000|100%| O|  |TAMS 0x00000000a1d00000| PB 0x00000000a1d00000| Untracked 
|  30|0x00000000a1e00000, 0x00000000a1f00000, 0x00000000a1f00000|100%| O|  |TAMS 0x00000000a1e00000| PB 0x00000000a1e00000| Untracked 
|  31|0x00000000a1f00000, 0x00000000a2000000, 0x00000000a2000000|100%| O|  |TAMS 0x00000000a1f00000| PB 0x00000000a1f00000| Untracked 
|  32|0x00000000a2000000, 0x00000000a2100000, 0x00000000a2100000|100%| O|  |TAMS 0x00000000a2000000| PB 0x00000000a2000000| Untracked 
|  33|0x00000000a2100000, 0x00000000a2200000, 0x00000000a2200000|100%|HS|  |TAMS 0x00000000a2100000| PB 0x00000000a2100000| Complete 
|  34|0x00000000a2200000, 0x00000000a2300000, 0x00000000a2300000|100%|HS|  |TAMS 0x00000000a2200000| PB 0x00000000a2200000| Complete 
|  35|0x00000000a2300000, 0x00000000a2400000, 0x00000000a2400000|100%| O|  |TAMS 0x00000000a2300000| PB 0x00000000a2300000| Untracked 
|  36|0x00000000a2400000, 0x00000000a2500000, 0x00000000a2500000|100%| O|  |TAMS 0x00000000a2400000| PB 0x00000000a2400000| Untracked 
|  37|0x00000000a2500000, 0x00000000a2600000, 0x00000000a2600000|100%| O|  |TAMS 0x00000000a2500000| PB 0x00000000a2500000| Untracked 
|  38|0x00000000a2600000, 0x00000000a2700000, 0x00000000a2700000|100%| O|  |TAMS 0x00000000a2600000| PB 0x00000000a2600000| Untracked 
|  39|0x00000000a2700000, 0x00000000a2800000, 0x00000000a2800000|100%| O|  |TAMS 0x00000000a2700000| PB 0x00000000a2700000| Untracked 
|  40|0x00000000a2800000, 0x00000000a2900000, 0x00000000a2900000|100%| O|  |TAMS 0x00000000a2800000| PB 0x00000000a2800000| Untracked 
|  41|0x00000000a2900000, 0x00000000a2a00000, 0x00000000a2a00000|100%| O|  |TAMS 0x00000000a2900000| PB 0x00000000a2900000| Untracked 
|  42|0x00000000a2a00000, 0x00000000a2b00000, 0x00000000a2b00000|100%| O|  |TAMS 0x00000000a2a00000| PB 0x00000000a2a00000| Untracked 
|  43|0x00000000a2b00000, 0x00000000a2c00000, 0x00000000a2c00000|100%| O|  |TAMS 0x00000000a2b00000| PB 0x00000000a2b00000| Untracked 
|  44|0x00000000a2c00000, 0x00000000a2d00000, 0x00000000a2d00000|100%| O|  |TAMS 0x00000000a2c00000| PB 0x00000000a2c00000| Untracked 
|  45|0x00000000a2d00000, 0x00000000a2d00000, 0x00000000a2e00000|  0%| F|  |TAMS 0x00000000a2d00000| PB 0x00000000a2d00000| Untracked 
|  46|0x00000000a2e00000, 0x00000000a2e00000, 0x00000000a2f00000|  0%| F|  |TAMS 0x00000000a2e00000| PB 0x00000000a2e00000| Untracked 
|  47|0x00000000a2f00000, 0x00000000a3000000, 0x00000000a3000000|100%| O|  |TAMS 0x00000000a2f00000| PB 0x00000000a2f00000| Untracked 
|  48|0x00000000a3000000, 0x00000000a3100000, 0x00000000a3100000|100%| O|  |TAMS 0x00000000a3000000| PB 0x00000000a3000000| Untracked 
|  49|0x00000000a3100000, 0x00000000a3200000, 0x00000000a3200000|100%| O|Cm|TAMS 0x00000000a3100000| PB 0x00000000a3100000| Complete 
|  50|0x00000000a3200000, 0x00000000a3300000, 0x00000000a3300000|100%| O|Cm|TAMS 0x00000000a3200000| PB 0x00000000a3200000| Complete 
|  51|0x00000000a3300000, 0x00000000a3400000, 0x00000000a3400000|100%| O|  |TAMS 0x00000000a3300000| PB 0x00000000a3300000| Untracked 
|  52|0x00000000a3400000, 0x00000000a3400000, 0x00000000a3500000|  0%| F|  |TAMS 0x00000000a3400000| PB 0x00000000a3400000| Untracked 
|  53|0x00000000a3500000, 0x00000000a3500000, 0x00000000a3600000|  0%| F|  |TAMS 0x00000000a3500000| PB 0x00000000a3500000| Untracked 
|  54|0x00000000a3600000, 0x00000000a3700000, 0x00000000a3700000|100%|HS|  |TAMS 0x00000000a3600000| PB 0x00000000a3600000| Complete 
|  55|0x00000000a3700000, 0x00000000a3800000, 0x00000000a3800000|100%| O|  |TAMS 0x00000000a3700000| PB 0x00000000a3700000| Untracked 
|  56|0x00000000a3800000, 0x00000000a3900000, 0x00000000a3900000|100%| O|  |TAMS 0x00000000a3800000| PB 0x00000000a3800000| Untracked 
|  57|0x00000000a3900000, 0x00000000a3900000, 0x00000000a3a00000|  0%| F|  |TAMS 0x00000000a3900000| PB 0x00000000a3900000| Untracked 
|  58|0x00000000a3a00000, 0x00000000a3a00000, 0x00000000a3b00000|  0%| F|  |TAMS 0x00000000a3a00000| PB 0x00000000a3a00000| Untracked 
|  59|0x00000000a3b00000, 0x00000000a3c00000, 0x00000000a3c00000|100%| O|  |TAMS 0x00000000a3b00000| PB 0x00000000a3b00000| Untracked 
|  60|0x00000000a3c00000, 0x00000000a3d00000, 0x00000000a3d00000|100%| O|  |TAMS 0x00000000a3c00000| PB 0x00000000a3c00000| Untracked 
|  61|0x00000000a3d00000, 0x00000000a3d00000, 0x00000000a3e00000|  0%| F|  |TAMS 0x00000000a3d00000| PB 0x00000000a3d00000| Untracked 
|  62|0x00000000a3e00000, 0x00000000a3e00000, 0x00000000a3f00000|  0%| F|  |TAMS 0x00000000a3e00000| PB 0x00000000a3e00000| Untracked 
|  63|0x00000000a3f00000, 0x00000000a3f00000, 0x00000000a4000000|  0%| F|  |TAMS 0x00000000a3f00000| PB 0x00000000a3f00000| Untracked 
|  64|0x00000000a4000000, 0x00000000a4000000, 0x00000000a4100000|  0%| F|  |TAMS 0x00000000a4000000| PB 0x00000000a4000000| Untracked 
|  65|0x00000000a4100000, 0x00000000a4100000, 0x00000000a4200000|  0%| F|  |TAMS 0x00000000a4100000| PB 0x00000000a4100000| Untracked 
|  66|0x00000000a4200000, 0x00000000a4200000, 0x00000000a4300000|  0%| F|  |TAMS 0x00000000a4200000| PB 0x00000000a4200000| Untracked 
|  67|0x00000000a4300000, 0x00000000a4300000, 0x00000000a4400000|  0%| F|  |TAMS 0x00000000a4300000| PB 0x00000000a4300000| Untracked 
|  68|0x00000000a4400000, 0x00000000a4400000, 0x00000000a4500000|  0%| F|  |TAMS 0x00000000a4400000| PB 0x00000000a4400000| Untracked 
|  69|0x00000000a4500000, 0x00000000a4500000, 0x00000000a4600000|  0%| F|  |TAMS 0x00000000a4500000| PB 0x00000000a4500000| Untracked 
|  70|0x00000000a4600000, 0x00000000a4600000, 0x00000000a4700000|  0%| F|  |TAMS 0x00000000a4600000| PB 0x00000000a4600000| Untracked 
|  71|0x00000000a4700000, 0x00000000a4700000, 0x00000000a4800000|  0%| F|  |TAMS 0x00000000a4700000| PB 0x00000000a4700000| Untracked 
|  72|0x00000000a4800000, 0x00000000a4800000, 0x00000000a4900000|  0%| F|  |TAMS 0x00000000a4800000| PB 0x00000000a4800000| Untracked 
|  73|0x00000000a4900000, 0x00000000a4900000, 0x00000000a4a00000|  0%| F|  |TAMS 0x00000000a4900000| PB 0x00000000a4900000| Untracked 
|  74|0x00000000a4a00000, 0x00000000a4a75850, 0x00000000a4b00000| 45%| S|CS|TAMS 0x00000000a4a00000| PB 0x00000000a4a00000| Complete 
|  75|0x00000000a4b00000, 0x00000000a4c00000, 0x00000000a4c00000|100%| S|CS|TAMS 0x00000000a4b00000| PB 0x00000000a4b00000| Complete 
|  76|0x00000000a4c00000, 0x00000000a4d00000, 0x00000000a4d00000|100%| S|CS|TAMS 0x00000000a4c00000| PB 0x00000000a4c00000| Complete 
|  77|0x00000000a4d00000, 0x00000000a4e00000, 0x00000000a4e00000|100%| S|CS|TAMS 0x00000000a4d00000| PB 0x00000000a4d00000| Complete 
|  78|0x00000000a4e00000, 0x00000000a4e00000, 0x00000000a4f00000|  0%| F|  |TAMS 0x00000000a4e00000| PB 0x00000000a4e00000| Untracked 
|  79|0x00000000a4f00000, 0x00000000a4f00000, 0x00000000a5000000|  0%| F|  |TAMS 0x00000000a4f00000| PB 0x00000000a4f00000| Untracked 
|  80|0x00000000a5000000, 0x00000000a5000000, 0x00000000a5100000|  0%| F|  |TAMS 0x00000000a5000000| PB 0x00000000a5000000| Untracked 
|  81|0x00000000a5100000, 0x00000000a5100000, 0x00000000a5200000|  0%| F|  |TAMS 0x00000000a5100000| PB 0x00000000a5100000| Untracked 
|  83|0x00000000a5300000, 0x00000000a5300000, 0x00000000a5400000|  0%| F|  |TAMS 0x00000000a5300000| PB 0x00000000a5300000| Untracked 
|  84|0x00000000a5400000, 0x00000000a5400000, 0x00000000a5500000|  0%| F|  |TAMS 0x00000000a5400000| PB 0x00000000a5400000| Untracked 
|  85|0x00000000a5500000, 0x00000000a5500000, 0x00000000a5600000|  0%| F|  |TAMS 0x00000000a5500000| PB 0x00000000a5500000| Untracked 
|  86|0x00000000a5600000, 0x00000000a5600000, 0x00000000a5700000|  0%| F|  |TAMS 0x00000000a5600000| PB 0x00000000a5600000| Untracked 
|  87|0x00000000a5700000, 0x00000000a5700000, 0x00000000a5800000|  0%| F|  |TAMS 0x00000000a5700000| PB 0x00000000a5700000| Untracked 
|  88|0x00000000a5800000, 0x00000000a5800000, 0x00000000a5900000|  0%| F|  |TAMS 0x00000000a5800000| PB 0x00000000a5800000| Untracked 
|  89|0x00000000a5900000, 0x00000000a5900000, 0x00000000a5a00000|  0%| F|  |TAMS 0x00000000a5900000| PB 0x00000000a5900000| Untracked 
|  90|0x00000000a5a00000, 0x00000000a5a00000, 0x00000000a5b00000|  0%| F|  |TAMS 0x00000000a5a00000| PB 0x00000000a5a00000| Untracked 
|  91|0x00000000a5b00000, 0x00000000a5b00000, 0x00000000a5c00000|  0%| F|  |TAMS 0x00000000a5b00000| PB 0x00000000a5b00000| Untracked 
|  92|0x00000000a5c00000, 0x00000000a5c00000, 0x00000000a5d00000|  0%| F|  |TAMS 0x00000000a5c00000| PB 0x00000000a5c00000| Untracked 
|  93|0x00000000a5d00000, 0x00000000a5d00000, 0x00000000a5e00000|  0%| F|  |TAMS 0x00000000a5d00000| PB 0x00000000a5d00000| Untracked 
|  94|0x00000000a5e00000, 0x00000000a5e00000, 0x00000000a5f00000|  0%| F|  |TAMS 0x00000000a5e00000| PB 0x00000000a5e00000| Untracked 
|  95|0x00000000a5f00000, 0x00000000a5f00000, 0x00000000a6000000|  0%| F|  |TAMS 0x00000000a5f00000| PB 0x00000000a5f00000| Untracked 
|  96|0x00000000a6000000, 0x00000000a6000000, 0x00000000a6100000|  0%| F|  |TAMS 0x00000000a6000000| PB 0x00000000a6000000| Untracked 
|  97|0x00000000a6100000, 0x00000000a6100000, 0x00000000a6200000|  0%| F|  |TAMS 0x00000000a6100000| PB 0x00000000a6100000| Untracked 
|  98|0x00000000a6200000, 0x00000000a6200000, 0x00000000a6300000|  0%| F|  |TAMS 0x00000000a6200000| PB 0x00000000a6200000| Untracked 
|  99|0x00000000a6300000, 0x00000000a6300000, 0x00000000a6400000|  0%| F|  |TAMS 0x00000000a6300000| PB 0x00000000a6300000| Untracked 
| 247|0x00000000af700000, 0x00000000af704b88, 0x00000000af800000|  1%| E|  |TAMS 0x00000000af700000| PB 0x00000000af700000| Complete 
|1519|0x00000000fef00000, 0x00000000ff000000, 0x00000000ff000000|100%| E|CS|TAMS 0x00000000fef00000| PB 0x00000000fef00000| Complete 
|1520|0x00000000ff000000, 0x00000000ff100000, 0x00000000ff100000|100%| O|  |TAMS 0x00000000ff000000| PB 0x00000000ff000000| Untracked 
|1521|0x00000000ff100000, 0x00000000ff200000, 0x00000000ff200000|100%| O|  |TAMS 0x00000000ff100000| PB 0x00000000ff100000| Untracked 
|1522|0x00000000ff200000, 0x00000000ff300000, 0x00000000ff300000|100%| O|  |TAMS 0x00000000ff200000| PB 0x00000000ff200000| Untracked 
|1523|0x00000000ff300000, 0x00000000ff400000, 0x00000000ff400000|100%| O|  |TAMS 0x00000000ff300000| PB 0x00000000ff300000| Untracked 
|1524|0x00000000ff400000, 0x00000000ff500000, 0x00000000ff500000|100%| O|  |TAMS 0x00000000ff400000| PB 0x00000000ff400000| Untracked 
|1525|0x00000000ff500000, 0x00000000ff600000, 0x00000000ff600000|100%| O|  |TAMS 0x00000000ff500000| PB 0x00000000ff500000| Untracked 
|1526|0x00000000ff600000, 0x00000000ff700000, 0x00000000ff700000|100%| O|  |TAMS 0x00000000ff600000| PB 0x00000000ff600000| Untracked 
|1527|0x00000000ff700000, 0x00000000ff800000, 0x00000000ff800000|100%| O|  |TAMS 0x00000000ff700000| PB 0x00000000ff700000| Untracked 
|1528|0x00000000ff800000, 0x00000000ff900000, 0x00000000ff900000|100%| O|  |TAMS 0x00000000ff800000| PB 0x00000000ff800000| Untracked 
|1529|0x00000000ff900000, 0x00000000ffa00000, 0x00000000ffa00000|100%| O|  |TAMS 0x00000000ff900000| PB 0x00000000ff900000| Untracked 
|1530|0x00000000ffa00000, 0x00000000ffb00000, 0x00000000ffb00000|100%| O|  |TAMS 0x00000000ffa00000| PB 0x00000000ffa00000| Untracked 
|1531|0x00000000ffb00000, 0x00000000ffc00000, 0x00000000ffc00000|100%| O|  |TAMS 0x00000000ffb00000| PB 0x00000000ffb00000| Untracked 
|1532|0x00000000ffc00000, 0x00000000ffd00000, 0x00000000ffd00000|100%| O|  |TAMS 0x00000000ffc00000| PB 0x00000000ffc00000| Untracked 
|1533|0x00000000ffd00000, 0x00000000ffe00000, 0x00000000ffe00000|100%| O|  |TAMS 0x00000000ffd00000| PB 0x00000000ffd00000| Untracked 
|1534|0x00000000ffe00000, 0x00000000fff00000, 0x00000000fff00000|100%| O|  |TAMS 0x00000000ffe00000| PB 0x00000000ffe00000| Untracked 
|1535|0x00000000fff00000, 0x0000000100000000, 0x0000000100000000|100%| O|  |TAMS 0x00000000fff00000| PB 0x00000000fff00000| Untracked 

Card table byte_map: [0x000001ccd6180000,0x000001ccd6480000] _byte_map_base: 0x000001ccd5c80000

Marking Bits: (CMBitMap*) 0x000001ccc172e760
 Bits: [0x000001ccd6480000, 0x000001ccd7c80000)

Polling page: 0x000001ccc17b0000

Metaspace:

Usage:
  Non-class:     54.87 MB used.
      Class:      8.98 MB used.
       Both:     63.85 MB used.

Virtual space:
  Non-class space:       64.00 MB reserved,      55.88 MB ( 87%) committed,  1 nodes.
      Class space:        1.00 GB reserved,       9.94 MB ( <1%) committed,  1 nodes.
             Both:        1.06 GB reserved,      65.81 MB (  6%) committed. 

Chunk freelists:
   Non-Class:  8.12 MB
       Class:  5.93 MB
        Both:  14.05 MB

MaxMetaspaceSize: unlimited
CompressedClassSpaceSize: 1.00 GB
Initial GC threshold: 21.00 MB
Current GC threshold: 107.50 MB
CDS: on
 - commit_granule_bytes: 65536.
 - commit_granule_words: 8192.
 - virtual_space_node_default_size: 8388608.
 - enlarge_chunks_in_place: 1.
 - use_allocation_guard: 0.


Internal statistics:

num_allocs_failed_limit: 9.
num_arena_births: 3460.
num_arena_deaths: 0.
num_vsnodes_births: 2.
num_vsnodes_deaths: 0.
num_space_committed: 1053.
num_space_uncommitted: 0.
num_chunks_returned_to_freelist: 9.
num_chunks_taken_from_freelist: 6650.
num_chunk_merges: 9.
num_chunk_splits: 4232.
num_chunks_enlarged: 2517.
num_inconsistent_stats: 0.

CodeHeap 'non-profiled nmethods': size=120000Kb used=4521Kb max_used=4521Kb free=115478Kb
 bounds [0x000001cccdcc0000, 0x000001ccce130000, 0x000001ccd51f0000]
CodeHeap 'profiled nmethods': size=120000Kb used=15290Kb max_used=15773Kb free=104709Kb
 bounds [0x000001ccc61f0000, 0x000001ccc7160000, 0x000001cccd720000]
CodeHeap 'non-nmethods': size=5760Kb used=2641Kb max_used=2697Kb free=3118Kb
 bounds [0x000001cccd720000, 0x000001cccd9d0000, 0x000001cccdcc0000]
CodeCache: size=245760Kb, used=22452Kb, max_used=22991Kb, free=223305Kb
 total_blobs=9102, nmethods=8195, adapters=811, full_count=0
Compilation: enabled, stopped_count=0, restarted_count=0

Compilation events (20 events):
Event: 187.371 Thread 0x000001ccdaa46a60 9551       3       jdk.internal.misc.VM::toThreadState (68 bytes)
Event: 187.371 Thread 0x000001ccdaa46a60 nmethod 9551 0x000001ccc672f890 code [0x000001ccc672fa80, 0x000001ccc672fde0]
Event: 187.380 Thread 0x000001ccdaa46a60 9554       3       com.sun.beans.introspect.PropertyInfo::isConstrained (101 bytes)
Event: 187.381 Thread 0x000001ccdaa46a60 nmethod 9554 0x000001ccc6836c90 code [0x000001ccc6836e60, 0x000001ccc6837120]
Event: 187.492 Thread 0x000001ccdaa46a60 9556   !   3       java.beans.PropertyDescriptor::<init> (349 bytes)
Event: 187.500 Thread 0x000001ccdaa46a60 nmethod 9556 0x000001ccc683fb90 code [0x000001ccc68403a0, 0x000001ccc68453e0]
Event: 187.500 Thread 0x000001ccdaa46a60 9559       3       org.codehaus.groovy.reflection.CachedField::isStatic (8 bytes)
Event: 187.501 Thread 0x000001ccdaa46a60 nmethod 9559 0x000001ccc6528690 code [0x000001ccc6528840, 0x000001ccc6528a80]
Event: 187.501 Thread 0x000001ccdaa46a60 9557       3       java.beans.PropertyDescriptor::isAssignable (148 bytes)
Event: 187.505 Thread 0x000001ccdaa46a60 nmethod 9557 0x000001ccc6394810 code [0x000001ccc6394e80, 0x000001ccc6398298]
Event: 187.505 Thread 0x000001ccdaa46a60 9558       3       java.beans.PropertyDescriptor::setPropertyEditorClass (9 bytes)
Event: 187.506 Thread 0x000001ccdaa46a60 nmethod 9558 0x000001ccc688ba90 code [0x000001ccc688bc60, 0x000001ccc688bfe8]
Event: 187.506 Thread 0x000001ccdaa46a60 9560       1       java.lang.invoke.MethodHandleImpl$AsVarargsCollector::getTarget (5 bytes)
Event: 187.506 Thread 0x000001ccdaa46a60 nmethod 9560 0x000001ccce12a090 code [0x000001ccce12a220, 0x000001ccce12a2e8]
Event: 187.644 Thread 0x000001ccdaa46a60 9571       3       com.google.common.collect.Ordering::sortedCopy (18 bytes)
Event: 187.645 Thread 0x000001ccdaa46a60 nmethod 9571 0x000001ccc6678210 code [0x000001ccc66784c0, 0x000001ccc6679238]
Event: 187.653 Thread 0x000001ccdaa46a60 9572       1       org.codehaus.groovy.runtime.callsite.AbstractCallSite::getName (5 bytes)
Event: 187.653 Thread 0x000001ccdaa46a60 nmethod 9572 0x000001ccce12a390 code [0x000001ccce12a520, 0x000001ccce12a5e8]
Event: 187.656 Thread 0x000001ccdaa46a60 9573       3       org.codehaus.groovy.reflection.stdclasses.CachedSAMClass$$Lambda/0x000001cc81497bb0::run (8 bytes)
Event: 187.657 Thread 0x000001ccdaa46a60 nmethod 9573 0x000001ccc685cc10 code [0x000001ccc685cdc0, 0x000001ccc685cf00]

GC Heap History (20 events):
Event: 119.411 GC heap before
{Heap before GC invocations=11 (full 0):
 garbage-first heap   total 105472K, used 91656K [0x00000000a0000000, 0x0000000100000000)
  region size 1024K, 55 young (56320K), 8 survivors (8192K)
 Metaspace       used 50490K, committed 52224K, reserved 1114112K
  class space    used 7224K, committed 8064K, reserved 1048576K
}
Event: 119.419 GC heap after
{Heap after GC invocations=12 (full 0):
 garbage-first heap   total 105472K, used 46648K [0x00000000a0000000, 0x0000000100000000)
  region size 1024K, 3 young (3072K), 3 survivors (3072K)
 Metaspace       used 50490K, committed 52224K, reserved 1114112K
  class space    used 7224K, committed 8064K, reserved 1048576K
}
Event: 120.907 GC heap before
{Heap before GC invocations=12 (full 0):
 garbage-first heap   total 105472K, used 91704K [0x00000000a0000000, 0x0000000100000000)
  region size 1024K, 48 young (49152K), 3 survivors (3072K)
 Metaspace       used 50660K, committed 52352K, reserved 1114112K
  class space    used 7240K, committed 8064K, reserved 1048576K
}
Event: 120.911 GC heap after
{Heap after GC invocations=13 (full 0):
 garbage-first heap   total 105472K, used 47679K [0x00000000a0000000, 0x0000000100000000)
  region size 1024K, 4 young (4096K), 4 survivors (4096K)
 Metaspace       used 50660K, committed 52352K, reserved 1114112K
  class space    used 7240K, committed 8064K, reserved 1048576K
}
Event: 145.333 GC heap before
{Heap before GC invocations=13 (full 0):
 garbage-first heap   total 105472K, used 54847K [0x00000000a0000000, 0x0000000100000000)
  region size 1024K, 10 young (10240K), 4 survivors (4096K)
 Metaspace       used 50698K, committed 52352K, reserved 1114112K
  class space    used 7242K, committed 8064K, reserved 1048576K
}
Event: 145.347 GC heap after
{Heap after GC invocations=14 (full 0):
 garbage-first heap   total 105472K, used 50231K [0x00000000a0000000, 0x0000000100000000)
  region size 1024K, 4 young (4096K), 4 survivors (4096K)
 Metaspace       used 50698K, committed 52352K, reserved 1114112K
  class space    used 7242K, committed 8064K, reserved 1048576K
}
Event: 145.984 GC heap before
{Heap before GC invocations=14 (full 0):
 garbage-first heap   total 105472K, used 54327K [0x00000000a0000000, 0x0000000100000000)
  region size 1024K, 9 young (9216K), 4 survivors (4096K)
 Metaspace       used 50715K, committed 52416K, reserved 1114112K
  class space    used 7242K, committed 8064K, reserved 1048576K
}
Event: 145.992 GC heap after
{Heap after GC invocations=15 (full 0):
 garbage-first heap   total 105472K, used 53771K [0x00000000a0000000, 0x0000000100000000)
  region size 1024K, 7 young (7168K), 7 survivors (7168K)
 Metaspace       used 50715K, committed 52416K, reserved 1114112K
  class space    used 7242K, committed 8064K, reserved 1048576K
}
Event: 173.707 GC heap before
{Heap before GC invocations=16 (full 0):
 garbage-first heap   total 105472K, used 87563K [0x00000000a0000000, 0x0000000100000000)
  region size 1024K, 37 young (37888K), 7 survivors (7168K)
 Metaspace       used 52398K, committed 54208K, reserved 1114112K
  class space    used 7473K, committed 8320K, reserved 1048576K
}
Event: 173.717 GC heap after
{Heap after GC invocations=17 (full 0):
 garbage-first heap   total 105472K, used 60775K [0x00000000a0000000, 0x0000000100000000)
  region size 1024K, 4 young (4096K), 4 survivors (4096K)
 Metaspace       used 52398K, committed 54208K, reserved 1114112K
  class space    used 7473K, committed 8320K, reserved 1048576K
}
Event: 175.556 GC heap before
{Heap before GC invocations=17 (full 0):
 garbage-first heap   total 105472K, used 88423K [0x00000000a0000000, 0x0000000100000000)
  region size 1024K, 31 young (31744K), 4 survivors (4096K)
 Metaspace       used 54922K, committed 56768K, reserved 1114112K
  class space    used 7801K, committed 8704K, reserved 1048576K
}
Event: 175.564 GC heap after
{Heap after GC invocations=18 (full 0):
 garbage-first heap   total 105472K, used 61353K [0x00000000a0000000, 0x0000000100000000)
  region size 1024K, 2 young (2048K), 2 survivors (2048K)
 Metaspace       used 54922K, committed 56768K, reserved 1114112K
  class space    used 7801K, committed 8704K, reserved 1048576K
}
Event: 177.541 GC heap before
{Heap before GC invocations=18 (full 0):
 garbage-first heap   total 105472K, used 89001K [0x00000000a0000000, 0x0000000100000000)
  region size 1024K, 30 young (30720K), 2 survivors (2048K)
 Metaspace       used 58060K, committed 59840K, reserved 1114112K
  class space    used 8188K, committed 9024K, reserved 1048576K
}
Event: 177.546 GC heap after
{Heap after GC invocations=19 (full 0):
 garbage-first heap   total 105472K, used 61852K [0x00000000a0000000, 0x0000000100000000)
  region size 1024K, 3 young (3072K), 3 survivors (3072K)
 Metaspace       used 58060K, committed 59840K, reserved 1114112K
  class space    used 8188K, committed 9024K, reserved 1048576K
}
Event: 178.628 GC heap before
{Heap before GC invocations=20 (full 0):
 garbage-first heap   total 106496K, used 94620K [0x00000000a0000000, 0x0000000100000000)
  region size 1024K, 32 young (32768K), 3 survivors (3072K)
 Metaspace       used 60595K, committed 62528K, reserved 1114112K
  class space    used 8557K, committed 9536K, reserved 1048576K
}
Event: 178.634 GC heap after
{Heap after GC invocations=21 (full 0):
 garbage-first heap   total 106496K, used 72076K [0x00000000a0000000, 0x0000000100000000)
  region size 1024K, 4 young (4096K), 4 survivors (4096K)
 Metaspace       used 60595K, committed 62528K, reserved 1114112K
  class space    used 8557K, committed 9536K, reserved 1048576K
}
Event: 180.085 GC heap before
{Heap before GC invocations=21 (full 0):
 garbage-first heap   total 106496K, used 94604K [0x00000000a0000000, 0x0000000100000000)
  region size 1024K, 25 young (25600K), 4 survivors (4096K)
 Metaspace       used 62382K, committed 64256K, reserved 1114112K
  class space    used 8791K, committed 9728K, reserved 1048576K
}
Event: 180.091 GC heap after
{Heap after GC invocations=22 (full 0):
 garbage-first heap   total 106496K, used 70641K [0x00000000a0000000, 0x0000000100000000)
  region size 1024K, 2 young (2048K), 2 survivors (2048K)
 Metaspace       used 62382K, committed 64256K, reserved 1114112K
  class space    used 8791K, committed 9728K, reserved 1048576K
}
Event: 182.444 GC heap before
{Heap before GC invocations=22 (full 0):
 garbage-first heap   total 106496K, used 94193K [0x00000000a0000000, 0x0000000100000000)
  region size 1024K, 25 young (25600K), 2 survivors (2048K)
 Metaspace       used 64085K, committed 66048K, reserved 1114112K
  class space    used 9015K, committed 9984K, reserved 1048576K
}
Event: 182.449 GC heap after
{Heap after GC invocations=23 (full 0):
 garbage-first heap   total 106496K, used 71982K [0x00000000a0000000, 0x0000000100000000)
  region size 1024K, 3 young (3072K), 3 survivors (3072K)
 Metaspace       used 64085K, committed 66048K, reserved 1114112K
  class space    used 9015K, committed 9984K, reserved 1048576K
}

Dll operation events (20 events):
Event: 0.253 Attempting to load shared library C:\Users\Lucas Hernandez\.vscode\extensions\redhat.java-1.56.0-win32-x64\jre\21.0.12.1-win32-x86_64\bin\nio.dll
Event: 0.254 Loaded shared library C:\Users\Lucas Hernandez\.vscode\extensions\redhat.java-1.56.0-win32-x64\jre\21.0.12.1-win32-x86_64\bin\nio.dll
Event: 0.260 Attempting to load shared library C:\Users\Lucas Hernandez\.vscode\extensions\redhat.java-1.56.0-win32-x64\jre\21.0.12.1-win32-x86_64\bin\zip.dll
Event: 0.260 Loaded shared library C:\Users\Lucas Hernandez\.vscode\extensions\redhat.java-1.56.0-win32-x64\jre\21.0.12.1-win32-x86_64\bin\zip.dll
Event: 1.044 Attempting to load shared library C:\Users\Lucas Hernandez\.vscode\extensions\redhat.java-1.56.0-win32-x64\jre\21.0.12.1-win32-x86_64\bin\jimage.dll
Event: 1.044 Loaded shared library C:\Users\Lucas Hernandez\.vscode\extensions\redhat.java-1.56.0-win32-x64\jre\21.0.12.1-win32-x86_64\bin\jimage.dll
Event: 1.501 Attempting to load shared library C:\Users\Lucas Hernandez\.vscode\extensions\redhat.java-1.56.0-win32-x64\jre\21.0.12.1-win32-x86_64\bin\verify.dll
Event: 1.502 Loaded shared library C:\Users\Lucas Hernandez\.vscode\extensions\redhat.java-1.56.0-win32-x64\jre\21.0.12.1-win32-x86_64\bin\verify.dll
Event: 1.812 Attempting to load shared library C:\Users\Lucas Hernandez\.gradle\native\1def1411415f61bf3af743bc5b6707747c0891f09f0c88961ee8f79bc544acac\windows-amd64\native-platform.dll
Event: 1.817 Loaded shared library C:\Users\Lucas Hernandez\.gradle\native\1def1411415f61bf3af743bc5b6707747c0891f09f0c88961ee8f79bc544acac\windows-amd64\native-platform.dll
Event: 1.840 Attempting to load shared library C:\Users\Lucas Hernandez\.gradle\native\0.2.7\x86_64-windows-gnu\gradle-fileevents.dll
Event: 1.841 Loaded shared library C:\Users\Lucas Hernandez\.gradle\native\0.2.7\x86_64-windows-gnu\gradle-fileevents.dll
Event: 7.700 Attempting to load shared library C:\Users\Lucas Hernandez\.vscode\extensions\redhat.java-1.56.0-win32-x64\jre\21.0.12.1-win32-x86_64\bin\management.dll
Event: 7.701 Loaded shared library C:\Users\Lucas Hernandez\.vscode\extensions\redhat.java-1.56.0-win32-x64\jre\21.0.12.1-win32-x86_64\bin\management.dll
Event: 7.707 Attempting to load shared library C:\Users\Lucas Hernandez\.vscode\extensions\redhat.java-1.56.0-win32-x64\jre\21.0.12.1-win32-x86_64\bin\management_ext.dll
Event: 7.709 Loaded shared library C:\Users\Lucas Hernandez\.vscode\extensions\redhat.java-1.56.0-win32-x64\jre\21.0.12.1-win32-x86_64\bin\management_ext.dll
Event: 8.484 Attempting to load shared library C:\Users\Lucas Hernandez\.vscode\extensions\redhat.java-1.56.0-win32-x64\jre\21.0.12.1-win32-x86_64\bin\extnet.dll
Event: 8.485 Loaded shared library C:\Users\Lucas Hernandez\.vscode\extensions\redhat.java-1.56.0-win32-x64\jre\21.0.12.1-win32-x86_64\bin\extnet.dll
Event: 9.139 Attempting to load shared library C:\Users\Lucas Hernandez\.vscode\extensions\redhat.java-1.56.0-win32-x64\jre\21.0.12.1-win32-x86_64\bin\sunmscapi.dll
Event: 9.144 Loaded shared library C:\Users\Lucas Hernandez\.vscode\extensions\redhat.java-1.56.0-win32-x64\jre\21.0.12.1-win32-x86_64\bin\sunmscapi.dll

Deoptimization events (20 events):
Event: 184.317 Thread 0x000001cce07e4780 Uncommon trap: trap_request=0xffffff45 fr.pc=0x000001cccdd12a0c relative=0x0000000000000fcc
Event: 184.317 Thread 0x000001cce07e4780 Uncommon trap: reason=unstable_if action=reinterpret pc=0x000001cccdd12a0c method=java.io.WinNTFileSystem.isSlash(C)Z @ 9 c2
Event: 184.317 Thread 0x000001cce07e4780 DEOPT PACKING pc=0x000001cccdd12a0c sp=0x000000ab959f5aa0
Event: 184.317 Thread 0x000001cce07e4780 DEOPT UNPACKING pc=0x000001cccd774422 sp=0x000000ab959f5a18 mode 2
Event: 184.924 Thread 0x000001cce07e4780 Uncommon trap: trap_request=0xffffff45 fr.pc=0x000001ccce0f7d6c relative=0x000000000000014c
Event: 184.924 Thread 0x000001cce07e4780 Uncommon trap: reason=unstable_if action=reinterpret pc=0x000001ccce0f7d6c method=org.objectweb.asm.ByteVector.putByteArray([BII)Lorg/objectweb/asm/ByteVector; @ 20 c2
Event: 184.924 Thread 0x000001cce07e4780 DEOPT PACKING pc=0x000001ccce0f7d6c sp=0x000000ab959f5b40
Event: 184.924 Thread 0x000001cce07e4780 DEOPT UNPACKING pc=0x000001cccd774422 sp=0x000000ab959f5b10 mode 2
Event: 184.924 Thread 0x000001cce07e4780 Uncommon trap: trap_request=0xffffff45 fr.pc=0x000001ccce0ff6cc relative=0x0000000000000a4c
Event: 184.924 Thread 0x000001cce07e4780 Uncommon trap: reason=unstable_if action=reinterpret pc=0x000001ccce0ff6cc method=org.objectweb.asm.Label.resolve([BLorg/objectweb/asm/ByteVector;I)Z @ 81 c2
Event: 184.924 Thread 0x000001cce07e4780 DEOPT PACKING pc=0x000001ccce0ff6cc sp=0x000000ab959f5b60
Event: 184.924 Thread 0x000001cce07e4780 DEOPT UNPACKING pc=0x000001cccd774422 sp=0x000000ab959f5a88 mode 2
Event: 184.924 Thread 0x000001cce07e4780 Uncommon trap: trap_request=0xffffff45 fr.pc=0x000001cccdf78d60 relative=0x0000000000000240
Event: 184.924 Thread 0x000001cce07e4780 Uncommon trap: reason=unstable_if action=reinterpret pc=0x000001cccdf78d60 method=org.objectweb.asm.Label.resolve([BLorg/objectweb/asm/ByteVector;I)Z @ 81 c2
Event: 184.924 Thread 0x000001cce07e4780 DEOPT PACKING pc=0x000001cccdf78d60 sp=0x000000ab959f5af0
Event: 184.924 Thread 0x000001cce07e4780 DEOPT UNPACKING pc=0x000001cccd774422 sp=0x000000ab959f5a80 mode 2
Event: 184.931 Thread 0x000001cce07e4780 Uncommon trap: trap_request=0xffffffc6 fr.pc=0x000001ccce0afe54 relative=0x0000000000000434
Event: 184.931 Thread 0x000001cce07e4780 Uncommon trap: reason=bimorphic_or_optimized_type_check action=maybe_recompile pc=0x000001ccce0afe54 method=com.google.common.cache.LocalCache$Segment.getEntry(Ljava/lang/Object;I)Lcom/google/common/cache/ReferenceEntry; @ 24 c2
Event: 184.931 Thread 0x000001cce07e4780 DEOPT PACKING pc=0x000001ccce0afe54 sp=0x000000ab959f6350
Event: 184.931 Thread 0x000001cce07e4780 DEOPT UNPACKING pc=0x000001cccd774422 sp=0x000000ab959f62e8 mode 2

Classes loaded (20 events):
Event: 178.536 Loading class java/util/Base64$Encoder
Event: 178.536 Loading class java/util/Base64$Encoder done
Event: 178.539 Loading class java/util/jar/JarVerifier$VerifierStream
Event: 178.540 Loading class java/util/jar/JarVerifier$VerifierStream done
Event: 178.540 Loading class sun/security/util/ManifestEntryVerifier$SunProviderHolder
Event: 178.540 Loading class sun/security/util/ManifestEntryVerifier$SunProviderHolder done
Event: 178.611 Loading class sun/security/util/MemoryCache$QueueCacheEntry
Event: 178.611 Loading class sun/security/util/MemoryCache$QueueCacheEntry done
Event: 179.160 Loading class sun/misc/Unsafe
Event: 179.161 Loading class sun/misc/Unsafe done
Event: 179.436 Loading class sun/reflect/annotation/AnnotationInvocationHandler$1
Event: 179.436 Loading class sun/reflect/annotation/AnnotationInvocationHandler$1 done
Event: 179.486 Loading class java/lang/foreign/ValueLayout
Event: 179.486 Loading class java/lang/foreign/MemoryLayout
Event: 179.487 Loading class java/lang/foreign/MemoryLayout done
Event: 179.487 Loading class java/lang/foreign/ValueLayout done
Event: 181.661 Loading class java/security/KeyStore
Event: 181.667 Loading class java/security/KeyStore done
Event: 183.528 Loading class javax/xml/stream/XMLStreamException
Event: 183.528 Loading class javax/xml/stream/XMLStreamException done

Classes unloaded (0 events):
No events

Classes redefined (0 events):
No events

Internal exceptions (20 events):
Event: 172.699 Thread 0x000001cce07e4780 Exception <a 'java/lang/ClassNotFoundException'{0x00000000a3c17410}: build_38ozlsze7grmfxv7xptozb2c4BeanInfo> (0x00000000a3c17410) 
thrown [s\src\hotspot\share\classfile\systemDictionary.cpp, line 313]
Event: 172.708 Thread 0x000001cce07e4780 Exception <a 'java/lang/ClassNotFoundException'{0x00000000a3c1e200}: build_38ozlsze7grmfxv7xptozb2c4Customizer> (0x00000000a3c1e200) 
thrown [s\src\hotspot\share\classfile\systemDictionary.cpp, line 313]
Event: 175.024 Thread 0x000001cce07e4780 Exception <a 'java/lang/NoSuchMethodError'{0x00000000a424a0d0}: 'int java.lang.invoke.DirectMethodHandle$Holder.invokeSpecialIFC(java.lang.Object, java.lang.Object, java.lang.Object, java.lang.Object, java.lang.Object)'> (0x00000000a424a0d0) 
thrown [s\src\hotspot\share\interpreter\linkResolver.cpp, line 773]
Event: 177.717 Thread 0x000001cce07e4780 Exception <a 'java/lang/NoSuchMethodError'{0x00000000a6203078}: 'java.lang.Object java.lang.invoke.DirectMethodHandle$Holder.newInvokeSpecial(java.lang.Object, java.lang.Object, java.lang.Object, java.lang.Object, java.lang.Object, java.lang.Object, java.lang.Object, java.lang.Object, java.lang.Object, java.lang.Object, java.lang.Object, java.lang.Object, java.lang.Object, java.lang.Object, java.lang.Object, java.lang.Object)'> (0x00000000a6203078) 
thrown [s\src\hotspot\share\interpreter\linkResolver.cpp,
Event: 177.718 Thread 0x000001cce07e4780 Exception <a 'java/lang/NoSuchMethodError'{0x00000000a6209d38}: 'java.lang.Object java.lang.invoke.DirectMethodHandle$Holder.invokeSpecial(java.lang.Object, java.lang.Object, java.lang.Object, java.lang.Object, java.lang.Object, java.lang.Object, java.lang.Object, java.lang.Object, java.lang.Object, java.lang.Object, java.lang.Object, java.lang.Object, java.lang.Object, java.lang.Object, java.lang.Object, java.lang.Object, java.lang.Object)'> (0x00000000a6209d38) 
thrown [s\src\hotspot\share\interpreter\li
Event: 177.719 Thread 0x000001cce07e4780 Exception <a 'java/lang/NoSuchMethodError'{0x00000000a620f918}: 'java.lang.Object java.lang.invoke.DelegatingMethodHandle$Holder.reinvoke_L(java.lang.Object, java.lang.Object, java.lang.Object, java.lang.Object, java.lang.Object, java.lang.Object, java.lang.Object, java.lang.Object, java.lang.Object, java.lang.Object, java.lang.Object, java.lang.Object, java.lang.Object, java.lang.Object, java.lang.Object, java.lang.Object)'> (0x00000000a620f918) 
thrown [s\src\hotspot\share\interpreter\linkResolver.cpp, l
Event: 177.919 Thread 0x000001cce07e4780 Exception <a 'java/lang/NoSuchMethodError'{0x00000000a5f8a500}: 'void java.lang.invoke.DirectMethodHandle$Holder.invokeVirtual(java.lang.Object, java.lang.Object)'> (0x00000000a5f8a500) 
thrown [s\src\hotspot\share\interpreter\linkResolver.cpp, line 773]
Event: 184.924 Thread 0x000001cce07e4780 Implicit null exception at 0x000001ccce0f7c75 to 0x000001ccce0f7d50
Event: 187.355 Thread 0x000001cce07e4780 Exception <a 'java/lang/ClassNotFoundException'{0x00000000a55c3830}: com/android/build/gradle/internal/dsl/BaseAppModuleExtension_DecoratedBeanInfo> (0x00000000a55c3830) 
thrown [s\src\hotspot\share\classfile\systemDictionary.cpp, line 313]
Event: 187.367 Thread 0x000001cce07e4780 Exception <a 'java/lang/ClassNotFoundException'{0x00000000a55d04c0}: com/android/build/gradle/internal/dsl/BaseAppModuleExtensionBeanInfo> (0x00000000a55d04c0) 
thrown [s\src\hotspot\share\classfile\systemDictionary.cpp, line 313]
Event: 187.370 Thread 0x000001cce07e4780 Exception <a 'java/lang/ClassNotFoundException'{0x00000000a55dcea8}: com/android/build/gradle/AppExtensionBeanInfo> (0x00000000a55dcea8) 
thrown [s\src\hotspot\share\classfile\systemDictionary.cpp, line 313]
Event: 187.370 Thread 0x000001cce07e4780 Exception <a 'java/lang/ClassNotFoundException'{0x00000000a55e98c8}: com/android/build/gradle/AbstractAppExtensionBeanInfo> (0x00000000a55e98c8) 
thrown [s\src\hotspot\share\classfile\systemDictionary.cpp, line 313]
Event: 187.375 Thread 0x000001cce07e4780 Exception <a 'java/lang/ClassNotFoundException'{0x00000000a55f62a0}: com/android/build/gradle/TestedExtensionBeanInfo> (0x00000000a55f62a0) 
thrown [s\src\hotspot\share\classfile\systemDictionary.cpp, line 313]
Event: 187.376 Thread 0x000001cce07e4780 Exception <a 'java/lang/ClassNotFoundException'{0x00000000a5402d08}: com/android/build/gradle/BaseExtensionBeanInfo> (0x00000000a5402d08) 
thrown [s\src\hotspot\share\classfile\systemDictionary.cpp, line 313]
Event: 187.377 Thread 0x000001cce07e4780 Exception <a 'java/lang/ClassNotFoundException'{0x00000000a540f6a8}: com/android/build/gradle/BaseExtensionCustomizer> (0x00000000a540f6a8) 
thrown [s\src\hotspot\share\classfile\systemDictionary.cpp, line 313]
Event: 187.385 Thread 0x000001cce07e4780 Exception <a 'java/lang/ClassNotFoundException'{0x00000000a54759a8}: com/android/build/gradle/TestedExtensionCustomizer> (0x00000000a54759a8) 
thrown [s\src\hotspot\share\classfile\systemDictionary.cpp, line 313]
Event: 187.475 Thread 0x000001cce07e4780 Exception <a 'java/lang/ClassNotFoundException'{0x00000000a549e880}: com/android/build/gradle/AbstractAppExtensionCustomizer> (0x00000000a549e880) 
thrown [s\src\hotspot\share\classfile\systemDictionary.cpp, line 313]
Event: 187.477 Thread 0x000001cce07e4780 Exception <a 'java/lang/ClassNotFoundException'{0x00000000a54c1b50}: com/android/build/gradle/AppExtensionCustomizer> (0x00000000a54c1b50) 
thrown [s\src\hotspot\share\classfile\systemDictionary.cpp, line 313]
Event: 187.480 Thread 0x000001cce07e4780 Exception <a 'java/lang/ClassNotFoundException'{0x00000000a54e3bf0}: com/android/build/gradle/internal/dsl/BaseAppModuleExtensionCustomizer> (0x00000000a54e3bf0) 
thrown [s\src\hotspot\share\classfile\systemDictionary.cpp, line 313]
Event: 187.486 Thread 0x000001cce07e4780 Exception <a 'java/lang/ClassNotFoundException'{0x00000000a53e1508}: com/android/build/gradle/internal/dsl/BaseAppModuleExtension_DecoratedCustomizer> (0x00000000a53e1508) 
thrown [s\src\hotspot\share\classfile\systemDictionary.cpp, line 313]

ZGC Phase Switch (0 events):
No events

VM Operations (20 events):
Event: 180.258 Executing non-safepoint VM operation: RendezvousGCThreads
Event: 180.258 Executing non-safepoint VM operation: RendezvousGCThreads done
Event: 181.262 Executing safepoint VM operation: Cleanup
Event: 181.262 Executing safepoint VM operation: Cleanup done
Event: 182.272 Executing safepoint VM operation: Cleanup
Event: 182.273 Executing safepoint VM operation: Cleanup done
Event: 182.444 Executing safepoint VM operation: G1CollectForAllocation (G1 Evacuation Pause)
Event: 182.449 Executing safepoint VM operation: G1CollectForAllocation (G1 Evacuation Pause) done
Event: 182.500 Executing safepoint VM operation: G1PauseRemark
Event: 182.508 Executing safepoint VM operation: G1PauseRemark done
Event: 182.536 Executing safepoint VM operation: G1PauseCleanup
Event: 182.536 Executing safepoint VM operation: G1PauseCleanup done
Event: 183.541 Executing safepoint VM operation: Cleanup
Event: 183.543 Executing safepoint VM operation: Cleanup done
Event: 184.551 Executing safepoint VM operation: Cleanup
Event: 184.567 Executing safepoint VM operation: Cleanup done
Event: 185.569 Executing safepoint VM operation: Cleanup
Event: 185.569 Executing safepoint VM operation: Cleanup done
Event: 187.589 Executing safepoint VM operation: Cleanup
Event: 187.636 Executing safepoint VM operation: Cleanup done

Memory protections (0 events):
No events

Nmethod flushes (20 events):
Event: 182.506 Thread 0x000001ccda9ab5f0 flushing  nmethod 0x000001ccc691a210
Event: 182.506 Thread 0x000001ccda9ab5f0 flushing  nmethod 0x000001ccc6972b90
Event: 182.506 Thread 0x000001ccda9ab5f0 flushing  nmethod 0x000001ccc6976890
Event: 182.506 Thread 0x000001ccda9ab5f0 flushing  nmethod 0x000001ccc697aa90
Event: 182.506 Thread 0x000001ccda9ab5f0 flushing  nmethod 0x000001ccc6c36310
Event: 182.506 Thread 0x000001ccda9ab5f0 flushing  nmethod 0x000001ccc6c38010
Event: 182.506 Thread 0x000001ccda9ab5f0 flushing  nmethod 0x000001ccc6c89190
Event: 182.506 Thread 0x000001ccda9ab5f0 flushing osr nmethod 0x000001cccde06390
Event: 182.506 Thread 0x000001ccda9ab5f0 flushing  nmethod 0x000001ccc62c8a90
Event: 182.506 Thread 0x000001ccda9ab5f0 flushing  nmethod 0x000001ccc639df10
Event: 182.506 Thread 0x000001ccda9ab5f0 flushing  nmethod 0x000001ccc63a3690
Event: 182.506 Thread 0x000001ccda9ab5f0 flushing  nmethod 0x000001ccc63f4310
Event: 182.506 Thread 0x000001ccda9ab5f0 flushing  nmethod 0x000001ccc65deb10
Event: 182.506 Thread 0x000001ccda9ab5f0 flushing  nmethod 0x000001ccc65e7c10
Event: 182.506 Thread 0x000001ccda9ab5f0 flushing  nmethod 0x000001ccc65e9910
Event: 182.506 Thread 0x000001ccda9ab5f0 flushing  nmethod 0x000001ccc665ed90
Event: 182.506 Thread 0x000001ccda9ab5f0 flushing  nmethod 0x000001ccc6802f10
Event: 182.506 Thread 0x000001ccda9ab5f0 flushing  nmethod 0x000001ccc6803d90
Event: 182.506 Thread 0x000001ccda9ab5f0 flushing  nmethod 0x000001ccc688ba90
Event: 182.506 Thread 0x000001ccda9ab5f0 flushing osr nmethod 0x000001ccc6ba2210

Events (20 events):
Event: 118.233 Thread 0x000001cce07e4780 Thread added: 0x000001cce170fbc0
Event: 118.900 Thread 0x000001cce07e4780 Thread added: 0x000001cce1710250
Event: 118.902 Thread 0x000001cce07e4780 Thread added: 0x000001cce17108e0
Event: 118.903 Thread 0x000001cce07e4780 Thread added: 0x000001cce1711c90
Event: 118.904 Thread 0x000001cce07e4780 Thread added: 0x000001cce1710f70
Event: 118.906 Thread 0x000001cce07e4780 Thread added: 0x000001cce1712320
Event: 118.907 Thread 0x000001cce07e4780 Thread added: 0x000001cce170eea0
Event: 118.908 Thread 0x000001cce07e4780 Thread added: 0x000001cce1714a80
Event: 118.909 Thread 0x000001cce07e4780 Thread added: 0x000001cce17136d0
Event: 118.910 Thread 0x000001cce07e4780 Thread added: 0x000001cce1713d60
Event: 118.911 Thread 0x000001cce07e4780 Thread added: 0x000001cce1715110
Event: 118.912 Thread 0x000001cce07e4780 Thread added: 0x000001cce1715e30
Event: 136.506 Thread 0x000001cce07e4780 Thread added: 0x000001cce17143f0
Event: 139.119 Thread 0x000001cce07e4780 Thread added: 0x000001cce17157a0
Event: 144.674 Thread 0x000001cce07e4780 Thread added: 0x000001cce17129b0
Event: 165.893 Thread 0x000001cce07e4780 Thread added: 0x000001cce1713040
Event: 172.034 Thread 0x000001cce07e4780 Thread added: 0x000001ccdfca3240
Event: 173.002 Thread 0x000001ccda9cf8c0 Thread added: 0x000001cce1374050
Event: 173.273 Thread 0x000001cce1374050 Thread exited: 0x000001cce1374050
Event: 177.900 Thread 0x000001cce07e4780 Thread added: 0x000001ccdfca3f60


Dynamic libraries:
0x00007ff61a400000 - 0x00007ff61a40e000 	C:\Users\Lucas Hernandez\.vscode\extensions\redhat.java-1.56.0-win32-x64\jre\21.0.12.1-win32-x86_64\bin\java.exe
0x00007ffa77d80000 - 0x00007ffa77fe7000 	C:\WINDOWS\SYSTEM32\ntdll.dll
0x00007ffa765c0000 - 0x00007ffa7668b000 	C:\WINDOWS\System32\KERNEL32.DLL
0x00007ffa74f80000 - 0x00007ffa75382000 	C:\WINDOWS\System32\KERNELBASE.dll
0x00007ffa75940000 - 0x00007ffa75a8c000 	C:\WINDOWS\System32\ucrtbase.dll
0x00007ffa55230000 - 0x00007ffa5524e000 	C:\Users\Lucas Hernandez\.vscode\extensions\redhat.java-1.56.0-win32-x64\jre\21.0.12.1-win32-x86_64\bin\VCRUNTIME140.dll
0x00007ffa54440000 - 0x00007ffa54458000 	C:\Users\Lucas Hernandez\.vscode\extensions\redhat.java-1.56.0-win32-x64\jre\21.0.12.1-win32-x86_64\bin\jli.dll
0x00007ffa76d80000 - 0x00007ffa76f4f000 	C:\WINDOWS\System32\USER32.dll
0x00007ffa75630000 - 0x00007ffa75657000 	C:\WINDOWS\System32\win32u.dll
0x00007ffa76590000 - 0x00007ffa765bb000 	C:\WINDOWS\System32\GDI32.dll
0x00007ffa626a0000 - 0x00007ffa62930000 	C:\WINDOWS\WinSxS\amd64_microsoft.windows.common-controls_6595b64144ccf1df_6.0.26100.9278_none_3e0d1ba8e3303201\COMCTL32.dll
0x00007ffa75390000 - 0x00007ffa754b9000 	C:\WINDOWS\System32\gdi32full.dll
0x00007ffa77060000 - 0x00007ffa77109000 	C:\WINDOWS\System32\msvcrt.dll
0x00007ffa75580000 - 0x00007ffa75623000 	C:\WINDOWS\System32\msvcp_win.dll
0x00007ffa75db0000 - 0x00007ffa75de1000 	C:\WINDOWS\System32\IMM32.DLL
0x00007ffa60070000 - 0x00007ffa6007c000 	C:\Users\Lucas Hernandez\.vscode\extensions\redhat.java-1.56.0-win32-x64\jre\21.0.12.1-win32-x86_64\bin\vcruntime140_1.dll
0x00007ffa258a0000 - 0x00007ffa2592d000 	C:\Users\Lucas Hernandez\.vscode\extensions\redhat.java-1.56.0-win32-x64\jre\21.0.12.1-win32-x86_64\bin\msvcp140.dll
0x00007ff9a90d0000 - 0x00007ff9a9e72000 	C:\Users\Lucas Hernandez\.vscode\extensions\redhat.java-1.56.0-win32-x64\jre\21.0.12.1-win32-x86_64\bin\server\jvm.dll
0x00007ffa76b60000 - 0x00007ffa76c1c000 	C:\WINDOWS\System32\ADVAPI32.dll
0x00007ffa771a0000 - 0x00007ffa77249000 	C:\WINDOWS\System32\sechost.dll
0x00007ffa76a40000 - 0x00007ffa76b58000 	C:\WINDOWS\System32\RPCRT4.dll
0x00007ffa75c10000 - 0x00007ffa75c90000 	C:\WINDOWS\System32\WS2_32.dll
0x00007ffa74e00000 - 0x00007ffa74e5e000 	C:\WINDOWS\SYSTEM32\POWRPROF.dll
0x00007ffa6c150000 - 0x00007ffa6c186000 	C:\WINDOWS\SYSTEM32\WINMM.dll
0x00007ffa6cd30000 - 0x00007ffa6cd3b000 	C:\WINDOWS\SYSTEM32\VERSION.dll
0x00007ffa74de0000 - 0x00007ffa74df5000 	C:\WINDOWS\SYSTEM32\UMPDC.dll
0x00007ffa73c30000 - 0x00007ffa73c4b000 	C:\WINDOWS\SYSTEM32\kernel.appcore.dll
0x00007ffa5ff20000 - 0x00007ffa5ff2a000 	C:\Users\Lucas Hernandez\.vscode\extensions\redhat.java-1.56.0-win32-x64\jre\21.0.12.1-win32-x86_64\bin\jimage.dll
0x00007ffa68aa0000 - 0x00007ffa68cec000 	C:\WINDOWS\SYSTEM32\DBGHELP.DLL
0x00007ffa766b0000 - 0x00007ffa76a35000 	C:\WINDOWS\System32\combase.dll
0x00007ffa776e0000 - 0x00007ffa777b9000 	C:\WINDOWS\System32\OLEAUT32.dll
0x00007ffa5e7b0000 - 0x00007ffa5e7eb000 	C:\WINDOWS\SYSTEM32\dbgcore.DLL
0x00007ffa75880000 - 0x00007ffa7592c000 	C:\WINDOWS\System32\bcryptPrimitives.dll
0x00007ffa58db0000 - 0x00007ffa58dbf000 	C:\Users\Lucas Hernandez\.vscode\extensions\redhat.java-1.56.0-win32-x64\jre\21.0.12.1-win32-x86_64\bin\instrument.dll
0x00007ffa54380000 - 0x00007ffa543a0000 	C:\Users\Lucas Hernandez\.vscode\extensions\redhat.java-1.56.0-win32-x64\jre\21.0.12.1-win32-x86_64\bin\java.dll
0x00007ffa75df0000 - 0x00007ffa76588000 	C:\WINDOWS\System32\SHELL32.dll
0x00007ffa729c0000 - 0x00007ffa7326e000 	C:\WINDOWS\SYSTEM32\windows.storage.dll
0x00007ffa76f60000 - 0x00007ffa7705b000 	C:\WINDOWS\System32\SHCORE.dll
0x00007ffa77b40000 - 0x00007ffa77ba6000 	C:\WINDOWS\System32\shlwapi.dll
0x00007ffa74ea0000 - 0x00007ffa74ec9000 	C:\WINDOWS\SYSTEM32\profapi.dll
0x00007ffa54120000 - 0x00007ffa54138000 	C:\Users\Lucas Hernandez\.vscode\extensions\redhat.java-1.56.0-win32-x64\jre\21.0.12.1-win32-x86_64\bin\zip.dll
0x00007ffa5f810000 - 0x00007ffa5f820000 	C:\Users\Lucas Hernandez\.vscode\extensions\redhat.java-1.56.0-win32-x64\jre\21.0.12.1-win32-x86_64\bin\net.dll
0x00007ffa6ca10000 - 0x00007ffa6cb3a000 	C:\WINDOWS\SYSTEM32\WINHTTP.dll
0x00007ffa74210000 - 0x00007ffa7427c000 	C:\WINDOWS\system32\mswsock.dll
0x00007ffa53680000 - 0x00007ffa53696000 	C:\Users\Lucas Hernandez\.vscode\extensions\redhat.java-1.56.0-win32-x64\jre\21.0.12.1-win32-x86_64\bin\nio.dll
0x00007ffa57e70000 - 0x00007ffa57e80000 	C:\Users\Lucas Hernandez\.vscode\extensions\redhat.java-1.56.0-win32-x64\jre\21.0.12.1-win32-x86_64\bin\verify.dll
0x00007ffa47ff0000 - 0x00007ffa48017000 	C:\Users\Lucas Hernandez\.gradle\native\1def1411415f61bf3af743bc5b6707747c0891f09f0c88961ee8f79bc544acac\windows-amd64\native-platform.dll
0x00007ffa25c60000 - 0x00007ffa25cd8000 	C:\Users\Lucas Hernandez\.gradle\native\0.2.7\x86_64-windows-gnu\gradle-fileevents.dll
0x00007ffa6fe70000 - 0x00007ffa6fe7a000 	C:\Users\Lucas Hernandez\.vscode\extensions\redhat.java-1.56.0-win32-x64\jre\21.0.12.1-win32-x86_64\bin\management.dll
0x00007ffa6fe60000 - 0x00007ffa6fe6c000 	C:\Users\Lucas Hernandez\.vscode\extensions\redhat.java-1.56.0-win32-x64\jre\21.0.12.1-win32-x86_64\bin\management_ext.dll
0x00007ffa77c00000 - 0x00007ffa77c08000 	C:\WINDOWS\System32\PSAPI.DLL
0x00007ffa735d0000 - 0x00007ffa73603000 	C:\WINDOWS\SYSTEM32\IPHLPAPI.DLL
0x00007ffa77c10000 - 0x00007ffa77c1a000 	C:\WINDOWS\System32\NSI.dll
0x00007ffa60960000 - 0x00007ffa60969000 	C:\Users\Lucas Hernandez\.vscode\extensions\redhat.java-1.56.0-win32-x64\jre\21.0.12.1-win32-x86_64\bin\extnet.dll
0x00007ffa74520000 - 0x00007ffa7453b000 	C:\WINDOWS\SYSTEM32\CRYPTSP.dll
0x00007ffa73b90000 - 0x00007ffa73bc9000 	C:\WINDOWS\system32\rsaenh.dll
0x00007ffa742c0000 - 0x00007ffa742f4000 	C:\WINDOWS\SYSTEM32\USERENV.dll
0x00007ffa74e70000 - 0x00007ffa74e9a000 	C:\WINDOWS\SYSTEM32\bcrypt.dll
0x00007ffa74500000 - 0x00007ffa7450c000 	C:\WINDOWS\SYSTEM32\CRYPTBASE.dll
0x00007ffa60950000 - 0x00007ffa6095e000 	C:\Users\Lucas Hernandez\.vscode\extensions\redhat.java-1.56.0-win32-x64\jre\21.0.12.1-win32-x86_64\bin\sunmscapi.dll
0x00007ffa756f0000 - 0x00007ffa7586e000 	C:\WINDOWS\System32\CRYPT32.dll
0x00007ffa74740000 - 0x00007ffa74770000 	C:\WINDOWS\SYSTEM32\ncrypt.dll
0x00007ffa746f0000 - 0x00007ffa7472f000 	C:\WINDOWS\SYSTEM32\NTASN1.dll
0x00007ffa3a230000 - 0x00007ffa3a238000 	C:\WINDOWS\system32\wshunix.dll

JVMTI agents:
C:\Users\Lucas Hernandez\.gradle\wrapper\dists\gradle-8.14.3-all\10utluxaxniiv4wxiphsi49nj\gradle-8.14.3\lib\agents\gradle-instrumentation-agent-8.14.3.jar path:C:\Users\Lucas Hernandez\.vscode\extensions\redhat.java-1.56.0-win32-x64\jre\21.0.12.1-win32-x86_64\bin\instrument.dll, loaded, initialized, instrumentlib options:none

dbghelp: loaded successfully - version: 4.0.5 - missing functions: none
symbol engine: initialized successfully - sym options: 0x614 - pdb path: .;C:\Users\Lucas Hernandez\.vscode\extensions\redhat.java-1.56.0-win32-x64\jre\21.0.12.1-win32-x86_64\bin;C:\WINDOWS\SYSTEM32;C:\WINDOWS\WinSxS\amd64_microsoft.windows.common-controls_6595b64144ccf1df_6.0.26100.9278_none_3e0d1ba8e3303201;C:\Users\Lucas Hernandez\.vscode\extensions\redhat.java-1.56.0-win32-x64\jre\21.0.12.1-win32-x86_64\bin\server;C:\Users\Lucas Hernandez\.gradle\native\1def1411415f61bf3af743bc5b6707747c0891f09f0c88961ee8f79bc544acac\windows-amd64;C:\Users\Lucas Hernandez\.gradle\native\0.2.7\x86_64-windows-gnu

VM Arguments:
jvm_args: --add-opens=java.base/java.lang=ALL-UNNAMED --add-opens=java.base/java.lang.invoke=ALL-UNNAMED --add-opens=java.base/java.util=ALL-UNNAMED --add-opens=java.prefs/java.util.prefs=ALL-UNNAMED --add-exports=jdk.compiler/com.sun.tools.javac.api=ALL-UNNAMED --add-exports=jdk.compiler/com.sun.tools.javac.util=ALL-UNNAMED --add-opens=java.base/java.util=ALL-UNNAMED --add-opens=java.prefs/java.util.prefs=ALL-UNNAMED --add-opens=java.base/java.nio.charset=ALL-UNNAMED --add-opens=java.base/java.net=ALL-UNNAMED --add-opens=java.base/java.util.concurrent.atomic=ALL-UNNAMED --add-opens=java.xml/javax.xml.namespace=ALL-UNNAMED -Xmx1536m -Dfile.encoding=UTF-8 -Duser.country=ES -Duser.language=es -Duser.variant -javaagent:C:\Users\Lucas Hernandez\.gradle\wrapper\dists\gradle-8.14.3-all\10utluxaxniiv4wxiphsi49nj\gradle-8.14.3\lib\agents\gradle-instrumentation-agent-8.14.3.jar 
java_command: org.gradle.launcher.daemon.bootstrap.GradleDaemon 8.14.3
java_class_path (initial): C:\Users\Lucas Hernandez\.gradle\wrapper\dists\gradle-8.14.3-all\10utluxaxniiv4wxiphsi49nj\gradle-8.14.3\lib\gradle-daemon-main-8.14.3.jar
Launcher Type: SUN_STANDARD

[Global flags]
     intx CICompilerCount                          = 4                                         {product} {ergonomic}
     uint ConcGCThreads                            = 3                                         {product} {ergonomic}
     uint G1ConcRefinementThreads                  = 10                                        {product} {ergonomic}
   size_t G1HeapRegionSize                         = 1048576                                   {product} {ergonomic}
    uintx GCDrainStackTargetSize                   = 64                                        {product} {ergonomic}
   size_t InitialHeapSize                          = 260046848                                 {product} {ergonomic}
   size_t MarkStackSize                            = 4194304                                   {product} {ergonomic}
   size_t MaxHeapSize                              = 1610612736                                {product} {command line}
   size_t MaxNewSize                               = 965738496                                 {product} {ergonomic}
   size_t MinHeapDeltaBytes                        = 1048576                                   {product} {ergonomic}
   size_t MinHeapSize                              = 8388608                                   {product} {ergonomic}
    uintx NonNMethodCodeHeapSize                   = 5839372                                {pd product} {ergonomic}
    uintx NonProfiledCodeHeapSize                  = 122909434                              {pd product} {ergonomic}
    uintx ProfiledCodeHeapSize                     = 122909434                              {pd product} {ergonomic}
    uintx ReservedCodeCacheSize                    = 251658240                              {pd product} {ergonomic}
     bool SegmentedCodeCache                       = true                                      {product} {ergonomic}
   size_t SoftMaxHeapSize                          = 1610612736                             {manageable} {ergonomic}
     bool UseCompressedOops                        = true                           {product lp64_product} {ergonomic}
     bool UseG1GC                                  = true                                      {product} {ergonomic}
     bool UseLargePagesIndividualAllocation        = false                                  {pd product} {ergonomic}

Logging:
Log output configuration:
 #0: stdout all=warning uptime,level,tags foldmultilines=false
 #1: stderr all=off uptime,level,tags foldmultilines=false

Release file:
JAVA_VERSION="21.0.12.1" 
MODULES="java.base java.compiler java.datatransfer java.xml java.prefs java.desktop java.instrument java.logging java.management java.security.sasl java.naming java.rmi java.management.rmi java.net.http java.scripting java.security.jgss java.transaction.xa java.sql java.sql.rowset java.xml.crypto java.se java.smartcardio jdk.accessibility jdk.internal.jvmstat jdk.attach jdk.charsets jdk.internal.opt jdk.zipfs jdk.compiler jdk.crypto.ec jdk.crypto.cryptoki jdk.crypto.mscapi jdk.dynalink jdk.internal.ed jdk.editpad jdk.hotspot.agent jdk.httpserver jdk.internal.le jdk.internal.vm.ci jdk.internal.vm.compiler jdk.internal.vm.compiler.management jdk.jartool jdk.javadoc jdk.jcmd jdk.management jdk.management.agent jdk.jconsole jdk.jdeps jdk.jdwp.agent jdk.jdi jdk.jfr jdk.jshell jdk.jsobject jdk.jstatd jdk.localedata jdk.management.jfr jdk.naming.dns jdk.naming.rmi jdk.net jdk.nio.mapmode jdk.random jdk.sctp jdk.security.auth jdk.security.jgss jdk.unsupported jdk.unsupported.desktop jdk.xml.dom" 

Environment Variables:
JAVA_HOME=C:\Program Files\Eclipse Adoptium\jdk-17.0.20.101-hotspot\
PATH=C:\Program Files\Eclipse Adoptium\jdk-17.0.20.101-hotspot\bin;C:\Users\Lucas Hernandez\AppData\Local\Programs\Python\Python314\Scripts\;C:\Users\Lucas Hernandez\AppData\Local\Programs\Python\Python314\;C:\app\dbhomeXE\bin;C:\WINDOWS\system32;C:\WINDOWS;C:\WINDOWS\System32\Wbem;C:\WINDOWS\System32\WindowsPowerShell\v1.0\;C:\WINDOWS\System32\OpenSSH\;C:\Program Files\Docker\Docker\resources\bin;C:\Program Files\nodejs\;C:\ProgramData\chocolatey\bin;C:\Program Files\dotnet\;C:\Program Files\Git\cmd;C:\Program Files\MySQL\MySQL Shell 8.0\bin\;C:\Users\Lucas Hernandez\AppData\Local\Microsoft\WindowsApps;C:\Program Files\JetBrains\IntelliJ IDEA 2025.2.2\bin;C:\Users\Lucas Hernandez\AppData\Local\GitHubDesktop\bin;C:\Users\Lucas Hernandez\AppData\Local\Programs\Microsoft VS Code\bin;C:\Users\Lucas Hernandez\AppData\Local\Python\bin;C:\Users\Lucas Hernandez\AppData\Local\Programs\cursor\resources\app\bin;C:\Users\Lucas Hernandez\AppData\Roaming\npm;C:\src\flutter\bin;;C:\Android\sdk\platform-tools;C:\Android\sdk\cmdline-tools\latest\bin;C:\Android\sdk\emulator
USERNAME=Lucas Hernandez
OS=Windows_NT
PROCESSOR_IDENTIFIER=AMD64 Family 23 Model 104 Stepping 1, AuthenticAMD
TMP=C:\Users\LUCASH~1\AppData\Local\Temp
TEMP=C:\Users\LUCASH~1\AppData\Local\Temp




Periodic native trim disabled

---------------  S Y S T E M  ---------------

OS:
 Windows 11 , 64 bit Build 26100 (10.0.26100.9444)
OS uptime: 11 days 19:08 hours
Hyper-V role detected

CPU: total 12 (initial active 12) (12 cores per cpu, 2 threads per core) family 23 model 104 stepping 1 microcode 0x8608103, cx8, cmov, fxsr, ht, mmx, 3dnowpref, sse, sse2, sse3, ssse3, sse4a, sse4.1, sse4.2, popcnt, lzcnt, tsc, tscinvbit, avx, avx2, aes, clmul, bmi1, bmi2, adx, sha, fma, vzeroupper, clflush, clflushopt, hv, rdtscp, rdpid, f16c
Processor Information for the first 12 processors :
  Max Mhz: 2100, Current Mhz: 2100, Mhz Limit: 2100

Memory: 4k page, system-wide physical 15754M (17M free)
TotalPageFile size 64906M (AvailPageFile size 8M)
current process WorkingSet (physical memory assigned to process): 257M, peak: 281M
current process commit charge ("private bytes"): 373M, peak: 418M

vm_info: OpenJDK 64-Bit Server VM (21.0.12.1+1-LTS) for windows-amd64 JRE (21.0.12.1+1-LTS), built on 2026-08-18T00:00:00Z by "admin" with MS VC++ 17.12 (VS2022)

END.
