#
# There is insufficient memory for the Java Runtime Environment to continue.
# Native memory allocation (malloc) failed to allocate 1833776 bytes. Error detail: Chunk::new
# Possible reasons:
#   The system is out of physical RAM or swap space
#   This process is running with CompressedOops enabled, and the Java Heap may be blocking the growth of the native heap
# Possible solutions:
#   Reduce memory load on the system
#   Increase physical memory or swap space
#   Check if swap backing store is full
#   Decrease Java heap size (-Xmx/-Xms)
#   Decrease number of Java threads
#   Decrease Java thread stack sizes (-Xss)
#   Set larger code cache with -XX:ReservedCodeCacheSize=
#   JVM is running with Unscaled Compressed Oops mode in which the Java heap is
#     placed in the first 4GB address space. The Java Heap base address is the
#     maximum limit for the native heap growth. Please use -XX:HeapBaseMinAddress
#     to set the Java Heap base and to place the Java Heap above 4GB virtual address.
# This output file may be truncated or incomplete.
#
#  Out of Memory Error (arena.cpp:168), pid=39996, tid=14488
#
# JRE version: OpenJDK Runtime Environment Temurin-21.0.12.1+1 (21.0.12.1+1) (build 21.0.12.1+1-LTS)
# Java VM: OpenJDK 64-Bit Server VM Temurin-21.0.12.1+1 (21.0.12.1+1-LTS, mixed mode, sharing, tiered, compressed oops, compressed class ptrs, g1 gc, windows-amd64)
# No core dump will be written. Minidumps are not enabled by default on client versions of Windows
#

---------------  S U M M A R Y ------------

Command Line: --add-opens=java.base/java.lang=ALL-UNNAMED --add-opens=java.base/java.lang.invoke=ALL-UNNAMED --add-opens=java.base/java.util=ALL-UNNAMED --add-opens=java.prefs/java.util.prefs=ALL-UNNAMED --add-exports=jdk.compiler/com.sun.tools.javac.api=ALL-UNNAMED --add-exports=jdk.compiler/com.sun.tools.javac.util=ALL-UNNAMED --add-opens=java.base/java.util=ALL-UNNAMED --add-opens=java.prefs/java.util.prefs=ALL-UNNAMED --add-opens=java.base/java.nio.charset=ALL-UNNAMED --add-opens=java.base/java.net=ALL-UNNAMED --add-opens=java.base/java.util.concurrent.atomic=ALL-UNNAMED --add-opens=java.xml/javax.xml.namespace=ALL-UNNAMED -Xmx1536m -Dfile.encoding=UTF-8 -Duser.country=ES -Duser.language=es -Duser.variant -javaagent:C:\Users\Lucas Hernandez\.gradle\wrapper\dists\gradle-8.14.3-all\10utluxaxniiv4wxiphsi49nj\gradle-8.14.3\lib\agents\gradle-instrumentation-agent-8.14.3.jar org.gradle.launcher.daemon.bootstrap.GradleDaemon 8.14.3

Host: AMD Ryzen 5 7430U with Radeon Graphics, 12 cores, 15G,  Windows 11 , 64 bit Build 26100 (10.0.26100.9444)
Time: Wed Oct  7 16:07:43 2026 Hora de verano romance elapsed time: 125.576014 seconds (0d 0h 2m 5s)

---------------  T H R E A D  ---------------

Current thread (0x000001607644c2c0):  JavaThread "C2 CompilerThread0" daemon [_thread_in_native, id=14488, stack(0x0000002684800000,0x0000002684900000) (1024K)]


Current CompileTask:
C2:125576 5476   !   4       sun.reflect.annotation.AnnotationParser::parseAnnotations (37 bytes)

Stack: [0x0000002684800000,0x0000002684900000]
Native frames: (J=compiled Java code, j=interpreted, Vv=VM code, C=native code)
V  [jvm.dll+0x6d83e9]
V  [jvm.dll+0x8b5736]
V  [jvm.dll+0x8b7cee]
V  [jvm.dll+0x8b83d3]
V  [jvm.dll+0x284596]
V  [jvm.dll+0xc685d]
V  [jvm.dll+0xc6da1]
V  [jvm.dll+0x3bf151]
V  [jvm.dll+0x38b6d2]
V  [jvm.dll+0x38ab1a]
V  [jvm.dll+0x24c700]
V  [jvm.dll+0x24bce0]
V  [jvm.dll+0x1cb4ae]
V  [jvm.dll+0x25baad]
V  [jvm.dll+0x25a03a]
V  [jvm.dll+0x3f8aae]
V  [jvm.dll+0x8600cd]
V  [jvm.dll+0x6d6c1d]
C  [ucrtbase.dll+0x2cd30]
C  [KERNEL32.DLL+0x2cd87]
C  [ntdll.dll+0xacaec]


---------------  P R O C E S S  ---------------

Threads class SMR info:
_java_thread_list=0x000001607c6dfb50, length=39, elements={
0x000001606e2208f0, 0x0000016076444700, 0x0000016076445e80, 0x0000016076449610,
0x000001607644a070, 0x000001607644aad0, 0x000001607644b530, 0x000001607644c2c0,
0x00000160764b9a90, 0x00000160765e4400, 0x00000160766ad870, 0x000001607c2da880,
0x000001607bc04020, 0x000001607b7f28a0, 0x00000160767157c0, 0x00000160767d4ba0,
0x000001607bbdceb0, 0x000001607bbdc190, 0x000001607bbdf610, 0x000001607bbde260,
0x000001607bbdd540, 0x000001607bbddbd0, 0x000001607bbde8f0, 0x000001607cc71f70,
0x000001607cc72c90, 0x000001607cc72600, 0x000001607cc718e0, 0x000001607cc70bc0,
0x000001607cc6fea0, 0x000001607cc739b0, 0x000001607cc70530, 0x000001607cc746d0,
0x000001607cc71250, 0x000001607cc767a0, 0x000001607cc753f0, 0x000001607cc75a80,
0x000001607cc76e30, 0x000001607cc76110, 0x000001607cc774c0
}

Java Threads: ( => current thread )
  0x000001606e2208f0 JavaThread "main"                              [_thread_blocked, id=15904, stack(0x0000002683a00000,0x0000002683b00000) (1024K)]
  0x0000016076444700 JavaThread "Reference Handler"          daemon [_thread_blocked, id=38404, stack(0x0000002684200000,0x0000002684300000) (1024K)]
  0x0000016076445e80 JavaThread "Finalizer"                  daemon [_thread_blocked, id=31628, stack(0x0000002684300000,0x0000002684400000) (1024K)]
  0x0000016076449610 JavaThread "Signal Dispatcher"          daemon [_thread_blocked, id=13504, stack(0x0000002684400000,0x0000002684500000) (1024K)]
  0x000001607644a070 JavaThread "Attach Listener"            daemon [_thread_blocked, id=28276, stack(0x0000002684500000,0x0000002684600000) (1024K)]
  0x000001607644aad0 JavaThread "Service Thread"             daemon [_thread_blocked, id=10980, stack(0x0000002684600000,0x0000002684700000) (1024K)]
  0x000001607644b530 JavaThread "Monitor Deflation Thread"   daemon [_thread_blocked, id=39176, stack(0x0000002684700000,0x0000002684800000) (1024K)]
=>0x000001607644c2c0 JavaThread "C2 CompilerThread0"         daemon [_thread_in_native, id=14488, stack(0x0000002684800000,0x0000002684900000) (1024K)]
  0x00000160764b9a90 JavaThread "C1 CompilerThread0"         daemon [_thread_blocked, id=32280, stack(0x0000002684900000,0x0000002684a00000) (1024K)]
  0x00000160765e4400 JavaThread "Common-Cleaner"             daemon [_thread_blocked, id=33488, stack(0x0000002684a00000,0x0000002684b00000) (1024K)]
  0x00000160766ad870 JavaThread "Notification Thread"        daemon [_thread_blocked, id=32552, stack(0x0000002684b00000,0x0000002684c00000) (1024K)]
  0x000001607c2da880 JavaThread "Daemon health stats"               [_thread_blocked, id=24704, stack(0x0000002685000000,0x0000002685100000) (1024K)]
  0x000001607bc04020 JavaThread "Incoming local TCP Connector on port 54758"        [_thread_in_native, id=35888, stack(0x0000002685100000,0x0000002685200000) (1024K)]
  0x000001607b7f28a0 JavaThread "Daemon periodic checks"            [_thread_blocked, id=40480, stack(0x0000002685200000,0x0000002685300000) (1024K)]
  0x00000160767157c0 JavaThread "Daemon"                            [_thread_blocked, id=37468, stack(0x0000002685300000,0x0000002685400000) (1024K)]
  0x00000160767d4ba0 JavaThread "Handler for socket connection from /127.0.0.1:54758 to /127.0.0.1:54759"        [_thread_in_native, id=40008, stack(0x0000002685400000,0x0000002685500000) (1024K)]
  0x000001607bbdceb0 JavaThread "Cancel handler"                    [_thread_blocked, id=25276, stack(0x0000002685500000,0x0000002685600000) (1024K)]
  0x000001607bbdc190 JavaThread "Daemon worker"                     [_thread_in_vm, id=38192, stack(0x0000002685600000,0x0000002685700000) (1024K)]
  0x000001607bbdf610 JavaThread "Asynchronous log dispatcher for DefaultDaemonConnection: socket connection from /127.0.0.1:54758 to /127.0.0.1:54759"        [_thread_blocked, id=25084, stack(0x0000002685700000,0x0000002685800000) (1024K)]
  0x000001607bbde260 JavaThread "Stdin handler"                     [_thread_blocked, id=16496, stack(0x0000002685800000,0x0000002685900000) (1024K)]
  0x000001607bbdd540 JavaThread "Daemon client event forwarder"        [_thread_blocked, id=37652, stack(0x0000002685900000,0x0000002685a00000) (1024K)]
  0x000001607bbddbd0 JavaThread "Cache worker for journal cache (C:\Users\Lucas Hernandez\.gradle\caches\journal-1)"        [_thread_blocked, id=39984, stack(0x0000002685a00000,0x0000002685b00000) (1024K)]
  0x000001607bbde8f0 JavaThread "File lock request listener"        [_thread_in_native, id=39380, stack(0x0000002685b00000,0x0000002685c00000) (1024K)]
  0x000001607cc71f70 JavaThread "File lock release action executor"        [_thread_blocked, id=25868, stack(0x0000002685c00000,0x0000002685d00000) (1024K)]
  0x000001607cc72c90 JavaThread "Cache worker for file hash cache (C:\Users\Lucas Hernandez\.gradle\caches\8.14.3\fileHashes)"        [_thread_blocked, id=2220, stack(0x0000002685d00000,0x0000002685e00000) (1024K)]
  0x000001607cc72600 JavaThread "Cache worker for file hash cache (C:\Users\Lucas Hernandez\OneDrive - UDIT\Documents\DI\dam2-productos-archivos\android\.gradle\8.14.3\fileHashes)"        [_thread_blocked, id=38428, stack(0x0000002686500000,0x0000002686600000) (1024K)]
  0x000001607cc718e0 JavaThread "Cache worker for Build Output Cleanup Cache (C:\Users\Lucas Hernandez\OneDrive - UDIT\Documents\DI\dam2-productos-archivos\android\.gradle\buildOutputCleanup)"        [_thread_blocked, id=15364, stack(0x0000002686600000,0x0000002686700000) (1024K)]
  0x000001607cc70bc0 JavaThread "File watcher server"        daemon [_thread_in_native, id=21396, stack(0x0000002686700000,0x0000002686800000) (1024K)]
  0x000001607cc6fea0 JavaThread "File watcher consumer"      daemon [_thread_blocked, id=5080, stack(0x0000002686800000,0x0000002686900000) (1024K)]
  0x000001607cc739b0 JavaThread "jar transforms"                    [_thread_blocked, id=41416, stack(0x0000002683800000,0x0000002683900000) (1024K)]
  0x000001607cc70530 JavaThread "jar transforms Thread 2"           [_thread_blocked, id=41952, stack(0x0000002683900000,0x0000002683a00000) (1024K)]
  0x000001607cc746d0 JavaThread "Cache worker for checksums cache (C:\Users\Lucas Hernandez\OneDrive - UDIT\Documents\DI\dam2-productos-archivos\android\.gradle\8.14.3\checksums)"        [_thread_blocked, id=41832, stack(0x0000002686900000,0x0000002686a00000) (1024K)]
  0x000001607cc71250 JavaThread "Cache worker for file content cache (C:\Users\Lucas Hernandez\.gradle\caches\8.14.3\fileContent)"        [_thread_blocked, id=40368, stack(0x0000002686a00000,0x0000002686b00000) (1024K)]
  0x000001607cc767a0 JavaThread "jar transforms Thread 3"           [_thread_blocked, id=42120, stack(0x0000002686b00000,0x0000002686c00000) (1024K)]
  0x000001607cc753f0 JavaThread "jar transforms Thread 4"           [_thread_blocked, id=42724, stack(0x0000002686c00000,0x0000002686d00000) (1024K)]
  0x000001607cc75a80 JavaThread "jar transforms Thread 5"           [_thread_blocked, id=17936, stack(0x0000002686d00000,0x0000002686e00000) (1024K)]
  0x000001607cc76e30 JavaThread "jar transforms Thread 6"           [_thread_blocked, id=43016, stack(0x0000002686e00000,0x0000002686f00000) (1024K)]
  0x000001607cc76110 JavaThread "Cache worker for cache directory md-supplier (C:\Users\Lucas Hernandez\.gradle\caches\8.14.3\md-supplier)"        [_thread_blocked, id=43604, stack(0x0000002686f00000,0x0000002687000000) (1024K)]
  0x000001607cc774c0 JavaThread "Cache worker for cache directory md-rule (C:\Users\Lucas Hernandez\.gradle\caches\8.14.3\md-rule)"        [_thread_blocked, id=43636, stack(0x0000002687000000,0x0000002687100000) (1024K)]
Total: 39

Other Threads:
  0x000001607642bac0 VMThread "VM Thread"                           [id=10064, stack(0x0000002684100000,0x0000002684200000) (1024K)]
  0x0000016076416270 WatcherThread "VM Periodic Task Thread"        [id=3720, stack(0x0000002684000000,0x0000002684100000) (1024K)]
  0x000001606e26c730 WorkerThread "GC Thread#0"                     [id=35424, stack(0x0000002683b00000,0x0000002683c00000) (1024K)]
  0x00000160767e0370 WorkerThread "GC Thread#1"                     [id=27828, stack(0x0000002684c00000,0x0000002684d00000) (1024K)]
  0x00000160767e0720 WorkerThread "GC Thread#2"                     [id=21544, stack(0x0000002684d00000,0x0000002684e00000) (1024K)]
  0x00000160767e0ad0 WorkerThread "GC Thread#3"                     [id=37940, stack(0x0000002684e00000,0x0000002684f00000) (1024K)]
  0x00000160767e0e80 WorkerThread "GC Thread#4"                     [id=39756, stack(0x0000002684f00000,0x0000002685000000) (1024K)]
  0x000001607d1c2df0 WorkerThread "GC Thread#5"                     [id=37800, stack(0x0000002685e00000,0x0000002685f00000) (1024K)]
  0x000001607d1c4b70 WorkerThread "GC Thread#6"                     [id=35800, stack(0x0000002685f00000,0x0000002686000000) (1024K)]
  0x000001607d1c3550 WorkerThread "GC Thread#7"                     [id=10296, stack(0x0000002686000000,0x0000002686100000) (1024K)]
  0x000001607d1c1420 WorkerThread "GC Thread#8"                     [id=11040, stack(0x0000002686100000,0x0000002686200000) (1024K)]
  0x000001607d1c17d0 WorkerThread "GC Thread#9"                     [id=40912, stack(0x0000002686200000,0x0000002686300000) (1024K)]
  0x000001606e279530 ConcurrentGCThread "G1 Main Marker"            [id=10936, stack(0x0000002683c00000,0x0000002683d00000) (1024K)]
  0x000001606e279e50 WorkerThread "G1 Conc#0"                       [id=39232, stack(0x0000002683d00000,0x0000002683e00000) (1024K)]
  0x000001607d1c3900 WorkerThread "G1 Conc#1"                       [id=35932, stack(0x0000002686300000,0x0000002686400000) (1024K)]
  0x000001607d1c4410 WorkerThread "G1 Conc#2"                       [id=9952, stack(0x0000002686400000,0x0000002686500000) (1024K)]
  0x00000160762e62b0 ConcurrentGCThread "G1 Refine#0"               [id=17120, stack(0x0000002683e00000,0x0000002683f00000) (1024K)]
  0x00000160762e6ae0 ConcurrentGCThread "G1 Service"                [id=22648, stack(0x0000002683f00000,0x0000002684000000) (1024K)]
Total: 18

Threads with active compile tasks:
C2 CompilerThread0  125611 5476   !   4       sun.reflect.annotation.AnnotationParser::parseAnnotations (37 bytes)
Total: 1

VM state: not at safepoint (normal execution)

VM Mutex/Monitor currently owned by a thread:  ([mutex/lock_event])
[0x00007ff9a9d8f630] Compile_lock - owner thread: 0x000001607bbdc190

Heap address: 0x00000000a0000000, size: 1536 MB, Compressed Oops mode: 32-bit

CDS archive(s) mapped at: [0x000001600f000000-0x000001600fba0000-0x000001600fba0000), size 12189696, SharedBaseAddress: 0x000001600f000000, ArchiveRelocationMode: 1.
Compressed class space mapped at: 0x0000016010000000-0x0000016050000000, reserved size: 1073741824
Narrow klass base: 0x000001600f000000, Narrow klass shift: 0, Narrow klass range: 0x100000000

GC Precious Log:
 CardTable entry size: 512
 Card Set container configuration: InlinePtr #cards 5 size 8 Array Of Cards #cards 12 size 40 Howl #buckets 4 coarsen threshold 1843 Howl Bitmap #cards 512 size 80 coarsen threshold 460 Card regions per heap region 1 cards per card region 2048
 CPUs: 12 total, 12 available
 Memory: 15754M
 Large Page Support: Disabled
 NUMA Support: Disabled
 Compressed Oops: Enabled (32-bit)
 Heap Region Size: 1M
 Heap Min Capacity: 8M
 Heap Initial Capacity: 248M
 Heap Max Capacity: 1536M
 Pre-touch: Disabled
 Parallel Workers: 10
 Concurrent Workers: 3
 Concurrent Refinement Workers: 10
 Periodic GC: Disabled

Heap:
 garbage-first heap   total 86016K, used 41465K [0x00000000a0000000, 0x0000000100000000)
  region size 1024K, 10 young (10240K), 6 survivors (6144K)
 Metaspace       used 42876K, committed 44352K, reserved 1114112K
  class space    used 6257K, committed 6976K, reserved 1048576K

Heap Regions: E=young(eden), S=young(survivor), O=old, HS=humongous(starts), HC=humongous(continues), CS=collection set, F=free, TAMS=top-at-mark-start, PB=parsable bottom
|   0|0x00000000a0000000, 0x00000000a0100000, 0x00000000a0100000|100%|HS|  |TAMS 0x00000000a0000000| PB 0x00000000a0000000| Complete 
|   1|0x00000000a0100000, 0x00000000a0200000, 0x00000000a0200000|100%|HC|  |TAMS 0x00000000a0100000| PB 0x00000000a0100000| Complete 
|   2|0x00000000a0200000, 0x00000000a0300000, 0x00000000a0300000|100%|HC|  |TAMS 0x00000000a0200000| PB 0x00000000a0200000| Complete 
|   3|0x00000000a0300000, 0x00000000a0400000, 0x00000000a0400000|100%| O|  |TAMS 0x00000000a0300000| PB 0x00000000a0300000| Untracked 
|   4|0x00000000a0400000, 0x00000000a0500000, 0x00000000a0500000|100%| O|  |TAMS 0x00000000a0400000| PB 0x00000000a0400000| Untracked 
|   5|0x00000000a0500000, 0x00000000a0600000, 0x00000000a0600000|100%| O|  |TAMS 0x00000000a0500000| PB 0x00000000a0500000| Untracked 
|   6|0x00000000a0600000, 0x00000000a0700000, 0x00000000a0700000|100%|HS|  |TAMS 0x00000000a0600000| PB 0x00000000a0600000| Complete 
|   7|0x00000000a0700000, 0x00000000a0800000, 0x00000000a0800000|100%| O|  |TAMS 0x00000000a0700000| PB 0x00000000a0700000| Untracked 
|   8|0x00000000a0800000, 0x00000000a0900000, 0x00000000a0900000|100%| O|  |TAMS 0x00000000a0800000| PB 0x00000000a0800000| Untracked 
|   9|0x00000000a0900000, 0x00000000a0a00000, 0x00000000a0a00000|100%| O|  |TAMS 0x00000000a0900000| PB 0x00000000a0900000| Untracked 
|  10|0x00000000a0a00000, 0x00000000a0b00000, 0x00000000a0b00000|100%| O|  |TAMS 0x00000000a0a00000| PB 0x00000000a0a00000| Untracked 
|  11|0x00000000a0b00000, 0x00000000a0c00000, 0x00000000a0c00000|100%| O|  |TAMS 0x00000000a0b00000| PB 0x00000000a0b00000| Untracked 
|  12|0x00000000a0c00000, 0x00000000a0d00000, 0x00000000a0d00000|100%| O|  |TAMS 0x00000000a0c00000| PB 0x00000000a0c00000| Untracked 
|  13|0x00000000a0d00000, 0x00000000a0e00000, 0x00000000a0e00000|100%| O|  |TAMS 0x00000000a0d00000| PB 0x00000000a0d00000| Untracked 
|  14|0x00000000a0e00000, 0x00000000a0f00000, 0x00000000a0f00000|100%| O|  |TAMS 0x00000000a0e00000| PB 0x00000000a0e00000| Untracked 
|  15|0x00000000a0f00000, 0x00000000a1000000, 0x00000000a1000000|100%| O|  |TAMS 0x00000000a0f00000| PB 0x00000000a0f00000| Untracked 
|  16|0x00000000a1000000, 0x00000000a1100000, 0x00000000a1100000|100%| O|  |TAMS 0x00000000a1000000| PB 0x00000000a1000000| Untracked 
|  17|0x00000000a1100000, 0x00000000a1200000, 0x00000000a1200000|100%| O|  |TAMS 0x00000000a1100000| PB 0x00000000a1100000| Untracked 
|  18|0x00000000a1200000, 0x00000000a1300000, 0x00000000a1300000|100%| O|  |TAMS 0x00000000a1200000| PB 0x00000000a1200000| Untracked 
|  19|0x00000000a1300000, 0x00000000a1400000, 0x00000000a1400000|100%| O|  |TAMS 0x00000000a1300000| PB 0x00000000a1300000| Untracked 
|  20|0x00000000a1400000, 0x00000000a1500000, 0x00000000a1500000|100%| O|  |TAMS 0x00000000a1400000| PB 0x00000000a1400000| Untracked 
|  21|0x00000000a1500000, 0x00000000a1600000, 0x00000000a1600000|100%| O|  |TAMS 0x00000000a1500000| PB 0x00000000a1500000| Untracked 
|  22|0x00000000a1600000, 0x00000000a1700000, 0x00000000a1700000|100%| O|  |TAMS 0x00000000a1600000| PB 0x00000000a1600000| Untracked 
|  23|0x00000000a1700000, 0x00000000a1700000, 0x00000000a1800000|  0%| F|  |TAMS 0x00000000a1700000| PB 0x00000000a1700000| Untracked 
|  24|0x00000000a1800000, 0x00000000a1900000, 0x00000000a1900000|100%| O|  |TAMS 0x00000000a1800000| PB 0x00000000a1800000| Untracked 
|  25|0x00000000a1900000, 0x00000000a1a00000, 0x00000000a1a00000|100%| O|  |TAMS 0x00000000a1900000| PB 0x00000000a1900000| Untracked 
|  26|0x00000000a1a00000, 0x00000000a1b00000, 0x00000000a1b00000|100%| O|  |TAMS 0x00000000a1a00000| PB 0x00000000a1a00000| Untracked 
|  27|0x00000000a1b00000, 0x00000000a1b38930, 0x00000000a1c00000| 22%| O|  |TAMS 0x00000000a1b00000| PB 0x00000000a1b00000| Untracked 
|  28|0x00000000a1c00000, 0x00000000a1c00000, 0x00000000a1d00000|  0%| F|  |TAMS 0x00000000a1c00000| PB 0x00000000a1c00000| Untracked 
|  29|0x00000000a1d00000, 0x00000000a1d00000, 0x00000000a1e00000|  0%| F|  |TAMS 0x00000000a1d00000| PB 0x00000000a1d00000| Untracked 
|  30|0x00000000a1e00000, 0x00000000a1e00000, 0x00000000a1f00000|  0%| F|  |TAMS 0x00000000a1e00000| PB 0x00000000a1e00000| Untracked 
|  31|0x00000000a1f00000, 0x00000000a2000000, 0x00000000a2000000|100%| O|  |TAMS 0x00000000a1f00000| PB 0x00000000a1f00000| Untracked 
|  32|0x00000000a2000000, 0x00000000a2100000, 0x00000000a2100000|100%| O|  |TAMS 0x00000000a2000000| PB 0x00000000a2000000| Untracked 
|  33|0x00000000a2100000, 0x00000000a2200000, 0x00000000a2200000|100%| O|  |TAMS 0x00000000a2100000| PB 0x00000000a2100000| Untracked 
|  34|0x00000000a2200000, 0x00000000a2245b20, 0x00000000a2300000| 27%| S|CS|TAMS 0x00000000a2200000| PB 0x00000000a2200000| Complete 
|  35|0x00000000a2300000, 0x00000000a2400000, 0x00000000a2400000|100%| S|CS|TAMS 0x00000000a2300000| PB 0x00000000a2300000| Complete 
|  36|0x00000000a2400000, 0x00000000a2500000, 0x00000000a2500000|100%| S|CS|TAMS 0x00000000a2400000| PB 0x00000000a2400000| Complete 
|  37|0x00000000a2500000, 0x00000000a2500000, 0x00000000a2600000|  0%| F|  |TAMS 0x00000000a2500000| PB 0x00000000a2500000| Untracked 
|  38|0x00000000a2600000, 0x00000000a2600000, 0x00000000a2700000|  0%| F|  |TAMS 0x00000000a2600000| PB 0x00000000a2600000| Untracked 
|  39|0x00000000a2700000, 0x00000000a2800000, 0x00000000a2800000|100%| O|  |TAMS 0x00000000a2700000| PB 0x00000000a2700000| Untracked 
|  40|0x00000000a2800000, 0x00000000a2900000, 0x00000000a2900000|100%| O|  |TAMS 0x00000000a2800000| PB 0x00000000a2800000| Untracked 
|  41|0x00000000a2900000, 0x00000000a2a00000, 0x00000000a2a00000|100%| O|  |TAMS 0x00000000a2900000| PB 0x00000000a2900000| Untracked 
|  42|0x00000000a2a00000, 0x00000000a2a00000, 0x00000000a2b00000|  0%| F|  |TAMS 0x00000000a2a00000| PB 0x00000000a2a00000| Untracked 
|  43|0x00000000a2b00000, 0x00000000a2b00000, 0x00000000a2c00000|  0%| F|  |TAMS 0x00000000a2b00000| PB 0x00000000a2b00000| Untracked 
|  44|0x00000000a2c00000, 0x00000000a2c00000, 0x00000000a2d00000|  0%| F|  |TAMS 0x00000000a2c00000| PB 0x00000000a2c00000| Untracked 
|  45|0x00000000a2d00000, 0x00000000a2e00000, 0x00000000a2e00000|100%| S|CS|TAMS 0x00000000a2d00000| PB 0x00000000a2d00000| Complete 
|  46|0x00000000a2e00000, 0x00000000a2f00000, 0x00000000a2f00000|100%| S|CS|TAMS 0x00000000a2e00000| PB 0x00000000a2e00000| Complete 
|  47|0x00000000a2f00000, 0x00000000a3000000, 0x00000000a3000000|100%| S|CS|TAMS 0x00000000a2f00000| PB 0x00000000a2f00000| Complete 
|  48|0x00000000a3000000, 0x00000000a3000000, 0x00000000a3100000|  0%| F|  |TAMS 0x00000000a3000000| PB 0x00000000a3000000| Untracked 
|  49|0x00000000a3100000, 0x00000000a3100000, 0x00000000a3200000|  0%| F|  |TAMS 0x00000000a3100000| PB 0x00000000a3100000| Untracked 
|  50|0x00000000a3200000, 0x00000000a3200000, 0x00000000a3300000|  0%| F|  |TAMS 0x00000000a3200000| PB 0x00000000a3200000| Untracked 
|  51|0x00000000a3300000, 0x00000000a3300000, 0x00000000a3400000|  0%| F|  |TAMS 0x00000000a3300000| PB 0x00000000a3300000| Untracked 
|  52|0x00000000a3400000, 0x00000000a3400000, 0x00000000a3500000|  0%| F|  |TAMS 0x00000000a3400000| PB 0x00000000a3400000| Untracked 
|  53|0x00000000a3500000, 0x00000000a3500000, 0x00000000a3600000|  0%| F|  |TAMS 0x00000000a3500000| PB 0x00000000a3500000| Untracked 
|  54|0x00000000a3600000, 0x00000000a3600000, 0x00000000a3700000|  0%| F|  |TAMS 0x00000000a3600000| PB 0x00000000a3600000| Untracked 
|  55|0x00000000a3700000, 0x00000000a3700000, 0x00000000a3800000|  0%| F|  |TAMS 0x00000000a3700000| PB 0x00000000a3700000| Untracked 
|  56|0x00000000a3800000, 0x00000000a3800000, 0x00000000a3900000|  0%| F|  |TAMS 0x00000000a3800000| PB 0x00000000a3800000| Untracked 
|  57|0x00000000a3900000, 0x00000000a3900000, 0x00000000a3a00000|  0%| F|  |TAMS 0x00000000a3900000| PB 0x00000000a3900000| Untracked 
|  58|0x00000000a3a00000, 0x00000000a3a00000, 0x00000000a3b00000|  0%| F|  |TAMS 0x00000000a3a00000| PB 0x00000000a3a00000| Untracked 
|  59|0x00000000a3b00000, 0x00000000a3b00000, 0x00000000a3c00000|  0%| F|  |TAMS 0x00000000a3b00000| PB 0x00000000a3b00000| Untracked 
|  60|0x00000000a3c00000, 0x00000000a3c00000, 0x00000000a3d00000|  0%| F|  |TAMS 0x00000000a3c00000| PB 0x00000000a3c00000| Untracked 
|  61|0x00000000a3d00000, 0x00000000a3d00000, 0x00000000a3e00000|  0%| F|  |TAMS 0x00000000a3d00000| PB 0x00000000a3d00000| Untracked 
|  62|0x00000000a3e00000, 0x00000000a3e00000, 0x00000000a3f00000|  0%| F|  |TAMS 0x00000000a3e00000| PB 0x00000000a3e00000| Untracked 
|  63|0x00000000a3f00000, 0x00000000a3f00000, 0x00000000a4000000|  0%| F|  |TAMS 0x00000000a3f00000| PB 0x00000000a3f00000| Untracked 
|  64|0x00000000a4000000, 0x00000000a4000000, 0x00000000a4100000|  0%| F|  |TAMS 0x00000000a4000000| PB 0x00000000a4000000| Untracked 
|  65|0x00000000a4100000, 0x00000000a4100000, 0x00000000a4200000|  0%| F|  |TAMS 0x00000000a4100000| PB 0x00000000a4100000| Untracked 
|  66|0x00000000a4200000, 0x00000000a4200000, 0x00000000a4300000|  0%| F|  |TAMS 0x00000000a4200000| PB 0x00000000a4200000| Untracked 
|  67|0x00000000a4300000, 0x00000000a4300000, 0x00000000a4400000|  0%| F|  |TAMS 0x00000000a4300000| PB 0x00000000a4300000| Untracked 
|  68|0x00000000a4400000, 0x00000000a4400000, 0x00000000a4500000|  0%| F|  |TAMS 0x00000000a4400000| PB 0x00000000a4400000| Untracked 
|  69|0x00000000a4500000, 0x00000000a4500000, 0x00000000a4600000|  0%| F|  |TAMS 0x00000000a4500000| PB 0x00000000a4500000| Untracked 
|  70|0x00000000a4600000, 0x00000000a4600000, 0x00000000a4700000|  0%| F|  |TAMS 0x00000000a4600000| PB 0x00000000a4600000| Untracked 
|  71|0x00000000a4700000, 0x00000000a4700000, 0x00000000a4800000|  0%| F|  |TAMS 0x00000000a4700000| PB 0x00000000a4700000| Untracked 
|  72|0x00000000a4800000, 0x00000000a4800000, 0x00000000a4900000|  0%| F|  |TAMS 0x00000000a4800000| PB 0x00000000a4800000| Untracked 
|  73|0x00000000a4900000, 0x00000000a4900000, 0x00000000a4a00000|  0%| F|  |TAMS 0x00000000a4900000| PB 0x00000000a4900000| Untracked 
|  74|0x00000000a4a00000, 0x00000000a4a00000, 0x00000000a4b00000|  0%| F|  |TAMS 0x00000000a4a00000| PB 0x00000000a4a00000| Untracked 
|  75|0x00000000a4b00000, 0x00000000a4b00000, 0x00000000a4c00000|  0%| F|  |TAMS 0x00000000a4b00000| PB 0x00000000a4b00000| Untracked 
|  76|0x00000000a4c00000, 0x00000000a4c00000, 0x00000000a4d00000|  0%| F|  |TAMS 0x00000000a4c00000| PB 0x00000000a4c00000| Untracked 
|  77|0x00000000a4d00000, 0x00000000a4d00000, 0x00000000a4e00000|  0%| F|  |TAMS 0x00000000a4d00000| PB 0x00000000a4d00000| Untracked 
|  78|0x00000000a4e00000, 0x00000000a4e00000, 0x00000000a4f00000|  0%| F|  |TAMS 0x00000000a4e00000| PB 0x00000000a4e00000| Untracked 
|  79|0x00000000a4f00000, 0x00000000a4f00000, 0x00000000a5000000|  0%| F|  |TAMS 0x00000000a4f00000| PB 0x00000000a4f00000| Untracked 
|  80|0x00000000a5000000, 0x00000000a5003718, 0x00000000a5100000|  1%| E|  |TAMS 0x00000000a5000000| PB 0x00000000a5000000| Complete 
| 245|0x00000000af500000, 0x00000000af600000, 0x00000000af600000|100%| E|CS|TAMS 0x00000000af500000| PB 0x00000000af500000| Complete 
| 246|0x00000000af600000, 0x00000000af700000, 0x00000000af700000|100%| E|CS|TAMS 0x00000000af600000| PB 0x00000000af600000| Complete 
| 247|0x00000000af700000, 0x00000000af800000, 0x00000000af800000|100%| E|CS|TAMS 0x00000000af700000| PB 0x00000000af700000| Complete 

Card table byte_map: [0x0000016071c70000,0x0000016071f70000] _byte_map_base: 0x0000016071770000

Marking Bits: (CMBitMap*) 0x000001606e26cc50
 Bits: [0x0000016071f70000, 0x0000016073770000)

Polling page: 0x000001606d9e0000

Metaspace:

Usage:
  Non-class:     35.76 MB used.
      Class:      6.11 MB used.
       Both:     41.87 MB used.

Virtual space:
  Non-class space:       64.00 MB reserved,      36.50 MB ( 57%) committed,  1 nodes.
      Class space:        1.00 GB reserved,       6.81 MB ( <1%) committed,  1 nodes.
             Both:        1.06 GB reserved,      43.31 MB (  4%) committed. 

Chunk freelists:
   Non-Class:  11.51 MB
       Class:  9.03 MB
        Both:  20.54 MB

MaxMetaspaceSize: unlimited
CompressedClassSpaceSize: 1.00 GB
Initial GC threshold: 21.00 MB
Current GC threshold: 58.69 MB
CDS: on
 - commit_granule_bytes: 65536.
 - commit_granule_words: 8192.
 - virtual_space_node_default_size: 8388608.
 - enlarge_chunks_in_place: 1.
 - use_allocation_guard: 0.


Internal statistics:

num_allocs_failed_limit: 6.
num_arena_births: 2698.
num_arena_deaths: 0.
num_vsnodes_births: 2.
num_vsnodes_deaths: 0.
num_space_committed: 693.
num_space_uncommitted: 0.
num_chunks_returned_to_freelist: 6.
num_chunks_taken_from_freelist: 4694.
num_chunk_merges: 6.
num_chunk_splits: 3047.
num_chunks_enlarged: 1862.
num_inconsistent_stats: 0.

CodeHeap 'non-profiled nmethods': size=120000Kb used=3011Kb max_used=3011Kb free=116988Kb
 bounds [0x0000016007ad0000, 0x0000016007dd0000, 0x000001600f000000]
CodeHeap 'profiled nmethods': size=120000Kb used=9541Kb max_used=9541Kb free=110458Kb
 bounds [0x0000016000000000, 0x0000016000960000, 0x0000016007530000]
CodeHeap 'non-nmethods': size=5760Kb used=2563Kb max_used=2604Kb free=3197Kb
 bounds [0x0000016007530000, 0x00000160077d0000, 0x0000016007ad0000]
CodeCache: size=245760Kb, used=15115Kb, max_used=15156Kb, free=230643Kb
 total_blobs=5812, nmethods=4976, adapters=740, full_count=0
Compilation: enabled, stopped_count=0, restarted_count=0

Compilation events (20 events):
Event: 125.159 Thread 0x00000160764b9a90 5503       1       org.objectweb.asm.Handle::getName (5 bytes)
Event: 125.159 Thread 0x00000160764b9a90 nmethod 5503 0x0000016007dbfd90 code [0x0000016007dbff20, 0x0000016007dbffe8]
Event: 125.159 Thread 0x00000160764b9a90 5504       1       org.objectweb.asm.Handle::getDesc (5 bytes)
Event: 125.159 Thread 0x00000160764b9a90 nmethod 5504 0x0000016007dc0090 code [0x0000016007dc0220, 0x0000016007dc02e8]
Event: 125.159 Thread 0x00000160764b9a90 5505       1       org.objectweb.asm.Handle::isInterface (5 bytes)
Event: 125.159 Thread 0x00000160764b9a90 nmethod 5505 0x0000016007dc0390 code [0x0000016007dc0520, 0x0000016007dc05f0]
Event: 125.159 Thread 0x00000160764b9a90 5507       3       org.objectweb.asm.FieldVisitor::<init> (79 bytes)
Event: 125.160 Thread 0x00000160764b9a90 nmethod 5507 0x000001600094e990 code [0x000001600094ebe0, 0x000001600094f4d0]
Event: 125.160 Thread 0x00000160764b9a90 5506       3       org.objectweb.asm.SymbolTable::hash (7 bytes)
Event: 125.160 Thread 0x00000160764b9a90 nmethod 5506 0x0000016000472f90 code [0x0000016000473120, 0x0000016000473218]
Event: 125.169 Thread 0x00000160764b9a90 5508       3       java.util.concurrent.ConcurrentHashMap$Traverser::<init> (36 bytes)
Event: 125.170 Thread 0x00000160764b9a90 nmethod 5508 0x000001600094f810 code [0x000001600094f9c0, 0x000001600094fbc0]
Event: 125.179 Thread 0x00000160764b9a90 5509       3       org.gradle.internal.instantiation.generator.AbstractClassGenerator$ClassGenerationHandler::startType (1 bytes)
Event: 125.180 Thread 0x00000160764b9a90 nmethod 5509 0x000001600094fc90 code [0x000001600094fe20, 0x000001600094ff28]
Event: 125.291 Thread 0x00000160764b9a90 5512       3       java.net.URI$Parser::scan (76 bytes)
Event: 125.292 Thread 0x00000160764b9a90 nmethod 5512 0x000001600094ff90 code [0x00000160009501c0, 0x0000016000950a30]
Event: 125.292 Thread 0x00000160764b9a90 5513       3       java.net.URI::match (56 bytes)
Event: 125.292 Thread 0x00000160764b9a90 nmethod 5513 0x0000016000950e10 code [0x0000016000950fc0, 0x0000016000951290]
Event: 125.304 Thread 0x00000160764b9a90 5514       3       org.gradle.internal.logging.events.OutputEvent::<init> (5 bytes)
Event: 125.304 Thread 0x00000160764b9a90 nmethod 5514 0x0000016000951310 code [0x00000160009514c0, 0x0000016000951628]

GC Heap History (18 events):
Event: 1.135 GC heap before
{Heap before GC invocations=0 (full 0):
 garbage-first heap   total 253952K, used 23552K [0x00000000a0000000, 0x0000000100000000)
  region size 1024K, 23 young (23552K), 0 survivors (0K)
 Metaspace       used 891K, committed 1024K, reserved 1114112K
  class space    used 72K, committed 128K, reserved 1048576K
}
Event: 1.321 GC heap after
{Heap after GC invocations=1 (full 0):
 garbage-first heap   total 253952K, used 1536K [0x00000000a0000000, 0x0000000100000000)
  region size 1024K, 2 young (2048K), 2 survivors (2048K)
 Metaspace       used 891K, committed 1024K, reserved 1114112K
  class space    used 72K, committed 128K, reserved 1048576K
}
Event: 7.475 GC heap before
{Heap before GC invocations=1 (full 0):
 garbage-first heap   total 253952K, used 40448K [0x00000000a0000000, 0x0000000100000000)
  region size 1024K, 38 young (38912K), 2 survivors (2048K)
 Metaspace       used 4428K, committed 4608K, reserved 1114112K
  class space    used 557K, committed 640K, reserved 1048576K
}
Event: 7.482 GC heap after
{Heap after GC invocations=2 (full 0):
 garbage-first heap   total 253952K, used 10764K [0x00000000a0000000, 0x0000000100000000)
  region size 1024K, 5 young (5120K), 5 survivors (5120K)
 Metaspace       used 4428K, committed 4608K, reserved 1114112K
  class space    used 557K, committed 640K, reserved 1048576K
}
Event: 43.676 GC heap before
{Heap before GC invocations=2 (full 0):
 garbage-first heap   total 253952K, used 159244K [0x00000000a0000000, 0x0000000100000000)
  region size 1024K, 148 young (151552K), 5 survivors (5120K)
 Metaspace       used 20737K, committed 21440K, reserved 1114112K
  class space    used 3054K, committed 3392K, reserved 1048576K
}
Event: 43.709 GC heap after
{Heap after GC invocations=3 (full 0):
 garbage-first heap   total 253952K, used 24049K [0x00000000a0000000, 0x0000000100000000)
  region size 1024K, 17 young (17408K), 17 survivors (17408K)
 Metaspace       used 20737K, committed 21440K, reserved 1114112K
  class space    used 3054K, committed 3392K, reserved 1048576K
}
Event: 43.859 GC heap before
{Heap before GC invocations=3 (full 0):
 garbage-first heap   total 253952K, used 24049K [0x00000000a0000000, 0x0000000100000000)
  region size 1024K, 18 young (18432K), 17 survivors (17408K)
 Metaspace       used 20802K, committed 21504K, reserved 1114112K
  class space    used 3065K, committed 3392K, reserved 1048576K
}
Event: 43.877 GC heap after
{Heap after GC invocations=4 (full 0):
 garbage-first heap   total 253952K, used 25369K [0x00000000a0000000, 0x0000000100000000)
  region size 1024K, 2 young (2048K), 2 survivors (2048K)
 Metaspace       used 20802K, committed 21504K, reserved 1114112K
  class space    used 3065K, committed 3392K, reserved 1048576K
}
Event: 76.790 GC heap before
{Heap before GC invocations=5 (full 0):
 garbage-first heap   total 86016K, used 74521K [0x00000000a0000000, 0x0000000100000000)
  region size 1024K, 50 young (51200K), 2 survivors (2048K)
 Metaspace       used 26913K, committed 27840K, reserved 1114112K
  class space    used 4066K, committed 4544K, reserved 1048576K
}
Event: 76.801 GC heap after
{Heap after GC invocations=6 (full 0):
 garbage-first heap   total 86016K, used 26069K [0x00000000a0000000, 0x0000000100000000)
  region size 1024K, 3 young (3072K), 3 survivors (3072K)
 Metaspace       used 26913K, committed 27840K, reserved 1114112K
  class space    used 4066K, committed 4544K, reserved 1048576K
}
Event: 82.057 GC heap before
{Heap before GC invocations=6 (full 0):
 garbage-first heap   total 86016K, used 71125K [0x00000000a0000000, 0x0000000100000000)
  region size 1024K, 48 young (49152K), 3 survivors (3072K)
 Metaspace       used 32879K, committed 33920K, reserved 1114112K
  class space    used 4733K, committed 5248K, reserved 1048576K
}
Event: 82.064 GC heap after
{Heap after GC invocations=7 (full 0):
 garbage-first heap   total 86016K, used 31192K [0x00000000a0000000, 0x0000000100000000)
  region size 1024K, 6 young (6144K), 6 survivors (6144K)
 Metaspace       used 32879K, committed 33920K, reserved 1114112K
  class space    used 4733K, committed 5248K, reserved 1048576K
}
Event: 84.606 GC heap before
{Heap before GC invocations=7 (full 0):
 garbage-first heap   total 86016K, used 51672K [0x00000000a0000000, 0x0000000100000000)
  region size 1024K, 23 young (23552K), 6 survivors (6144K)
 Metaspace       used 34928K, committed 35968K, reserved 1114112K
  class space    used 4951K, committed 5440K, reserved 1048576K
}
Event: 84.614 GC heap after
{Heap after GC invocations=8 (full 0):
 garbage-first heap   total 86016K, used 33629K [0x00000000a0000000, 0x0000000100000000)
  region size 1024K, 3 young (3072K), 3 survivors (3072K)
 Metaspace       used 34928K, committed 35968K, reserved 1114112K
  class space    used 4951K, committed 5440K, reserved 1048576K
}
Event: 117.398 GC heap before
{Heap before GC invocations=9 (full 0):
 garbage-first heap   total 86016K, used 70493K [0x00000000a0000000, 0x0000000100000000)
  region size 1024K, 39 young (39936K), 3 survivors (3072K)
 Metaspace       used 38515K, committed 39808K, reserved 1114112K
  class space    used 5527K, committed 6144K, reserved 1048576K
}
Event: 117.405 GC heap after
{Heap after GC invocations=10 (full 0):
 garbage-first heap   total 86016K, used 35830K [0x00000000a0000000, 0x0000000100000000)
  region size 1024K, 5 young (5120K), 5 survivors (5120K)
 Metaspace       used 38515K, committed 39808K, reserved 1114112K
  class space    used 5527K, committed 6144K, reserved 1048576K
}
Event: 124.967 GC heap before
{Heap before GC invocations=10 (full 0):
 garbage-first heap   total 86016K, used 72694K [0x00000000a0000000, 0x0000000100000000)
  region size 1024K, 41 young (41984K), 5 survivors (5120K)
 Metaspace       used 42505K, committed 43968K, reserved 1114112K
  class space    used 6193K, committed 6912K, reserved 1048576K
}
Event: 124.976 GC heap after
{Heap after GC invocations=11 (full 0):
 garbage-first heap   total 86016K, used 38393K [0x00000000a0000000, 0x0000000100000000)
  region size 1024K, 6 young (6144K), 6 survivors (6144K)
 Metaspace       used 42505K, committed 43968K, reserved 1114112K
  class space    used 6193K, committed 6912K, reserved 1048576K
}

Dll operation events (20 events):
Event: 0.294 Attempting to load shared library C:\Users\Lucas Hernandez\.vscode\extensions\redhat.java-1.56.0-win32-x64\jre\21.0.12.1-win32-x86_64\bin\nio.dll
Event: 0.295 Loaded shared library C:\Users\Lucas Hernandez\.vscode\extensions\redhat.java-1.56.0-win32-x64\jre\21.0.12.1-win32-x86_64\bin\nio.dll
Event: 0.306 Attempting to load shared library C:\Users\Lucas Hernandez\.vscode\extensions\redhat.java-1.56.0-win32-x64\jre\21.0.12.1-win32-x86_64\bin\zip.dll
Event: 0.306 Loaded shared library C:\Users\Lucas Hernandez\.vscode\extensions\redhat.java-1.56.0-win32-x64\jre\21.0.12.1-win32-x86_64\bin\zip.dll
Event: 1.326 Attempting to load shared library C:\Users\Lucas Hernandez\.vscode\extensions\redhat.java-1.56.0-win32-x64\jre\21.0.12.1-win32-x86_64\bin\jimage.dll
Event: 1.326 Loaded shared library C:\Users\Lucas Hernandez\.vscode\extensions\redhat.java-1.56.0-win32-x64\jre\21.0.12.1-win32-x86_64\bin\jimage.dll
Event: 1.797 Attempting to load shared library C:\Users\Lucas Hernandez\.vscode\extensions\redhat.java-1.56.0-win32-x64\jre\21.0.12.1-win32-x86_64\bin\verify.dll
Event: 1.798 Loaded shared library C:\Users\Lucas Hernandez\.vscode\extensions\redhat.java-1.56.0-win32-x64\jre\21.0.12.1-win32-x86_64\bin\verify.dll
Event: 2.051 Attempting to load shared library C:\Users\Lucas Hernandez\.gradle\native\1def1411415f61bf3af743bc5b6707747c0891f09f0c88961ee8f79bc544acac\windows-amd64\native-platform.dll
Event: 2.052 Loaded shared library C:\Users\Lucas Hernandez\.gradle\native\1def1411415f61bf3af743bc5b6707747c0891f09f0c88961ee8f79bc544acac\windows-amd64\native-platform.dll
Event: 2.077 Attempting to load shared library C:\Users\Lucas Hernandez\.gradle\native\0.2.7\x86_64-windows-gnu\gradle-fileevents.dll
Event: 2.079 Loaded shared library C:\Users\Lucas Hernandez\.gradle\native\0.2.7\x86_64-windows-gnu\gradle-fileevents.dll
Event: 13.699 Attempting to load shared library C:\Users\Lucas Hernandez\.vscode\extensions\redhat.java-1.56.0-win32-x64\jre\21.0.12.1-win32-x86_64\bin\management.dll
Event: 13.700 Loaded shared library C:\Users\Lucas Hernandez\.vscode\extensions\redhat.java-1.56.0-win32-x64\jre\21.0.12.1-win32-x86_64\bin\management.dll
Event: 13.716 Attempting to load shared library C:\Users\Lucas Hernandez\.vscode\extensions\redhat.java-1.56.0-win32-x64\jre\21.0.12.1-win32-x86_64\bin\management_ext.dll
Event: 13.717 Loaded shared library C:\Users\Lucas Hernandez\.vscode\extensions\redhat.java-1.56.0-win32-x64\jre\21.0.12.1-win32-x86_64\bin\management_ext.dll
Event: 15.667 Attempting to load shared library C:\Users\Lucas Hernandez\.vscode\extensions\redhat.java-1.56.0-win32-x64\jre\21.0.12.1-win32-x86_64\bin\extnet.dll
Event: 15.668 Loaded shared library C:\Users\Lucas Hernandez\.vscode\extensions\redhat.java-1.56.0-win32-x64\jre\21.0.12.1-win32-x86_64\bin\extnet.dll
Event: 17.650 Attempting to load shared library C:\Users\Lucas Hernandez\.vscode\extensions\redhat.java-1.56.0-win32-x64\jre\21.0.12.1-win32-x86_64\bin\sunmscapi.dll
Event: 17.818 Loaded shared library C:\Users\Lucas Hernandez\.vscode\extensions\redhat.java-1.56.0-win32-x64\jre\21.0.12.1-win32-x86_64\bin\sunmscapi.dll

Deoptimization events (20 events):
Event: 124.466 Thread 0x000001607bbdc190 Uncommon trap: trap_request=0xffffff45 fr.pc=0x0000016007b0288c relative=0x00000000000003cc
Event: 124.466 Thread 0x000001607bbdc190 Uncommon trap: reason=unstable_if action=reinterpret pc=0x0000016007b0288c method=org.gradle.internal.reflect.PropertyAccessorType.isGetGetterName(Ljava/lang/String;)Z @ 14 c2
Event: 124.466 Thread 0x000001607bbdc190 DEOPT PACKING pc=0x0000016007b0288c sp=0x00000026856f90d0
Event: 124.466 Thread 0x000001607bbdc190 DEOPT UNPACKING pc=0x0000016007584422 sp=0x00000026856f9028 mode 2
Event: 124.999 Thread 0x000001607bbdc190 Uncommon trap: trap_request=0xffffff45 fr.pc=0x0000016007d53728 relative=0x0000000000000108
Event: 124.999 Thread 0x000001607bbdc190 Uncommon trap: reason=unstable_if action=reinterpret pc=0x0000016007d53728 method=org.objectweb.asm.ByteVector.putShort(I)Lorg/objectweb/asm/ByteVector; @ 13 c2
Event: 124.999 Thread 0x000001607bbdc190 DEOPT PACKING pc=0x0000016007d53728 sp=0x00000026856f90a0
Event: 124.999 Thread 0x000001607bbdc190 DEOPT UNPACKING pc=0x0000016007584422 sp=0x00000026856f9038 mode 2
Event: 125.263 Thread 0x000001607bbdc190 Uncommon trap: trap_request=0xffffff45 fr.pc=0x0000016007b8ef34 relative=0x00000000000001f4
Event: 125.263 Thread 0x000001607bbdc190 Uncommon trap: reason=unstable_if action=reinterpret pc=0x0000016007b8ef34 method=java.net.URI$Parser.scan(IILjava/lang/String;)I @ 26 c2
Event: 125.263 Thread 0x000001607bbdc190 DEOPT PACKING pc=0x0000016007b8ef34 sp=0x00000026856f9860
Event: 125.263 Thread 0x000001607bbdc190 DEOPT UNPACKING pc=0x0000016007584422 sp=0x00000026856f97f0 mode 2
Event: 125.263 Thread 0x000001607bbdc190 Uncommon trap: trap_request=0xffffff45 fr.pc=0x0000016007b5c9dc relative=0x000000000000013c
Event: 125.263 Thread 0x000001607bbdc190 Uncommon trap: reason=unstable_if action=reinterpret pc=0x0000016007b5c9dc method=java.net.URI.match(CJJ)Z @ 45 c2
Event: 125.263 Thread 0x000001607bbdc190 DEOPT PACKING pc=0x0000016007b5c9dc sp=0x00000026856f95d0
Event: 125.263 Thread 0x000001607bbdc190 DEOPT UNPACKING pc=0x0000016007584422 sp=0x00000026856f94f8 mode 2
Event: 125.291 Thread 0x000001607bbdc190 Uncommon trap: trap_request=0xffffff45 fr.pc=0x0000016007b12dd0 relative=0x00000000000000b0
Event: 125.291 Thread 0x000001607bbdc190 Uncommon trap: reason=unstable_if action=reinterpret pc=0x0000016007b12dd0 method=java.net.URI.match(CJJ)Z @ 45 c2
Event: 125.291 Thread 0x000001607bbdc190 DEOPT PACKING pc=0x0000016007b12dd0 sp=0x00000026856f9560
Event: 125.291 Thread 0x000001607bbdc190 DEOPT UNPACKING pc=0x0000016007584422 sp=0x00000026856f94f0 mode 2

Classes loaded (20 events):
Event: 121.718 Loading class java/util/function/IntBinaryOperator
Event: 121.718 Loading class java/util/function/IntBinaryOperator done
Event: 122.046 Loading class sun/reflect/generics/tree/BooleanSignature
Event: 122.047 Loading class sun/reflect/generics/tree/BooleanSignature done
Event: 122.135 Loading class org/xml/sax/Locator
Event: 122.135 Loading class org/xml/sax/Locator done
Event: 122.135 Loading class org/xml/sax/SAXParseException
Event: 122.135 Loading class org/xml/sax/SAXParseException done
Event: 122.184 Loading class org/xml/sax/Attributes
Event: 122.185 Loading class org/xml/sax/Attributes done
Event: 123.637 Loading class java/util/DualPivotQuicksort
Event: 123.638 Loading class java/util/DualPivotQuicksort done
Event: 124.404 Loading class java/util/function/LongUnaryOperator
Event: 124.405 Loading class java/util/function/LongUnaryOperator done
Event: 124.824 Loading class java/util/PrimitiveIterator$OfInt
Event: 124.824 Loading class java/util/PrimitiveIterator
Event: 124.824 Loading class java/util/PrimitiveIterator done
Event: 124.824 Loading class java/util/PrimitiveIterator$OfInt done
Event: 124.853 Loading class java/util/concurrent/RecursiveAction
Event: 124.853 Loading class java/util/concurrent/RecursiveAction done

Classes unloaded (0 events):
No events

Classes redefined (0 events):
No events

Internal exceptions (20 events):
Event: 118.816 Thread 0x000001607bbdc190 Exception <a 'java/lang/NoSuchMethodError'{0x00000000a4e8ce70}: 'java.lang.Object java.lang.invoke.DirectMethodHandle$Holder.invokeStatic(java.lang.Object, java.lang.Object, java.lang.Object, java.lang.Object, java.lang.Object, java.lang.Object, java.lang.Object, java.lang.Object, java.lang.Object, java.lang.Object, java.lang.Object, java.lang.Object, java.lang.Object, java.lang.Object, java.lang.Object, java.lang.Object, java.lang.Object, java.lang.Object, java.lang.Object, java.lang.Object, java.lang.Obj
Event: 118.824 Thread 0x000001607bbdc190 Exception <a 'java/lang/NoSuchMethodError'{0x00000000a4ec8718}: 'java.lang.Object java.lang.invoke.DirectMethodHandle$Holder.invokeStatic(java.lang.Object, java.lang.Object, java.lang.Object, java.lang.Object, java.lang.Object, java.lang.Object, java.lang.Object, java.lang.Object, java.lang.Object, java.lang.Object, java.lang.Object, java.lang.Object, java.lang.Object, java.lang.Object, java.lang.Object, java.lang.Object, java.lang.Object, java.lang.Object, java.lang.Object, java.lang.Object, java.lang.Obj
Event: 118.831 Thread 0x000001607bbdc190 Exception <a 'java/lang/NoSuchMethodError'{0x00000000a4d05478}: 'java.lang.Object java.lang.invoke.DirectMethodHandle$Holder.invokeStatic(java.lang.Object, java.lang.Object, java.lang.Object, java.lang.Object, java.lang.Object, java.lang.Object, java.lang.Object, java.lang.Object, java.lang.Object, java.lang.Object, java.lang.Object, java.lang.Object, java.lang.Object, java.lang.Object, java.lang.Object, java.lang.Object, java.lang.Object, java.lang.Object, java.lang.Object, java.lang.Object, java.lang.Obj
Event: 118.845 Thread 0x000001607bbdc190 Exception <a 'java/lang/NoSuchMethodError'{0x00000000a4d432f0}: 'java.lang.Object java.lang.invoke.DirectMethodHandle$Holder.invokeStatic(java.lang.Object, java.lang.Object, java.lang.Object, java.lang.Object, java.lang.Object, java.lang.Object, java.lang.Object, java.lang.Object, java.lang.Object, java.lang.Object, java.lang.Object, java.lang.Object, java.lang.Object, java.lang.Object, java.lang.Object, java.lang.Object, java.lang.Object, java.lang.Object, java.lang.Object, java.lang.Object, java.lang.Obj
Event: 118.853 Thread 0x000001607bbdc190 Exception <a 'java/lang/NoSuchMethodError'{0x00000000a4d83718}: 'java.lang.Object java.lang.invoke.DirectMethodHandle$Holder.invokeStatic(java.lang.Object, java.lang.Object, java.lang.Object, java.lang.Object, java.lang.Object, java.lang.Object, java.lang.Object, java.lang.Object, java.lang.Object, java.lang.Object, java.lang.Object, java.lang.Object, java.lang.Object, java.lang.Object, java.lang.Object, java.lang.Object, java.lang.Object, java.lang.Object, java.lang.Object, java.lang.Object, java.lang.Obj
Event: 118.917 Thread 0x000001607bbdc190 Exception <a 'java/lang/NoSuchMethodError'{0x00000000a4c50db8}: 'java.lang.Object java.lang.invoke.DirectMethodHandle$Holder.newInvokeSpecial(java.lang.Object, java.lang.Object, java.lang.Object, java.lang.Object, java.lang.Object, java.lang.Object, java.lang.Object, java.lang.Object, java.lang.Object, java.lang.Object, java.lang.Object, java.lang.Object, java.lang.Object, java.lang.Object, java.lang.Object, java.lang.Object, java.lang.Object, java.lang.Object, java.lang.Object)'> (0x00000000a4c50db8) 
thr
Event: 118.923 Thread 0x000001607bbdc190 Exception <a 'java/lang/NoSuchMethodError'{0x00000000a4c57740}: 'java.lang.Object java.lang.invoke.DirectMethodHandle$Holder.invokeSpecial(java.lang.Object, java.lang.Object, java.lang.Object, java.lang.Object, java.lang.Object, java.lang.Object, java.lang.Object, java.lang.Object, java.lang.Object, java.lang.Object, java.lang.Object, java.lang.Object, java.lang.Object, java.lang.Object, java.lang.Object, java.lang.Object, java.lang.Object, java.lang.Object, java.lang.Object, java.lang.Object)'> (0x0000000
Event: 118.924 Thread 0x000001607bbdc190 Exception <a 'java/lang/NoSuchMethodError'{0x00000000a4c5cce0}: 'java.lang.Object java.lang.invoke.DelegatingMethodHandle$Holder.reinvoke_L(java.lang.Object, java.lang.Object, java.lang.Object, java.lang.Object, java.lang.Object, java.lang.Object, java.lang.Object, java.lang.Object, java.lang.Object, java.lang.Object, java.lang.Object, java.lang.Object, java.lang.Object, java.lang.Object, java.lang.Object, java.lang.Object, java.lang.Object, java.lang.Object, java.lang.Object)'> (0x00000000a4c5cce0) 
throw
Event: 121.638 Thread 0x000001607bbdc190 Exception <a 'java/lang/ClassNotFoundException'{0x00000000a3eafb10}: org/gradle/internal/metaobject/ConfigureDelegateBeanInfo> (0x00000000a3eafb10) 
thrown [s\src\hotspot\share\classfile\systemDictionary.cpp, line 313]
Event: 121.639 Thread 0x000001607bbdc190 Exception <a 'java/lang/ClassNotFoundException'{0x00000000a3ebadc0}: org/gradle/internal/metaobject/ConfigureDelegateCustomizer> (0x00000000a3ebadc0) 
thrown [s\src\hotspot\share\classfile\systemDictionary.cpp, line 313]
Event: 122.008 Thread 0x000001607bbdc190 Exception <a 'java/lang/ClassNotFoundException'{0x00000000a3c3edb8}: org/gradle/api/internal/project/DefaultProject_DecoratedBeanInfo> (0x00000000a3c3edb8) 
thrown [s\src\hotspot\share\classfile\systemDictionary.cpp, line 313]
Event: 122.024 Thread 0x000001607bbdc190 Exception <a 'java/lang/ClassNotFoundException'{0x00000000a3c4af68}: org/gradle/api/internal/project/DefaultProjectBeanInfo> (0x00000000a3c4af68) 
thrown [s\src\hotspot\share\classfile\systemDictionary.cpp, line 313]
Event: 122.025 Thread 0x000001607bbdc190 Exception <a 'java/lang/ClassNotFoundException'{0x00000000a3c574a0}: org/gradle/api/internal/project/DefaultProjectCustomizer> (0x00000000a3c574a0) 
thrown [s\src\hotspot\share\classfile\systemDictionary.cpp, line 313]
Event: 122.065 Thread 0x000001607bbdc190 Exception <a 'java/lang/ClassNotFoundException'{0x00000000a3b11478}: org/gradle/api/internal/project/DefaultProject_DecoratedCustomizer> (0x00000000a3b11478) 
thrown [s\src\hotspot\share\classfile\systemDictionary.cpp, line 313]
Event: 122.265 Thread 0x000001607bbdc190 Exception <a 'java/lang/ClassNotFoundException'{0x00000000a3bba0f8}: org/gradle/configuration/internal/DefaultListenerBuildOperationDecorator$BuildOperationEmittingClosureBeanInfo> (0x00000000a3bba0f8) 
thrown [s\src\hotspot\share\classfile\systemDictionary.cpp, line 313]
Event: 122.277 Thread 0x000001607bbdc190 Exception <a 'java/lang/ClassNotFoundException'{0x00000000a3bc71d8}: org/gradle/configuration/internal/DefaultListenerBuildOperationDecorator$BuildOperationEmittingClosureCustomizer> (0x00000000a3bc71d8) 
thrown [s\src\hotspot\share\classfile\systemDictionary.cpp, line 313]
Event: 124.405 Thread 0x000001607bbdc190 Exception <a 'java/lang/NoSuchMethodError'{0x00000000a34fb208}: 'long java.lang.invoke.DirectMethodHandle$Holder.invokeStatic(java.lang.Object, long)'> (0x00000000a34fb208) 
thrown [s\src\hotspot\share\interpreter\linkResolver.cpp, line 773]
Event: 125.211 Thread 0x000001607bbdc190 Exception <a 'java/lang/NoSuchMethodError'{0x00000000af6cbcd0}: 'java.lang.Object java.lang.invoke.DirectMethodHandle$Holder.invokeVirtual(java.lang.Object, java.lang.Object, java.lang.Object, java.lang.Object, java.lang.Object, java.lang.Object, java.lang.Object, java.lang.Object, java.lang.Object, java.lang.Object, java.lang.Object, java.lang.Object, java.lang.Object, java.lang.Object, java.lang.Object, java.lang.Object, java.lang.Object)'> (0x00000000af6cbcd0) 
thrown [s\src\hotspot\share\interpreter\li
Event: 125.218 Thread 0x000001607bbdc190 Exception <a 'java/lang/NoSuchMethodError'{0x00000000af6d1ca0}: 'java.lang.Object java.lang.invoke.DirectMethodHandle$Holder.invokeSpecial(java.lang.Object, java.lang.Object, java.lang.Object, java.lang.Object, java.lang.Object, java.lang.Object, java.lang.Object, java.lang.Object, java.lang.Object, java.lang.Object, java.lang.Object, java.lang.Object, java.lang.Object, java.lang.Object, java.lang.Object, java.lang.Object, java.lang.Object, java.lang.Object)'> (0x00000000af6d1ca0) 
thrown [s\src\hotspot\sh
Event: 125.219 Thread 0x000001607bbdc190 Exception <a 'java/lang/NoSuchMethodError'{0x00000000af6d71c0}: 'java.lang.Object java.lang.invoke.DelegatingMethodHandle$Holder.reinvoke_L(java.lang.Object, java.lang.Object, java.lang.Object, java.lang.Object, java.lang.Object, java.lang.Object, java.lang.Object, java.lang.Object, java.lang.Object, java.lang.Object, java.lang.Object, java.lang.Object, java.lang.Object, java.lang.Object, java.lang.Object, java.lang.Object, java.lang.Object)'> (0x00000000af6d71c0) 
thrown [s\src\hotspot\share\interpreter\l

ZGC Phase Switch (0 events):
No events

VM Operations (20 events):
Event: 120.372 Executing non-safepoint VM operation: HandshakeAllThreads (HandshakeForDeflation)
Event: 120.381 Executing non-safepoint VM operation: HandshakeAllThreads (HandshakeForDeflation) done
Event: 120.381 Executing non-safepoint VM operation: RendezvousGCThreads
Event: 120.381 Executing non-safepoint VM operation: RendezvousGCThreads done
Event: 120.460 Executing non-safepoint VM operation: HandshakeAllThreads (Deoptimize)
Event: 120.460 Executing non-safepoint VM operation: HandshakeAllThreads (Deoptimize) done
Event: 120.460 Executing safepoint VM operation: Cleanup
Event: 120.460 Executing safepoint VM operation: Cleanup done
Event: 121.466 Executing safepoint VM operation: Cleanup
Event: 121.466 Executing safepoint VM operation: Cleanup done
Event: 122.475 Executing safepoint VM operation: Cleanup
Event: 122.491 Executing safepoint VM operation: Cleanup done
Event: 123.496 Executing safepoint VM operation: Cleanup
Event: 123.511 Executing safepoint VM operation: Cleanup done
Event: 124.516 Executing safepoint VM operation: Cleanup
Event: 124.517 Executing safepoint VM operation: Cleanup done
Event: 124.558 Executing non-safepoint VM operation: HandshakeAllThreads (Deoptimize)
Event: 124.558 Executing non-safepoint VM operation: HandshakeAllThreads (Deoptimize) done
Event: 124.967 Executing safepoint VM operation: G1CollectForAllocation (G1 Evacuation Pause)
Event: 124.976 Executing safepoint VM operation: G1CollectForAllocation (G1 Evacuation Pause) done

Memory protections (0 events):
No events

Nmethod flushes (20 events):
Event: 84.674 Thread 0x000001607642bac0 flushing  nmethod 0x0000016000150090
Event: 84.674 Thread 0x000001607642bac0 flushing  nmethod 0x000001600016f490
Event: 84.674 Thread 0x000001607642bac0 flushing  nmethod 0x0000016000170a10
Event: 84.674 Thread 0x000001607642bac0 flushing  nmethod 0x0000016000171c90
Event: 84.674 Thread 0x000001607642bac0 flushing  nmethod 0x0000016000172310
Event: 84.674 Thread 0x000001607642bac0 flushing  nmethod 0x0000016000173390
Event: 84.674 Thread 0x000001607642bac0 flushing  nmethod 0x0000016000176090
Event: 84.674 Thread 0x000001607642bac0 flushing  nmethod 0x0000016000198d10
Event: 84.674 Thread 0x000001607642bac0 flushing  nmethod 0x0000016000199f10
Event: 84.674 Thread 0x000001607642bac0 flushing  nmethod 0x00000160001a3f10
Event: 84.674 Thread 0x000001607642bac0 flushing  nmethod 0x00000160001ab710
Event: 84.674 Thread 0x000001607642bac0 flushing  nmethod 0x000001600031a110
Event: 84.674 Thread 0x000001607642bac0 flushing  nmethod 0x000001600031cb90
Event: 84.674 Thread 0x000001607642bac0 flushing  nmethod 0x00000160003c2610
Event: 84.674 Thread 0x000001607642bac0 flushing  nmethod 0x00000160003c3210
Event: 84.674 Thread 0x000001607642bac0 flushing  nmethod 0x00000160003c3590
Event: 84.674 Thread 0x000001607642bac0 flushing  nmethod 0x00000160003c3990
Event: 84.674 Thread 0x000001607642bac0 flushing  nmethod 0x00000160003c4610
Event: 84.674 Thread 0x000001607642bac0 flushing  nmethod 0x00000160003d7990
Event: 84.674 Thread 0x000001607642bac0 flushing  nmethod 0x00000160003f0790

Events (20 events):
Event: 19.843 Thread 0x000001607bbdc190 Thread added: 0x000001607bbde260
Event: 19.863 Thread 0x000001607bbdc190 Thread added: 0x000001607bbdd540
Event: 26.298 Thread 0x000001607bbdc190 Thread added: 0x000001607bbddbd0
Event: 26.372 Thread 0x000001607bbdc190 Thread added: 0x000001607bbde8f0
Event: 26.393 Thread 0x000001607bbde8f0 Thread added: 0x000001607cc71f70
Event: 26.683 Thread 0x000001607bbdc190 Thread added: 0x000001607cc72c90
Event: 45.685 Thread 0x000001607bbdc190 Thread added: 0x000001607cc72600
Event: 46.379 Thread 0x000001607bbdc190 Thread added: 0x000001607cc718e0
Event: 48.609 Thread 0x000001607bbdc190 Thread added: 0x000001607cc70bc0
Event: 49.172 Thread 0x000001607bbdc190 Thread added: 0x000001607cc6fea0
Event: 66.009 Thread 0x000001607bbdc190 Thread added: 0x000001607cc739b0
Event: 76.120 Thread 0x000001607bbdc190 Thread added: 0x000001607cc70530
Event: 82.601 Thread 0x000001607bbdc190 Thread added: 0x000001607cc746d0
Event: 82.744 Thread 0x000001607bbdc190 Thread added: 0x000001607cc71250
Event: 87.741 Thread 0x000001607bbdc190 Thread added: 0x000001607cc767a0
Event: 96.112 Thread 0x000001607bbdc190 Thread added: 0x000001607cc753f0
Event: 108.820 Thread 0x000001607bbdc190 Thread added: 0x000001607cc75a80
Event: 110.498 Thread 0x000001607bbdc190 Thread added: 0x000001607cc76e30
Event: 116.729 Thread 0x000001607bbdc190 Thread added: 0x000001607cc76110
Event: 118.053 Thread 0x000001607bbdc190 Thread added: 0x000001607cc774c0


Dynamic libraries:
0x00007ff61a400000 - 0x00007ff61a40e000 	C:\Users\Lucas Hernandez\.vscode\extensions\redhat.java-1.56.0-win32-x64\jre\21.0.12.1-win32-x86_64\bin\java.exe
0x00007ffa77d80000 - 0x00007ffa77fe7000 	C:\WINDOWS\SYSTEM32\ntdll.dll
0x00007ffa765c0000 - 0x00007ffa7668b000 	C:\WINDOWS\System32\KERNEL32.DLL
0x00007ffa74f80000 - 0x00007ffa75382000 	C:\WINDOWS\System32\KERNELBASE.dll
0x00007ffa75940000 - 0x00007ffa75a8c000 	C:\WINDOWS\System32\ucrtbase.dll
0x00007ffa54440000 - 0x00007ffa54458000 	C:\Users\Lucas Hernandez\.vscode\extensions\redhat.java-1.56.0-win32-x64\jre\21.0.12.1-win32-x86_64\bin\jli.dll
0x00007ffa76d80000 - 0x00007ffa76f4f000 	C:\WINDOWS\System32\USER32.dll
0x00007ffa75630000 - 0x00007ffa75657000 	C:\WINDOWS\System32\win32u.dll
0x00007ffa76590000 - 0x00007ffa765bb000 	C:\WINDOWS\System32\GDI32.dll
0x00007ffa75390000 - 0x00007ffa754b9000 	C:\WINDOWS\System32\gdi32full.dll
0x00007ffa75580000 - 0x00007ffa75623000 	C:\WINDOWS\System32\msvcp_win.dll
0x00007ffa55230000 - 0x00007ffa5524e000 	C:\Users\Lucas Hernandez\.vscode\extensions\redhat.java-1.56.0-win32-x64\jre\21.0.12.1-win32-x86_64\bin\VCRUNTIME140.dll
0x00007ffa626a0000 - 0x00007ffa62930000 	C:\WINDOWS\WinSxS\amd64_microsoft.windows.common-controls_6595b64144ccf1df_6.0.26100.9278_none_3e0d1ba8e3303201\COMCTL32.dll
0x00007ffa77060000 - 0x00007ffa77109000 	C:\WINDOWS\System32\msvcrt.dll
0x00007ffa75db0000 - 0x00007ffa75de1000 	C:\WINDOWS\System32\IMM32.DLL
0x00007ffa60070000 - 0x00007ffa6007c000 	C:\Users\Lucas Hernandez\.vscode\extensions\redhat.java-1.56.0-win32-x64\jre\21.0.12.1-win32-x86_64\bin\vcruntime140_1.dll
0x00007ffa258a0000 - 0x00007ffa2592d000 	C:\Users\Lucas Hernandez\.vscode\extensions\redhat.java-1.56.0-win32-x64\jre\21.0.12.1-win32-x86_64\bin\msvcp140.dll
0x00007ff9a90d0000 - 0x00007ff9a9e72000 	C:\Users\Lucas Hernandez\.vscode\extensions\redhat.java-1.56.0-win32-x64\jre\21.0.12.1-win32-x86_64\bin\server\jvm.dll
0x00007ffa76b60000 - 0x00007ffa76c1c000 	C:\WINDOWS\System32\ADVAPI32.dll
0x00007ffa771a0000 - 0x00007ffa77249000 	C:\WINDOWS\System32\sechost.dll
0x00007ffa76a40000 - 0x00007ffa76b58000 	C:\WINDOWS\System32\RPCRT4.dll
0x00007ffa75c10000 - 0x00007ffa75c90000 	C:\WINDOWS\System32\WS2_32.dll
0x00007ffa74e00000 - 0x00007ffa74e5e000 	C:\WINDOWS\SYSTEM32\POWRPROF.dll
0x00007ffa6c150000 - 0x00007ffa6c186000 	C:\WINDOWS\SYSTEM32\WINMM.dll
0x00007ffa6cd30000 - 0x00007ffa6cd3b000 	C:\WINDOWS\SYSTEM32\VERSION.dll
0x00007ffa74de0000 - 0x00007ffa74df5000 	C:\WINDOWS\SYSTEM32\UMPDC.dll
0x00007ffa73c30000 - 0x00007ffa73c4b000 	C:\WINDOWS\SYSTEM32\kernel.appcore.dll
0x00007ffa5ff20000 - 0x00007ffa5ff2a000 	C:\Users\Lucas Hernandez\.vscode\extensions\redhat.java-1.56.0-win32-x64\jre\21.0.12.1-win32-x86_64\bin\jimage.dll
0x00007ffa68aa0000 - 0x00007ffa68cec000 	C:\WINDOWS\SYSTEM32\DBGHELP.DLL
0x00007ffa766b0000 - 0x00007ffa76a35000 	C:\WINDOWS\System32\combase.dll
0x00007ffa776e0000 - 0x00007ffa777b9000 	C:\WINDOWS\System32\OLEAUT32.dll
0x00007ffa5e7b0000 - 0x00007ffa5e7eb000 	C:\WINDOWS\SYSTEM32\dbgcore.DLL
0x00007ffa75880000 - 0x00007ffa7592c000 	C:\WINDOWS\System32\bcryptPrimitives.dll
0x00007ffa58db0000 - 0x00007ffa58dbf000 	C:\Users\Lucas Hernandez\.vscode\extensions\redhat.java-1.56.0-win32-x64\jre\21.0.12.1-win32-x86_64\bin\instrument.dll
0x00007ffa54380000 - 0x00007ffa543a0000 	C:\Users\Lucas Hernandez\.vscode\extensions\redhat.java-1.56.0-win32-x64\jre\21.0.12.1-win32-x86_64\bin\java.dll
0x00007ffa75df0000 - 0x00007ffa76588000 	C:\WINDOWS\System32\SHELL32.dll
0x00007ffa729c0000 - 0x00007ffa7326e000 	C:\WINDOWS\SYSTEM32\windows.storage.dll
0x00007ffa76f60000 - 0x00007ffa7705b000 	C:\WINDOWS\System32\SHCORE.dll
0x00007ffa77b40000 - 0x00007ffa77ba6000 	C:\WINDOWS\System32\shlwapi.dll
0x00007ffa74ea0000 - 0x00007ffa74ec9000 	C:\WINDOWS\SYSTEM32\profapi.dll
0x00007ffa54120000 - 0x00007ffa54138000 	C:\Users\Lucas Hernandez\.vscode\extensions\redhat.java-1.56.0-win32-x64\jre\21.0.12.1-win32-x86_64\bin\zip.dll
0x00007ffa5f810000 - 0x00007ffa5f820000 	C:\Users\Lucas Hernandez\.vscode\extensions\redhat.java-1.56.0-win32-x64\jre\21.0.12.1-win32-x86_64\bin\net.dll
0x00007ffa6ca10000 - 0x00007ffa6cb3a000 	C:\WINDOWS\SYSTEM32\WINHTTP.dll
0x00007ffa74210000 - 0x00007ffa7427c000 	C:\WINDOWS\system32\mswsock.dll
0x00007ffa53680000 - 0x00007ffa53696000 	C:\Users\Lucas Hernandez\.vscode\extensions\redhat.java-1.56.0-win32-x64\jre\21.0.12.1-win32-x86_64\bin\nio.dll
0x00007ffa57e70000 - 0x00007ffa57e80000 	C:\Users\Lucas Hernandez\.vscode\extensions\redhat.java-1.56.0-win32-x64\jre\21.0.12.1-win32-x86_64\bin\verify.dll
0x00007ffa47ff0000 - 0x00007ffa48017000 	C:\Users\Lucas Hernandez\.gradle\native\1def1411415f61bf3af743bc5b6707747c0891f09f0c88961ee8f79bc544acac\windows-amd64\native-platform.dll
0x00007ffa25c60000 - 0x00007ffa25cd8000 	C:\Users\Lucas Hernandez\.gradle\native\0.2.7\x86_64-windows-gnu\gradle-fileevents.dll
0x00007ffa6fe70000 - 0x00007ffa6fe7a000 	C:\Users\Lucas Hernandez\.vscode\extensions\redhat.java-1.56.0-win32-x64\jre\21.0.12.1-win32-x86_64\bin\management.dll
0x00007ffa6fe60000 - 0x00007ffa6fe6c000 	C:\Users\Lucas Hernandez\.vscode\extensions\redhat.java-1.56.0-win32-x64\jre\21.0.12.1-win32-x86_64\bin\management_ext.dll
0x00007ffa77c00000 - 0x00007ffa77c08000 	C:\WINDOWS\System32\PSAPI.DLL
0x00007ffa735d0000 - 0x00007ffa73603000 	C:\WINDOWS\SYSTEM32\IPHLPAPI.DLL
0x00007ffa77c10000 - 0x00007ffa77c1a000 	C:\WINDOWS\System32\NSI.dll
0x00007ffa60960000 - 0x00007ffa60969000 	C:\Users\Lucas Hernandez\.vscode\extensions\redhat.java-1.56.0-win32-x64\jre\21.0.12.1-win32-x86_64\bin\extnet.dll
0x00007ffa74520000 - 0x00007ffa7453b000 	C:\WINDOWS\SYSTEM32\CRYPTSP.dll
0x00007ffa73b90000 - 0x00007ffa73bc9000 	C:\WINDOWS\system32\rsaenh.dll
0x00007ffa742c0000 - 0x00007ffa742f4000 	C:\WINDOWS\SYSTEM32\USERENV.dll
0x00007ffa74e70000 - 0x00007ffa74e9a000 	C:\WINDOWS\SYSTEM32\bcrypt.dll
0x00007ffa74500000 - 0x00007ffa7450c000 	C:\WINDOWS\SYSTEM32\CRYPTBASE.dll
0x00007ffa60950000 - 0x00007ffa6095e000 	C:\Users\Lucas Hernandez\.vscode\extensions\redhat.java-1.56.0-win32-x64\jre\21.0.12.1-win32-x86_64\bin\sunmscapi.dll
0x00007ffa756f0000 - 0x00007ffa7586e000 	C:\WINDOWS\System32\CRYPT32.dll
0x00007ffa74740000 - 0x00007ffa74770000 	C:\WINDOWS\SYSTEM32\ncrypt.dll
0x00007ffa746f0000 - 0x00007ffa7472f000 	C:\WINDOWS\SYSTEM32\NTASN1.dll
0x00007ffa3a230000 - 0x00007ffa3a238000 	C:\WINDOWS\system32\wshunix.dll

JVMTI agents:
C:\Users\Lucas Hernandez\.gradle\wrapper\dists\gradle-8.14.3-all\10utluxaxniiv4wxiphsi49nj\gradle-8.14.3\lib\agents\gradle-instrumentation-agent-8.14.3.jar path:C:\Users\Lucas Hernandez\.vscode\extensions\redhat.java-1.56.0-win32-x64\jre\21.0.12.1-win32-x86_64\bin\instrument.dll, loaded, initialized, instrumentlib options:none

dbghelp: loaded successfully - version: 4.0.5 - missing functions: none
symbol engine: initialized successfully - sym options: 0x614 - pdb path: .;C:\Users\Lucas Hernandez\.vscode\extensions\redhat.java-1.56.0-win32-x64\jre\21.0.12.1-win32-x86_64\bin;C:\WINDOWS\SYSTEM32;C:\WINDOWS\WinSxS\amd64_microsoft.windows.common-controls_6595b64144ccf1df_6.0.26100.9278_none_3e0d1ba8e3303201;C:\Users\Lucas Hernandez\.vscode\extensions\redhat.java-1.56.0-win32-x64\jre\21.0.12.1-win32-x86_64\bin\server;C:\Users\Lucas Hernandez\.gradle\native\1def1411415f61bf3af743bc5b6707747c0891f09f0c88961ee8f79bc544acac\windows-amd64;C:\Users\Lucas Hernandez\.gradle\native\0.2.7\x86_64-windows-gnu

VM Arguments:
jvm_args: --add-opens=java.base/java.lang=ALL-UNNAMED --add-opens=java.base/java.lang.invoke=ALL-UNNAMED --add-opens=java.base/java.util=ALL-UNNAMED --add-opens=java.prefs/java.util.prefs=ALL-UNNAMED --add-exports=jdk.compiler/com.sun.tools.javac.api=ALL-UNNAMED --add-exports=jdk.compiler/com.sun.tools.javac.util=ALL-UNNAMED --add-opens=java.base/java.util=ALL-UNNAMED --add-opens=java.prefs/java.util.prefs=ALL-UNNAMED --add-opens=java.base/java.nio.charset=ALL-UNNAMED --add-opens=java.base/java.net=ALL-UNNAMED --add-opens=java.base/java.util.concurrent.atomic=ALL-UNNAMED --add-opens=java.xml/javax.xml.namespace=ALL-UNNAMED -Xmx1536m -Dfile.encoding=UTF-8 -Duser.country=ES -Duser.language=es -Duser.variant -javaagent:C:\Users\Lucas Hernandez\.gradle\wrapper\dists\gradle-8.14.3-all\10utluxaxniiv4wxiphsi49nj\gradle-8.14.3\lib\agents\gradle-instrumentation-agent-8.14.3.jar 
java_command: org.gradle.launcher.daemon.bootstrap.GradleDaemon 8.14.3
java_class_path (initial): C:\Users\Lucas Hernandez\.gradle\wrapper\dists\gradle-8.14.3-all\10utluxaxniiv4wxiphsi49nj\gradle-8.14.3\lib\gradle-daemon-main-8.14.3.jar
Launcher Type: SUN_STANDARD

[Global flags]
     intx CICompilerCount                          = 4                                         {product} {ergonomic}
     uint ConcGCThreads                            = 3                                         {product} {ergonomic}
     uint G1ConcRefinementThreads                  = 10                                        {product} {ergonomic}
   size_t G1HeapRegionSize                         = 1048576                                   {product} {ergonomic}
    uintx GCDrainStackTargetSize                   = 64                                        {product} {ergonomic}
   size_t InitialHeapSize                          = 260046848                                 {product} {ergonomic}
   size_t MarkStackSize                            = 4194304                                   {product} {ergonomic}
   size_t MaxHeapSize                              = 1610612736                                {product} {command line}
   size_t MaxNewSize                               = 965738496                                 {product} {ergonomic}
   size_t MinHeapDeltaBytes                        = 1048576                                   {product} {ergonomic}
   size_t MinHeapSize                              = 8388608                                   {product} {ergonomic}
    uintx NonNMethodCodeHeapSize                   = 5839372                                {pd product} {ergonomic}
    uintx NonProfiledCodeHeapSize                  = 122909434                              {pd product} {ergonomic}
    uintx ProfiledCodeHeapSize                     = 122909434                              {pd product} {ergonomic}
    uintx ReservedCodeCacheSize                    = 251658240                              {pd product} {ergonomic}
     bool SegmentedCodeCache                       = true                                      {product} {ergonomic}
   size_t SoftMaxHeapSize                          = 1610612736                             {manageable} {ergonomic}
     bool UseCompressedOops                        = true                           {product lp64_product} {ergonomic}
     bool UseG1GC                                  = true                                      {product} {ergonomic}
     bool UseLargePagesIndividualAllocation        = false                                  {pd product} {ergonomic}

Logging:
Log output configuration:
 #0: stdout all=warning uptime,level,tags foldmultilines=false
 #1: stderr all=off uptime,level,tags foldmultilines=false

Release file:
JAVA_VERSION="21.0.12.1" 
MODULES="java.base java.compiler java.datatransfer java.xml java.prefs java.desktop java.instrument java.logging java.management java.security.sasl java.naming java.rmi java.management.rmi java.net.http java.scripting java.security.jgss java.transaction.xa java.sql java.sql.rowset java.xml.crypto java.se java.smartcardio jdk.accessibility jdk.internal.jvmstat jdk.attach jdk.charsets jdk.internal.opt jdk.zipfs jdk.compiler jdk.crypto.ec jdk.crypto.cryptoki jdk.crypto.mscapi jdk.dynalink jdk.internal.ed jdk.editpad jdk.hotspot.agent jdk.httpserver jdk.internal.le jdk.internal.vm.ci jdk.internal.vm.compiler jdk.internal.vm.compiler.management jdk.jartool jdk.javadoc jdk.jcmd jdk.management jdk.management.agent jdk.jconsole jdk.jdeps jdk.jdwp.agent jdk.jdi jdk.jfr jdk.jshell jdk.jsobject jdk.jstatd jdk.localedata jdk.management.jfr jdk.naming.dns jdk.naming.rmi jdk.net jdk.nio.mapmode jdk.random jdk.sctp jdk.security.auth jdk.security.jgss jdk.unsupported jdk.unsupported.desktop jdk.xml.dom" 

Environment Variables:
JAVA_HOME=C:\Program Files\Eclipse Adoptium\jdk-17.0.20.101-hotspot\
PATH=C:\Program Files\Eclipse Adoptium\jdk-17.0.20.101-hotspot\bin;C:\Users\Lucas Hernandez\AppData\Local\Programs\Python\Python314\Scripts\;C:\Users\Lucas Hernandez\AppData\Local\Programs\Python\Python314\;C:\app\dbhomeXE\bin;C:\WINDOWS\system32;C:\WINDOWS;C:\WINDOWS\System32\Wbem;C:\WINDOWS\System32\WindowsPowerShell\v1.0\;C:\WINDOWS\System32\OpenSSH\;C:\Program Files\Docker\Docker\resources\bin;C:\Program Files\nodejs\;C:\ProgramData\chocolatey\bin;C:\Program Files\dotnet\;C:\Program Files\Git\cmd;C:\Program Files\MySQL\MySQL Shell 8.0\bin\;C:\Users\Lucas Hernandez\AppData\Local\Microsoft\WindowsApps;C:\Program Files\JetBrains\IntelliJ IDEA 2025.2.2\bin;C:\Users\Lucas Hernandez\AppData\Local\GitHubDesktop\bin;C:\Users\Lucas Hernandez\AppData\Local\Programs\Microsoft VS Code\bin;C:\Users\Lucas Hernandez\AppData\Local\Python\bin;C:\Users\Lucas Hernandez\AppData\Local\Programs\cursor\resources\app\bin;C:\Users\Lucas Hernandez\AppData\Roaming\npm;C:\src\flutter\bin;;C:\Android\sdk\platform-tools;C:\Android\sdk\cmdline-tools\latest\bin;C:\Android\sdk\emulator
USERNAME=Lucas Hernandez
OS=Windows_NT
PROCESSOR_IDENTIFIER=AMD64 Family 23 Model 104 Stepping 1, AuthenticAMD
TMP=C:\Users\LUCASH~1\AppData\Local\Temp
TEMP=C:\Users\LUCASH~1\AppData\Local\Temp




Periodic native trim disabled

---------------  S Y S T E M  ---------------

OS:
 Windows 11 , 64 bit Build 26100 (10.0.26100.9444)
OS uptime: 11 days 18:59 hours
Hyper-V role detected

CPU: total 12 (initial active 12) (12 cores per cpu, 2 threads per core) family 23 model 104 stepping 1 microcode 0x8608103, cx8, cmov, fxsr, ht, mmx, 3dnowpref, sse, sse2, sse3, ssse3, sse4a, sse4.1, sse4.2, popcnt, lzcnt, tsc, tscinvbit, avx, avx2, aes, clmul, bmi1, bmi2, adx, sha, fma, vzeroupper, clflush, clflushopt, hv, rdtscp, rdpid, f16c
Processor Information for the first 12 processors :
  Max Mhz: 2100, Current Mhz: 2100, Mhz Limit: 2100

Memory: 4k page, system-wide physical 15754M (247M free)
TotalPageFile size 64906M (AvailPageFile size 3M)
current process WorkingSet (physical memory assigned to process): 176M, peak: 225M
current process commit charge ("private bytes"): 286M, peak: 414M

vm_info: OpenJDK 64-Bit Server VM (21.0.12.1+1-LTS) for windows-amd64 JRE (21.0.12.1+1-LTS), built on 2026-08-18T00:00:00Z by "admin" with MS VC++ 17.12 (VS2022)

END.
