#
# There is insufficient memory for the Java Runtime Environment to continue.
# Native memory allocation (malloc) failed to allocate 1019616 bytes. Error detail: Chunk::new
# Possible reasons:
#   The system is out of physical RAM or swap space
#   This process is running with CompressedOops enabled, and the Java Heap may be blocking the growth of the native heap
# Possible solutions:
#   Reduce memory load on the system
#   Increase physical memory or swap space
#   Check if swap backing store is full
#   Decrease Java heap size (-Xmx/-Xms)
#   Decrease number of Java threads
#   Decrease Java thread stack sizes (-Xss)
#   Set larger code cache with -XX:ReservedCodeCacheSize=
#   JVM is running with Unscaled Compressed Oops mode in which the Java heap is
#     placed in the first 4GB address space. The Java Heap base address is the
#     maximum limit for the native heap growth. Please use -XX:HeapBaseMinAddress
#     to set the Java Heap base and to place the Java Heap above 4GB virtual address.
# This output file may be truncated or incomplete.
#
#  Out of Memory Error (arena.cpp:168), pid=4704, tid=29564
#
# JRE version: OpenJDK Runtime Environment Temurin-21.0.12.1+1 (21.0.12.1+1) (build 21.0.12.1+1-LTS)
# Java VM: OpenJDK 64-Bit Server VM Temurin-21.0.12.1+1 (21.0.12.1+1-LTS, mixed mode, sharing, tiered, compressed oops, compressed class ptrs, g1 gc, windows-amd64)
# No core dump will be written. Minidumps are not enabled by default on client versions of Windows
#

---------------  S U M M A R Y ------------

Command Line: --add-opens=java.base/java.lang=ALL-UNNAMED --add-opens=java.base/java.lang.invoke=ALL-UNNAMED --add-opens=java.base/java.util=ALL-UNNAMED --add-opens=java.prefs/java.util.prefs=ALL-UNNAMED --add-exports=jdk.compiler/com.sun.tools.javac.api=ALL-UNNAMED --add-exports=jdk.compiler/com.sun.tools.javac.util=ALL-UNNAMED --add-opens=java.base/java.util=ALL-UNNAMED --add-opens=java.prefs/java.util.prefs=ALL-UNNAMED --add-opens=java.base/java.nio.charset=ALL-UNNAMED --add-opens=java.base/java.net=ALL-UNNAMED --add-opens=java.base/java.util.concurrent.atomic=ALL-UNNAMED --add-opens=java.xml/javax.xml.namespace=ALL-UNNAMED -Xmx1536m -Dfile.encoding=UTF-8 -Duser.country=ES -Duser.language=es -Duser.variant -javaagent:C:\Users\Lucas Hernandez\.gradle\wrapper\dists\gradle-8.14.3-all\10utluxaxniiv4wxiphsi49nj\gradle-8.14.3\lib\agents\gradle-instrumentation-agent-8.14.3.jar org.gradle.launcher.daemon.bootstrap.GradleDaemon 8.14.3

Host: AMD Ryzen 5 7430U with Radeon Graphics, 12 cores, 15G,  Windows 11 , 64 bit Build 26100 (10.0.26100.9444)
Time: Wed Oct  7 16:16:44 2026 Hora de verano romance elapsed time: 266.777962 seconds (0d 0h 4m 26s)

---------------  T H R E A D  ---------------

Current thread (0x000001a27c02c660):  JavaThread "C2 CompilerThread0" daemon [_thread_in_native, id=29564, stack(0x0000000bce200000,0x0000000bce300000) (1024K)]


Current CompileTask:
C2:266778 5907   !   4       sun.reflect.annotation.AnnotationParser::parseAnnotations (37 bytes)

Stack: [0x0000000bce200000,0x0000000bce300000]
Native frames: (J=compiled Java code, j=interpreted, Vv=VM code, C=native code)
V  [jvm.dll+0x6d83e9]
V  [jvm.dll+0x8b5736]
V  [jvm.dll+0x8b7cee]
V  [jvm.dll+0x8b83d3]
V  [jvm.dll+0x284596]
V  [jvm.dll+0xc685d]
V  [jvm.dll+0xc6da1]
V  [jvm.dll+0x2fb5ae]
V  [jvm.dll+0x5fee94]
V  [jvm.dll+0x255d67]
V  [jvm.dll+0x25612d]
V  [jvm.dll+0x24e6a0]
V  [jvm.dll+0x24bbe6]
V  [jvm.dll+0x1cb4ae]
V  [jvm.dll+0x25baad]
V  [jvm.dll+0x25a03a]
V  [jvm.dll+0x3f8aae]
V  [jvm.dll+0x8600cd]
V  [jvm.dll+0x6d6c1d]
C  [ucrtbase.dll+0x2cd30]
C  [KERNEL32.DLL+0x2cd87]
C  [ntdll.dll+0xacaec]


---------------  P R O C E S S  ---------------

Threads class SMR info:
_java_thread_list=0x000001a204b38630, length=40, elements={
0x000001a2216cc1f0, 0x000001a27c0257c0, 0x000001a27c026f40, 0x000001a27c0279a0,
0x000001a27c02a410, 0x000001a27c02ae70, 0x000001a27c02b8d0, 0x000001a27c02c660,
0x000001a27c035330, 0x000001a27c25be60, 0x000001a27c28c230, 0x000001a27da58010,
0x000001a27c3a20f0, 0x000001a27c3ac1d0, 0x000001a27dc4c870, 0x000001a27d8a19c0,
0x000001a27da7b700, 0x000001a27cfdfe40, 0x000001a27cfe11f0, 0x000001a27cfe0b60,
0x000001a27cfdf120, 0x000001a27cfe1880, 0x000001a27cfde400, 0x000001a27cfe04d0,
0x000001a27e32e580, 0x000001a27e32f930, 0x000001a27e330ce0, 0x000001a27e331a00,
0x000001a27e332090, 0x000001a27e32ffc0, 0x000001a27e330650, 0x000001a27e32ec10,
0x000001a27e332720, 0x000001a27e32f2a0, 0x000001a27e334160, 0x000001a27e333ad0,
0x000001a27e334e80, 0x000001a27e335510, 0x000001a27e335ba0, 0x000001a27e3347f0
}

Java Threads: ( => current thread )
  0x000001a2216cc1f0 JavaThread "main"                              [_thread_blocked, id=5952, stack(0x0000000bcd400000,0x0000000bcd500000) (1024K)]
  0x000001a27c0257c0 JavaThread "Reference Handler"          daemon [_thread_blocked, id=4048, stack(0x0000000bcdc00000,0x0000000bcdd00000) (1024K)]
  0x000001a27c026f40 JavaThread "Finalizer"                  daemon [_thread_blocked, id=14908, stack(0x0000000bcdd00000,0x0000000bcde00000) (1024K)]
  0x000001a27c0279a0 JavaThread "Signal Dispatcher"          daemon [_thread_blocked, id=42480, stack(0x0000000bcde00000,0x0000000bcdf00000) (1024K)]
  0x000001a27c02a410 JavaThread "Attach Listener"            daemon [_thread_blocked, id=30788, stack(0x0000000bcdf00000,0x0000000bce000000) (1024K)]
  0x000001a27c02ae70 JavaThread "Service Thread"             daemon [_thread_blocked, id=25920, stack(0x0000000bce000000,0x0000000bce100000) (1024K)]
  0x000001a27c02b8d0 JavaThread "Monitor Deflation Thread"   daemon [_thread_blocked, id=32716, stack(0x0000000bce100000,0x0000000bce200000) (1024K)]
=>0x000001a27c02c660 JavaThread "C2 CompilerThread0"         daemon [_thread_in_native, id=29564, stack(0x0000000bce200000,0x0000000bce300000) (1024K)]
  0x000001a27c035330 JavaThread "C1 CompilerThread0"         daemon [_thread_blocked, id=15064, stack(0x0000000bce300000,0x0000000bce400000) (1024K)]
  0x000001a27c25be60 JavaThread "Common-Cleaner"             daemon [_thread_blocked, id=41412, stack(0x0000000bce400000,0x0000000bce500000) (1024K)]
  0x000001a27c28c230 JavaThread "Notification Thread"        daemon [_thread_blocked, id=24976, stack(0x0000000bce500000,0x0000000bce600000) (1024K)]
  0x000001a27da58010 JavaThread "Daemon health stats"               [_thread_blocked, id=42076, stack(0x0000000bceb00000,0x0000000bcec00000) (1024K)]
  0x000001a27c3a20f0 JavaThread "Incoming local TCP Connector on port 62555"        [_thread_in_native, id=28484, stack(0x0000000bce600000,0x0000000bce700000) (1024K)]
  0x000001a27c3ac1d0 JavaThread "Daemon periodic checks"            [_thread_blocked, id=23872, stack(0x0000000bcec00000,0x0000000bced00000) (1024K)]
  0x000001a27dc4c870 JavaThread "Daemon"                            [_thread_blocked, id=21140, stack(0x0000000bced00000,0x0000000bcee00000) (1024K)]
  0x000001a27d8a19c0 JavaThread "Handler for socket connection from /127.0.0.1:62555 to /127.0.0.1:62561"        [_thread_in_native, id=10424, stack(0x0000000bcee00000,0x0000000bcef00000) (1024K)]
  0x000001a27da7b700 JavaThread "Cancel handler"                    [_thread_blocked, id=14844, stack(0x0000000bcef00000,0x0000000bcf000000) (1024K)]
  0x000001a27cfdfe40 JavaThread "Daemon worker"                     [_thread_in_native, id=39492, stack(0x0000000bcf000000,0x0000000bcf100000) (1024K)]
  0x000001a27cfe11f0 JavaThread "Asynchronous log dispatcher for DefaultDaemonConnection: socket connection from /127.0.0.1:62555 to /127.0.0.1:62561"        [_thread_blocked, id=36412, stack(0x0000000bcf100000,0x0000000bcf200000) (1024K)]
  0x000001a27cfe0b60 JavaThread "Stdin handler"                     [_thread_blocked, id=17168, stack(0x0000000bcf200000,0x0000000bcf300000) (1024K)]
  0x000001a27cfdf120 JavaThread "Daemon client event forwarder"        [_thread_blocked, id=33940, stack(0x0000000bcf300000,0x0000000bcf400000) (1024K)]
  0x000001a27cfe1880 JavaThread "Cache worker for journal cache (C:\Users\Lucas Hernandez\.gradle\caches\journal-1)"        [_thread_blocked, id=27840, stack(0x0000000bcf400000,0x0000000bcf500000) (1024K)]
  0x000001a27cfde400 JavaThread "File lock request listener"        [_thread_in_native, id=18392, stack(0x0000000bcf500000,0x0000000bcf600000) (1024K)]
  0x000001a27cfe04d0 JavaThread "Cache worker for file hash cache (C:\Users\Lucas Hernandez\.gradle\caches\8.14.3\fileHashes)"        [_thread_blocked, id=1416, stack(0x0000000bcf700000,0x0000000bcf800000) (1024K)]
  0x000001a27e32e580 JavaThread "Cache worker for file hash cache (C:\Users\Lucas Hernandez\OneDrive - UDIT\Documents\DI\dam2-productos-archivos\android\.gradle\8.14.3\fileHashes)"        [_thread_blocked, id=37376, stack(0x0000000bcff00000,0x0000000bd0000000) (1024K)]
  0x000001a27e32f930 JavaThread "Cache worker for Build Output Cleanup Cache (C:\Users\Lucas Hernandez\OneDrive - UDIT\Documents\DI\dam2-productos-archivos\android\.gradle\buildOutputCleanup)"        [_thread_blocked, id=18908, stack(0x0000000bd0000000,0x0000000bd0100000) (1024K)]
  0x000001a27e330ce0 JavaThread "File watcher server"        daemon [_thread_in_native, id=27912, stack(0x0000000bd0100000,0x0000000bd0200000) (1024K)]
  0x000001a27e331a00 JavaThread "File watcher consumer"      daemon [_thread_blocked, id=34388, stack(0x0000000bd0200000,0x0000000bd0300000) (1024K)]
  0x000001a27e332090 JavaThread "File lock release action executor Thread 2"        [_thread_blocked, id=32428, stack(0x0000000bcd200000,0x0000000bcd300000) (1024K)]
  0x000001a27e32ffc0 JavaThread "jar transforms"                    [_thread_blocked, id=43268, stack(0x0000000bcd300000,0x0000000bcd400000) (1024K)]
  0x000001a27e330650 JavaThread "jar transforms Thread 2"           [_thread_blocked, id=40052, stack(0x0000000bcf600000,0x0000000bcf700000) (1024K)]
  0x000001a27e32ec10 JavaThread "Cache worker for checksums cache (C:\Users\Lucas Hernandez\OneDrive - UDIT\Documents\DI\dam2-productos-archivos\android\.gradle\8.14.3\checksums)"        [_thread_blocked, id=23928, stack(0x0000000bd0300000,0x0000000bd0400000) (1024K)]
  0x000001a27e332720 JavaThread "Cache worker for file content cache (C:\Users\Lucas Hernandez\.gradle\caches\8.14.3\fileContent)"        [_thread_blocked, id=5684, stack(0x0000000bd0400000,0x0000000bd0500000) (1024K)]
  0x000001a27e32f2a0 JavaThread "jar transforms Thread 3"           [_thread_blocked, id=8096, stack(0x0000000bd0500000,0x0000000bd0600000) (1024K)]
  0x000001a27e334160 JavaThread "jar transforms Thread 4"           [_thread_blocked, id=43556, stack(0x0000000bd0600000,0x0000000bd0700000) (1024K)]
  0x000001a27e333ad0 JavaThread "jar transforms Thread 5"           [_thread_blocked, id=42508, stack(0x0000000bd0700000,0x0000000bd0800000) (1024K)]
  0x000001a27e334e80 JavaThread "jar transforms Thread 6"           [_thread_blocked, id=44296, stack(0x0000000bd0800000,0x0000000bd0900000) (1024K)]
  0x000001a27e335510 JavaThread "Cache worker for cache directory md-supplier (C:\Users\Lucas Hernandez\.gradle\caches\8.14.3\md-supplier)"        [_thread_blocked, id=44536, stack(0x0000000bd0900000,0x0000000bd0a00000) (1024K)]
  0x000001a27e335ba0 JavaThread "Cache worker for cache directory md-rule (C:\Users\Lucas Hernandez\.gradle\caches\8.14.3\md-rule)"        [_thread_blocked, id=41688, stack(0x0000000bd0a00000,0x0000000bd0b00000) (1024K)]
  0x000001a27e3347f0 JavaThread "jar transforms Thread 7"           [_thread_blocked, id=46968, stack(0x0000000bd0b00000,0x0000000bd0c00000) (1024K)]
Total: 40

Other Threads:
  0x000001a27c00a020 VMThread "VM Thread"                           [id=14768, stack(0x0000000bcdb00000,0x0000000bcdc00000) (1024K)]
  0x000001a23ace3650 WatcherThread "VM Periodic Task Thread"        [id=14744, stack(0x0000000bcda00000,0x0000000bcdb00000) (1024K)]
  0x000001a223b3ca40 WorkerThread "GC Thread#0"                     [id=36000, stack(0x0000000bcd500000,0x0000000bcd600000) (1024K)]
  0x000001a27c31fc30 WorkerThread "GC Thread#1"                     [id=33644, stack(0x0000000bce700000,0x0000000bce800000) (1024K)]
  0x000001a27c3ea6b0 WorkerThread "GC Thread#2"                     [id=14544, stack(0x0000000bce800000,0x0000000bce900000) (1024K)]
  0x000001a27c3eaa60 WorkerThread "GC Thread#3"                     [id=17808, stack(0x0000000bce900000,0x0000000bcea00000) (1024K)]
  0x000001a27c3d5830 WorkerThread "GC Thread#4"                     [id=31980, stack(0x0000000bcea00000,0x0000000bceb00000) (1024K)]
  0x000001a2046cb7c0 WorkerThread "GC Thread#5"                     [id=32556, stack(0x0000000bcf800000,0x0000000bcf900000) (1024K)]
  0x000001a2046cd190 WorkerThread "GC Thread#6"                     [id=11848, stack(0x0000000bcf900000,0x0000000bcfa00000) (1024K)]
  0x000001a2046cbb70 WorkerThread "GC Thread#7"                     [id=33936, stack(0x0000000bcfa00000,0x0000000bcfb00000) (1024K)]
  0x000001a2046cdca0 WorkerThread "GC Thread#8"                     [id=43328, stack(0x0000000bcfb00000,0x0000000bcfc00000) (1024K)]
  0x000001a2046cc680 WorkerThread "GC Thread#9"                     [id=31712, stack(0x0000000bcfc00000,0x0000000bcfd00000) (1024K)]
  0x000001a223b49840 ConcurrentGCThread "G1 Main Marker"            [id=38848, stack(0x0000000bcd600000,0x0000000bcd700000) (1024K)]
  0x000001a223b4a160 WorkerThread "G1 Conc#0"                       [id=12284, stack(0x0000000bcd700000,0x0000000bcd800000) (1024K)]
  0x000001a2046cb060 WorkerThread "G1 Conc#1"                       [id=25892, stack(0x0000000bcfd00000,0x0000000bcfe00000) (1024K)]
  0x000001a2046cc2d0 WorkerThread "G1 Conc#2"                       [id=2592, stack(0x0000000bcfe00000,0x0000000bcff00000) (1024K)]
  0x000001a223baeae0 ConcurrentGCThread "G1 Refine#0"               [id=42268, stack(0x0000000bcd800000,0x0000000bcd900000) (1024K)]
  0x000001a23abb5800 ConcurrentGCThread "G1 Service"                [id=33456, stack(0x0000000bcd900000,0x0000000bcda00000) (1024K)]
Total: 18

Threads with active compile tasks:
C2 CompilerThread0  266814 5907   !   4       sun.reflect.annotation.AnnotationParser::parseAnnotations (37 bytes)
Total: 1

VM state: not at safepoint (normal execution)

VM Mutex/Monitor currently owned by a thread: None

Heap address: 0x00000000a0000000, size: 1536 MB, Compressed Oops mode: 32-bit

CDS archive(s) mapped at: [0x000001a23b000000-0x000001a23bba0000-0x000001a23bba0000), size 12189696, SharedBaseAddress: 0x000001a23b000000, ArchiveRelocationMode: 1.
Compressed class space mapped at: 0x000001a23c000000-0x000001a27c000000, reserved size: 1073741824
Narrow klass base: 0x000001a23b000000, Narrow klass shift: 0, Narrow klass range: 0x100000000

GC Precious Log:
 CardTable entry size: 512
 Card Set container configuration: InlinePtr #cards 5 size 8 Array Of Cards #cards 12 size 40 Howl #buckets 4 coarsen threshold 1843 Howl Bitmap #cards 512 size 80 coarsen threshold 460 Card regions per heap region 1 cards per card region 2048
 CPUs: 12 total, 12 available
 Memory: 15754M
 Large Page Support: Disabled
 NUMA Support: Disabled
 Compressed Oops: Enabled (32-bit)
 Heap Region Size: 1M
 Heap Min Capacity: 8M
 Heap Initial Capacity: 248M
 Heap Max Capacity: 1536M
 Pre-touch: Disabled
 Parallel Workers: 10
 Concurrent Workers: 3
 Concurrent Refinement Workers: 10
 Periodic GC: Disabled

Heap:
 garbage-first heap   total 86016K, used 48594K [0x00000000a0000000, 0x0000000100000000)
  region size 1024K, 15 young (15360K), 5 survivors (5120K)
 Metaspace       used 46997K, committed 48640K, reserved 1114112K
  class space    used 6798K, committed 7616K, reserved 1048576K

Heap Regions: E=young(eden), S=young(survivor), O=old, HS=humongous(starts), HC=humongous(continues), CS=collection set, F=free, TAMS=top-at-mark-start, PB=parsable bottom
|   0|0x00000000a0000000, 0x00000000a0100000, 0x00000000a0100000|100%|HS|  |TAMS 0x00000000a0000000| PB 0x00000000a0000000| Complete 
|   1|0x00000000a0100000, 0x00000000a0200000, 0x00000000a0200000|100%|HC|  |TAMS 0x00000000a0100000| PB 0x00000000a0100000| Complete 
|   2|0x00000000a0200000, 0x00000000a0300000, 0x00000000a0300000|100%|HC|  |TAMS 0x00000000a0200000| PB 0x00000000a0200000| Complete 
|   3|0x00000000a0300000, 0x00000000a0400000, 0x00000000a0400000|100%| O|  |TAMS 0x00000000a0300000| PB 0x00000000a0300000| Untracked 
|   4|0x00000000a0400000, 0x00000000a0500000, 0x00000000a0500000|100%| O|  |TAMS 0x00000000a0400000| PB 0x00000000a0400000| Untracked 
|   5|0x00000000a0500000, 0x00000000a0600000, 0x00000000a0600000|100%| O|  |TAMS 0x00000000a0500000| PB 0x00000000a0500000| Untracked 
|   6|0x00000000a0600000, 0x00000000a0700000, 0x00000000a0700000|100%|HS|  |TAMS 0x00000000a0600000| PB 0x00000000a0600000| Complete 
|   7|0x00000000a0700000, 0x00000000a0800000, 0x00000000a0800000|100%| O|  |TAMS 0x00000000a0700000| PB 0x00000000a0700000| Untracked 
|   8|0x00000000a0800000, 0x00000000a0900000, 0x00000000a0900000|100%| O|  |TAMS 0x00000000a0800000| PB 0x00000000a0800000| Untracked 
|   9|0x00000000a0900000, 0x00000000a0a00000, 0x00000000a0a00000|100%| O|  |TAMS 0x00000000a0900000| PB 0x00000000a0900000| Untracked 
|  10|0x00000000a0a00000, 0x00000000a0b00000, 0x00000000a0b00000|100%| O|  |TAMS 0x00000000a0a00000| PB 0x00000000a0a00000| Untracked 
|  11|0x00000000a0b00000, 0x00000000a0c00000, 0x00000000a0c00000|100%| O|  |TAMS 0x00000000a0b00000| PB 0x00000000a0b00000| Untracked 
|  12|0x00000000a0c00000, 0x00000000a0d00000, 0x00000000a0d00000|100%| O|  |TAMS 0x00000000a0c00000| PB 0x00000000a0c00000| Untracked 
|  13|0x00000000a0d00000, 0x00000000a0e00000, 0x00000000a0e00000|100%| O|  |TAMS 0x00000000a0d00000| PB 0x00000000a0d00000| Untracked 
|  14|0x00000000a0e00000, 0x00000000a0f00000, 0x00000000a0f00000|100%| O|  |TAMS 0x00000000a0e00000| PB 0x00000000a0e00000| Untracked 
|  15|0x00000000a0f00000, 0x00000000a1000000, 0x00000000a1000000|100%| O|  |TAMS 0x00000000a0f00000| PB 0x00000000a0f00000| Untracked 
|  16|0x00000000a1000000, 0x00000000a1100000, 0x00000000a1100000|100%| O|  |TAMS 0x00000000a1000000| PB 0x00000000a1000000| Untracked 
|  17|0x00000000a1100000, 0x00000000a1200000, 0x00000000a1200000|100%| O|  |TAMS 0x00000000a1100000| PB 0x00000000a1100000| Untracked 
|  18|0x00000000a1200000, 0x00000000a1300000, 0x00000000a1300000|100%| O|  |TAMS 0x00000000a1200000| PB 0x00000000a1200000| Untracked 
|  19|0x00000000a1300000, 0x00000000a1400000, 0x00000000a1400000|100%| O|  |TAMS 0x00000000a1300000| PB 0x00000000a1300000| Untracked 
|  20|0x00000000a1400000, 0x00000000a1500000, 0x00000000a1500000|100%| O|  |TAMS 0x00000000a1400000| PB 0x00000000a1400000| Untracked 
|  21|0x00000000a1500000, 0x00000000a1600000, 0x00000000a1600000|100%| O|  |TAMS 0x00000000a1500000| PB 0x00000000a1500000| Untracked 
|  22|0x00000000a1600000, 0x00000000a1600000, 0x00000000a1700000|  0%| F|  |TAMS 0x00000000a1600000| PB 0x00000000a1600000| Untracked 
|  23|0x00000000a1700000, 0x00000000a1800000, 0x00000000a1800000|100%| O|  |TAMS 0x00000000a1700000| PB 0x00000000a1700000| Untracked 
|  24|0x00000000a1800000, 0x00000000a1900000, 0x00000000a1900000|100%| O|  |TAMS 0x00000000a1800000| PB 0x00000000a1800000| Untracked 
|  25|0x00000000a1900000, 0x00000000a1a00000, 0x00000000a1a00000|100%| O|  |TAMS 0x00000000a1900000| PB 0x00000000a1900000| Untracked 
|  26|0x00000000a1a00000, 0x00000000a1b00000, 0x00000000a1b00000|100%| O|  |TAMS 0x00000000a1a00000| PB 0x00000000a1a00000| Untracked 
|  27|0x00000000a1b00000, 0x00000000a1b00000, 0x00000000a1c00000|  0%| F|  |TAMS 0x00000000a1b00000| PB 0x00000000a1b00000| Untracked 
|  28|0x00000000a1c00000, 0x00000000a1d00000, 0x00000000a1d00000|100%| O|  |TAMS 0x00000000a1c00000| PB 0x00000000a1c00000| Untracked 
|  29|0x00000000a1d00000, 0x00000000a1e00000, 0x00000000a1e00000|100%| O|  |TAMS 0x00000000a1d00000| PB 0x00000000a1d00000| Untracked 
|  30|0x00000000a1e00000, 0x00000000a1e00000, 0x00000000a1f00000|  0%| F|  |TAMS 0x00000000a1e00000| PB 0x00000000a1e00000| Untracked 
|  31|0x00000000a1f00000, 0x00000000a2000000, 0x00000000a2000000|100%| O|  |TAMS 0x00000000a1f00000| PB 0x00000000a1f00000| Untracked 
|  32|0x00000000a2000000, 0x00000000a2100000, 0x00000000a2100000|100%| O|  |TAMS 0x00000000a2000000| PB 0x00000000a2000000| Untracked 
|  33|0x00000000a2100000, 0x00000000a2200000, 0x00000000a2200000|100%| O|  |TAMS 0x00000000a2100000| PB 0x00000000a2100000| Untracked 
|  34|0x00000000a2200000, 0x00000000a2200000, 0x00000000a2300000|  0%| F|  |TAMS 0x00000000a2200000| PB 0x00000000a2200000| Untracked 
|  35|0x00000000a2300000, 0x00000000a2400000, 0x00000000a2400000|100%| O|  |TAMS 0x00000000a2300000| PB 0x00000000a2300000| Untracked 
|  36|0x00000000a2400000, 0x00000000a248bbc0, 0x00000000a2500000| 54%| O|  |TAMS 0x00000000a2400000| PB 0x00000000a2400000| Untracked 
|  37|0x00000000a2500000, 0x00000000a25e8e40, 0x00000000a2600000| 90%| S|CS|TAMS 0x00000000a2500000| PB 0x00000000a2500000| Complete 
|  38|0x00000000a2600000, 0x00000000a2700000, 0x00000000a2700000|100%| S|CS|TAMS 0x00000000a2600000| PB 0x00000000a2600000| Complete 
|  39|0x00000000a2700000, 0x00000000a2800000, 0x00000000a2800000|100%| O|  |TAMS 0x00000000a2700000| PB 0x00000000a2700000| Untracked 
|  40|0x00000000a2800000, 0x00000000a2900000, 0x00000000a2900000|100%| S|CS|TAMS 0x00000000a2800000| PB 0x00000000a2800000| Complete 
|  41|0x00000000a2900000, 0x00000000a2900000, 0x00000000a2a00000|  0%| F|  |TAMS 0x00000000a2900000| PB 0x00000000a2900000| Untracked 
|  42|0x00000000a2a00000, 0x00000000a2a00000, 0x00000000a2b00000|  0%| F|  |TAMS 0x00000000a2a00000| PB 0x00000000a2a00000| Untracked 
|  43|0x00000000a2b00000, 0x00000000a2b00000, 0x00000000a2c00000|  0%| F|  |TAMS 0x00000000a2b00000| PB 0x00000000a2b00000| Untracked 
|  44|0x00000000a2c00000, 0x00000000a2c00000, 0x00000000a2d00000|  0%| F|  |TAMS 0x00000000a2c00000| PB 0x00000000a2c00000| Untracked 
|  45|0x00000000a2d00000, 0x00000000a2e00000, 0x00000000a2e00000|100%| S|CS|TAMS 0x00000000a2d00000| PB 0x00000000a2d00000| Complete 
|  46|0x00000000a2e00000, 0x00000000a2f00000, 0x00000000a2f00000|100%| S|CS|TAMS 0x00000000a2e00000| PB 0x00000000a2e00000| Complete 
|  47|0x00000000a2f00000, 0x00000000a2f00000, 0x00000000a3000000|  0%| F|  |TAMS 0x00000000a2f00000| PB 0x00000000a2f00000| Untracked 
|  48|0x00000000a3000000, 0x00000000a3000000, 0x00000000a3100000|  0%| F|  |TAMS 0x00000000a3000000| PB 0x00000000a3000000| Untracked 
|  49|0x00000000a3100000, 0x00000000a3100000, 0x00000000a3200000|  0%| F|  |TAMS 0x00000000a3100000| PB 0x00000000a3100000| Untracked 
|  50|0x00000000a3200000, 0x00000000a3200000, 0x00000000a3300000|  0%| F|  |TAMS 0x00000000a3200000| PB 0x00000000a3200000| Untracked 
|  51|0x00000000a3300000, 0x00000000a3300000, 0x00000000a3400000|  0%| F|  |TAMS 0x00000000a3300000| PB 0x00000000a3300000| Untracked 
|  52|0x00000000a3400000, 0x00000000a3400000, 0x00000000a3500000|  0%| F|  |TAMS 0x00000000a3400000| PB 0x00000000a3400000| Untracked 
|  53|0x00000000a3500000, 0x00000000a3500000, 0x00000000a3600000|  0%| F|  |TAMS 0x00000000a3500000| PB 0x00000000a3500000| Untracked 
|  54|0x00000000a3600000, 0x00000000a3600000, 0x00000000a3700000|  0%| F|  |TAMS 0x00000000a3600000| PB 0x00000000a3600000| Untracked 
|  55|0x00000000a3700000, 0x00000000a3700000, 0x00000000a3800000|  0%| F|  |TAMS 0x00000000a3700000| PB 0x00000000a3700000| Untracked 
|  56|0x00000000a3800000, 0x00000000a3800000, 0x00000000a3900000|  0%| F|  |TAMS 0x00000000a3800000| PB 0x00000000a3800000| Untracked 
|  57|0x00000000a3900000, 0x00000000a3900000, 0x00000000a3a00000|  0%| F|  |TAMS 0x00000000a3900000| PB 0x00000000a3900000| Untracked 
|  58|0x00000000a3a00000, 0x00000000a3a00000, 0x00000000a3b00000|  0%| F|  |TAMS 0x00000000a3a00000| PB 0x00000000a3a00000| Untracked 
|  59|0x00000000a3b00000, 0x00000000a3b00000, 0x00000000a3c00000|  0%| F|  |TAMS 0x00000000a3b00000| PB 0x00000000a3b00000| Untracked 
|  60|0x00000000a3c00000, 0x00000000a3c00000, 0x00000000a3d00000|  0%| F|  |TAMS 0x00000000a3c00000| PB 0x00000000a3c00000| Untracked 
|  61|0x00000000a3d00000, 0x00000000a3d00000, 0x00000000a3e00000|  0%| F|  |TAMS 0x00000000a3d00000| PB 0x00000000a3d00000| Untracked 
|  62|0x00000000a3e00000, 0x00000000a3e00000, 0x00000000a3f00000|  0%| F|  |TAMS 0x00000000a3e00000| PB 0x00000000a3e00000| Untracked 
|  63|0x00000000a3f00000, 0x00000000a3f00000, 0x00000000a4000000|  0%| F|  |TAMS 0x00000000a3f00000| PB 0x00000000a3f00000| Untracked 
|  64|0x00000000a4000000, 0x00000000a4000000, 0x00000000a4100000|  0%| F|  |TAMS 0x00000000a4000000| PB 0x00000000a4000000| Untracked 
|  65|0x00000000a4100000, 0x00000000a4100000, 0x00000000a4200000|  0%| F|  |TAMS 0x00000000a4100000| PB 0x00000000a4100000| Untracked 
|  66|0x00000000a4200000, 0x00000000a4200000, 0x00000000a4300000|  0%| F|  |TAMS 0x00000000a4200000| PB 0x00000000a4200000| Untracked 
|  67|0x00000000a4300000, 0x00000000a4300000, 0x00000000a4400000|  0%| F|  |TAMS 0x00000000a4300000| PB 0x00000000a4300000| Untracked 
|  68|0x00000000a4400000, 0x00000000a4400000, 0x00000000a4500000|  0%| F|  |TAMS 0x00000000a4400000| PB 0x00000000a4400000| Untracked 
|  69|0x00000000a4500000, 0x00000000a4500000, 0x00000000a4600000|  0%| F|  |TAMS 0x00000000a4500000| PB 0x00000000a4500000| Untracked 
|  70|0x00000000a4600000, 0x00000000a4600000, 0x00000000a4700000|  0%| F|  |TAMS 0x00000000a4600000| PB 0x00000000a4600000| Untracked 
|  71|0x00000000a4700000, 0x00000000a4700000, 0x00000000a4800000|  0%| F|  |TAMS 0x00000000a4700000| PB 0x00000000a4700000| Untracked 
|  72|0x00000000a4800000, 0x00000000a4800000, 0x00000000a4900000|  0%| F|  |TAMS 0x00000000a4800000| PB 0x00000000a4800000| Untracked 
|  73|0x00000000a4900000, 0x00000000a4900000, 0x00000000a4a00000|  0%| F|  |TAMS 0x00000000a4900000| PB 0x00000000a4900000| Untracked 
|  74|0x00000000a4a00000, 0x00000000a4b00000, 0x00000000a4b00000|100%| E|  |TAMS 0x00000000a4a00000| PB 0x00000000a4a00000| Complete 
|  75|0x00000000a4b00000, 0x00000000a4c00000, 0x00000000a4c00000|100%| E|CS|TAMS 0x00000000a4b00000| PB 0x00000000a4b00000| Complete 
|  76|0x00000000a4c00000, 0x00000000a4d00000, 0x00000000a4d00000|100%| E|CS|TAMS 0x00000000a4c00000| PB 0x00000000a4c00000| Complete 
|  77|0x00000000a4d00000, 0x00000000a4e00000, 0x00000000a4e00000|100%| E|CS|TAMS 0x00000000a4d00000| PB 0x00000000a4d00000| Complete 
|  78|0x00000000a4e00000, 0x00000000a4f00000, 0x00000000a4f00000|100%| E|CS|TAMS 0x00000000a4e00000| PB 0x00000000a4e00000| Complete 
|  79|0x00000000a4f00000, 0x00000000a5000000, 0x00000000a5000000|100%| E|CS|TAMS 0x00000000a4f00000| PB 0x00000000a4f00000| Complete 
|  80|0x00000000a5000000, 0x00000000a5100000, 0x00000000a5100000|100%| E|CS|TAMS 0x00000000a5000000| PB 0x00000000a5000000| Complete 
| 244|0x00000000af400000, 0x00000000af500000, 0x00000000af500000|100%| E|CS|TAMS 0x00000000af400000| PB 0x00000000af400000| Complete 
| 245|0x00000000af500000, 0x00000000af600000, 0x00000000af600000|100%| E|CS|TAMS 0x00000000af500000| PB 0x00000000af500000| Complete 
| 247|0x00000000af700000, 0x00000000af800000, 0x00000000af800000|100%| E|CS|TAMS 0x00000000af700000| PB 0x00000000af700000| Complete 

Card table byte_map: [0x000001a236550000,0x000001a236850000] _byte_map_base: 0x000001a236050000

Marking Bits: (CMBitMap*) 0x000001a223b3cf60
 Bits: [0x000001a236850000, 0x000001a238050000)

Polling page: 0x000001a221900000

Metaspace:

Usage:
  Non-class:     39.26 MB used.
      Class:      6.64 MB used.
       Both:     45.90 MB used.

Virtual space:
  Non-class space:       64.00 MB reserved,      40.06 MB ( 63%) committed,  1 nodes.
      Class space:        1.00 GB reserved,       7.44 MB ( <1%) committed,  1 nodes.
             Both:        1.06 GB reserved,      47.50 MB (  4%) committed. 

Chunk freelists:
   Non-Class:  7.75 MB
       Class:  8.38 MB
        Both:  16.12 MB

MaxMetaspaceSize: unlimited
CompressedClassSpaceSize: 1.00 GB
Initial GC threshold: 21.00 MB
Current GC threshold: 58.69 MB
CDS: on
 - commit_granule_bytes: 65536.
 - commit_granule_words: 8192.
 - virtual_space_node_default_size: 8388608.
 - enlarge_chunks_in_place: 1.
 - use_allocation_guard: 0.


Internal statistics:

num_allocs_failed_limit: 6.
num_arena_births: 3028.
num_arena_deaths: 0.
num_vsnodes_births: 2.
num_vsnodes_deaths: 0.
num_space_committed: 760.
num_space_uncommitted: 0.
num_chunks_returned_to_freelist: 6.
num_chunks_taken_from_freelist: 5272.
num_chunk_merges: 6.
num_chunk_splits: 3405.
num_chunks_enlarged: 2088.
num_inconsistent_stats: 0.

CodeHeap 'non-profiled nmethods': size=120000Kb used=3201Kb max_used=3201Kb free=116798Kb
 bounds [0x000001a22e7c0000, 0x000001a22eaf0000, 0x000001a235cf0000]
CodeHeap 'profiled nmethods': size=120000Kb used=10578Kb max_used=10578Kb free=109421Kb
 bounds [0x000001a226cf0000, 0x000001a227750000, 0x000001a22e220000]
CodeHeap 'non-nmethods': size=5760Kb used=2580Kb max_used=2601Kb free=3179Kb
 bounds [0x000001a22e220000, 0x000001a22e4c0000, 0x000001a22e7c0000]
CodeCache: size=245760Kb, used=16359Kb, max_used=16380Kb, free=229398Kb
 total_blobs=6243, nmethods=5388, adapters=758, full_count=0
Compilation: enabled, stopped_count=0, restarted_count=0

Compilation events (20 events):
Event: 266.274 Thread 0x000001a27c035330 5921       3       java.util.stream.ReferencePipeline::toArray (18 bytes)
Event: 266.274 Thread 0x000001a27c035330 nmethod 5921 0x000001a227740d10 code [0x000001a227740ee0, 0x000001a227741138]
Event: 266.274 Thread 0x000001a27c035330 5922       3       java.util.stream.AbstractPipeline::evaluateToArrayNode (78 bytes)
Event: 266.275 Thread 0x000001a27c035330 nmethod 5922 0x000001a227741210 code [0x000001a227741440, 0x000001a227741ac8]
Event: 266.288 Thread 0x000001a27c035330 5924       3       org.gradle.model.internal.asm.MethodVisitorScope::_GOTO (9 bytes)
Event: 266.289 Thread 0x000001a27c035330 nmethod 5924 0x000001a227741d10 code [0x000001a227741ec0, 0x000001a227742130]
Event: 266.295 Thread 0x000001a27c035330 5925       3       java.util.Optional::isEmpty (13 bytes)
Event: 266.296 Thread 0x000001a27c035330 nmethod 5925 0x000001a227742210 code [0x000001a2277423a0, 0x000001a227742500]
Event: 266.431 Thread 0x000001a27c035330 5926       3       org.gradle.internal.instantiation.generator.AbstractClassGenerator$ClassGenerationHandler::hasFields (1 bytes)
Event: 266.431 Thread 0x000001a27c035330 nmethod 5926 0x000001a227742590 code [0x000001a227742720, 0x000001a227742828]
Event: 266.466 Thread 0x000001a27c035330 5931       3       org.gradle.model.internal.asm.AsmClassGeneratorUtils::visitClass (68 bytes)
Event: 266.467 Thread 0x000001a27c035330 nmethod 5931 0x000001a227742890 code [0x000001a227742b20, 0x000001a227743288]
Event: 266.467 Thread 0x000001a27c035330 5932       3       jdk.internal.org.objectweb.asm.ClassReader::readUTF8 (23 bytes)
Event: 266.468 Thread 0x000001a27c035330 nmethod 5932 0x000001a227743610 code [0x000001a2277437e0, 0x000001a227743a28]
Event: 266.468 Thread 0x000001a27c035330 5933       3       jdk.internal.org.objectweb.asm.ClassReader::readUtf (44 bytes)
Event: 266.468 Thread 0x000001a27c035330 nmethod 5933 0x000001a227743b10 code [0x000001a227743d00, 0x000001a227744100]
Event: 266.581 Thread 0x000001a27c035330 5934       3       org.gradle.internal.instantiation.generator.AsmBackedClassGenerator$ClassBuilderImpl::access$2900 (4 bytes)
Event: 266.581 Thread 0x000001a27c035330 nmethod 5934 0x000001a227744290 code [0x000001a227744420, 0x000001a227744518]
Event: 266.581 Thread 0x000001a27c035330 5935       3       org.gradle.internal.instantiation.generator.AsmBackedClassGenerator$ClassBuilderImpl::access$7300 (4 bytes)
Event: 266.582 Thread 0x000001a27c035330 nmethod 5935 0x000001a227744590 code [0x000001a227744720, 0x000001a227744818]

GC Heap History (20 events):
Event: 2.436 GC heap before
{Heap before GC invocations=0 (full 0):
 garbage-first heap   total 253952K, used 23552K [0x00000000a0000000, 0x0000000100000000)
  region size 1024K, 23 young (23552K), 0 survivors (0K)
 Metaspace       used 897K, committed 1024K, reserved 1114112K
  class space    used 72K, committed 128K, reserved 1048576K
}
Event: 2.596 GC heap after
{Heap after GC invocations=1 (full 0):
 garbage-first heap   total 253952K, used 1536K [0x00000000a0000000, 0x0000000100000000)
  region size 1024K, 2 young (2048K), 2 survivors (2048K)
 Metaspace       used 897K, committed 1024K, reserved 1114112K
  class space    used 72K, committed 128K, reserved 1048576K
}
Event: 5.658 GC heap before
{Heap before GC invocations=1 (full 0):
 garbage-first heap   total 253952K, used 39424K [0x00000000a0000000, 0x0000000100000000)
  region size 1024K, 37 young (37888K), 2 survivors (2048K)
 Metaspace       used 4400K, committed 4608K, reserved 1114112K
  class space    used 557K, committed 640K, reserved 1048576K
}
Event: 5.665 GC heap after
{Heap after GC invocations=2 (full 0):
 garbage-first heap   total 253952K, used 10928K [0x00000000a0000000, 0x0000000100000000)
  region size 1024K, 5 young (5120K), 5 survivors (5120K)
 Metaspace       used 4400K, committed 4608K, reserved 1114112K
  class space    used 557K, committed 640K, reserved 1048576K
}
Event: 27.024 GC heap before
{Heap before GC invocations=2 (full 0):
 garbage-first heap   total 253952K, used 159408K [0x00000000a0000000, 0x0000000100000000)
  region size 1024K, 148 young (151552K), 5 survivors (5120K)
 Metaspace       used 20713K, committed 21440K, reserved 1114112K
  class space    used 3047K, committed 3392K, reserved 1048576K
}
Event: 27.153 GC heap after
{Heap after GC invocations=3 (full 0):
 garbage-first heap   total 253952K, used 24762K [0x00000000a0000000, 0x0000000100000000)
  region size 1024K, 18 young (18432K), 18 survivors (18432K)
 Metaspace       used 20713K, committed 21440K, reserved 1114112K
  class space    used 3047K, committed 3392K, reserved 1048576K
}
Event: 27.261 GC heap before
{Heap before GC invocations=3 (full 0):
 garbage-first heap   total 253952K, used 25786K [0x00000000a0000000, 0x0000000100000000)
  region size 1024K, 20 young (20480K), 18 survivors (18432K)
 Metaspace       used 20858K, committed 21504K, reserved 1114112K
  class space    used 3067K, committed 3392K, reserved 1048576K
}
Event: 27.274 GC heap after
{Heap after GC invocations=4 (full 0):
 garbage-first heap   total 253952K, used 24919K [0x00000000a0000000, 0x0000000100000000)
  region size 1024K, 2 young (2048K), 2 survivors (2048K)
 Metaspace       used 20858K, committed 21504K, reserved 1114112K
  class space    used 3067K, committed 3392K, reserved 1048576K
}
Event: 91.592 GC heap before
{Heap before GC invocations=5 (full 0):
 garbage-first heap   total 86016K, used 74071K [0x00000000a0000000, 0x0000000100000000)
  region size 1024K, 50 young (51200K), 2 survivors (2048K)
 Metaspace       used 26396K, committed 27328K, reserved 1114112K
  class space    used 3967K, committed 4416K, reserved 1048576K
}
Event: 91.615 GC heap after
{Heap after GC invocations=6 (full 0):
 garbage-first heap   total 86016K, used 25863K [0x00000000a0000000, 0x0000000100000000)
  region size 1024K, 3 young (3072K), 3 survivors (3072K)
 Metaspace       used 26396K, committed 27328K, reserved 1114112K
  class space    used 3967K, committed 4416K, reserved 1048576K
}
Event: 137.040 GC heap before
{Heap before GC invocations=6 (full 0):
 garbage-first heap   total 86016K, used 70919K [0x00000000a0000000, 0x0000000100000000)
  region size 1024K, 48 young (49152K), 3 survivors (3072K)
 Metaspace       used 32872K, committed 33856K, reserved 1114112K
  class space    used 4716K, committed 5184K, reserved 1048576K
}
Event: 137.048 GC heap after
{Heap after GC invocations=7 (full 0):
 garbage-first heap   total 86016K, used 30112K [0x00000000a0000000, 0x0000000100000000)
  region size 1024K, 6 young (6144K), 6 survivors (6144K)
 Metaspace       used 32872K, committed 33856K, reserved 1114112K
  class space    used 4716K, committed 5184K, reserved 1048576K
}
Event: 140.922 GC heap before
{Heap before GC invocations=7 (full 0):
 garbage-first heap   total 86016K, used 59808K [0x00000000a0000000, 0x0000000100000000)
  region size 1024K, 32 young (32768K), 6 survivors (6144K)
 Metaspace       used 34921K, committed 35968K, reserved 1114112K
  class space    used 4932K, committed 5440K, reserved 1048576K
}
Event: 140.933 GC heap after
{Heap after GC invocations=8 (full 0):
 garbage-first heap   total 86016K, used 32254K [0x00000000a0000000, 0x0000000100000000)
  region size 1024K, 3 young (3072K), 3 survivors (3072K)
 Metaspace       used 34921K, committed 35968K, reserved 1114112K
  class space    used 4932K, committed 5440K, reserved 1048576K
}
Event: 196.146 GC heap before
{Heap before GC invocations=9 (full 0):
 garbage-first heap   total 86016K, used 73214K [0x00000000a0000000, 0x0000000100000000)
  region size 1024K, 43 young (44032K), 3 survivors (3072K)
 Metaspace       used 38657K, committed 39872K, reserved 1114112K
  class space    used 5536K, committed 6144K, reserved 1048576K
}
Event: 196.157 GC heap after
{Heap after GC invocations=10 (full 0):
 garbage-first heap   total 86016K, used 34667K [0x00000000a0000000, 0x0000000100000000)
  region size 1024K, 5 young (5120K), 5 survivors (5120K)
 Metaspace       used 38657K, committed 39872K, reserved 1114112K
  class space    used 5536K, committed 6144K, reserved 1048576K
}
Event: 201.785 GC heap before
{Heap before GC invocations=10 (full 0):
 garbage-first heap   total 86016K, used 74603K [0x00000000a0000000, 0x0000000100000000)
  region size 1024K, 44 young (45056K), 5 survivors (5120K)
 Metaspace       used 43138K, committed 44672K, reserved 1114112K
  class space    used 6269K, committed 7040K, reserved 1048576K
}
Event: 201.794 GC heap after
{Heap after GC invocations=11 (full 0):
 garbage-first heap   total 86016K, used 37325K [0x00000000a0000000, 0x0000000100000000)
  region size 1024K, 6 young (6144K), 6 survivors (6144K)
 Metaspace       used 43138K, committed 44672K, reserved 1114112K
  class space    used 6269K, committed 7040K, reserved 1048576K
}
Event: 265.789 GC heap before
{Heap before GC invocations=11 (full 0):
 garbage-first heap   total 86016K, used 76237K [0x00000000a0000000, 0x0000000100000000)
  region size 1024K, 43 young (44032K), 6 survivors (6144K)
 Metaspace       used 46046K, committed 47680K, reserved 1114112K
  class space    used 6632K, committed 7424K, reserved 1048576K
}
Event: 265.810 GC heap after
{Heap after GC invocations=12 (full 0):
 garbage-first heap   total 86016K, used 39378K [0x00000000a0000000, 0x0000000100000000)
  region size 1024K, 5 young (5120K), 5 survivors (5120K)
 Metaspace       used 46046K, committed 47680K, reserved 1114112K
  class space    used 6632K, committed 7424K, reserved 1048576K
}

Dll operation events (20 events):
Event: 0.700 Attempting to load shared library C:\Users\Lucas Hernandez\.vscode\extensions\redhat.java-1.56.0-win32-x64\jre\21.0.12.1-win32-x86_64\bin\nio.dll
Event: 0.701 Loaded shared library C:\Users\Lucas Hernandez\.vscode\extensions\redhat.java-1.56.0-win32-x64\jre\21.0.12.1-win32-x86_64\bin\nio.dll
Event: 0.708 Attempting to load shared library C:\Users\Lucas Hernandez\.vscode\extensions\redhat.java-1.56.0-win32-x64\jre\21.0.12.1-win32-x86_64\bin\zip.dll
Event: 0.708 Loaded shared library C:\Users\Lucas Hernandez\.vscode\extensions\redhat.java-1.56.0-win32-x64\jre\21.0.12.1-win32-x86_64\bin\zip.dll
Event: 2.610 Attempting to load shared library C:\Users\Lucas Hernandez\.vscode\extensions\redhat.java-1.56.0-win32-x64\jre\21.0.12.1-win32-x86_64\bin\jimage.dll
Event: 2.610 Loaded shared library C:\Users\Lucas Hernandez\.vscode\extensions\redhat.java-1.56.0-win32-x64\jre\21.0.12.1-win32-x86_64\bin\jimage.dll
Event: 3.916 Attempting to load shared library C:\Users\Lucas Hernandez\.vscode\extensions\redhat.java-1.56.0-win32-x64\jre\21.0.12.1-win32-x86_64\bin\verify.dll
Event: 3.916 Loaded shared library C:\Users\Lucas Hernandez\.vscode\extensions\redhat.java-1.56.0-win32-x64\jre\21.0.12.1-win32-x86_64\bin\verify.dll
Event: 4.346 Attempting to load shared library C:\Users\Lucas Hernandez\.gradle\native\1def1411415f61bf3af743bc5b6707747c0891f09f0c88961ee8f79bc544acac\windows-amd64\native-platform.dll
Event: 4.347 Loaded shared library C:\Users\Lucas Hernandez\.gradle\native\1def1411415f61bf3af743bc5b6707747c0891f09f0c88961ee8f79bc544acac\windows-amd64\native-platform.dll
Event: 4.371 Attempting to load shared library C:\Users\Lucas Hernandez\.gradle\native\0.2.7\x86_64-windows-gnu\gradle-fileevents.dll
Event: 4.373 Loaded shared library C:\Users\Lucas Hernandez\.gradle\native\0.2.7\x86_64-windows-gnu\gradle-fileevents.dll
Event: 9.004 Attempting to load shared library C:\Users\Lucas Hernandez\.vscode\extensions\redhat.java-1.56.0-win32-x64\jre\21.0.12.1-win32-x86_64\bin\management.dll
Event: 9.004 Loaded shared library C:\Users\Lucas Hernandez\.vscode\extensions\redhat.java-1.56.0-win32-x64\jre\21.0.12.1-win32-x86_64\bin\management.dll
Event: 9.008 Attempting to load shared library C:\Users\Lucas Hernandez\.vscode\extensions\redhat.java-1.56.0-win32-x64\jre\21.0.12.1-win32-x86_64\bin\management_ext.dll
Event: 9.009 Loaded shared library C:\Users\Lucas Hernandez\.vscode\extensions\redhat.java-1.56.0-win32-x64\jre\21.0.12.1-win32-x86_64\bin\management_ext.dll
Event: 11.374 Attempting to load shared library C:\Users\Lucas Hernandez\.vscode\extensions\redhat.java-1.56.0-win32-x64\jre\21.0.12.1-win32-x86_64\bin\extnet.dll
Event: 11.374 Loaded shared library C:\Users\Lucas Hernandez\.vscode\extensions\redhat.java-1.56.0-win32-x64\jre\21.0.12.1-win32-x86_64\bin\extnet.dll
Event: 13.846 Attempting to load shared library C:\Users\Lucas Hernandez\.vscode\extensions\redhat.java-1.56.0-win32-x64\jre\21.0.12.1-win32-x86_64\bin\sunmscapi.dll
Event: 13.849 Loaded shared library C:\Users\Lucas Hernandez\.vscode\extensions\redhat.java-1.56.0-win32-x64\jre\21.0.12.1-win32-x86_64\bin\sunmscapi.dll

Deoptimization events (20 events):
Event: 265.237 Thread 0x000001a27cfdfe40 Uncommon trap: trap_request=0xffffff45 fr.pc=0x000001a22eac8974 relative=0x0000000000000b94
Event: 265.237 Thread 0x000001a27cfdfe40 Uncommon trap: reason=unstable_if action=reinterpret pc=0x000001a22eac8974 method=org.objectweb.asm.Frame.execute(IILorg/objectweb/asm/Symbol;Lorg/objectweb/asm/SymbolTable;)V @ 1 c2
Event: 265.237 Thread 0x000001a27cfdfe40 DEOPT PACKING pc=0x000001a22eac8974 sp=0x0000000bcf0f74b0
Event: 265.237 Thread 0x000001a27cfdfe40 DEOPT UNPACKING pc=0x000001a22e274422 sp=0x0000000bcf0f7438 mode 2
Event: 265.312 Thread 0x000001a27cfdfe40 Uncommon trap: trap_request=0xffffffde fr.pc=0x000001a22eab64fc relative=0x0000000000000bfc
Event: 265.312 Thread 0x000001a27cfdfe40 Uncommon trap: reason=class_check action=maybe_recompile pc=0x000001a22eab64fc method=org.gradle.internal.instantiation.generator.AbstractClassGenerator$InjectionAnnotationValidator.validateMethod(Ljava/lang/reflect/Method;Lorg/gradle/internal/reflect/Pro
Event: 265.312 Thread 0x000001a27cfdfe40 DEOPT PACKING pc=0x000001a22eab64fc sp=0x0000000bcf0f76a0
Event: 265.312 Thread 0x000001a27cfdfe40 DEOPT UNPACKING pc=0x000001a22e274422 sp=0x0000000bcf0f76a0 mode 2
Event: 265.467 Thread 0x000001a27cfdfe40 Uncommon trap: trap_request=0xffffffde fr.pc=0x000001a22eab64fc relative=0x0000000000000bfc
Event: 265.467 Thread 0x000001a27cfdfe40 Uncommon trap: reason=class_check action=maybe_recompile pc=0x000001a22eab64fc method=org.gradle.internal.instantiation.generator.AbstractClassGenerator$InjectionAnnotationValidator.validateMethod(Ljava/lang/reflect/Method;Lorg/gradle/internal/reflect/Pro
Event: 265.467 Thread 0x000001a27cfdfe40 DEOPT PACKING pc=0x000001a22eab64fc sp=0x0000000bcf0f7600
Event: 265.467 Thread 0x000001a27cfdfe40 DEOPT UNPACKING pc=0x000001a22e274422 sp=0x0000000bcf0f7600 mode 2
Event: 265.561 Thread 0x000001a27cfdfe40 Uncommon trap: trap_request=0xffffffde fr.pc=0x000001a22eab64fc relative=0x0000000000000bfc
Event: 265.561 Thread 0x000001a27cfdfe40 Uncommon trap: reason=class_check action=maybe_recompile pc=0x000001a22eab64fc method=org.gradle.internal.instantiation.generator.AbstractClassGenerator$InjectionAnnotationValidator.validateMethod(Ljava/lang/reflect/Method;Lorg/gradle/internal/reflect/Pro
Event: 265.561 Thread 0x000001a27cfdfe40 DEOPT PACKING pc=0x000001a22eab64fc sp=0x0000000bcf0f7600
Event: 265.561 Thread 0x000001a27cfdfe40 DEOPT UNPACKING pc=0x000001a22e274422 sp=0x0000000bcf0f7600 mode 2
Event: 266.262 Thread 0x000001a27cfdfe40 Uncommon trap: trap_request=0xffffff45 fr.pc=0x000001a22e891890 relative=0x0000000000000070
Event: 266.263 Thread 0x000001a27cfdfe40 Uncommon trap: reason=unstable_if action=reinterpret pc=0x000001a22e891890 method=java.lang.ref.ReferenceQueue.poll()Ljava/lang/ref/Reference; @ 4 c2
Event: 266.263 Thread 0x000001a27cfdfe40 DEOPT PACKING pc=0x000001a22e891890 sp=0x0000000bcf0f6ce0
Event: 266.263 Thread 0x000001a27cfdfe40 DEOPT UNPACKING pc=0x000001a22e274422 sp=0x0000000bcf0f6c68 mode 2

Classes loaded (20 events):
Event: 200.709 Loading class java/util/DualPivotQuicksort
Event: 200.709 Loading class java/util/DualPivotQuicksort done
Event: 200.914 Loading class java/util/function/LongUnaryOperator
Event: 200.914 Loading class java/util/function/LongUnaryOperator done
Event: 201.077 Loading class java/util/PrimitiveIterator$OfInt
Event: 201.077 Loading class java/util/PrimitiveIterator
Event: 201.077 Loading class java/util/PrimitiveIterator done
Event: 201.077 Loading class java/util/PrimitiveIterator$OfInt done
Event: 201.093 Loading class java/util/concurrent/RecursiveAction
Event: 201.096 Loading class java/util/concurrent/RecursiveAction done
Event: 259.631 Loading class java/util/AbstractCollectionBeanInfo
Event: 259.631 Loading class java/util/AbstractCollectionBeanInfo done
Event: 259.633 Loading class java/util/AbstractCollectionBeanInfo
Event: 259.633 Loading class java/util/AbstractCollectionBeanInfo done
Event: 259.634 Loading class java/util/AbstractCollectionCustomizer
Event: 259.634 Loading class java/util/AbstractCollectionCustomizer done
Event: 259.639 Loading class java/util/AbstractCollectionCustomizer
Event: 259.639 Loading class java/util/AbstractCollectionCustomizer done
Event: 259.746 Loading class sun/reflect/generics/reflectiveObjects/GenericArrayTypeImpl
Event: 259.756 Loading class sun/reflect/generics/reflectiveObjects/GenericArrayTypeImpl done

Classes unloaded (0 events):
No events

Classes redefined (0 events):
No events

Internal exceptions (20 events):
Event: 263.671 Thread 0x000001a27cfdfe40 Exception <a 'java/lang/NoSuchMethodError'{0x00000000a39dc260}: 'java.lang.Object java.lang.invoke.DirectMethodHandle$Holder.newInvokeSpecial(java.lang.Object, java.lang.Object, java.lang.Object, java.lang.Object, java.lang.Object, java.lang.Object, java.lang.Object, java.lang.Object, java.lang.Object, java.lang.Object, java.lang.Object, java.lang.Object, java.lang.Object)'> (0x00000000a39dc260) 
thrown [s\src\hotspot\share\interpreter\linkResolver.cpp, line 773]
Event: 264.363 Thread 0x000001a27cfdfe40 Exception <a 'java/lang/NoSuchMethodError'{0x00000000a353f8d8}: 'java.lang.Object java.lang.invoke.DirectMethodHandle$Holder.newInvokeSpecial(java.lang.Object, java.lang.Object, java.lang.Object, java.lang.Object, int)'> (0x00000000a353f8d8) 
thrown [s\src\hotspot\share\interpreter\linkResolver.cpp, line 773]
Event: 264.364 Thread 0x000001a27cfdfe40 Exception <a 'java/lang/NoSuchMethodError'{0x00000000a35448d0}: 'java.lang.Object java.lang.invoke.DirectMethodHandle$Holder.invokeSpecial(java.lang.Object, java.lang.Object, java.lang.Object, java.lang.Object, java.lang.Object, int)'> (0x00000000a35448d0) 
thrown [s\src\hotspot\share\interpreter\linkResolver.cpp, line 773]
Event: 264.365 Thread 0x000001a27cfdfe40 Exception <a 'java/lang/NoSuchMethodError'{0x00000000a3549280}: 'java.lang.Object java.lang.invoke.Invokers$Holder.linkToTargetMethod(java.lang.Object, java.lang.Object, java.lang.Object, int, java.lang.Object)'> (0x00000000a3549280) 
thrown [s\src\hotspot\share\interpreter\linkResolver.cpp, line 773]
Event: 264.987 Thread 0x000001a27cfdfe40 Exception <a 'java/lang/NoSuchMethodError'{0x00000000a3355070}: 'int java.lang.invoke.DirectMethodHandle$Holder.invokeInterface(java.lang.Object, java.lang.Object, java.lang.Object, java.lang.Object)'> (0x00000000a3355070) 
thrown [s\src\hotspot\share\interpreter\linkResolver.cpp, line 773]
Event: 265.304 Thread 0x000001a27cfdfe40 Exception <a 'java/lang/NoSuchMethodError'{0x00000000a315c9e8}: 'java.lang.Object java.lang.invoke.DirectMethodHandle$Holder.invokeStatic(java.lang.Object, long, java.lang.Object)'> (0x00000000a315c9e8) 
thrown [s\src\hotspot\share\interpreter\linkResolver.cpp, line 773]
Event: 265.306 Thread 0x000001a27cfdfe40 Exception <a 'java/lang/NoSuchMethodError'{0x00000000a3163d38}: 'java.lang.Object java.lang.invoke.DirectMethodHandle$Holder.newInvokeSpecial(java.lang.Object, long)'> (0x00000000a3163d38) 
thrown [s\src\hotspot\share\interpreter\linkResolver.cpp, line 773]
Event: 265.422 Thread 0x000001a27cfdfe40 Exception <a 'java/lang/NoSuchMethodError'{0x00000000a31c9038}: 'java.lang.Object java.lang.invoke.DirectMethodHandle$Holder.newInvokeSpecial(java.lang.Object, java.lang.Object, java.lang.Object, java.lang.Object, java.lang.Object, long, java.lang.Object)'> (0x00000000a31c9038) 
thrown [s\src\hotspot\share\interpreter\linkResolver.cpp, line 773]
Event: 265.425 Thread 0x000001a27cfdfe40 Exception <a 'java/lang/NoSuchMethodError'{0x00000000a31d1980}: 'java.lang.Object java.lang.invoke.Invokers$Holder.linkToTargetMethod(java.lang.Object, java.lang.Object, java.lang.Object, java.lang.Object, long, java.lang.Object, java.lang.Object)'> (0x00000000a31d1980) 
thrown [s\src\hotspot\share\interpreter\linkResolver.cpp, line 773]
Event: 265.459 Thread 0x000001a27cfdfe40 Exception <a 'java/lang/NoSuchMethodError'{0x00000000a30176a0}: 'java.lang.Object java.lang.invoke.DirectMethodHandle$Holder.newInvokeSpecial(java.lang.Object, java.lang.Object, java.lang.Object, long, java.lang.Object)'> (0x00000000a30176a0) 
thrown [s\src\hotspot\share\interpreter\linkResolver.cpp, line 773]
Event: 265.460 Thread 0x000001a27cfdfe40 Exception <a 'java/lang/NoSuchMethodError'{0x00000000a301c780}: 'java.lang.Object java.lang.invoke.DirectMethodHandle$Holder.invokeSpecial(java.lang.Object, java.lang.Object, java.lang.Object, java.lang.Object, long, java.lang.Object)'> (0x00000000a301c780) 
thrown [s\src\hotspot\share\interpreter\linkResolver.cpp, line 773]
Event: 265.460 Thread 0x000001a27cfdfe40 Exception <a 'java/lang/NoSuchMethodError'{0x00000000a3020f30}: 'java.lang.Object java.lang.invoke.Invokers$Holder.linkToTargetMethod(java.lang.Object, java.lang.Object, long, java.lang.Object, java.lang.Object)'> (0x00000000a3020f30) 
thrown [s\src\hotspot\share\interpreter\linkResolver.cpp, line 773]
Event: 265.982 Thread 0x000001a27cfdfe40 Exception <a 'java/lang/NoSuchMethodError'{0x00000000af768ed0}: 'java.lang.Object java.lang.invoke.DirectMethodHandle$Holder.newInvokeSpecial(java.lang.Object, java.lang.Object, java.lang.Object, java.lang.Object, java.lang.Object, java.lang.Object, java.lang.Object, java.lang.Object, java.lang.Object, java.lang.Object, java.lang.Object, java.lang.Object, java.lang.Object, java.lang.Object, java.lang.Object, java.lang.Object, java.lang.Object, java.lang.Object, java.lang.Object, java.lang.Object, java.lang
Event: 265.983 Thread 0x000001a27cfdfe40 Exception <a 'java/lang/NoSuchMethodError'{0x00000000af770d10}: 'java.lang.Object java.lang.invoke.DirectMethodHandle$Holder.invokeSpecial(java.lang.Object, java.lang.Object, java.lang.Object, java.lang.Object, java.lang.Object, java.lang.Object, java.lang.Object, java.lang.Object, java.lang.Object, java.lang.Object, java.lang.Object, java.lang.Object, java.lang.Object, java.lang.Object, java.lang.Object, java.lang.Object, java.lang.Object, java.lang.Object, java.lang.Object, java.lang.Object, java.lang.Ob
Event: 265.984 Thread 0x000001a27cfdfe40 Exception <a 'java/lang/NoSuchMethodError'{0x00000000af7772a0}: 'java.lang.Object java.lang.invoke.DelegatingMethodHandle$Holder.reinvoke_L(java.lang.Object, java.lang.Object, java.lang.Object, java.lang.Object, java.lang.Object, java.lang.Object, java.lang.Object, java.lang.Object, java.lang.Object, java.lang.Object, java.lang.Object, java.lang.Object, java.lang.Object, java.lang.Object, java.lang.Object, java.lang.Object, java.lang.Object, java.lang.Object, java.lang.Object, java.lang.Object, java.lang.O
Event: 266.257 Thread 0x000001a27cfdfe40 Exception <a 'java/lang/ClassNotFoundException'{0x00000000a509f608}: org/gradle/api/internal/artifacts/dsl/dependencies/DefaultDependencyHandler_DecoratedBeanInfo> (0x00000000a509f608) 
thrown [s\src\hotspot\share\classfile\systemDictionary.cpp, line 313]
Event: 266.259 Thread 0x000001a27cfdfe40 Exception <a 'java/lang/ClassNotFoundException'{0x00000000a50b3658}: org/gradle/api/internal/artifacts/dsl/dependencies/DefaultDependencyHandlerBeanInfo> (0x00000000a50b3658) 
thrown [s\src\hotspot\share\classfile\systemDictionary.cpp, line 313]
Event: 266.262 Thread 0x000001a27cfdfe40 Exception <a 'java/lang/ClassNotFoundException'{0x00000000a50c7668}: org/gradle/api/internal/artifacts/dsl/dependencies/DefaultDependencyHandlerCustomizer> (0x00000000a50c7668) 
thrown [s\src\hotspot\share\classfile\systemDictionary.cpp, line 313]
Event: 266.270 Thread 0x000001a27cfdfe40 Exception <a 'java/lang/ClassNotFoundException'{0x00000000a4f1ed60}: org/gradle/api/internal/artifacts/dsl/dependencies/DefaultDependencyHandler_DecoratedCustomizer> (0x00000000a4f1ed60) 
thrown [s\src\hotspot\share\classfile\systemDictionary.cpp, line 313]
Event: 266.442 Thread 0x000001a27cfdfe40 Exception <a 'java/lang/NoSuchMethodError'{0x00000000a4d33db0}: 'java.lang.Object java.lang.invoke.DirectMethodHandle$Holder.newInvokeSpecial(java.lang.Object, int, java.lang.Object)'> (0x00000000a4d33db0) 
thrown [s\src\hotspot\share\interpreter\linkResolver.cpp, line 773]

ZGC Phase Switch (0 events):
No events

VM Operations (20 events):
Event: 257.030 Executing safepoint VM operation: Cleanup
Event: 257.031 Executing safepoint VM operation: Cleanup done
Event: 258.032 Executing safepoint VM operation: Cleanup
Event: 258.205 Executing safepoint VM operation: Cleanup done
Event: 259.208 Executing safepoint VM operation: Cleanup
Event: 259.271 Executing safepoint VM operation: Cleanup done
Event: 260.278 Executing safepoint VM operation: Cleanup
Event: 260.421 Executing safepoint VM operation: Cleanup done
Event: 261.439 Executing safepoint VM operation: Cleanup
Event: 261.677 Executing safepoint VM operation: Cleanup done
Event: 262.684 Executing safepoint VM operation: Cleanup
Event: 262.746 Executing safepoint VM operation: Cleanup done
Event: 263.751 Executing safepoint VM operation: Cleanup
Event: 263.767 Executing safepoint VM operation: Cleanup done
Event: 264.779 Executing safepoint VM operation: Cleanup
Event: 264.779 Executing safepoint VM operation: Cleanup done
Event: 264.981 Executing non-safepoint VM operation: HandshakeAllThreads (Deoptimize)
Event: 264.982 Executing non-safepoint VM operation: HandshakeAllThreads (Deoptimize) done
Event: 265.789 Executing safepoint VM operation: G1CollectForAllocation (G1 Evacuation Pause)
Event: 265.810 Executing safepoint VM operation: G1CollectForAllocation (G1 Evacuation Pause) done

Memory protections (0 events):
No events

Nmethod flushes (20 events):
Event: 141.035 Thread 0x000001a27c00a020 flushing  nmethod 0x000001a226d3de90
Event: 141.035 Thread 0x000001a27c00a020 flushing  nmethod 0x000001a226d42290
Event: 141.035 Thread 0x000001a27c00a020 flushing  nmethod 0x000001a226d42690
Event: 141.035 Thread 0x000001a27c00a020 flushing  nmethod 0x000001a226d42c10
Event: 141.035 Thread 0x000001a27c00a020 flushing  nmethod 0x000001a226d43390
Event: 141.035 Thread 0x000001a27c00a020 flushing  nmethod 0x000001a226d43690
Event: 141.035 Thread 0x000001a27c00a020 flushing  nmethod 0x000001a226d43a10
Event: 141.035 Thread 0x000001a27c00a020 flushing  nmethod 0x000001a226dbc410
Event: 141.035 Thread 0x000001a27c00a020 flushing  nmethod 0x000001a226dbca10
Event: 141.035 Thread 0x000001a27c00a020 flushing  nmethod 0x000001a226dbd710
Event: 141.035 Thread 0x000001a27c00a020 flushing  nmethod 0x000001a226dc7710
Event: 141.035 Thread 0x000001a27c00a020 flushing  nmethod 0x000001a226dcbe90
Event: 141.035 Thread 0x000001a27c00a020 flushing  nmethod 0x000001a226eef590
Event: 141.035 Thread 0x000001a27c00a020 flushing  nmethod 0x000001a226f08f10
Event: 141.035 Thread 0x000001a27c00a020 flushing  nmethod 0x000001a226f0a090
Event: 141.035 Thread 0x000001a27c00a020 flushing  nmethod 0x000001a226f0ae90
Event: 141.035 Thread 0x000001a27c00a020 flushing  nmethod 0x000001a226f0b310
Event: 141.035 Thread 0x000001a27c00a020 flushing  nmethod 0x000001a226f19790
Event: 141.035 Thread 0x000001a27c00a020 flushing  nmethod 0x000001a226f1b010
Event: 141.035 Thread 0x000001a27c00a020 flushing  nmethod 0x000001a227163490

Events (20 events):
Event: 30.404 Thread 0x000001a27cfdfe40 Thread added: 0x000001a27e331a00
Event: 97.313 Thread 0x000001a27cfdea90 Thread exited: 0x000001a27cfdea90
Event: 102.553 Thread 0x000001a27cfde400 Thread added: 0x000001a27e332090
Event: 103.128 Thread 0x000001a27cfdfe40 Thread added: 0x000001a27e32ffc0
Event: 106.324 Thread 0x000001a27c035330 Thread added: 0x000001a27c335b30
Event: 106.756 Thread 0x000001a27c335b30 Thread exited: 0x000001a27c335b30
Event: 126.711 Thread 0x000001a27cfdfe40 Thread added: 0x000001a27e330650
Event: 137.264 Thread 0x000001a27c035330 Thread added: 0x000001a27e754120
Event: 137.311 Thread 0x000001a27c035330 Thread added: 0x000001a27e7547d0
Event: 137.645 Thread 0x000001a27e7547d0 Thread exited: 0x000001a27e7547d0
Event: 137.645 Thread 0x000001a27e754120 Thread exited: 0x000001a27e754120
Event: 137.829 Thread 0x000001a27cfdfe40 Thread added: 0x000001a27e32ec10
Event: 138.946 Thread 0x000001a27cfdfe40 Thread added: 0x000001a27e332720
Event: 155.682 Thread 0x000001a27cfdfe40 Thread added: 0x000001a27e32f2a0
Event: 169.478 Thread 0x000001a27cfdfe40 Thread added: 0x000001a27e334160
Event: 180.405 Thread 0x000001a27cfdfe40 Thread added: 0x000001a27e333ad0
Event: 184.116 Thread 0x000001a27cfdfe40 Thread added: 0x000001a27e334e80
Event: 195.047 Thread 0x000001a27cfdfe40 Thread added: 0x000001a27e335510
Event: 196.949 Thread 0x000001a27cfdfe40 Thread added: 0x000001a27e335ba0
Event: 256.701 Thread 0x000001a27cfdfe40 Thread added: 0x000001a27e3347f0


Dynamic libraries:
0x00007ff61a400000 - 0x00007ff61a40e000 	C:\Users\Lucas Hernandez\.vscode\extensions\redhat.java-1.56.0-win32-x64\jre\21.0.12.1-win32-x86_64\bin\java.exe
0x00007ffa77d80000 - 0x00007ffa77fe7000 	C:\WINDOWS\SYSTEM32\ntdll.dll
0x00007ffa765c0000 - 0x00007ffa7668b000 	C:\WINDOWS\System32\KERNEL32.DLL
0x00007ffa74f80000 - 0x00007ffa75382000 	C:\WINDOWS\System32\KERNELBASE.dll
0x00007ffa54440000 - 0x00007ffa54458000 	C:\Users\Lucas Hernandez\.vscode\extensions\redhat.java-1.56.0-win32-x64\jre\21.0.12.1-win32-x86_64\bin\jli.dll
0x00007ffa76d80000 - 0x00007ffa76f4f000 	C:\WINDOWS\System32\USER32.dll
0x00007ffa75630000 - 0x00007ffa75657000 	C:\WINDOWS\System32\win32u.dll
0x00007ffa76590000 - 0x00007ffa765bb000 	C:\WINDOWS\System32\GDI32.dll
0x00007ffa75390000 - 0x00007ffa754b9000 	C:\WINDOWS\System32\gdi32full.dll
0x00007ffa75580000 - 0x00007ffa75623000 	C:\WINDOWS\System32\msvcp_win.dll
0x00007ffa75940000 - 0x00007ffa75a8c000 	C:\WINDOWS\System32\ucrtbase.dll
0x00007ffa55230000 - 0x00007ffa5524e000 	C:\Users\Lucas Hernandez\.vscode\extensions\redhat.java-1.56.0-win32-x64\jre\21.0.12.1-win32-x86_64\bin\VCRUNTIME140.dll
0x00007ffa626a0000 - 0x00007ffa62930000 	C:\WINDOWS\WinSxS\amd64_microsoft.windows.common-controls_6595b64144ccf1df_6.0.26100.9278_none_3e0d1ba8e3303201\COMCTL32.dll
0x00007ffa77060000 - 0x00007ffa77109000 	C:\WINDOWS\System32\msvcrt.dll
0x00007ffa75db0000 - 0x00007ffa75de1000 	C:\WINDOWS\System32\IMM32.DLL
0x00007ffa60070000 - 0x00007ffa6007c000 	C:\Users\Lucas Hernandez\.vscode\extensions\redhat.java-1.56.0-win32-x64\jre\21.0.12.1-win32-x86_64\bin\vcruntime140_1.dll
0x00007ffa258a0000 - 0x00007ffa2592d000 	C:\Users\Lucas Hernandez\.vscode\extensions\redhat.java-1.56.0-win32-x64\jre\21.0.12.1-win32-x86_64\bin\msvcp140.dll
0x00007ff9a90d0000 - 0x00007ff9a9e72000 	C:\Users\Lucas Hernandez\.vscode\extensions\redhat.java-1.56.0-win32-x64\jre\21.0.12.1-win32-x86_64\bin\server\jvm.dll
0x00007ffa76b60000 - 0x00007ffa76c1c000 	C:\WINDOWS\System32\ADVAPI32.dll
0x00007ffa771a0000 - 0x00007ffa77249000 	C:\WINDOWS\System32\sechost.dll
0x00007ffa76a40000 - 0x00007ffa76b58000 	C:\WINDOWS\System32\RPCRT4.dll
0x00007ffa75c10000 - 0x00007ffa75c90000 	C:\WINDOWS\System32\WS2_32.dll
0x00007ffa74e00000 - 0x00007ffa74e5e000 	C:\WINDOWS\SYSTEM32\POWRPROF.dll
0x00007ffa6c150000 - 0x00007ffa6c186000 	C:\WINDOWS\SYSTEM32\WINMM.dll
0x00007ffa6cd30000 - 0x00007ffa6cd3b000 	C:\WINDOWS\SYSTEM32\VERSION.dll
0x00007ffa74de0000 - 0x00007ffa74df5000 	C:\WINDOWS\SYSTEM32\UMPDC.dll
0x00007ffa73c30000 - 0x00007ffa73c4b000 	C:\WINDOWS\SYSTEM32\kernel.appcore.dll
0x00007ffa5ff20000 - 0x00007ffa5ff2a000 	C:\Users\Lucas Hernandez\.vscode\extensions\redhat.java-1.56.0-win32-x64\jre\21.0.12.1-win32-x86_64\bin\jimage.dll
0x00007ffa68aa0000 - 0x00007ffa68cec000 	C:\WINDOWS\SYSTEM32\DBGHELP.DLL
0x00007ffa766b0000 - 0x00007ffa76a35000 	C:\WINDOWS\System32\combase.dll
0x00007ffa776e0000 - 0x00007ffa777b9000 	C:\WINDOWS\System32\OLEAUT32.dll
0x00007ffa5e7b0000 - 0x00007ffa5e7eb000 	C:\WINDOWS\SYSTEM32\dbgcore.DLL
0x00007ffa75880000 - 0x00007ffa7592c000 	C:\WINDOWS\System32\bcryptPrimitives.dll
0x00007ffa58db0000 - 0x00007ffa58dbf000 	C:\Users\Lucas Hernandez\.vscode\extensions\redhat.java-1.56.0-win32-x64\jre\21.0.12.1-win32-x86_64\bin\instrument.dll
0x00007ffa54380000 - 0x00007ffa543a0000 	C:\Users\Lucas Hernandez\.vscode\extensions\redhat.java-1.56.0-win32-x64\jre\21.0.12.1-win32-x86_64\bin\java.dll
0x00007ffa75df0000 - 0x00007ffa76588000 	C:\WINDOWS\System32\SHELL32.dll
0x00007ffa729c0000 - 0x00007ffa7326e000 	C:\WINDOWS\SYSTEM32\windows.storage.dll
0x00007ffa76f60000 - 0x00007ffa7705b000 	C:\WINDOWS\System32\SHCORE.dll
0x00007ffa77b40000 - 0x00007ffa77ba6000 	C:\WINDOWS\System32\shlwapi.dll
0x00007ffa74ea0000 - 0x00007ffa74ec9000 	C:\WINDOWS\SYSTEM32\profapi.dll
0x00007ffa54120000 - 0x00007ffa54138000 	C:\Users\Lucas Hernandez\.vscode\extensions\redhat.java-1.56.0-win32-x64\jre\21.0.12.1-win32-x86_64\bin\zip.dll
0x00007ffa5f810000 - 0x00007ffa5f820000 	C:\Users\Lucas Hernandez\.vscode\extensions\redhat.java-1.56.0-win32-x64\jre\21.0.12.1-win32-x86_64\bin\net.dll
0x00007ffa6ca10000 - 0x00007ffa6cb3a000 	C:\WINDOWS\SYSTEM32\WINHTTP.dll
0x00007ffa74210000 - 0x00007ffa7427c000 	C:\WINDOWS\system32\mswsock.dll
0x00007ffa53680000 - 0x00007ffa53696000 	C:\Users\Lucas Hernandez\.vscode\extensions\redhat.java-1.56.0-win32-x64\jre\21.0.12.1-win32-x86_64\bin\nio.dll
0x00007ffa57e70000 - 0x00007ffa57e80000 	C:\Users\Lucas Hernandez\.vscode\extensions\redhat.java-1.56.0-win32-x64\jre\21.0.12.1-win32-x86_64\bin\verify.dll
0x00007ffa47ff0000 - 0x00007ffa48017000 	C:\Users\Lucas Hernandez\.gradle\native\1def1411415f61bf3af743bc5b6707747c0891f09f0c88961ee8f79bc544acac\windows-amd64\native-platform.dll
0x00007ffa25c60000 - 0x00007ffa25cd8000 	C:\Users\Lucas Hernandez\.gradle\native\0.2.7\x86_64-windows-gnu\gradle-fileevents.dll
0x00007ffa6fe70000 - 0x00007ffa6fe7a000 	C:\Users\Lucas Hernandez\.vscode\extensions\redhat.java-1.56.0-win32-x64\jre\21.0.12.1-win32-x86_64\bin\management.dll
0x00007ffa6fe60000 - 0x00007ffa6fe6c000 	C:\Users\Lucas Hernandez\.vscode\extensions\redhat.java-1.56.0-win32-x64\jre\21.0.12.1-win32-x86_64\bin\management_ext.dll
0x00007ffa77c00000 - 0x00007ffa77c08000 	C:\WINDOWS\System32\PSAPI.DLL
0x00007ffa735d0000 - 0x00007ffa73603000 	C:\WINDOWS\SYSTEM32\IPHLPAPI.DLL
0x00007ffa77c10000 - 0x00007ffa77c1a000 	C:\WINDOWS\System32\NSI.dll
0x00007ffa60960000 - 0x00007ffa60969000 	C:\Users\Lucas Hernandez\.vscode\extensions\redhat.java-1.56.0-win32-x64\jre\21.0.12.1-win32-x86_64\bin\extnet.dll
0x00007ffa74520000 - 0x00007ffa7453b000 	C:\WINDOWS\SYSTEM32\CRYPTSP.dll
0x00007ffa73b90000 - 0x00007ffa73bc9000 	C:\WINDOWS\system32\rsaenh.dll
0x00007ffa742c0000 - 0x00007ffa742f4000 	C:\WINDOWS\SYSTEM32\USERENV.dll
0x00007ffa74e70000 - 0x00007ffa74e9a000 	C:\WINDOWS\SYSTEM32\bcrypt.dll
0x00007ffa74500000 - 0x00007ffa7450c000 	C:\WINDOWS\SYSTEM32\CRYPTBASE.dll
0x00007ffa60950000 - 0x00007ffa6095e000 	C:\Users\Lucas Hernandez\.vscode\extensions\redhat.java-1.56.0-win32-x64\jre\21.0.12.1-win32-x86_64\bin\sunmscapi.dll
0x00007ffa756f0000 - 0x00007ffa7586e000 	C:\WINDOWS\System32\CRYPT32.dll
0x00007ffa74740000 - 0x00007ffa74770000 	C:\WINDOWS\SYSTEM32\ncrypt.dll
0x00007ffa746f0000 - 0x00007ffa7472f000 	C:\WINDOWS\SYSTEM32\NTASN1.dll
0x00007ffa3a230000 - 0x00007ffa3a238000 	C:\WINDOWS\system32\wshunix.dll

JVMTI agents:
C:\Users\Lucas Hernandez\.gradle\wrapper\dists\gradle-8.14.3-all\10utluxaxniiv4wxiphsi49nj\gradle-8.14.3\lib\agents\gradle-instrumentation-agent-8.14.3.jar path:C:\Users\Lucas Hernandez\.vscode\extensions\redhat.java-1.56.0-win32-x64\jre\21.0.12.1-win32-x86_64\bin\instrument.dll, loaded, initialized, instrumentlib options:none

dbghelp: loaded successfully - version: 4.0.5 - missing functions: none
symbol engine: initialized successfully - sym options: 0x614 - pdb path: .;C:\Users\Lucas Hernandez\.vscode\extensions\redhat.java-1.56.0-win32-x64\jre\21.0.12.1-win32-x86_64\bin;C:\WINDOWS\SYSTEM32;C:\WINDOWS\WinSxS\amd64_microsoft.windows.common-controls_6595b64144ccf1df_6.0.26100.9278_none_3e0d1ba8e3303201;C:\Users\Lucas Hernandez\.vscode\extensions\redhat.java-1.56.0-win32-x64\jre\21.0.12.1-win32-x86_64\bin\server;C:\Users\Lucas Hernandez\.gradle\native\1def1411415f61bf3af743bc5b6707747c0891f09f0c88961ee8f79bc544acac\windows-amd64;C:\Users\Lucas Hernandez\.gradle\native\0.2.7\x86_64-windows-gnu

VM Arguments:
jvm_args: --add-opens=java.base/java.lang=ALL-UNNAMED --add-opens=java.base/java.lang.invoke=ALL-UNNAMED --add-opens=java.base/java.util=ALL-UNNAMED --add-opens=java.prefs/java.util.prefs=ALL-UNNAMED --add-exports=jdk.compiler/com.sun.tools.javac.api=ALL-UNNAMED --add-exports=jdk.compiler/com.sun.tools.javac.util=ALL-UNNAMED --add-opens=java.base/java.util=ALL-UNNAMED --add-opens=java.prefs/java.util.prefs=ALL-UNNAMED --add-opens=java.base/java.nio.charset=ALL-UNNAMED --add-opens=java.base/java.net=ALL-UNNAMED --add-opens=java.base/java.util.concurrent.atomic=ALL-UNNAMED --add-opens=java.xml/javax.xml.namespace=ALL-UNNAMED -Xmx1536m -Dfile.encoding=UTF-8 -Duser.country=ES -Duser.language=es -Duser.variant -javaagent:C:\Users\Lucas Hernandez\.gradle\wrapper\dists\gradle-8.14.3-all\10utluxaxniiv4wxiphsi49nj\gradle-8.14.3\lib\agents\gradle-instrumentation-agent-8.14.3.jar 
java_command: org.gradle.launcher.daemon.bootstrap.GradleDaemon 8.14.3
java_class_path (initial): C:\Users\Lucas Hernandez\.gradle\wrapper\dists\gradle-8.14.3-all\10utluxaxniiv4wxiphsi49nj\gradle-8.14.3\lib\gradle-daemon-main-8.14.3.jar
Launcher Type: SUN_STANDARD

[Global flags]
     intx CICompilerCount                          = 4                                         {product} {ergonomic}
     uint ConcGCThreads                            = 3                                         {product} {ergonomic}
     uint G1ConcRefinementThreads                  = 10                                        {product} {ergonomic}
   size_t G1HeapRegionSize                         = 1048576                                   {product} {ergonomic}
    uintx GCDrainStackTargetSize                   = 64                                        {product} {ergonomic}
   size_t InitialHeapSize                          = 260046848                                 {product} {ergonomic}
   size_t MarkStackSize                            = 4194304                                   {product} {ergonomic}
   size_t MaxHeapSize                              = 1610612736                                {product} {command line}
   size_t MaxNewSize                               = 965738496                                 {product} {ergonomic}
   size_t MinHeapDeltaBytes                        = 1048576                                   {product} {ergonomic}
   size_t MinHeapSize                              = 8388608                                   {product} {ergonomic}
    uintx NonNMethodCodeHeapSize                   = 5839372                                {pd product} {ergonomic}
    uintx NonProfiledCodeHeapSize                  = 122909434                              {pd product} {ergonomic}
    uintx ProfiledCodeHeapSize                     = 122909434                              {pd product} {ergonomic}
    uintx ReservedCodeCacheSize                    = 251658240                              {pd product} {ergonomic}
     bool SegmentedCodeCache                       = true                                      {product} {ergonomic}
   size_t SoftMaxHeapSize                          = 1610612736                             {manageable} {ergonomic}
     bool UseCompressedOops                        = true                           {product lp64_product} {ergonomic}
     bool UseG1GC                                  = true                                      {product} {ergonomic}
     bool UseLargePagesIndividualAllocation        = false                                  {pd product} {ergonomic}

Logging:
Log output configuration:
 #0: stdout all=warning uptime,level,tags foldmultilines=false
 #1: stderr all=off uptime,level,tags foldmultilines=false

Release file:
JAVA_VERSION="21.0.12.1" 
MODULES="java.base java.compiler java.datatransfer java.xml java.prefs java.desktop java.instrument java.logging java.management java.security.sasl java.naming java.rmi java.management.rmi java.net.http java.scripting java.security.jgss java.transaction.xa java.sql java.sql.rowset java.xml.crypto java.se java.smartcardio jdk.accessibility jdk.internal.jvmstat jdk.attach jdk.charsets jdk.internal.opt jdk.zipfs jdk.compiler jdk.crypto.ec jdk.crypto.cryptoki jdk.crypto.mscapi jdk.dynalink jdk.internal.ed jdk.editpad jdk.hotspot.agent jdk.httpserver jdk.internal.le jdk.internal.vm.ci jdk.internal.vm.compiler jdk.internal.vm.compiler.management jdk.jartool jdk.javadoc jdk.jcmd jdk.management jdk.management.agent jdk.jconsole jdk.jdeps jdk.jdwp.agent jdk.jdi jdk.jfr jdk.jshell jdk.jsobject jdk.jstatd jdk.localedata jdk.management.jfr jdk.naming.dns jdk.naming.rmi jdk.net jdk.nio.mapmode jdk.random jdk.sctp jdk.security.auth jdk.security.jgss jdk.unsupported jdk.unsupported.desktop jdk.xml.dom" 

Environment Variables:
JAVA_HOME=C:\Program Files\Eclipse Adoptium\jdk-17.0.20.101-hotspot\
PATH=C:\Program Files\Eclipse Adoptium\jdk-17.0.20.101-hotspot\bin;C:\Users\Lucas Hernandez\AppData\Local\Programs\Python\Python314\Scripts\;C:\Users\Lucas Hernandez\AppData\Local\Programs\Python\Python314\;C:\app\dbhomeXE\bin;C:\WINDOWS\system32;C:\WINDOWS;C:\WINDOWS\System32\Wbem;C:\WINDOWS\System32\WindowsPowerShell\v1.0\;C:\WINDOWS\System32\OpenSSH\;C:\Program Files\Docker\Docker\resources\bin;C:\Program Files\nodejs\;C:\ProgramData\chocolatey\bin;C:\Program Files\dotnet\;C:\Program Files\Git\cmd;C:\Program Files\MySQL\MySQL Shell 8.0\bin\;C:\Users\Lucas Hernandez\AppData\Local\Microsoft\WindowsApps;C:\Program Files\JetBrains\IntelliJ IDEA 2025.2.2\bin;C:\Users\Lucas Hernandez\AppData\Local\GitHubDesktop\bin;C:\Users\Lucas Hernandez\AppData\Local\Programs\Microsoft VS Code\bin;C:\Users\Lucas Hernandez\AppData\Local\Python\bin;C:\Users\Lucas Hernandez\AppData\Local\Programs\cursor\resources\app\bin;C:\Users\Lucas Hernandez\AppData\Roaming\npm;C:\src\flutter\bin;;C:\Android\sdk\platform-tools;C:\Android\sdk\cmdline-tools\latest\bin;C:\Android\sdk\emulator
USERNAME=Lucas Hernandez
OS=Windows_NT
PROCESSOR_IDENTIFIER=AMD64 Family 23 Model 104 Stepping 1, AuthenticAMD
TMP=C:\Users\LUCASH~1\AppData\Local\Temp
TEMP=C:\Users\LUCASH~1\AppData\Local\Temp




Periodic native trim disabled

---------------  S Y S T E M  ---------------

OS:
 Windows 11 , 64 bit Build 26100 (10.0.26100.9444)
OS uptime: 11 days 19:08 hours
Hyper-V role detected

CPU: total 12 (initial active 12) (12 cores per cpu, 2 threads per core) family 23 model 104 stepping 1 microcode 0x8608103, cx8, cmov, fxsr, ht, mmx, 3dnowpref, sse, sse2, sse3, ssse3, sse4a, sse4.1, sse4.2, popcnt, lzcnt, tsc, tscinvbit, avx, avx2, aes, clmul, bmi1, bmi2, adx, sha, fma, vzeroupper, clflush, clflushopt, hv, rdtscp, rdpid, f16c
Processor Information for the first 12 processors :
  Max Mhz: 2100, Current Mhz: 2100, Mhz Limit: 2100

Memory: 4k page, system-wide physical 15754M (14M free)
TotalPageFile size 64906M (AvailPageFile size 5M)
current process WorkingSet (physical memory assigned to process): 170M, peak: 281M
current process commit charge ("private bytes"): 287M, peak: 412M

vm_info: OpenJDK 64-Bit Server VM (21.0.12.1+1-LTS) for windows-amd64 JRE (21.0.12.1+1-LTS), built on 2026-08-18T00:00:00Z by "admin" with MS VC++ 17.12 (VS2022)

END.
