#
# There is insufficient memory for the Java Runtime Environment to continue.
# Native memory allocation (malloc) failed to allocate 457776 bytes. Error detail: Chunk::new
# Possible reasons:
#   The system is out of physical RAM or swap space
#   This process is running with CompressedOops enabled, and the Java Heap may be blocking the growth of the native heap
# Possible solutions:
#   Reduce memory load on the system
#   Increase physical memory or swap space
#   Check if swap backing store is full
#   Decrease Java heap size (-Xmx/-Xms)
#   Decrease number of Java threads
#   Decrease Java thread stack sizes (-Xss)
#   Set larger code cache with -XX:ReservedCodeCacheSize=
#   JVM is running with Unscaled Compressed Oops mode in which the Java heap is
#     placed in the first 4GB address space. The Java Heap base address is the
#     maximum limit for the native heap growth. Please use -XX:HeapBaseMinAddress
#     to set the Java Heap base and to place the Java Heap above 4GB virtual address.
# This output file may be truncated or incomplete.
#
#  Out of Memory Error (arena.cpp:168), pid=33920, tid=38436
#
# JRE version: OpenJDK Runtime Environment Temurin-21.0.12.1+1 (21.0.12.1+1) (build 21.0.12.1+1-LTS)
# Java VM: OpenJDK 64-Bit Server VM Temurin-21.0.12.1+1 (21.0.12.1+1-LTS, mixed mode, sharing, tiered, compressed oops, compressed class ptrs, g1 gc, windows-amd64)
# No core dump will be written. Minidumps are not enabled by default on client versions of Windows
#

---------------  S U M M A R Y ------------

Command Line: --add-opens=java.base/java.lang=ALL-UNNAMED --add-opens=java.base/java.lang.invoke=ALL-UNNAMED --add-opens=java.base/java.util=ALL-UNNAMED --add-opens=java.prefs/java.util.prefs=ALL-UNNAMED --add-exports=jdk.compiler/com.sun.tools.javac.api=ALL-UNNAMED --add-exports=jdk.compiler/com.sun.tools.javac.util=ALL-UNNAMED --add-opens=java.base/java.util=ALL-UNNAMED --add-opens=java.prefs/java.util.prefs=ALL-UNNAMED --add-opens=java.base/java.nio.charset=ALL-UNNAMED --add-opens=java.base/java.net=ALL-UNNAMED --add-opens=java.base/java.util.concurrent.atomic=ALL-UNNAMED --add-opens=java.xml/javax.xml.namespace=ALL-UNNAMED -Xmx1536m -Dfile.encoding=UTF-8 -Duser.country=ES -Duser.language=es -Duser.variant -javaagent:C:\Users\Lucas Hernandez\.gradle\wrapper\dists\gradle-8.14.3-all\10utluxaxniiv4wxiphsi49nj\gradle-8.14.3\lib\agents\gradle-instrumentation-agent-8.14.3.jar org.gradle.launcher.daemon.bootstrap.GradleDaemon 8.14.3

Host: AMD Ryzen 5 7430U with Radeon Graphics, 12 cores, 15G,  Windows 11 , 64 bit Build 26100 (10.0.26100.9444)
Time: Wed Oct  7 16:16:45 2026 Hora de verano romance elapsed time: 133.479538 seconds (0d 0h 2m 13s)

---------------  T H R E A D  ---------------

Current thread (0x000001a3c61cd560):  JavaThread "C2 CompilerThread0" daemon [_thread_in_native, id=38436, stack(0x00000074c6400000,0x00000074c6500000) (1024K)]


Current CompileTask:
C2:133479 4057       4       jdk.internal.loader.URLClassPath::getResource (74 bytes)

Stack: [0x00000074c6400000,0x00000074c6500000]
Native frames: (J=compiled Java code, j=interpreted, Vv=VM code, C=native code)
V  [jvm.dll+0x6d83e9]
V  [jvm.dll+0x8b5736]
V  [jvm.dll+0x8b7cee]
V  [jvm.dll+0x8b83d3]
V  [jvm.dll+0x284596]
V  [jvm.dll+0xc685d]
V  [jvm.dll+0xc6da1]
V  [jvm.dll+0x3bf151]
V  [jvm.dll+0x38b6d2]
V  [jvm.dll+0x38ab1a]
V  [jvm.dll+0x24c700]
V  [jvm.dll+0x24bce0]
V  [jvm.dll+0x1cb4ae]
V  [jvm.dll+0x25baad]
V  [jvm.dll+0x25a03a]
V  [jvm.dll+0x3f8aae]
V  [jvm.dll+0x8600cd]
V  [jvm.dll+0x6d6c1d]
C  [ucrtbase.dll+0x2cd30]
C  [KERNEL32.DLL+0x2cd87]
C  [ntdll.dll+0xacaec]


---------------  P R O C E S S  ---------------

Threads class SMR info:
_java_thread_list=0x000001a3c6224b90, length=31, elements={
0x000001a3aefa08f0, 0x000001a3c61c5900, 0x000001a3c61c6ed0, 0x000001a3c61ca8b0,
0x000001a3c61cb310, 0x000001a3c61cbd70, 0x000001a3c61cc7d0, 0x000001a3c61cd560,
0x000001a3c6244a90, 0x000001a3c63bf800, 0x000001a3c638edd0, 0x000001a3c62a0b80,
0x000001a3c6753760, 0x000001a40ce5dca0, 0x000001a3c63aee40, 0x000001a40cfce880,
0x000001a3c678dba0, 0x000001a3c678e230, 0x000001a3c678e8c0, 0x000001a3c678ef50,
0x000001a3c678f5e0, 0x000001a3c678fc70, 0x000001a3c6790300, 0x000001a3c678d510,
0x000001a40d50ecf0, 0x000001a40d5100a0, 0x000001a40d50e660, 0x000001a40d510dc0,
0x000001a40d510730, 0x000001a40d511450, 0x000001a40d50fa10
}

Java Threads: ( => current thread )
  0x000001a3aefa08f0 JavaThread "main"                              [_thread_blocked, id=33872, stack(0x00000074c5600000,0x00000074c5700000) (1024K)]
  0x000001a3c61c5900 JavaThread "Reference Handler"          daemon [_thread_blocked, id=29484, stack(0x00000074c5e00000,0x00000074c5f00000) (1024K)]
  0x000001a3c61c6ed0 JavaThread "Finalizer"                  daemon [_thread_blocked, id=16576, stack(0x00000074c5f00000,0x00000074c6000000) (1024K)]
  0x000001a3c61ca8b0 JavaThread "Signal Dispatcher"          daemon [_thread_blocked, id=11440, stack(0x00000074c6000000,0x00000074c6100000) (1024K)]
  0x000001a3c61cb310 JavaThread "Attach Listener"            daemon [_thread_blocked, id=36804, stack(0x00000074c6100000,0x00000074c6200000) (1024K)]
  0x000001a3c61cbd70 JavaThread "Service Thread"             daemon [_thread_blocked, id=1380, stack(0x00000074c6200000,0x00000074c6300000) (1024K)]
  0x000001a3c61cc7d0 JavaThread "Monitor Deflation Thread"   daemon [_thread_blocked, id=35996, stack(0x00000074c6300000,0x00000074c6400000) (1024K)]
=>0x000001a3c61cd560 JavaThread "C2 CompilerThread0"         daemon [_thread_in_native, id=38436, stack(0x00000074c6400000,0x00000074c6500000) (1024K)]
  0x000001a3c6244a90 JavaThread "C1 CompilerThread0"         daemon [_thread_blocked, id=11868, stack(0x00000074c6500000,0x00000074c6600000) (1024K)]
  0x000001a3c63bf800 JavaThread "Common-Cleaner"             daemon [_thread_blocked, id=36836, stack(0x00000074c6600000,0x00000074c6700000) (1024K)]
  0x000001a3c638edd0 JavaThread "Notification Thread"        daemon [_thread_blocked, id=2876, stack(0x00000074c6700000,0x00000074c6800000) (1024K)]
  0x000001a3c62a0b80 JavaThread "Daemon health stats"               [_thread_blocked, id=20208, stack(0x00000074c6c00000,0x00000074c6d00000) (1024K)]
  0x000001a3c6753760 JavaThread "Incoming local TCP Connector on port 53107"        [_thread_in_native, id=8520, stack(0x00000074c6d00000,0x00000074c6e00000) (1024K)]
  0x000001a40ce5dca0 JavaThread "Daemon periodic checks"            [_thread_blocked, id=1468, stack(0x00000074c6e00000,0x00000074c6f00000) (1024K)]
  0x000001a3c63aee40 JavaThread "Daemon"                            [_thread_blocked, id=12424, stack(0x00000074c6f00000,0x00000074c7000000) (1024K)]
  0x000001a40cfce880 JavaThread "Handler for socket connection from /127.0.0.1:53107 to /127.0.0.1:53112"        [_thread_in_native, id=42092, stack(0x00000074c7000000,0x00000074c7100000) (1024K)]
  0x000001a3c678dba0 JavaThread "Cancel handler"                    [_thread_blocked, id=10476, stack(0x00000074c7100000,0x00000074c7200000) (1024K)]
  0x000001a3c678e230 JavaThread "Daemon worker"                     [_thread_in_native, id=26596, stack(0x00000074c7200000,0x00000074c7300000) (1024K)]
  0x000001a3c678e8c0 JavaThread "Asynchronous log dispatcher for DefaultDaemonConnection: socket connection from /127.0.0.1:53107 to /127.0.0.1:53112"        [_thread_blocked, id=5148, stack(0x00000074c7300000,0x00000074c7400000) (1024K)]
  0x000001a3c678ef50 JavaThread "Stdin handler"                     [_thread_blocked, id=29044, stack(0x00000074c7400000,0x00000074c7500000) (1024K)]
  0x000001a3c678f5e0 JavaThread "Daemon client event forwarder"        [_thread_blocked, id=39964, stack(0x00000074c7500000,0x00000074c7600000) (1024K)]
  0x000001a3c678fc70 JavaThread "Cache worker for journal cache (C:\Users\Lucas Hernandez\.gradle\caches\journal-1)"        [_thread_blocked, id=22704, stack(0x00000074c7600000,0x00000074c7700000) (1024K)]
  0x000001a3c6790300 JavaThread "File lock request listener"        [_thread_in_native, id=36020, stack(0x00000074c7700000,0x00000074c7800000) (1024K)]
  0x000001a3c678d510 JavaThread "Cache worker for file hash cache (C:\Users\Lucas Hernandez\.gradle\caches\8.14.3\fileHashes)"        [_thread_blocked, id=20952, stack(0x00000074c7900000,0x00000074c7a00000) (1024K)]
  0x000001a40d50ecf0 JavaThread "Cache worker for file hash cache (C:\Users\Lucas Hernandez\OneDrive - UDIT\Documents\DI\dam2-productos-archivos\android\.gradle\8.14.3\fileHashes)"        [_thread_blocked, id=37740, stack(0x00000074c8100000,0x00000074c8200000) (1024K)]
  0x000001a40d5100a0 JavaThread "Cache worker for Build Output Cleanup Cache (C:\Users\Lucas Hernandez\OneDrive - UDIT\Documents\DI\dam2-productos-archivos\android\.gradle\buildOutputCleanup)"        [_thread_blocked, id=16388, stack(0x00000074c8200000,0x00000074c8300000) (1024K)]
  0x000001a40d50e660 JavaThread "File watcher server"        daemon [_thread_in_native, id=15332, stack(0x00000074c8300000,0x00000074c8400000) (1024K)]
  0x000001a40d510dc0 JavaThread "File watcher consumer"      daemon [_thread_blocked, id=2160, stack(0x00000074c8400000,0x00000074c8500000) (1024K)]
  0x000001a40d510730 JavaThread "jar transforms"                    [_thread_blocked, id=42132, stack(0x00000074c5400000,0x00000074c5500000) (1024K)]
  0x000001a40d511450 JavaThread "File lock release action executor Thread 2"        [_thread_blocked, id=41736, stack(0x00000074c5500000,0x00000074c5600000) (1024K)]
  0x000001a40d50fa10 JavaThread "jar transforms Thread 2"           [_thread_blocked, id=5192, stack(0x00000074c7800000,0x00000074c7900000) (1024K)]
Total: 31

Other Threads:
  0x000001a3c61ad600 VMThread "VM Thread"                           [id=12332, stack(0x00000074c5d00000,0x00000074c5e00000) (1024K)]
  0x000001a3c6197dc0 WatcherThread "VM Periodic Task Thread"        [id=16488, stack(0x00000074c5c00000,0x00000074c5d00000) (1024K)]
  0x000001a3aefec730 WorkerThread "GC Thread#0"                     [id=40188, stack(0x00000074c5700000,0x00000074c5800000) (1024K)]
  0x000001a3c654b9f0 WorkerThread "GC Thread#1"                     [id=11412, stack(0x00000074c6800000,0x00000074c6900000) (1024K)]
  0x000001a3c6536850 WorkerThread "GC Thread#2"                     [id=42588, stack(0x00000074c6900000,0x00000074c6a00000) (1024K)]
  0x000001a3c6536c00 WorkerThread "GC Thread#3"                     [id=37716, stack(0x00000074c6a00000,0x00000074c6b00000) (1024K)]
  0x000001a3c655a250 WorkerThread "GC Thread#4"                     [id=42320, stack(0x00000074c6b00000,0x00000074c6c00000) (1024K)]
  0x000001a40eed38f0 WorkerThread "GC Thread#5"                     [id=43932, stack(0x00000074c7a00000,0x00000074c7b00000) (1024K)]
  0x000001a40eed2680 WorkerThread "GC Thread#6"                     [id=23712, stack(0x00000074c7b00000,0x00000074c7c00000) (1024K)]
  0x000001a40d80be20 WorkerThread "GC Thread#7"                     [id=36100, stack(0x00000074c7c00000,0x00000074c7d00000) (1024K)]
  0x000001a40d80b310 WorkerThread "GC Thread#8"                     [id=9900, stack(0x00000074c7d00000,0x00000074c7e00000) (1024K)]
  0x000001a40d80c930 WorkerThread "GC Thread#9"                     [id=40560, stack(0x00000074c7e00000,0x00000074c7f00000) (1024K)]
  0x000001a3aeff9530 ConcurrentGCThread "G1 Main Marker"            [id=41916, stack(0x00000074c5800000,0x00000074c5900000) (1024K)]
  0x000001a3aeff9e50 WorkerThread "G1 Conc#0"                       [id=41760, stack(0x00000074c5900000,0x00000074c5a00000) (1024K)]
  0x000001a40d80b6c0 WorkerThread "G1 Conc#1"                       [id=23716, stack(0x00000074c7f00000,0x00000074c8000000) (1024K)]
  0x000001a40d809cf0 WorkerThread "G1 Conc#2"                       [id=14488, stack(0x00000074c8000000,0x00000074c8100000) (1024K)]
  0x000001a3c60652b0 ConcurrentGCThread "G1 Refine#0"               [id=31136, stack(0x00000074c5a00000,0x00000074c5b00000) (1024K)]
  0x000001a3c6065c40 ConcurrentGCThread "G1 Service"                [id=16148, stack(0x00000074c5b00000,0x00000074c5c00000) (1024K)]
Total: 18

Threads with active compile tasks:
C2 CompilerThread0  133520 4057       4       jdk.internal.loader.URLClassPath::getResource (74 bytes)
Total: 1

VM state: not at safepoint (normal execution)

VM Mutex/Monitor currently owned by a thread: None

Heap address: 0x00000000a0000000, size: 1536 MB, Compressed Oops mode: 32-bit

CDS archive(s) mapped at: [0x000001a3c7000000-0x000001a3c7ba0000-0x000001a3c7ba0000), size 12189696, SharedBaseAddress: 0x000001a3c7000000, ArchiveRelocationMode: 1.
Compressed class space mapped at: 0x000001a3c8000000-0x000001a408000000, reserved size: 1073741824
Narrow klass base: 0x000001a3c7000000, Narrow klass shift: 0, Narrow klass range: 0x100000000

GC Precious Log:
 CardTable entry size: 512
 Card Set container configuration: InlinePtr #cards 5 size 8 Array Of Cards #cards 12 size 40 Howl #buckets 4 coarsen threshold 1843 Howl Bitmap #cards 512 size 80 coarsen threshold 460 Card regions per heap region 1 cards per card region 2048
 CPUs: 12 total, 12 available
 Memory: 15754M
 Large Page Support: Disabled
 NUMA Support: Disabled
 Compressed Oops: Enabled (32-bit)
 Heap Region Size: 1M
 Heap Min Capacity: 8M
 Heap Initial Capacity: 248M
 Heap Max Capacity: 1536M
 Pre-touch: Disabled
 Parallel Workers: 10
 Concurrent Workers: 3
 Concurrent Refinement Workers: 10
 Periodic GC: Disabled

Heap:
 garbage-first heap   total 86016K, used 34360K [0x00000000a0000000, 0x0000000100000000)
  region size 1024K, 12 young (12288K), 3 survivors (3072K)
 Metaspace       used 27086K, committed 28032K, reserved 1114112K
  class space    used 4074K, committed 4544K, reserved 1048576K

Heap Regions: E=young(eden), S=young(survivor), O=old, HS=humongous(starts), HC=humongous(continues), CS=collection set, F=free, TAMS=top-at-mark-start, PB=parsable bottom
|   0|0x00000000a0000000, 0x00000000a0100000, 0x00000000a0100000|100%|HS|  |TAMS 0x00000000a0000000| PB 0x00000000a0000000| Complete 
|   1|0x00000000a0100000, 0x00000000a0200000, 0x00000000a0200000|100%|HC|  |TAMS 0x00000000a0100000| PB 0x00000000a0100000| Complete 
|   2|0x00000000a0200000, 0x00000000a0300000, 0x00000000a0300000|100%|HC|  |TAMS 0x00000000a0200000| PB 0x00000000a0200000| Complete 
|   3|0x00000000a0300000, 0x00000000a0400000, 0x00000000a0400000|100%| O|  |TAMS 0x00000000a0300000| PB 0x00000000a0300000| Untracked 
|   4|0x00000000a0400000, 0x00000000a0500000, 0x00000000a0500000|100%| O|  |TAMS 0x00000000a0400000| PB 0x00000000a0400000| Untracked 
|   5|0x00000000a0500000, 0x00000000a0600000, 0x00000000a0600000|100%| O|  |TAMS 0x00000000a0500000| PB 0x00000000a0500000| Untracked 
|   6|0x00000000a0600000, 0x00000000a0700000, 0x00000000a0700000|100%|HS|  |TAMS 0x00000000a0600000| PB 0x00000000a0600000| Complete 
|   7|0x00000000a0700000, 0x00000000a0800000, 0x00000000a0800000|100%| O|  |TAMS 0x00000000a0700000| PB 0x00000000a0700000| Untracked 
|   8|0x00000000a0800000, 0x00000000a0900000, 0x00000000a0900000|100%| O|  |TAMS 0x00000000a0800000| PB 0x00000000a0800000| Untracked 
|   9|0x00000000a0900000, 0x00000000a0a00000, 0x00000000a0a00000|100%| O|  |TAMS 0x00000000a0900000| PB 0x00000000a0900000| Untracked 
|  10|0x00000000a0a00000, 0x00000000a0b00000, 0x00000000a0b00000|100%| O|  |TAMS 0x00000000a0a00000| PB 0x00000000a0a00000| Untracked 
|  11|0x00000000a0b00000, 0x00000000a0c00000, 0x00000000a0c00000|100%| O|  |TAMS 0x00000000a0b00000| PB 0x00000000a0b00000| Untracked 
|  12|0x00000000a0c00000, 0x00000000a0d00000, 0x00000000a0d00000|100%| O|  |TAMS 0x00000000a0c00000| PB 0x00000000a0c00000| Untracked 
|  13|0x00000000a0d00000, 0x00000000a0e00000, 0x00000000a0e00000|100%| O|  |TAMS 0x00000000a0d00000| PB 0x00000000a0d00000| Untracked 
|  14|0x00000000a0e00000, 0x00000000a0f00000, 0x00000000a0f00000|100%| O|  |TAMS 0x00000000a0e00000| PB 0x00000000a0e00000| Untracked 
|  15|0x00000000a0f00000, 0x00000000a1000000, 0x00000000a1000000|100%| O|  |TAMS 0x00000000a0f00000| PB 0x00000000a0f00000| Untracked 
|  16|0x00000000a1000000, 0x00000000a1100000, 0x00000000a1100000|100%| O|  |TAMS 0x00000000a1000000| PB 0x00000000a1000000| Untracked 
|  17|0x00000000a1100000, 0x00000000a1200000, 0x00000000a1200000|100%| O|  |TAMS 0x00000000a1100000| PB 0x00000000a1100000| Untracked 
|  18|0x00000000a1200000, 0x00000000a1300000, 0x00000000a1300000|100%| O|  |TAMS 0x00000000a1200000| PB 0x00000000a1200000| Untracked 
|  19|0x00000000a1300000, 0x00000000a1400000, 0x00000000a1400000|100%| O|  |TAMS 0x00000000a1300000| PB 0x00000000a1300000| Untracked 
|  20|0x00000000a1400000, 0x00000000a1500000, 0x00000000a1500000|100%| O|  |TAMS 0x00000000a1400000| PB 0x00000000a1400000| Untracked 
|  21|0x00000000a1500000, 0x00000000a1600000, 0x00000000a1600000|100%| O|  |TAMS 0x00000000a1500000| PB 0x00000000a1500000| Untracked 
|  22|0x00000000a1600000, 0x00000000a16c9600, 0x00000000a1700000| 78%| O|Cm|TAMS 0x00000000a1600000| PB 0x00000000a1600000| Complete 
|  23|0x00000000a1700000, 0x00000000a1700000, 0x00000000a1800000|  0%| F|  |TAMS 0x00000000a1700000| PB 0x00000000a1700000| Untracked 
|  24|0x00000000a1800000, 0x00000000a1800000, 0x00000000a1900000|  0%| F|  |TAMS 0x00000000a1800000| PB 0x00000000a1800000| Untracked 
|  25|0x00000000a1900000, 0x00000000a1900000, 0x00000000a1a00000|  0%| F|  |TAMS 0x00000000a1900000| PB 0x00000000a1900000| Untracked 
|  26|0x00000000a1a00000, 0x00000000a1a00000, 0x00000000a1b00000|  0%| F|  |TAMS 0x00000000a1a00000| PB 0x00000000a1a00000| Untracked 
|  27|0x00000000a1b00000, 0x00000000a1b00000, 0x00000000a1c00000|  0%| F|  |TAMS 0x00000000a1b00000| PB 0x00000000a1b00000| Untracked 
|  28|0x00000000a1c00000, 0x00000000a1c00000, 0x00000000a1d00000|  0%| F|  |TAMS 0x00000000a1c00000| PB 0x00000000a1c00000| Untracked 
|  29|0x00000000a1d00000, 0x00000000a1d00000, 0x00000000a1e00000|  0%| F|  |TAMS 0x00000000a1d00000| PB 0x00000000a1d00000| Untracked 
|  30|0x00000000a1e00000, 0x00000000a1e00000, 0x00000000a1f00000|  0%| F|  |TAMS 0x00000000a1e00000| PB 0x00000000a1e00000| Untracked 
|  31|0x00000000a1f00000, 0x00000000a1fc4d10, 0x00000000a2000000| 76%| S|CS|TAMS 0x00000000a1f00000| PB 0x00000000a1f00000| Complete 
|  32|0x00000000a2000000, 0x00000000a2100000, 0x00000000a2100000|100%| S|CS|TAMS 0x00000000a2000000| PB 0x00000000a2000000| Complete 
|  33|0x00000000a2100000, 0x00000000a2200000, 0x00000000a2200000|100%| S|CS|TAMS 0x00000000a2100000| PB 0x00000000a2100000| Complete 
|  34|0x00000000a2200000, 0x00000000a2200000, 0x00000000a2300000|  0%| F|  |TAMS 0x00000000a2200000| PB 0x00000000a2200000| Untracked 
|  35|0x00000000a2300000, 0x00000000a2300000, 0x00000000a2400000|  0%| F|  |TAMS 0x00000000a2300000| PB 0x00000000a2300000| Untracked 
|  36|0x00000000a2400000, 0x00000000a2400000, 0x00000000a2500000|  0%| F|  |TAMS 0x00000000a2400000| PB 0x00000000a2400000| Untracked 
|  37|0x00000000a2500000, 0x00000000a2500000, 0x00000000a2600000|  0%| F|  |TAMS 0x00000000a2500000| PB 0x00000000a2500000| Untracked 
|  38|0x00000000a2600000, 0x00000000a2600000, 0x00000000a2700000|  0%| F|  |TAMS 0x00000000a2600000| PB 0x00000000a2600000| Untracked 
|  39|0x00000000a2700000, 0x00000000a2700000, 0x00000000a2800000|  0%| F|  |TAMS 0x00000000a2700000| PB 0x00000000a2700000| Untracked 
|  40|0x00000000a2800000, 0x00000000a2800000, 0x00000000a2900000|  0%| F|  |TAMS 0x00000000a2800000| PB 0x00000000a2800000| Untracked 
|  41|0x00000000a2900000, 0x00000000a2900000, 0x00000000a2a00000|  0%| F|  |TAMS 0x00000000a2900000| PB 0x00000000a2900000| Untracked 
|  42|0x00000000a2a00000, 0x00000000a2a00000, 0x00000000a2b00000|  0%| F|  |TAMS 0x00000000a2a00000| PB 0x00000000a2a00000| Untracked 
|  43|0x00000000a2b00000, 0x00000000a2b00000, 0x00000000a2c00000|  0%| F|  |TAMS 0x00000000a2b00000| PB 0x00000000a2b00000| Untracked 
|  44|0x00000000a2c00000, 0x00000000a2c00000, 0x00000000a2d00000|  0%| F|  |TAMS 0x00000000a2c00000| PB 0x00000000a2c00000| Untracked 
|  45|0x00000000a2d00000, 0x00000000a2d00000, 0x00000000a2e00000|  0%| F|  |TAMS 0x00000000a2d00000| PB 0x00000000a2d00000| Untracked 
|  46|0x00000000a2e00000, 0x00000000a2e00000, 0x00000000a2f00000|  0%| F|  |TAMS 0x00000000a2e00000| PB 0x00000000a2e00000| Untracked 
|  47|0x00000000a2f00000, 0x00000000a2f00000, 0x00000000a3000000|  0%| F|  |TAMS 0x00000000a2f00000| PB 0x00000000a2f00000| Untracked 
|  48|0x00000000a3000000, 0x00000000a3000000, 0x00000000a3100000|  0%| F|  |TAMS 0x00000000a3000000| PB 0x00000000a3000000| Untracked 
|  49|0x00000000a3100000, 0x00000000a3100000, 0x00000000a3200000|  0%| F|  |TAMS 0x00000000a3100000| PB 0x00000000a3100000| Untracked 
|  50|0x00000000a3200000, 0x00000000a3200000, 0x00000000a3300000|  0%| F|  |TAMS 0x00000000a3200000| PB 0x00000000a3200000| Untracked 
|  51|0x00000000a3300000, 0x00000000a3300000, 0x00000000a3400000|  0%| F|  |TAMS 0x00000000a3300000| PB 0x00000000a3300000| Untracked 
|  52|0x00000000a3400000, 0x00000000a3400000, 0x00000000a3500000|  0%| F|  |TAMS 0x00000000a3400000| PB 0x00000000a3400000| Untracked 
|  53|0x00000000a3500000, 0x00000000a3500000, 0x00000000a3600000|  0%| F|  |TAMS 0x00000000a3500000| PB 0x00000000a3500000| Untracked 
|  54|0x00000000a3600000, 0x00000000a3600000, 0x00000000a3700000|  0%| F|  |TAMS 0x00000000a3600000| PB 0x00000000a3600000| Untracked 
|  55|0x00000000a3700000, 0x00000000a3700000, 0x00000000a3800000|  0%| F|  |TAMS 0x00000000a3700000| PB 0x00000000a3700000| Untracked 
|  56|0x00000000a3800000, 0x00000000a3800000, 0x00000000a3900000|  0%| F|  |TAMS 0x00000000a3800000| PB 0x00000000a3800000| Untracked 
|  57|0x00000000a3900000, 0x00000000a3900000, 0x00000000a3a00000|  0%| F|  |TAMS 0x00000000a3900000| PB 0x00000000a3900000| Untracked 
|  58|0x00000000a3a00000, 0x00000000a3a00000, 0x00000000a3b00000|  0%| F|  |TAMS 0x00000000a3a00000| PB 0x00000000a3a00000| Untracked 
|  59|0x00000000a3b00000, 0x00000000a3b00000, 0x00000000a3c00000|  0%| F|  |TAMS 0x00000000a3b00000| PB 0x00000000a3b00000| Untracked 
|  60|0x00000000a3c00000, 0x00000000a3c00000, 0x00000000a3d00000|  0%| F|  |TAMS 0x00000000a3c00000| PB 0x00000000a3c00000| Untracked 
|  61|0x00000000a3d00000, 0x00000000a3d00000, 0x00000000a3e00000|  0%| F|  |TAMS 0x00000000a3d00000| PB 0x00000000a3d00000| Untracked 
|  62|0x00000000a3e00000, 0x00000000a3e00000, 0x00000000a3f00000|  0%| F|  |TAMS 0x00000000a3e00000| PB 0x00000000a3e00000| Untracked 
|  63|0x00000000a3f00000, 0x00000000a3f00000, 0x00000000a4000000|  0%| F|  |TAMS 0x00000000a3f00000| PB 0x00000000a3f00000| Untracked 
|  64|0x00000000a4000000, 0x00000000a4000000, 0x00000000a4100000|  0%| F|  |TAMS 0x00000000a4000000| PB 0x00000000a4000000| Untracked 
|  65|0x00000000a4100000, 0x00000000a4100000, 0x00000000a4200000|  0%| F|  |TAMS 0x00000000a4100000| PB 0x00000000a4100000| Untracked 
|  66|0x00000000a4200000, 0x00000000a4200000, 0x00000000a4300000|  0%| F|  |TAMS 0x00000000a4200000| PB 0x00000000a4200000| Untracked 
|  67|0x00000000a4300000, 0x00000000a4300000, 0x00000000a4400000|  0%| F|  |TAMS 0x00000000a4300000| PB 0x00000000a4300000| Untracked 
|  68|0x00000000a4400000, 0x00000000a4400000, 0x00000000a4500000|  0%| F|  |TAMS 0x00000000a4400000| PB 0x00000000a4400000| Untracked 
|  69|0x00000000a4500000, 0x00000000a4500000, 0x00000000a4600000|  0%| F|  |TAMS 0x00000000a4500000| PB 0x00000000a4500000| Untracked 
|  70|0x00000000a4600000, 0x00000000a4600000, 0x00000000a4700000|  0%| F|  |TAMS 0x00000000a4600000| PB 0x00000000a4600000| Untracked 
|  71|0x00000000a4700000, 0x00000000a4700000, 0x00000000a4800000|  0%| F|  |TAMS 0x00000000a4700000| PB 0x00000000a4700000| Untracked 
|  72|0x00000000a4800000, 0x00000000a4800000, 0x00000000a4900000|  0%| F|  |TAMS 0x00000000a4800000| PB 0x00000000a4800000| Untracked 
|  73|0x00000000a4900000, 0x00000000a4900000, 0x00000000a4a00000|  0%| F|  |TAMS 0x00000000a4900000| PB 0x00000000a4900000| Untracked 
|  74|0x00000000a4a00000, 0x00000000a4a00000, 0x00000000a4b00000|  0%| F|  |TAMS 0x00000000a4a00000| PB 0x00000000a4a00000| Untracked 
|  75|0x00000000a4b00000, 0x00000000a4bf3010, 0x00000000a4c00000| 94%| E|  |TAMS 0x00000000a4b00000| PB 0x00000000a4b00000| Complete 
|  76|0x00000000a4c00000, 0x00000000a4d00000, 0x00000000a4d00000|100%| E|CS|TAMS 0x00000000a4c00000| PB 0x00000000a4c00000| Complete 
|  77|0x00000000a4d00000, 0x00000000a4e00000, 0x00000000a4e00000|100%| E|CS|TAMS 0x00000000a4d00000| PB 0x00000000a4d00000| Complete 
|  78|0x00000000a4e00000, 0x00000000a4f00000, 0x00000000a4f00000|100%| E|CS|TAMS 0x00000000a4e00000| PB 0x00000000a4e00000| Complete 
|  79|0x00000000a4f00000, 0x00000000a5000000, 0x00000000a5000000|100%| E|CS|TAMS 0x00000000a4f00000| PB 0x00000000a4f00000| Complete 
|  80|0x00000000a5000000, 0x00000000a5100000, 0x00000000a5100000|100%| E|CS|TAMS 0x00000000a5000000| PB 0x00000000a5000000| Complete 
| 239|0x00000000aef00000, 0x00000000af000000, 0x00000000af000000|100%| E|CS|TAMS 0x00000000aef00000| PB 0x00000000aef00000| Complete 
| 240|0x00000000af000000, 0x00000000af100000, 0x00000000af100000|100%| E|CS|TAMS 0x00000000af000000| PB 0x00000000af000000| Complete 
| 247|0x00000000af700000, 0x00000000af800000, 0x00000000af800000|100%| E|CS|TAMS 0x00000000af700000| PB 0x00000000af700000| Complete 

Card table byte_map: [0x000001a3c19f0000,0x000001a3c1cf0000] _byte_map_base: 0x000001a3c14f0000

Marking Bits: (CMBitMap*) 0x000001a3aefecc50
 Bits: [0x000001a3c1cf0000, 0x000001a3c34f0000)

Polling page: 0x000001a3acd40000

Metaspace:

Usage:
  Non-class:     22.47 MB used.
      Class:      3.98 MB used.
       Both:     26.45 MB used.

Virtual space:
  Non-class space:       64.00 MB reserved,      22.94 MB ( 36%) committed,  1 nodes.
      Class space:        1.00 GB reserved,       4.44 MB ( <1%) committed,  1 nodes.
             Both:        1.06 GB reserved,      27.38 MB (  3%) committed. 

Chunk freelists:
   Non-Class:  8.27 MB
       Class:  11.41 MB
        Both:  19.68 MB

MaxMetaspaceSize: unlimited
CompressedClassSpaceSize: 1.00 GB
Initial GC threshold: 21.00 MB
Current GC threshold: 35.12 MB
CDS: on
 - commit_granule_bytes: 65536.
 - commit_granule_words: 8192.
 - virtual_space_node_default_size: 8388608.
 - enlarge_chunks_in_place: 1.
 - use_allocation_guard: 0.


Internal statistics:

num_allocs_failed_limit: 3.
num_arena_births: 1532.
num_arena_deaths: 0.
num_vsnodes_births: 2.
num_vsnodes_deaths: 0.
num_space_committed: 438.
num_space_uncommitted: 0.
num_chunks_returned_to_freelist: 3.
num_chunks_taken_from_freelist: 2752.
num_chunk_merges: 3.
num_chunk_splits: 1770.
num_chunks_enlarged: 1085.
num_inconsistent_stats: 0.

CodeHeap 'non-profiled nmethods': size=120000Kb used=2255Kb max_used=2255Kb free=117744Kb
 bounds [0x000001a3b9c70000, 0x000001a3b9ee0000, 0x000001a3c11a0000]
CodeHeap 'profiled nmethods': size=120000Kb used=8204Kb max_used=8204Kb free=111795Kb
 bounds [0x000001a3b21a0000, 0x000001a3b29b0000, 0x000001a3b96d0000]
CodeHeap 'non-nmethods': size=5760Kb used=1432Kb max_used=1471Kb free=4327Kb
 bounds [0x000001a3b96d0000, 0x000001a3b9940000, 0x000001a3b9c70000]
CodeCache: size=245760Kb, used=11891Kb, max_used=11930Kb, free=233866Kb
 total_blobs=4653, nmethods=4065, adapters=492, full_count=0
Compilation: enabled, stopped_count=0, restarted_count=0

Compilation events (20 events):
Event: 132.948 Thread 0x000001a3c6244a90 nmethod 4044 0x000001a3b2995a10 code [0x000001a3b2995bc0, 0x000001a3b2995e30]
Event: 132.968 Thread 0x000001a3c61cd560 4046       4       sun.invoke.util.VerifyAccess::isTypeVisible (118 bytes)
Event: 132.978 Thread 0x000001a3c6244a90 4047       3       com.google.common.cache.LocalCache::discardingQueue (4 bytes)
Event: 133.019 Thread 0x000001a3c6244a90 nmethod 4047 0x000001a3b2995f10 code [0x000001a3b29960a0, 0x000001a3b2996198]
Event: 133.019 Thread 0x000001a3c6244a90 4048       1       com.google.common.cache.LocalCache$AccessQueue$1::getNextInAccessQueue (5 bytes)
Event: 133.019 Thread 0x000001a3c6244a90 nmethod 4048 0x000001a3b9e9fe10 code [0x000001a3b9e9ffa0, 0x000001a3b9ea0068]
Event: 133.019 Thread 0x000001a3c61cd560 nmethod 4046 0x000001a3b9ea0110 code [0x000001a3b9ea0300, 0x000001a3b9ea0688]
Event: 133.076 Thread 0x000001a3c6244a90 4050       3       java.lang.invoke.LambdaForm::arguments (47 bytes)
Event: 133.078 Thread 0x000001a3c6244a90 nmethod 4050 0x000001a3b2996210 code [0x000001a3b2996440, 0x000001a3b2996ca8]
Event: 133.090 Thread 0x000001a3c61cd560 4051       4       java.lang.StringLatin1::equals (36 bytes)
Event: 133.094 Thread 0x000001a3c61cd560 nmethod 4051 0x000001a3b9ea0d90 code [0x000001a3b9ea0f20, 0x000001a3b9ea10f8]
Event: 133.140 Thread 0x000001a3c61cd560 4053       4       java.lang.String::equals (56 bytes)
Event: 133.142 Thread 0x000001a3c61cd560 nmethod 4053 0x000001a3b9ea1510 code [0x000001a3b9ea16a0, 0x000001a3b9ea1868]
Event: 133.257 Thread 0x000001a3c61cd560 4054   !   4       jdk.internal.loader.URLClassPath$JarLoader::getResource (40 bytes)
Event: 133.264 Thread 0x000001a3c61cd560 nmethod 4054 0x000001a3b9ea1910 code [0x000001a3b9ea1b20, 0x000001a3b9ea1f10]
Event: 133.269 Thread 0x000001a3c61cd560 4055  s    4       jdk.internal.loader.Resource::cachedInputStream (20 bytes)
Event: 133.277 Thread 0x000001a3c6244a90 4056       3       java.util.concurrent.atomic.AtomicInteger::incrementAndGet (14 bytes)
Event: 133.277 Thread 0x000001a3c6244a90 nmethod 4056 0x000001a3b2997110 code [0x000001a3b29972a0, 0x000001a3b29973c0]
Event: 133.287 Thread 0x000001a3c61cd560 nmethod 4055 0x000001a3b9ea2290 code [0x000001a3b9ea2520, 0x000001a3b9ea32e8]
Event: 133.287 Thread 0x000001a3c61cd560 4057       4       jdk.internal.loader.URLClassPath::getResource (74 bytes)

GC Heap History (10 events):
Event: 1.165 GC heap before
{Heap before GC invocations=0 (full 0):
 garbage-first heap   total 253952K, used 23552K [0x00000000a0000000, 0x0000000100000000)
  region size 1024K, 23 young (23552K), 0 survivors (0K)
 Metaspace       used 902K, committed 1024K, reserved 1114112K
  class space    used 72K, committed 128K, reserved 1048576K
}
Event: 1.176 GC heap after
{Heap after GC invocations=1 (full 0):
 garbage-first heap   total 253952K, used 1536K [0x00000000a0000000, 0x0000000100000000)
  region size 1024K, 2 young (2048K), 2 survivors (2048K)
 Metaspace       used 902K, committed 1024K, reserved 1114112K
  class space    used 72K, committed 128K, reserved 1048576K
}
Event: 4.348 GC heap before
{Heap before GC invocations=1 (full 0):
 garbage-first heap   total 253952K, used 40448K [0x00000000a0000000, 0x0000000100000000)
  region size 1024K, 38 young (38912K), 2 survivors (2048K)
 Metaspace       used 4424K, committed 4608K, reserved 1114112K
  class space    used 556K, committed 640K, reserved 1048576K
}
Event: 4.356 GC heap after
{Heap after GC invocations=2 (full 0):
 garbage-first heap   total 253952K, used 10937K [0x00000000a0000000, 0x0000000100000000)
  region size 1024K, 5 young (5120K), 5 survivors (5120K)
 Metaspace       used 4424K, committed 4608K, reserved 1114112K
  class space    used 556K, committed 640K, reserved 1048576K
}
Event: 40.427 GC heap before
{Heap before GC invocations=2 (full 0):
 garbage-first heap   total 253952K, used 155321K [0x00000000a0000000, 0x0000000100000000)
  region size 1024K, 144 young (147456K), 5 survivors (5120K)
 Metaspace       used 20112K, committed 20800K, reserved 1114112K
  class space    used 2949K, committed 3264K, reserved 1048576K
}
Event: 40.486 GC heap after
{Heap after GC invocations=3 (full 0):
 garbage-first heap   total 253952K, used 23718K [0x00000000a0000000, 0x0000000100000000)
  region size 1024K, 17 young (17408K), 17 survivors (17408K)
 Metaspace       used 20112K, committed 20800K, reserved 1114112K
  class space    used 2949K, committed 3264K, reserved 1048576K
}
Event: 41.893 GC heap before
{Heap before GC invocations=3 (full 0):
 garbage-first heap   total 253952K, used 29862K [0x00000000a0000000, 0x0000000100000000)
  region size 1024K, 24 young (24576K), 17 survivors (17408K)
 Metaspace       used 20877K, committed 21504K, reserved 1114112K
  class space    used 3066K, committed 3392K, reserved 1048576K
}
Event: 41.910 GC heap after
{Heap after GC invocations=4 (full 0):
 garbage-first heap   total 253952K, used 25089K [0x00000000a0000000, 0x0000000100000000)
  region size 1024K, 2 young (2048K), 2 survivors (2048K)
 Metaspace       used 20877K, committed 21504K, reserved 1114112K
  class space    used 3066K, committed 3392K, reserved 1048576K
}
Event: 84.426 GC heap before
{Heap before GC invocations=5 (full 0):
 garbage-first heap   total 86016K, used 74241K [0x00000000a0000000, 0x0000000100000000)
  region size 1024K, 50 young (51200K), 2 survivors (2048K)
 Metaspace       used 26809K, committed 27712K, reserved 1114112K
  class space    used 4037K, committed 4480K, reserved 1048576K
}
Event: 84.536 GC heap after
{Heap after GC invocations=6 (full 0):
 garbage-first heap   total 86016K, used 26168K [0x00000000a0000000, 0x0000000100000000)
  region size 1024K, 3 young (3072K), 3 survivors (3072K)
 Metaspace       used 26809K, committed 27712K, reserved 1114112K
  class space    used 4037K, committed 4480K, reserved 1048576K
}

Dll operation events (20 events):
Event: 0.265 Attempting to load shared library C:\Users\Lucas Hernandez\.vscode\extensions\redhat.java-1.56.0-win32-x64\jre\21.0.12.1-win32-x86_64\bin\nio.dll
Event: 0.266 Loaded shared library C:\Users\Lucas Hernandez\.vscode\extensions\redhat.java-1.56.0-win32-x64\jre\21.0.12.1-win32-x86_64\bin\nio.dll
Event: 0.285 Attempting to load shared library C:\Users\Lucas Hernandez\.vscode\extensions\redhat.java-1.56.0-win32-x64\jre\21.0.12.1-win32-x86_64\bin\zip.dll
Event: 0.285 Loaded shared library C:\Users\Lucas Hernandez\.vscode\extensions\redhat.java-1.56.0-win32-x64\jre\21.0.12.1-win32-x86_64\bin\zip.dll
Event: 1.182 Attempting to load shared library C:\Users\Lucas Hernandez\.vscode\extensions\redhat.java-1.56.0-win32-x64\jre\21.0.12.1-win32-x86_64\bin\jimage.dll
Event: 1.182 Loaded shared library C:\Users\Lucas Hernandez\.vscode\extensions\redhat.java-1.56.0-win32-x64\jre\21.0.12.1-win32-x86_64\bin\jimage.dll
Event: 1.603 Attempting to load shared library C:\Users\Lucas Hernandez\.vscode\extensions\redhat.java-1.56.0-win32-x64\jre\21.0.12.1-win32-x86_64\bin\verify.dll
Event: 1.604 Loaded shared library C:\Users\Lucas Hernandez\.vscode\extensions\redhat.java-1.56.0-win32-x64\jre\21.0.12.1-win32-x86_64\bin\verify.dll
Event: 1.791 Attempting to load shared library C:\Users\Lucas Hernandez\.gradle\native\1def1411415f61bf3af743bc5b6707747c0891f09f0c88961ee8f79bc544acac\windows-amd64\native-platform.dll
Event: 1.799 Loaded shared library C:\Users\Lucas Hernandez\.gradle\native\1def1411415f61bf3af743bc5b6707747c0891f09f0c88961ee8f79bc544acac\windows-amd64\native-platform.dll
Event: 1.849 Attempting to load shared library C:\Users\Lucas Hernandez\.gradle\native\0.2.7\x86_64-windows-gnu\gradle-fileevents.dll
Event: 1.857 Loaded shared library C:\Users\Lucas Hernandez\.gradle\native\0.2.7\x86_64-windows-gnu\gradle-fileevents.dll
Event: 19.534 Attempting to load shared library C:\Users\Lucas Hernandez\.vscode\extensions\redhat.java-1.56.0-win32-x64\jre\21.0.12.1-win32-x86_64\bin\management.dll
Event: 19.535 Loaded shared library C:\Users\Lucas Hernandez\.vscode\extensions\redhat.java-1.56.0-win32-x64\jre\21.0.12.1-win32-x86_64\bin\management.dll
Event: 19.558 Attempting to load shared library C:\Users\Lucas Hernandez\.vscode\extensions\redhat.java-1.56.0-win32-x64\jre\21.0.12.1-win32-x86_64\bin\management_ext.dll
Event: 19.559 Loaded shared library C:\Users\Lucas Hernandez\.vscode\extensions\redhat.java-1.56.0-win32-x64\jre\21.0.12.1-win32-x86_64\bin\management_ext.dll
Event: 25.535 Attempting to load shared library C:\Users\Lucas Hernandez\.vscode\extensions\redhat.java-1.56.0-win32-x64\jre\21.0.12.1-win32-x86_64\bin\extnet.dll
Event: 25.536 Loaded shared library C:\Users\Lucas Hernandez\.vscode\extensions\redhat.java-1.56.0-win32-x64\jre\21.0.12.1-win32-x86_64\bin\extnet.dll
Event: 27.874 Attempting to load shared library C:\Users\Lucas Hernandez\.vscode\extensions\redhat.java-1.56.0-win32-x64\jre\21.0.12.1-win32-x86_64\bin\sunmscapi.dll
Event: 27.885 Loaded shared library C:\Users\Lucas Hernandez\.vscode\extensions\redhat.java-1.56.0-win32-x64\jre\21.0.12.1-win32-x86_64\bin\sunmscapi.dll

Deoptimization events (20 events):
Event: 133.157 Thread 0x000001a3c678e230 Uncommon trap: trap_request=0xffffff45 fr.pc=0x000001a3b9e35508 relative=0x0000000000002d08
Event: 133.157 Thread 0x000001a3c678e230 Uncommon trap: reason=unstable_if action=reinterpret pc=0x000001a3b9e35508 method=java.lang.String.regionMatches(ZILjava/lang/String;II)Z @ 36 c2
Event: 133.157 Thread 0x000001a3c678e230 DEOPT PACKING pc=0x000001a3b9e35508 sp=0x00000074c72fa540
Event: 133.157 Thread 0x000001a3c678e230 DEOPT UNPACKING pc=0x000001a3b9724422 sp=0x00000074c72fa440 mode 2
Event: 133.159 Thread 0x000001a3c678e230 Uncommon trap: trap_request=0xffffffde fr.pc=0x000001a3b9cdc87c relative=0x000000000000103c
Event: 133.159 Thread 0x000001a3c678e230 Uncommon trap: reason=class_check action=maybe_recompile pc=0x000001a3b9cdc87c method=jdk.internal.loader.URLClassPath.getLoader(I)Ljdk/internal/loader/URLClassPath$Loader; @ 88 c2
Event: 133.159 Thread 0x000001a3c678e230 DEOPT PACKING pc=0x000001a3b9cdc87c sp=0x00000074c72fa7b0
Event: 133.159 Thread 0x000001a3c678e230 DEOPT UNPACKING pc=0x000001a3b9724422 sp=0x00000074c72fa7a0 mode 2
Event: 133.159 Thread 0x000001a3c678e230 Uncommon trap: trap_request=0xffffffde fr.pc=0x000001a3b9e3ffc0 relative=0x0000000000004200
Event: 133.159 Thread 0x000001a3c678e230 Uncommon trap: reason=class_check action=maybe_recompile pc=0x000001a3b9e3ffc0 method=jdk.internal.loader.URLClassPath.getResource(Ljava/lang/String;Z)Ljdk/internal/loader/Resource; @ 53 c2
Event: 133.159 Thread 0x000001a3c678e230 DEOPT PACKING pc=0x000001a3b9e3ffc0 sp=0x00000074c72fa870
Event: 133.159 Thread 0x000001a3c678e230 DEOPT UNPACKING pc=0x000001a3b9724422 sp=0x00000074c72fa690 mode 2
Event: 133.254 Thread 0x000001a3c678e230 Uncommon trap: trap_request=0xffffff45 fr.pc=0x000001a3b9daf098 relative=0x00000000000000f8
Event: 133.254 Thread 0x000001a3c678e230 Uncommon trap: reason=unstable_if action=reinterpret pc=0x000001a3b9daf098 method=java.lang.ClassLoader.getClassLoadingLock(Ljava/lang/String;)Ljava/lang/Object; @ 6 c2
Event: 133.254 Thread 0x000001a3c678e230 DEOPT PACKING pc=0x000001a3b9daf098 sp=0x00000074c72f8e00
Event: 133.254 Thread 0x000001a3c678e230 DEOPT UNPACKING pc=0x000001a3b9724422 sp=0x00000074c72f8d90 mode 2
Event: 133.262 Thread 0x000001a3c678e230 Uncommon trap: trap_request=0xffffff45 fr.pc=0x000001a3b9e2c55c relative=0x00000000000008bc
Event: 133.262 Thread 0x000001a3c678e230 Uncommon trap: reason=unstable_if action=reinterpret pc=0x000001a3b9e2c55c method=java.lang.Class.getPackageName()Ljava/lang/String; @ 55 c2
Event: 133.262 Thread 0x000001a3c678e230 DEOPT PACKING pc=0x000001a3b9e2c55c sp=0x00000074c72fa440
Event: 133.262 Thread 0x000001a3c678e230 DEOPT UNPACKING pc=0x000001a3b9724422 sp=0x00000074c72fa410 mode 2

Classes loaded (20 events):
Event: 47.294 Loading class java/nio/file/FileTreeWalker$Event
Event: 47.294 Loading class java/nio/file/FileTreeWalker$Event done
Event: 47.294 Loading class java/nio/file/FileTreeWalker$EventType
Event: 47.294 Loading class java/nio/file/FileTreeWalker$EventType done
Event: 47.294 Loading class java/nio/file/Files$3
Event: 47.294 Loading class java/nio/file/Files$3 done
Event: 47.297 Loading class java/nio/file/FileVisitResult
Event: 47.297 Loading class java/nio/file/FileVisitResult done
Event: 48.919 Loading class java/util/stream/IntStream
Event: 48.934 Loading class java/util/stream/IntStream done
Event: 48.934 Loading class java/util/stream/Streams$RangeIntSpliterator
Event: 48.935 Loading class java/util/stream/Streams$RangeIntSpliterator done
Event: 48.935 Loading class java/util/stream/IntPipeline$Head
Event: 48.935 Loading class java/util/stream/IntPipeline
Event: 48.935 Loading class java/util/stream/IntPipeline done
Event: 48.935 Loading class java/util/stream/IntPipeline$Head done
Event: 133.150 Loading class jdk/internal/loader/URLClassPath$FileLoader
Event: 133.151 Loading class jdk/internal/loader/URLClassPath$FileLoader done
Event: 133.160 Loading class jdk/internal/loader/URLClassPath$FileLoader$1
Event: 133.161 Loading class jdk/internal/loader/URLClassPath$FileLoader$1 done

Classes unloaded (0 events):
No events

Classes redefined (0 events):
No events

Internal exceptions (20 events):
Event: 43.590 Thread 0x000001a3c678e230 Exception <a 'java/lang/IncompatibleClassChangeError'{0x00000000a438be88}: Found class java.lang.Object, but interface was expected> (0x00000000a438be88) 
thrown [s\src\hotspot\share\interpreter\linkResolver.cpp, line 840]
Event: 43.673 Thread 0x000001a3c678e230 Exception <a 'java/lang/NoSuchMethodError'{0x00000000a43f2730}: 'java.lang.Object java.lang.invoke.DirectMethodHandle$Holder.invokeVirtual(java.lang.Object, java.lang.Object, java.lang.Object, java.lang.Object, java.lang.Object, java.lang.Object, java.lang.Object, java.lang.Object, java.lang.Object, java.lang.Object, java.lang.Object, java.lang.Object, java.lang.Object)'> (0x00000000a43f2730) 
thrown [s\src\hotspot\share\interpreter\linkResolver.cpp, line 773]
Event: 43.674 Thread 0x000001a3c678e230 Exception <a 'java/lang/NoSuchMethodError'{0x00000000a43f7968}: 'java.lang.Object java.lang.invoke.DirectMethodHandle$Holder.invokeSpecial(java.lang.Object, java.lang.Object, java.lang.Object, java.lang.Object, java.lang.Object, java.lang.Object, java.lang.Object, java.lang.Object, java.lang.Object, java.lang.Object, java.lang.Object, java.lang.Object, java.lang.Object, java.lang.Object)'> (0x00000000a43f7968) 
thrown [s\src\hotspot\share\interpreter\linkResolver.cpp, line 773]
Event: 43.675 Thread 0x000001a3c678e230 Exception <a 'java/lang/NoSuchMethodError'{0x00000000a43fc6b8}: 'java.lang.Object java.lang.invoke.DelegatingMethodHandle$Holder.reinvoke_L(java.lang.Object, java.lang.Object, java.lang.Object, java.lang.Object, java.lang.Object, java.lang.Object, java.lang.Object, java.lang.Object, java.lang.Object, java.lang.Object, java.lang.Object, java.lang.Object, java.lang.Object)'> (0x00000000a43fc6b8) 
thrown [s\src\hotspot\share\interpreter\linkResolver.cpp, line 773]
Event: 43.831 Thread 0x000001a3c678e230 Exception <a 'java/lang/NoSuchMethodError'{0x00000000a418f678}: 'void java.lang.invoke.DirectMethodHandle$Holder.invokeStaticInit(java.lang.Object, java.lang.Object)'> (0x00000000a418f678) 
thrown [s\src\hotspot\share\interpreter\linkResolver.cpp, line 773]
Event: 44.438 Thread 0x000001a3c678e230 Exception <a 'java/lang/NoSuchMethodError'{0x00000000a3d9e010}: 'java.lang.Object java.lang.invoke.DirectMethodHandle$Holder.newInvokeSpecial(java.lang.Object, java.lang.Object, java.lang.Object, java.lang.Object, java.lang.Object, java.lang.Object, java.lang.Object, java.lang.Object, java.lang.Object)'> (0x00000000a3d9e010) 
thrown [s\src\hotspot\share\interpreter\linkResolver.cpp, line 773]
Event: 44.954 Thread 0x000001a3c678e230 Exception <a 'java/lang/NoSuchMethodError'{0x00000000a3a78230}: 'int java.lang.invoke.DirectMethodHandle$Holder.invokeVirtual(java.lang.Object, java.lang.Object)'> (0x00000000a3a78230) 
thrown [s\src\hotspot\share\interpreter\linkResolver.cpp, line 773]
Event: 45.520 Thread 0x000001a3c678e230 Implicit null exception at 0x000001a3b9d44b41 to 0x000001a3b9d45b94
Event: 45.529 Thread 0x000001a3c678e230 Exception <a 'java/lang/NoSuchMethodError'{0x00000000a37d1668}: 'void java.lang.invoke.DirectMethodHandle$Holder.invokeInterface(java.lang.Object, java.lang.Object, java.lang.Object, java.lang.Object, java.lang.Object)'> (0x00000000a37d1668) 
thrown [s\src\hotspot\share\interpreter\linkResolver.cpp, line 773]
Event: 45.583 Thread 0x000001a3c678e230 Exception <a 'java/lang/NoSuchMethodError'{0x00000000a3611550}: 'void java.lang.invoke.DirectMethodHandle$Holder.invokeStatic(java.lang.Object, java.lang.Object, java.lang.Object, java.lang.Object, java.lang.Object, java.lang.Object)'> (0x00000000a3611550) 
thrown [s\src\hotspot\share\interpreter\linkResolver.cpp, line 773]
Event: 46.766 Thread 0x000001a3c678e230 Exception <a 'java/lang/IncompatibleClassChangeError'{0x00000000a2e0cf10}: Found class java.lang.Object, but interface was expected> (0x00000000a2e0cf10) 
thrown [s\src\hotspot\share\interpreter\linkResolver.cpp, line 840]
Event: 47.222 Thread 0x000001a3c678e230 Exception <a 'java/lang/NoSuchMethodError'{0x00000000a2da9ae8}: 'java.lang.Object java.lang.invoke.DirectMethodHandle$Holder.newInvokeSpecial(java.lang.Object, java.lang.Object, long)'> (0x00000000a2da9ae8) 
thrown [s\src\hotspot\share\interpreter\linkResolver.cpp, line 773]
Event: 47.230 Thread 0x000001a3c678e230 Exception <a 'java/lang/NoSuchMethodError'{0x00000000a2dade90}: 'java.lang.Object java.lang.invoke.Invokers$Holder.linkToTargetMethod(java.lang.Object, long, java.lang.Object)'> (0x00000000a2dade90) 
thrown [s\src\hotspot\share\interpreter\linkResolver.cpp, line 773]
Event: 48.768 Thread 0x000001a3c678e230 Exception <a 'java/lang/NoSuchMethodError'{0x00000000a2a55960}: 'int java.lang.invoke.DirectMethodHandle$Holder.invokeInterface(java.lang.Object, java.lang.Object)'> (0x00000000a2a55960) 
thrown [s\src\hotspot\share\interpreter\linkResolver.cpp, line 773]
Event: 48.892 Thread 0x000001a3c678e230 Exception <a 'java/lang/NoSuchMethodError'{0x00000000a2ae0270}: 'java.lang.Object java.lang.invoke.DirectMethodHandle$Holder.invokeVirtual(java.lang.Object, java.lang.Object, int)'> (0x00000000a2ae0270) 
thrown [s\src\hotspot\share\interpreter\linkResolver.cpp, line 773]
Event: 61.627 Thread 0x000001a3c678e230 Exception <a 'java/lang/NoSuchMethodError'{0x00000000a28e5878}: 'java.lang.Object java.lang.invoke.DirectMethodHandle$Holder.invokeStatic(java.lang.Object, java.lang.Object, int, java.lang.Object)'> (0x00000000a28e5878) 
thrown [s\src\hotspot\share\interpreter\linkResolver.cpp, line 773]
Event: 61.635 Thread 0x000001a3c678e230 Exception <a 'java/lang/NoSuchMethodError'{0x00000000a28eccd0}: 'java.lang.Object java.lang.invoke.DirectMethodHandle$Holder.newInvokeSpecial(java.lang.Object, java.lang.Object, int, java.lang.Object)'> (0x00000000a28eccd0) 
thrown [s\src\hotspot\share\interpreter\linkResolver.cpp, line 773]
Event: 61.637 Thread 0x000001a3c678e230 Exception <a 'java/lang/NoSuchMethodError'{0x00000000a28f1468}: 'java.lang.Object java.lang.invoke.DirectMethodHandle$Holder.invokeSpecial(java.lang.Object, java.lang.Object, java.lang.Object, int, java.lang.Object)'> (0x00000000a28f1468) 
thrown [s\src\hotspot\share\interpreter\linkResolver.cpp, line 773]
Event: 133.084 Thread 0x000001a3c678e230 Exception <a 'java/lang/NoSuchMethodError'{0x00000000a4ca4cc0}: 'void java.lang.invoke.DirectMethodHandle$Holder.invokeInterface(java.lang.Object, java.lang.Object, java.lang.Object, java.lang.Object, java.lang.Object, java.lang.Object, java.lang.Object)'> (0x00000000a4ca4cc0) 
thrown [s\src\hotspot\share\interpreter\linkResolver.cpp, line 773]
Event: 133.100 Thread 0x000001a3c678e230 Exception <a 'java/lang/NoSuchMethodError'{0x00000000a4ca9648}: 'void java.lang.invoke.DelegatingMethodHandle$Holder.reinvoke_L(java.lang.Object, java.lang.Object, java.lang.Object, java.lang.Object, java.lang.Object, java.lang.Object, java.lang.Object)'> (0x00000000a4ca9648) 
thrown [s\src\hotspot\share\interpreter\linkResolver.cpp, line 773]

ZGC Phase Switch (0 events):
No events

VM Operations (20 events):
Event: 88.548 Executing safepoint VM operation: Cleanup
Event: 88.548 Executing safepoint VM operation: Cleanup done
Event: 98.599 Executing safepoint VM operation: Cleanup
Event: 98.599 Executing safepoint VM operation: Cleanup done
Event: 109.680 Executing safepoint VM operation: Cleanup
Event: 109.757 Executing safepoint VM operation: Cleanup done
Event: 117.824 Executing safepoint VM operation: Cleanup
Event: 117.824 Executing safepoint VM operation: Cleanup done
Event: 118.826 Executing safepoint VM operation: Cleanup
Event: 118.826 Executing safepoint VM operation: Cleanup done
Event: 128.893 Executing safepoint VM operation: Cleanup
Event: 128.893 Executing safepoint VM operation: Cleanup done
Event: 131.918 Executing safepoint VM operation: Cleanup
Event: 131.918 Executing safepoint VM operation: Cleanup done
Event: 132.928 Executing safepoint VM operation: Cleanup
Event: 132.944 Executing safepoint VM operation: Cleanup done
Event: 133.220 Executing non-safepoint VM operation: HandshakeAllThreads (Deoptimize)
Event: 133.221 Executing non-safepoint VM operation: HandshakeAllThreads (Deoptimize) done
Event: 133.223 Executing non-safepoint VM operation: HandshakeAllThreads (Deoptimize)
Event: 133.223 Executing non-safepoint VM operation: HandshakeAllThreads (Deoptimize) done

Memory protections (0 events):
No events

Nmethod flushes (0 events):
No events

Events (20 events):
Event: 27.815 Thread 0x000001a3aefa08f0 Thread added: 0x000001a40ce5dca0
Event: 28.142 Thread 0x000001a3c6753760 Thread added: 0x000001a3c63aee40
Event: 28.186 Thread 0x000001a3c63aee40 Thread added: 0x000001a40cfce880
Event: 28.432 Thread 0x000001a3c63aee40 Thread added: 0x000001a3c678dba0
Event: 28.538 Thread 0x000001a3c63aee40 Thread added: 0x000001a3c678e230
Event: 28.560 Thread 0x000001a3c678e230 Thread added: 0x000001a3c678e8c0
Event: 28.573 Thread 0x000001a3c678e230 Thread added: 0x000001a3c678ef50
Event: 28.584 Thread 0x000001a3c678e230 Thread added: 0x000001a3c678f5e0
Event: 30.678 Thread 0x000001a3c678e230 Thread added: 0x000001a3c678fc70
Event: 30.702 Thread 0x000001a3c678e230 Thread added: 0x000001a3c6790300
Event: 31.518 Thread 0x000001a3c6790300 Thread added: 0x000001a3c6790990
Event: 31.719 Thread 0x000001a3c678e230 Thread added: 0x000001a3c678d510
Event: 43.131 Thread 0x000001a3c678e230 Thread added: 0x000001a40d50ecf0
Event: 43.184 Thread 0x000001a3c678e230 Thread added: 0x000001a40d5100a0
Event: 44.927 Thread 0x000001a3c678e230 Thread added: 0x000001a40d50e660
Event: 44.941 Thread 0x000001a3c678e230 Thread added: 0x000001a40d510dc0
Event: 61.658 Thread 0x000001a3c678e230 Thread added: 0x000001a40d510730
Event: 128.539 Thread 0x000001a3c6790990 Thread exited: 0x000001a3c6790990
Event: 132.161 Thread 0x000001a3c6790300 Thread added: 0x000001a40d511450
Event: 132.170 Thread 0x000001a3c678e230 Thread added: 0x000001a40d50fa10


Dynamic libraries:
0x00007ff61a400000 - 0x00007ff61a40e000 	C:\Users\Lucas Hernandez\.vscode\extensions\redhat.java-1.56.0-win32-x64\jre\21.0.12.1-win32-x86_64\bin\java.exe
0x00007ffa77d80000 - 0x00007ffa77fe7000 	C:\WINDOWS\SYSTEM32\ntdll.dll
0x00007ffa765c0000 - 0x00007ffa7668b000 	C:\WINDOWS\System32\KERNEL32.DLL
0x00007ffa74f80000 - 0x00007ffa75382000 	C:\WINDOWS\System32\KERNELBASE.dll
0x00007ffa75940000 - 0x00007ffa75a8c000 	C:\WINDOWS\System32\ucrtbase.dll
0x00007ffa54440000 - 0x00007ffa54458000 	C:\Users\Lucas Hernandez\.vscode\extensions\redhat.java-1.56.0-win32-x64\jre\21.0.12.1-win32-x86_64\bin\jli.dll
0x00007ffa76d80000 - 0x00007ffa76f4f000 	C:\WINDOWS\System32\USER32.dll
0x00007ffa75630000 - 0x00007ffa75657000 	C:\WINDOWS\System32\win32u.dll
0x00007ffa76590000 - 0x00007ffa765bb000 	C:\WINDOWS\System32\GDI32.dll
0x00007ffa75390000 - 0x00007ffa754b9000 	C:\WINDOWS\System32\gdi32full.dll
0x00007ffa75580000 - 0x00007ffa75623000 	C:\WINDOWS\System32\msvcp_win.dll
0x00007ffa55230000 - 0x00007ffa5524e000 	C:\Users\Lucas Hernandez\.vscode\extensions\redhat.java-1.56.0-win32-x64\jre\21.0.12.1-win32-x86_64\bin\VCRUNTIME140.dll
0x00007ffa626a0000 - 0x00007ffa62930000 	C:\WINDOWS\WinSxS\amd64_microsoft.windows.common-controls_6595b64144ccf1df_6.0.26100.9278_none_3e0d1ba8e3303201\COMCTL32.dll
0x00007ffa77060000 - 0x00007ffa77109000 	C:\WINDOWS\System32\msvcrt.dll
0x00007ffa75db0000 - 0x00007ffa75de1000 	C:\WINDOWS\System32\IMM32.DLL
0x00007ffa60070000 - 0x00007ffa6007c000 	C:\Users\Lucas Hernandez\.vscode\extensions\redhat.java-1.56.0-win32-x64\jre\21.0.12.1-win32-x86_64\bin\vcruntime140_1.dll
0x00007ffa258a0000 - 0x00007ffa2592d000 	C:\Users\Lucas Hernandez\.vscode\extensions\redhat.java-1.56.0-win32-x64\jre\21.0.12.1-win32-x86_64\bin\msvcp140.dll
0x00007ff9a90d0000 - 0x00007ff9a9e72000 	C:\Users\Lucas Hernandez\.vscode\extensions\redhat.java-1.56.0-win32-x64\jre\21.0.12.1-win32-x86_64\bin\server\jvm.dll
0x00007ffa76b60000 - 0x00007ffa76c1c000 	C:\WINDOWS\System32\ADVAPI32.dll
0x00007ffa771a0000 - 0x00007ffa77249000 	C:\WINDOWS\System32\sechost.dll
0x00007ffa76a40000 - 0x00007ffa76b58000 	C:\WINDOWS\System32\RPCRT4.dll
0x00007ffa75c10000 - 0x00007ffa75c90000 	C:\WINDOWS\System32\WS2_32.dll
0x00007ffa74e00000 - 0x00007ffa74e5e000 	C:\WINDOWS\SYSTEM32\POWRPROF.dll
0x00007ffa6c150000 - 0x00007ffa6c186000 	C:\WINDOWS\SYSTEM32\WINMM.dll
0x00007ffa6cd30000 - 0x00007ffa6cd3b000 	C:\WINDOWS\SYSTEM32\VERSION.dll
0x00007ffa74de0000 - 0x00007ffa74df5000 	C:\WINDOWS\SYSTEM32\UMPDC.dll
0x00007ffa73c30000 - 0x00007ffa73c4b000 	C:\WINDOWS\SYSTEM32\kernel.appcore.dll
0x00007ffa5ff20000 - 0x00007ffa5ff2a000 	C:\Users\Lucas Hernandez\.vscode\extensions\redhat.java-1.56.0-win32-x64\jre\21.0.12.1-win32-x86_64\bin\jimage.dll
0x00007ffa68aa0000 - 0x00007ffa68cec000 	C:\WINDOWS\SYSTEM32\DBGHELP.DLL
0x00007ffa766b0000 - 0x00007ffa76a35000 	C:\WINDOWS\System32\combase.dll
0x00007ffa776e0000 - 0x00007ffa777b9000 	C:\WINDOWS\System32\OLEAUT32.dll
0x00007ffa5e7b0000 - 0x00007ffa5e7eb000 	C:\WINDOWS\SYSTEM32\dbgcore.DLL
0x00007ffa75880000 - 0x00007ffa7592c000 	C:\WINDOWS\System32\bcryptPrimitives.dll
0x00007ffa58db0000 - 0x00007ffa58dbf000 	C:\Users\Lucas Hernandez\.vscode\extensions\redhat.java-1.56.0-win32-x64\jre\21.0.12.1-win32-x86_64\bin\instrument.dll
0x00007ffa54380000 - 0x00007ffa543a0000 	C:\Users\Lucas Hernandez\.vscode\extensions\redhat.java-1.56.0-win32-x64\jre\21.0.12.1-win32-x86_64\bin\java.dll
0x00007ffa75df0000 - 0x00007ffa76588000 	C:\WINDOWS\System32\SHELL32.dll
0x00007ffa729c0000 - 0x00007ffa7326e000 	C:\WINDOWS\SYSTEM32\windows.storage.dll
0x00007ffa76f60000 - 0x00007ffa7705b000 	C:\WINDOWS\System32\SHCORE.dll
0x00007ffa77b40000 - 0x00007ffa77ba6000 	C:\WINDOWS\System32\shlwapi.dll
0x00007ffa74ea0000 - 0x00007ffa74ec9000 	C:\WINDOWS\SYSTEM32\profapi.dll
0x00007ffa54120000 - 0x00007ffa54138000 	C:\Users\Lucas Hernandez\.vscode\extensions\redhat.java-1.56.0-win32-x64\jre\21.0.12.1-win32-x86_64\bin\zip.dll
0x00007ffa5f810000 - 0x00007ffa5f820000 	C:\Users\Lucas Hernandez\.vscode\extensions\redhat.java-1.56.0-win32-x64\jre\21.0.12.1-win32-x86_64\bin\net.dll
0x00007ffa6ca10000 - 0x00007ffa6cb3a000 	C:\WINDOWS\SYSTEM32\WINHTTP.dll
0x00007ffa74210000 - 0x00007ffa7427c000 	C:\WINDOWS\system32\mswsock.dll
0x00007ffa53680000 - 0x00007ffa53696000 	C:\Users\Lucas Hernandez\.vscode\extensions\redhat.java-1.56.0-win32-x64\jre\21.0.12.1-win32-x86_64\bin\nio.dll
0x00007ffa57e70000 - 0x00007ffa57e80000 	C:\Users\Lucas Hernandez\.vscode\extensions\redhat.java-1.56.0-win32-x64\jre\21.0.12.1-win32-x86_64\bin\verify.dll
0x00007ffa47ff0000 - 0x00007ffa48017000 	C:\Users\Lucas Hernandez\.gradle\native\1def1411415f61bf3af743bc5b6707747c0891f09f0c88961ee8f79bc544acac\windows-amd64\native-platform.dll
0x00007ffa25c60000 - 0x00007ffa25cd8000 	C:\Users\Lucas Hernandez\.gradle\native\0.2.7\x86_64-windows-gnu\gradle-fileevents.dll
0x00007ffa6fe70000 - 0x00007ffa6fe7a000 	C:\Users\Lucas Hernandez\.vscode\extensions\redhat.java-1.56.0-win32-x64\jre\21.0.12.1-win32-x86_64\bin\management.dll
0x00007ffa6fe60000 - 0x00007ffa6fe6c000 	C:\Users\Lucas Hernandez\.vscode\extensions\redhat.java-1.56.0-win32-x64\jre\21.0.12.1-win32-x86_64\bin\management_ext.dll
0x00007ffa77c00000 - 0x00007ffa77c08000 	C:\WINDOWS\System32\PSAPI.DLL
0x00007ffa735d0000 - 0x00007ffa73603000 	C:\WINDOWS\SYSTEM32\IPHLPAPI.DLL
0x00007ffa77c10000 - 0x00007ffa77c1a000 	C:\WINDOWS\System32\NSI.dll
0x00007ffa60960000 - 0x00007ffa60969000 	C:\Users\Lucas Hernandez\.vscode\extensions\redhat.java-1.56.0-win32-x64\jre\21.0.12.1-win32-x86_64\bin\extnet.dll
0x00007ffa74520000 - 0x00007ffa7453b000 	C:\WINDOWS\SYSTEM32\CRYPTSP.dll
0x00007ffa73b90000 - 0x00007ffa73bc9000 	C:\WINDOWS\system32\rsaenh.dll
0x00007ffa742c0000 - 0x00007ffa742f4000 	C:\WINDOWS\SYSTEM32\USERENV.dll
0x00007ffa74e70000 - 0x00007ffa74e9a000 	C:\WINDOWS\SYSTEM32\bcrypt.dll
0x00007ffa74500000 - 0x00007ffa7450c000 	C:\WINDOWS\SYSTEM32\CRYPTBASE.dll
0x00007ffa60950000 - 0x00007ffa6095e000 	C:\Users\Lucas Hernandez\.vscode\extensions\redhat.java-1.56.0-win32-x64\jre\21.0.12.1-win32-x86_64\bin\sunmscapi.dll
0x00007ffa756f0000 - 0x00007ffa7586e000 	C:\WINDOWS\System32\CRYPT32.dll
0x00007ffa74740000 - 0x00007ffa74770000 	C:\WINDOWS\SYSTEM32\ncrypt.dll
0x00007ffa746f0000 - 0x00007ffa7472f000 	C:\WINDOWS\SYSTEM32\NTASN1.dll
0x00007ffa3a230000 - 0x00007ffa3a238000 	C:\WINDOWS\system32\wshunix.dll

JVMTI agents:
C:\Users\Lucas Hernandez\.gradle\wrapper\dists\gradle-8.14.3-all\10utluxaxniiv4wxiphsi49nj\gradle-8.14.3\lib\agents\gradle-instrumentation-agent-8.14.3.jar path:C:\Users\Lucas Hernandez\.vscode\extensions\redhat.java-1.56.0-win32-x64\jre\21.0.12.1-win32-x86_64\bin\instrument.dll, loaded, initialized, instrumentlib options:none

dbghelp: loaded successfully - version: 4.0.5 - missing functions: none
symbol engine: initialized successfully - sym options: 0x614 - pdb path: .;C:\Users\Lucas Hernandez\.vscode\extensions\redhat.java-1.56.0-win32-x64\jre\21.0.12.1-win32-x86_64\bin;C:\WINDOWS\SYSTEM32;C:\WINDOWS\WinSxS\amd64_microsoft.windows.common-controls_6595b64144ccf1df_6.0.26100.9278_none_3e0d1ba8e3303201;C:\Users\Lucas Hernandez\.vscode\extensions\redhat.java-1.56.0-win32-x64\jre\21.0.12.1-win32-x86_64\bin\server;C:\Users\Lucas Hernandez\.gradle\native\1def1411415f61bf3af743bc5b6707747c0891f09f0c88961ee8f79bc544acac\windows-amd64;C:\Users\Lucas Hernandez\.gradle\native\0.2.7\x86_64-windows-gnu

VM Arguments:
jvm_args: --add-opens=java.base/java.lang=ALL-UNNAMED --add-opens=java.base/java.lang.invoke=ALL-UNNAMED --add-opens=java.base/java.util=ALL-UNNAMED --add-opens=java.prefs/java.util.prefs=ALL-UNNAMED --add-exports=jdk.compiler/com.sun.tools.javac.api=ALL-UNNAMED --add-exports=jdk.compiler/com.sun.tools.javac.util=ALL-UNNAMED --add-opens=java.base/java.util=ALL-UNNAMED --add-opens=java.prefs/java.util.prefs=ALL-UNNAMED --add-opens=java.base/java.nio.charset=ALL-UNNAMED --add-opens=java.base/java.net=ALL-UNNAMED --add-opens=java.base/java.util.concurrent.atomic=ALL-UNNAMED --add-opens=java.xml/javax.xml.namespace=ALL-UNNAMED -Xmx1536m -Dfile.encoding=UTF-8 -Duser.country=ES -Duser.language=es -Duser.variant -javaagent:C:\Users\Lucas Hernandez\.gradle\wrapper\dists\gradle-8.14.3-all\10utluxaxniiv4wxiphsi49nj\gradle-8.14.3\lib\agents\gradle-instrumentation-agent-8.14.3.jar 
java_command: org.gradle.launcher.daemon.bootstrap.GradleDaemon 8.14.3
java_class_path (initial): C:\Users\Lucas Hernandez\.gradle\wrapper\dists\gradle-8.14.3-all\10utluxaxniiv4wxiphsi49nj\gradle-8.14.3\lib\gradle-daemon-main-8.14.3.jar
Launcher Type: SUN_STANDARD

[Global flags]
     intx CICompilerCount                          = 4                                         {product} {ergonomic}
     uint ConcGCThreads                            = 3                                         {product} {ergonomic}
     uint G1ConcRefinementThreads                  = 10                                        {product} {ergonomic}
   size_t G1HeapRegionSize                         = 1048576                                   {product} {ergonomic}
    uintx GCDrainStackTargetSize                   = 64                                        {product} {ergonomic}
   size_t InitialHeapSize                          = 260046848                                 {product} {ergonomic}
   size_t MarkStackSize                            = 4194304                                   {product} {ergonomic}
   size_t MaxHeapSize                              = 1610612736                                {product} {command line}
   size_t MaxNewSize                               = 965738496                                 {product} {ergonomic}
   size_t MinHeapDeltaBytes                        = 1048576                                   {product} {ergonomic}
   size_t MinHeapSize                              = 8388608                                   {product} {ergonomic}
    uintx NonNMethodCodeHeapSize                   = 5839372                                {pd product} {ergonomic}
    uintx NonProfiledCodeHeapSize                  = 122909434                              {pd product} {ergonomic}
    uintx ProfiledCodeHeapSize                     = 122909434                              {pd product} {ergonomic}
    uintx ReservedCodeCacheSize                    = 251658240                              {pd product} {ergonomic}
     bool SegmentedCodeCache                       = true                                      {product} {ergonomic}
   size_t SoftMaxHeapSize                          = 1610612736                             {manageable} {ergonomic}
     bool UseCompressedOops                        = true                           {product lp64_product} {ergonomic}
     bool UseG1GC                                  = true                                      {product} {ergonomic}
     bool UseLargePagesIndividualAllocation        = false                                  {pd product} {ergonomic}

Logging:
Log output configuration:
 #0: stdout all=warning uptime,level,tags foldmultilines=false
 #1: stderr all=off uptime,level,tags foldmultilines=false

Release file:
JAVA_VERSION="21.0.12.1" 
MODULES="java.base java.compiler java.datatransfer java.xml java.prefs java.desktop java.instrument java.logging java.management java.security.sasl java.naming java.rmi java.management.rmi java.net.http java.scripting java.security.jgss java.transaction.xa java.sql java.sql.rowset java.xml.crypto java.se java.smartcardio jdk.accessibility jdk.internal.jvmstat jdk.attach jdk.charsets jdk.internal.opt jdk.zipfs jdk.compiler jdk.crypto.ec jdk.crypto.cryptoki jdk.crypto.mscapi jdk.dynalink jdk.internal.ed jdk.editpad jdk.hotspot.agent jdk.httpserver jdk.internal.le jdk.internal.vm.ci jdk.internal.vm.compiler jdk.internal.vm.compiler.management jdk.jartool jdk.javadoc jdk.jcmd jdk.management jdk.management.agent jdk.jconsole jdk.jdeps jdk.jdwp.agent jdk.jdi jdk.jfr jdk.jshell jdk.jsobject jdk.jstatd jdk.localedata jdk.management.jfr jdk.naming.dns jdk.naming.rmi jdk.net jdk.nio.mapmode jdk.random jdk.sctp jdk.security.auth jdk.security.jgss jdk.unsupported jdk.unsupported.desktop jdk.xml.dom" 

Environment Variables:
JAVA_HOME=C:\Program Files\Eclipse Adoptium\jdk-17.0.20.101-hotspot\
PATH=C:\Program Files\Eclipse Adoptium\jdk-17.0.20.101-hotspot\bin;C:\Users\Lucas Hernandez\AppData\Local\Programs\Python\Python314\Scripts\;C:\Users\Lucas Hernandez\AppData\Local\Programs\Python\Python314\;C:\app\dbhomeXE\bin;C:\WINDOWS\system32;C:\WINDOWS;C:\WINDOWS\System32\Wbem;C:\WINDOWS\System32\WindowsPowerShell\v1.0\;C:\WINDOWS\System32\OpenSSH\;C:\Program Files\Docker\Docker\resources\bin;C:\Program Files\nodejs\;C:\ProgramData\chocolatey\bin;C:\Program Files\dotnet\;C:\Program Files\Git\cmd;C:\Program Files\MySQL\MySQL Shell 8.0\bin\;C:\Users\Lucas Hernandez\AppData\Local\Microsoft\WindowsApps;C:\Program Files\JetBrains\IntelliJ IDEA 2025.2.2\bin;C:\Users\Lucas Hernandez\AppData\Local\GitHubDesktop\bin;C:\Users\Lucas Hernandez\AppData\Local\Programs\Microsoft VS Code\bin;C:\Users\Lucas Hernandez\AppData\Local\Python\bin;C:\Users\Lucas Hernandez\AppData\Local\Programs\cursor\resources\app\bin;C:\Users\Lucas Hernandez\AppData\Roaming\npm;C:\src\flutter\bin;;C:\Android\sdk\platform-tools;C:\Android\sdk\cmdline-tools\latest\bin;C:\Android\sdk\emulator
USERNAME=Lucas Hernandez
OS=Windows_NT
PROCESSOR_IDENTIFIER=AMD64 Family 23 Model 104 Stepping 1, AuthenticAMD
TMP=C:\Users\LUCASH~1\AppData\Local\Temp
TEMP=C:\Users\LUCASH~1\AppData\Local\Temp




Periodic native trim disabled

---------------  S Y S T E M  ---------------

OS:
 Windows 11 , 64 bit Build 26100 (10.0.26100.9444)
OS uptime: 11 days 19:08 hours
Hyper-V role detected

CPU: total 12 (initial active 12) (12 cores per cpu, 2 threads per core) family 23 model 104 stepping 1 microcode 0x8608103, cx8, cmov, fxsr, ht, mmx, 3dnowpref, sse, sse2, sse3, ssse3, sse4a, sse4.1, sse4.2, popcnt, lzcnt, tsc, tscinvbit, avx, avx2, aes, clmul, bmi1, bmi2, adx, sha, fma, vzeroupper, clflush, clflushopt, hv, rdtscp, rdpid, f16c
Processor Information for the first 12 processors :
  Max Mhz: 2100, Current Mhz: 2100, Mhz Limit: 2100

Memory: 4k page, system-wide physical 15754M (0M free)
TotalPageFile size 64906M (AvailPageFile size 1M)
current process WorkingSet (physical memory assigned to process): 66M, peak: 258M
current process commit charge ("private bytes"): 242M, peak: 410M

vm_info: OpenJDK 64-Bit Server VM (21.0.12.1+1-LTS) for windows-amd64 JRE (21.0.12.1+1-LTS), built on 2026-08-18T00:00:00Z by "admin" with MS VC++ 17.12 (VS2022)

END.
