#
# There is insufficient memory for the Java Runtime Environment to continue.
# Native memory allocation (malloc) failed to allocate 279056 bytes. Error detail: Chunk::new
# Possible reasons:
#   The system is out of physical RAM or swap space
#   This process is running with CompressedOops enabled, and the Java Heap may be blocking the growth of the native heap
# Possible solutions:
#   Reduce memory load on the system
#   Increase physical memory or swap space
#   Check if swap backing store is full
#   Decrease Java heap size (-Xmx/-Xms)
#   Decrease number of Java threads
#   Decrease Java thread stack sizes (-Xss)
#   Set larger code cache with -XX:ReservedCodeCacheSize=
#   JVM is running with Unscaled Compressed Oops mode in which the Java heap is
#     placed in the first 4GB address space. The Java Heap base address is the
#     maximum limit for the native heap growth. Please use -XX:HeapBaseMinAddress
#     to set the Java Heap base and to place the Java Heap above 4GB virtual address.
# This output file may be truncated or incomplete.
#
#  Out of Memory Error (arena.cpp:168), pid=41900, tid=11260
#
# JRE version: OpenJDK Runtime Environment Temurin-21.0.12.1+1 (21.0.12.1+1) (build 21.0.12.1+1-LTS)
# Java VM: OpenJDK 64-Bit Server VM Temurin-21.0.12.1+1 (21.0.12.1+1-LTS, mixed mode, sharing, tiered, compressed oops, compressed class ptrs, g1 gc, windows-amd64)
# No core dump will be written. Minidumps are not enabled by default on client versions of Windows
#

---------------  S U M M A R Y ------------

Command Line: --add-opens=java.base/java.lang=ALL-UNNAMED --add-opens=java.base/java.lang.invoke=ALL-UNNAMED --add-opens=java.base/java.util=ALL-UNNAMED --add-opens=java.prefs/java.util.prefs=ALL-UNNAMED --add-exports=jdk.compiler/com.sun.tools.javac.api=ALL-UNNAMED --add-exports=jdk.compiler/com.sun.tools.javac.util=ALL-UNNAMED --add-opens=java.base/java.util=ALL-UNNAMED --add-opens=java.prefs/java.util.prefs=ALL-UNNAMED --add-opens=java.base/java.nio.charset=ALL-UNNAMED --add-opens=java.base/java.net=ALL-UNNAMED --add-opens=java.base/java.util.concurrent.atomic=ALL-UNNAMED --add-opens=java.xml/javax.xml.namespace=ALL-UNNAMED -Xmx1536m -Dfile.encoding=UTF-8 -Duser.country=ES -Duser.language=es -Duser.variant -javaagent:C:\Users\Lucas Hernandez\.gradle\wrapper\dists\gradle-8.14.3-all\10utluxaxniiv4wxiphsi49nj\gradle-8.14.3\lib\agents\gradle-instrumentation-agent-8.14.3.jar org.gradle.launcher.daemon.bootstrap.GradleDaemon 8.14.3

Host: AMD Ryzen 5 7430U with Radeon Graphics, 12 cores, 15G,  Windows 11 , 64 bit Build 26100 (10.0.26100.9444)
Time: Wed Oct  7 16:16:21 2026 Hora de verano romance elapsed time: 224.584939 seconds (0d 0h 3m 44s)

---------------  T H R E A D  ---------------

Current thread (0x000002418702cd70):  JavaThread "C2 CompilerThread0" daemon [_thread_in_native, id=11260, stack(0x0000005fd3900000,0x0000005fd3a00000) (1024K)]


Current CompileTask:
C2:224585 5726   !   4       jdk.internal.loader.Resource::getBytes (244 bytes)

Stack: [0x0000005fd3900000,0x0000005fd3a00000]
Native frames: (J=compiled Java code, j=interpreted, Vv=VM code, C=native code)
V  [jvm.dll+0x6d83e9]
V  [jvm.dll+0x8b5736]
V  [jvm.dll+0x8b7cee]
V  [jvm.dll+0x8b83d3]
V  [jvm.dll+0x284596]
V  [jvm.dll+0xc685d]
V  [jvm.dll+0xc6da1]
V  [jvm.dll+0x2fb5ae]
V  [jvm.dll+0x5fee94]
V  [jvm.dll+0x255d67]
V  [jvm.dll+0x24e2ca]
V  [jvm.dll+0x24bbe6]
V  [jvm.dll+0x1cb4ae]
V  [jvm.dll+0x25baad]
V  [jvm.dll+0x25a03a]
V  [jvm.dll+0x3f8aae]
V  [jvm.dll+0x8600cd]
V  [jvm.dll+0x6d6c1d]
C  [ucrtbase.dll+0x2cd30]
C  [KERNEL32.DLL+0x2cd87]
C  [ntdll.dll+0xacaec]


---------------  P R O C E S S  ---------------

Threads class SMR info:
_java_thread_list=0x000002418d2ab3c0, length=41, elements={
0x000002412c65bf70, 0x0000024187025ed0, 0x0000024187027650, 0x00000241870280b0,
0x000002418702ab20, 0x000002418702b580, 0x000002418702bfe0, 0x000002418702cd70,
0x0000024187036500, 0x0000024187221010, 0x000002418733b850, 0x0000024187105ff0,
0x000002418c2dc560, 0x000002418c246c30, 0x0000024187526380, 0x00000241871d84d0,
0x000002418c359e60, 0x000002418c35a4f0, 0x000002418c357070, 0x000002418c357700,
0x000002418c358ab0, 0x000002418c357d90, 0x000002418c358420, 0x000002418c3597d0,
0x000002418c5ef9a0, 0x000002418c5f06c0, 0x000002418c5f2e20, 0x000002418c5f0030,
0x000002418c5f13e0, 0x000002418c5f0d50, 0x000002418c5f4860, 0x000002418c5f34b0,
0x000002418c5f3b40, 0x000002418c5f41d0, 0x000002418c5f4ef0, 0x000002418c5f1a70,
0x000002418c5f5580, 0x000002418c5f5c10, 0x000002418c5f62a0, 0x000002418c359140,
0x000002418f058300
}

Java Threads: ( => current thread )
  0x000002412c65bf70 JavaThread "main"                              [_thread_blocked, id=35944, stack(0x0000005fd2a00000,0x0000005fd2b00000) (1024K)]
  0x0000024187025ed0 JavaThread "Reference Handler"          daemon [_thread_blocked, id=15604, stack(0x0000005fd3300000,0x0000005fd3400000) (1024K)]
  0x0000024187027650 JavaThread "Finalizer"                  daemon [_thread_blocked, id=15848, stack(0x0000005fd3400000,0x0000005fd3500000) (1024K)]
  0x00000241870280b0 JavaThread "Signal Dispatcher"          daemon [_thread_blocked, id=8288, stack(0x0000005fd3500000,0x0000005fd3600000) (1024K)]
  0x000002418702ab20 JavaThread "Attach Listener"            daemon [_thread_blocked, id=10888, stack(0x0000005fd3600000,0x0000005fd3700000) (1024K)]
  0x000002418702b580 JavaThread "Service Thread"             daemon [_thread_blocked, id=6540, stack(0x0000005fd3700000,0x0000005fd3800000) (1024K)]
  0x000002418702bfe0 JavaThread "Monitor Deflation Thread"   daemon [_thread_blocked, id=36512, stack(0x0000005fd3800000,0x0000005fd3900000) (1024K)]
=>0x000002418702cd70 JavaThread "C2 CompilerThread0"         daemon [_thread_in_native, id=11260, stack(0x0000005fd3900000,0x0000005fd3a00000) (1024K)]
  0x0000024187036500 JavaThread "C1 CompilerThread0"         daemon [_thread_blocked, id=8796, stack(0x0000005fd3a00000,0x0000005fd3b00000) (1024K)]
  0x0000024187221010 JavaThread "Common-Cleaner"             daemon [_thread_blocked, id=20864, stack(0x0000005fd3b00000,0x0000005fd3c00000) (1024K)]
  0x000002418733b850 JavaThread "Notification Thread"        daemon [_thread_blocked, id=39444, stack(0x0000005fd3c00000,0x0000005fd3d00000) (1024K)]
  0x0000024187105ff0 JavaThread "Daemon health stats"               [_thread_blocked, id=3168, stack(0x0000005fd4100000,0x0000005fd4200000) (1024K)]
  0x000002418c2dc560 JavaThread "Incoming local TCP Connector on port 59256"        [_thread_in_native, id=22680, stack(0x0000005fd4200000,0x0000005fd4300000) (1024K)]
  0x000002418c246c30 JavaThread "Daemon periodic checks"            [_thread_blocked, id=22476, stack(0x0000005fd4300000,0x0000005fd4400000) (1024K)]
  0x0000024187526380 JavaThread "Daemon"                            [_thread_blocked, id=43244, stack(0x0000005fd4400000,0x0000005fd4500000) (1024K)]
  0x00000241871d84d0 JavaThread "Handler for socket connection from /127.0.0.1:59256 to /127.0.0.1:59258"        [_thread_in_native, id=8468, stack(0x0000005fd4500000,0x0000005fd4600000) (1024K)]
  0x000002418c359e60 JavaThread "Cancel handler"                    [_thread_blocked, id=19808, stack(0x0000005fd4600000,0x0000005fd4700000) (1024K)]
  0x000002418c35a4f0 JavaThread "Daemon worker"                     [_thread_in_vm, id=28656, stack(0x0000005fd4700000,0x0000005fd4800000) (1024K)]
  0x000002418c357070 JavaThread "Asynchronous log dispatcher for DefaultDaemonConnection: socket connection from /127.0.0.1:59256 to /127.0.0.1:59258"        [_thread_blocked, id=27336, stack(0x0000005fd4800000,0x0000005fd4900000) (1024K)]
  0x000002418c357700 JavaThread "Stdin handler"                     [_thread_blocked, id=40332, stack(0x0000005fd4900000,0x0000005fd4a00000) (1024K)]
  0x000002418c358ab0 JavaThread "Daemon client event forwarder"        [_thread_blocked, id=23624, stack(0x0000005fd4a00000,0x0000005fd4b00000) (1024K)]
  0x000002418c357d90 JavaThread "Cache worker for journal cache (C:\Users\Lucas Hernandez\.gradle\caches\journal-1)"        [_thread_blocked, id=7656, stack(0x0000005fd4b00000,0x0000005fd4c00000) (1024K)]
  0x000002418c358420 JavaThread "File lock request listener"        [_thread_in_native, id=38976, stack(0x0000005fd4c00000,0x0000005fd4d00000) (1024K)]
  0x000002418c3597d0 JavaThread "Cache worker for file hash cache (C:\Users\Lucas Hernandez\.gradle\caches\8.14.3\fileHashes)"        [_thread_blocked, id=27300, stack(0x0000005fd4e00000,0x0000005fd4f00000) (1024K)]
  0x000002418c5ef9a0 JavaThread "Cache worker for file hash cache (C:\Users\Lucas Hernandez\OneDrive - UDIT\Documents\DI\dam2-productos-archivos\android\.gradle\8.14.3\fileHashes)"        [_thread_blocked, id=35516, stack(0x0000005fd5600000,0x0000005fd5700000) (1024K)]
  0x000002418c5f06c0 JavaThread "Cache worker for Build Output Cleanup Cache (C:\Users\Lucas Hernandez\OneDrive - UDIT\Documents\DI\dam2-productos-archivos\android\.gradle\buildOutputCleanup)"        [_thread_blocked, id=23524, stack(0x0000005fd5700000,0x0000005fd5800000) (1024K)]
  0x000002418c5f2e20 JavaThread "File watcher server"        daemon [_thread_in_native, id=28464, stack(0x0000005fd5500000,0x0000005fd5600000) (1024K)]
  0x000002418c5f0030 JavaThread "File watcher consumer"      daemon [_thread_blocked, id=18676, stack(0x0000005fd5800000,0x0000005fd5900000) (1024K)]
  0x000002418c5f13e0 JavaThread "jar transforms"                    [_thread_blocked, id=30688, stack(0x0000005fd5900000,0x0000005fd5a00000) (1024K)]
  0x000002418c5f0d50 JavaThread "jar transforms Thread 2"           [_thread_blocked, id=36496, stack(0x0000005fd2800000,0x0000005fd2900000) (1024K)]
  0x000002418c5f4860 JavaThread "Cache worker for checksums cache (C:\Users\Lucas Hernandez\OneDrive - UDIT\Documents\DI\dam2-productos-archivos\android\.gradle\8.14.3\checksums)"        [_thread_blocked, id=42216, stack(0x0000005fd2b00000,0x0000005fd2c00000) (1024K)]
  0x000002418c5f34b0 JavaThread "Cache worker for file content cache (C:\Users\Lucas Hernandez\.gradle\caches\8.14.3\fileContent)"        [_thread_blocked, id=41736, stack(0x0000005fd5a00000,0x0000005fd5b00000) (1024K)]
  0x000002418c5f3b40 JavaThread "jar transforms Thread 3"           [_thread_blocked, id=40576, stack(0x0000005fd5b00000,0x0000005fd5c00000) (1024K)]
  0x000002418c5f41d0 JavaThread "jar transforms Thread 4"           [_thread_blocked, id=27600, stack(0x0000005fd5c00000,0x0000005fd5d00000) (1024K)]
  0x000002418c5f4ef0 JavaThread "jar transforms Thread 5"           [_thread_blocked, id=42496, stack(0x0000005fd5d00000,0x0000005fd5e00000) (1024K)]
  0x000002418c5f1a70 JavaThread "File lock release action executor Thread 2"        [_thread_blocked, id=41940, stack(0x0000005fd4d00000,0x0000005fd4e00000) (1024K)]
  0x000002418c5f5580 JavaThread "jar transforms Thread 6"           [_thread_blocked, id=23788, stack(0x0000005fd5e00000,0x0000005fd5f00000) (1024K)]
  0x000002418c5f5c10 JavaThread "Cache worker for cache directory md-supplier (C:\Users\Lucas Hernandez\.gradle\caches\8.14.3\md-supplier)"        [_thread_blocked, id=14216, stack(0x0000005fd5f00000,0x0000005fd6000000) (1024K)]
  0x000002418c5f62a0 JavaThread "Cache worker for cache directory md-rule (C:\Users\Lucas Hernandez\.gradle\caches\8.14.3\md-rule)"        [_thread_blocked, id=24708, stack(0x0000005fd6000000,0x0000005fd6100000) (1024K)]
  0x000002418c359140 JavaThread "jar transforms Thread 7"           [_thread_blocked, id=36828, stack(0x0000005fd6100000,0x0000005fd6200000) (1024K)]
  0x000002418f058300 JavaThread "C2 CompilerThread1"         daemon [_thread_blocked, id=46284, stack(0x0000005fd6200000,0x0000005fd6300000) (1024K)]
Total: 41

Other Threads:
  0x0000024187008a80 VMThread "VM Thread"                           [id=41576, stack(0x0000005fd3200000,0x0000005fd3300000) (1024K)]
  0x0000024145c82930 WatcherThread "VM Periodic Task Thread"        [id=31940, stack(0x0000005fd3100000,0x0000005fd3200000) (1024K)]
  0x000002412eaecae0 WorkerThread "GC Thread#0"                     [id=10552, stack(0x0000005fd2c00000,0x0000005fd2d00000) (1024K)]
  0x00000241874184d0 WorkerThread "GC Thread#1"                     [id=40840, stack(0x0000005fd3d00000,0x0000005fd3e00000) (1024K)]
  0x0000024187418880 WorkerThread "GC Thread#2"                     [id=6452, stack(0x0000005fd3e00000,0x0000005fd3f00000) (1024K)]
  0x0000024187418c30 WorkerThread "GC Thread#3"                     [id=15720, stack(0x0000005fd3f00000,0x0000005fd4000000) (1024K)]
  0x0000024187418fe0 WorkerThread "GC Thread#4"                     [id=16296, stack(0x0000005fd4000000,0x0000005fd4100000) (1024K)]
  0x000002418d474b80 WorkerThread "GC Thread#5"                     [id=3780, stack(0x0000005fd2900000,0x0000005fd2a00000) (1024K)]
  0x000002418d475df0 WorkerThread "GC Thread#6"                     [id=42852, stack(0x0000005fd4f00000,0x0000005fd5000000) (1024K)]
  0x000002418d473560 WorkerThread "GC Thread#7"                     [id=36076, stack(0x0000005fd5000000,0x0000005fd5100000) (1024K)]
  0x000002418d474f30 WorkerThread "GC Thread#8"                     [id=9740, stack(0x0000005fd5100000,0x0000005fd5200000) (1024K)]
  0x000002418d472a50 WorkerThread "GC Thread#9"                     [id=22940, stack(0x0000005fd5200000,0x0000005fd5300000) (1024K)]
  0x000002412eaf98e0 ConcurrentGCThread "G1 Main Marker"            [id=24196, stack(0x0000005fd2d00000,0x0000005fd2e00000) (1024K)]
  0x000002412eafa200 WorkerThread "G1 Conc#0"                       [id=37836, stack(0x0000005fd2e00000,0x0000005fd2f00000) (1024K)]
  0x000002418d473910 WorkerThread "G1 Conc#1"                       [id=25756, stack(0x0000005fd5300000,0x0000005fd5400000) (1024K)]
  0x000002418d474420 WorkerThread "G1 Conc#2"                       [id=30820, stack(0x0000005fd5400000,0x0000005fd5500000) (1024K)]
  0x000002412eb5eb80 ConcurrentGCThread "G1 Refine#0"               [id=41848, stack(0x0000005fd2f00000,0x0000005fd3000000) (1024K)]
  0x0000024145b55800 ConcurrentGCThread "G1 Service"                [id=6856, stack(0x0000005fd3000000,0x0000005fd3100000) (1024K)]
Total: 18

Threads with active compile tasks:
C2 CompilerThread0  224759 5726   !   4       jdk.internal.loader.Resource::getBytes (244 bytes)
Total: 1

VM state: not at safepoint (normal execution)

VM Mutex/Monitor currently owned by a thread: None

Heap address: 0x00000000a0000000, size: 1536 MB, Compressed Oops mode: 32-bit

CDS archive(s) mapped at: [0x0000024146000000-0x0000024146ba0000-0x0000024146ba0000), size 12189696, SharedBaseAddress: 0x0000024146000000, ArchiveRelocationMode: 1.
Compressed class space mapped at: 0x0000024147000000-0x0000024187000000, reserved size: 1073741824
Narrow klass base: 0x0000024146000000, Narrow klass shift: 0, Narrow klass range: 0x100000000

GC Precious Log:
 CardTable entry size: 512
 Card Set container configuration: InlinePtr #cards 5 size 8 Array Of Cards #cards 12 size 40 Howl #buckets 4 coarsen threshold 1843 Howl Bitmap #cards 512 size 80 coarsen threshold 460 Card regions per heap region 1 cards per card region 2048
 CPUs: 12 total, 12 available
 Memory: 15754M
 Large Page Support: Disabled
 NUMA Support: Disabled
 Compressed Oops: Enabled (32-bit)
 Heap Region Size: 1M
 Heap Min Capacity: 8M
 Heap Initial Capacity: 248M
 Heap Max Capacity: 1536M
 Pre-touch: Disabled
 Parallel Workers: 10
 Concurrent Workers: 3
 Concurrent Refinement Workers: 10
 Periodic GC: Disabled

Heap:
 garbage-first heap   total 93184K, used 58975K [0x00000000a0000000, 0x0000000100000000)
  region size 1024K, 27 young (27648K), 6 survivors (6144K)
 Metaspace       used 44202K, committed 45760K, reserved 1114112K
  class space    used 6323K, committed 7040K, reserved 1048576K

Heap Regions: E=young(eden), S=young(survivor), O=old, HS=humongous(starts), HC=humongous(continues), CS=collection set, F=free, TAMS=top-at-mark-start, PB=parsable bottom
|   0|0x00000000a0000000, 0x00000000a0100000, 0x00000000a0100000|100%|HS|  |TAMS 0x00000000a0000000| PB 0x00000000a0000000| Complete 
|   1|0x00000000a0100000, 0x00000000a0200000, 0x00000000a0200000|100%|HC|  |TAMS 0x00000000a0100000| PB 0x00000000a0100000| Complete 
|   2|0x00000000a0200000, 0x00000000a0300000, 0x00000000a0300000|100%|HC|  |TAMS 0x00000000a0200000| PB 0x00000000a0200000| Complete 
|   3|0x00000000a0300000, 0x00000000a0400000, 0x00000000a0400000|100%| O|  |TAMS 0x00000000a0300000| PB 0x00000000a0300000| Untracked 
|   4|0x00000000a0400000, 0x00000000a0500000, 0x00000000a0500000|100%| O|  |TAMS 0x00000000a0400000| PB 0x00000000a0400000| Untracked 
|   5|0x00000000a0500000, 0x00000000a0600000, 0x00000000a0600000|100%| O|  |TAMS 0x00000000a0500000| PB 0x00000000a0500000| Untracked 
|   6|0x00000000a0600000, 0x00000000a0700000, 0x00000000a0700000|100%|HS|  |TAMS 0x00000000a0600000| PB 0x00000000a0600000| Complete 
|   7|0x00000000a0700000, 0x00000000a0800000, 0x00000000a0800000|100%| O|  |TAMS 0x00000000a0700000| PB 0x00000000a0700000| Untracked 
|   8|0x00000000a0800000, 0x00000000a0900000, 0x00000000a0900000|100%| O|  |TAMS 0x00000000a0800000| PB 0x00000000a0800000| Untracked 
|   9|0x00000000a0900000, 0x00000000a0a00000, 0x00000000a0a00000|100%| O|  |TAMS 0x00000000a0900000| PB 0x00000000a0900000| Untracked 
|  10|0x00000000a0a00000, 0x00000000a0b00000, 0x00000000a0b00000|100%| O|  |TAMS 0x00000000a0a00000| PB 0x00000000a0a00000| Untracked 
|  11|0x00000000a0b00000, 0x00000000a0c00000, 0x00000000a0c00000|100%| O|  |TAMS 0x00000000a0b00000| PB 0x00000000a0b00000| Untracked 
|  12|0x00000000a0c00000, 0x00000000a0d00000, 0x00000000a0d00000|100%| O|  |TAMS 0x00000000a0c00000| PB 0x00000000a0c00000| Untracked 
|  13|0x00000000a0d00000, 0x00000000a0e00000, 0x00000000a0e00000|100%| O|  |TAMS 0x00000000a0d00000| PB 0x00000000a0d00000| Untracked 
|  14|0x00000000a0e00000, 0x00000000a0f00000, 0x00000000a0f00000|100%| O|  |TAMS 0x00000000a0e00000| PB 0x00000000a0e00000| Untracked 
|  15|0x00000000a0f00000, 0x00000000a1000000, 0x00000000a1000000|100%| O|  |TAMS 0x00000000a0f00000| PB 0x00000000a0f00000| Untracked 
|  16|0x00000000a1000000, 0x00000000a1100000, 0x00000000a1100000|100%| O|  |TAMS 0x00000000a1000000| PB 0x00000000a1000000| Untracked 
|  17|0x00000000a1100000, 0x00000000a1200000, 0x00000000a1200000|100%| O|  |TAMS 0x00000000a1100000| PB 0x00000000a1100000| Untracked 
|  18|0x00000000a1200000, 0x00000000a1300000, 0x00000000a1300000|100%| O|  |TAMS 0x00000000a1200000| PB 0x00000000a1200000| Untracked 
|  19|0x00000000a1300000, 0x00000000a1400000, 0x00000000a1400000|100%| O|  |TAMS 0x00000000a1300000| PB 0x00000000a1300000| Untracked 
|  20|0x00000000a1400000, 0x00000000a1500000, 0x00000000a1500000|100%| O|  |TAMS 0x00000000a1400000| PB 0x00000000a1400000| Untracked 
|  21|0x00000000a1500000, 0x00000000a1600000, 0x00000000a1600000|100%| O|  |TAMS 0x00000000a1500000| PB 0x00000000a1500000| Untracked 
|  22|0x00000000a1600000, 0x00000000a1700000, 0x00000000a1700000|100%| O|  |TAMS 0x00000000a1600000| PB 0x00000000a1600000| Untracked 
|  23|0x00000000a1700000, 0x00000000a1800000, 0x00000000a1800000|100%| O|  |TAMS 0x00000000a1700000| PB 0x00000000a1700000| Untracked 
|  24|0x00000000a1800000, 0x00000000a1900000, 0x00000000a1900000|100%| O|  |TAMS 0x00000000a1800000| PB 0x00000000a1800000| Untracked 
|  25|0x00000000a1900000, 0x00000000a1a00000, 0x00000000a1a00000|100%| O|  |TAMS 0x00000000a1900000| PB 0x00000000a1900000| Untracked 
|  26|0x00000000a1a00000, 0x00000000a1b00000, 0x00000000a1b00000|100%| O|  |TAMS 0x00000000a1a00000| PB 0x00000000a1a00000| Untracked 
|  27|0x00000000a1b00000, 0x00000000a1c00000, 0x00000000a1c00000|100%| O|  |TAMS 0x00000000a1b00000| PB 0x00000000a1b00000| Untracked 
|  28|0x00000000a1c00000, 0x00000000a1d00000, 0x00000000a1d00000|100%| O|  |TAMS 0x00000000a1c00000| PB 0x00000000a1c00000| Untracked 
|  29|0x00000000a1d00000, 0x00000000a1e00000, 0x00000000a1e00000|100%|HS|  |TAMS 0x00000000a1d00000| PB 0x00000000a1d00000| Complete 
|  30|0x00000000a1e00000, 0x00000000a1f00000, 0x00000000a1f00000|100%| O|  |TAMS 0x00000000a1e00000| PB 0x00000000a1e00000| Untracked 
|  31|0x00000000a1f00000, 0x00000000a2000000, 0x00000000a2000000|100%| O|  |TAMS 0x00000000a1f00000| PB 0x00000000a1f00000| Untracked 
|  32|0x00000000a2000000, 0x00000000a20138c0, 0x00000000a2100000|  7%| O|  |TAMS 0x00000000a2000000| PB 0x00000000a2000000| Untracked 
|  33|0x00000000a2100000, 0x00000000a2200000, 0x00000000a2200000|100%|HS|  |TAMS 0x00000000a2100000| PB 0x00000000a2100000| Complete 
|  34|0x00000000a2200000, 0x00000000a2200000, 0x00000000a2300000|  0%| F|  |TAMS 0x00000000a2200000| PB 0x00000000a2200000| Untracked 
|  35|0x00000000a2300000, 0x00000000a2300000, 0x00000000a2400000|  0%| F|  |TAMS 0x00000000a2300000| PB 0x00000000a2300000| Untracked 
|  36|0x00000000a2400000, 0x00000000a2400000, 0x00000000a2500000|  0%| F|  |TAMS 0x00000000a2400000| PB 0x00000000a2400000| Untracked 
|  37|0x00000000a2500000, 0x00000000a2500000, 0x00000000a2600000|  0%| F|  |TAMS 0x00000000a2500000| PB 0x00000000a2500000| Untracked 
|  38|0x00000000a2600000, 0x00000000a2600000, 0x00000000a2700000|  0%| F|  |TAMS 0x00000000a2600000| PB 0x00000000a2600000| Untracked 
|  39|0x00000000a2700000, 0x00000000a27843c0, 0x00000000a2800000| 51%| S|CS|TAMS 0x00000000a2700000| PB 0x00000000a2700000| Complete 
|  40|0x00000000a2800000, 0x00000000a2900000, 0x00000000a2900000|100%| S|CS|TAMS 0x00000000a2800000| PB 0x00000000a2800000| Complete 
|  41|0x00000000a2900000, 0x00000000a2a00000, 0x00000000a2a00000|100%| S|CS|TAMS 0x00000000a2900000| PB 0x00000000a2900000| Complete 
|  42|0x00000000a2a00000, 0x00000000a2b00000, 0x00000000a2b00000|100%| S|CS|TAMS 0x00000000a2a00000| PB 0x00000000a2a00000| Complete 
|  43|0x00000000a2b00000, 0x00000000a2c00000, 0x00000000a2c00000|100%| S|CS|TAMS 0x00000000a2b00000| PB 0x00000000a2b00000| Complete 
|  44|0x00000000a2c00000, 0x00000000a2c00000, 0x00000000a2d00000|  0%| F|  |TAMS 0x00000000a2c00000| PB 0x00000000a2c00000| Untracked 
|  45|0x00000000a2d00000, 0x00000000a2d00000, 0x00000000a2e00000|  0%| F|  |TAMS 0x00000000a2d00000| PB 0x00000000a2d00000| Untracked 
|  46|0x00000000a2e00000, 0x00000000a2e00000, 0x00000000a2f00000|  0%| F|  |TAMS 0x00000000a2e00000| PB 0x00000000a2e00000| Untracked 
|  47|0x00000000a2f00000, 0x00000000a3000000, 0x00000000a3000000|100%| S|CS|TAMS 0x00000000a2f00000| PB 0x00000000a2f00000| Complete 
|  48|0x00000000a3000000, 0x00000000a3000000, 0x00000000a3100000|  0%| F|  |TAMS 0x00000000a3000000| PB 0x00000000a3000000| Untracked 
|  49|0x00000000a3100000, 0x00000000a3100000, 0x00000000a3200000|  0%| F|  |TAMS 0x00000000a3100000| PB 0x00000000a3100000| Untracked 
|  50|0x00000000a3200000, 0x00000000a3200000, 0x00000000a3300000|  0%| F|  |TAMS 0x00000000a3200000| PB 0x00000000a3200000| Untracked 
|  51|0x00000000a3300000, 0x00000000a3300000, 0x00000000a3400000|  0%| F|  |TAMS 0x00000000a3300000| PB 0x00000000a3300000| Untracked 
|  52|0x00000000a3400000, 0x00000000a3400000, 0x00000000a3500000|  0%| F|  |TAMS 0x00000000a3400000| PB 0x00000000a3400000| Untracked 
|  53|0x00000000a3500000, 0x00000000a3500000, 0x00000000a3600000|  0%| F|  |TAMS 0x00000000a3500000| PB 0x00000000a3500000| Untracked 
|  54|0x00000000a3600000, 0x00000000a3600000, 0x00000000a3700000|  0%| F|  |TAMS 0x00000000a3600000| PB 0x00000000a3600000| Untracked 
|  55|0x00000000a3700000, 0x00000000a3700000, 0x00000000a3800000|  0%| F|  |TAMS 0x00000000a3700000| PB 0x00000000a3700000| Untracked 
|  56|0x00000000a3800000, 0x00000000a3800000, 0x00000000a3900000|  0%| F|  |TAMS 0x00000000a3800000| PB 0x00000000a3800000| Untracked 
|  57|0x00000000a3900000, 0x00000000a3900000, 0x00000000a3a00000|  0%| F|  |TAMS 0x00000000a3900000| PB 0x00000000a3900000| Untracked 
|  58|0x00000000a3a00000, 0x00000000a3a00000, 0x00000000a3b00000|  0%| F|  |TAMS 0x00000000a3a00000| PB 0x00000000a3a00000| Untracked 
|  59|0x00000000a3b00000, 0x00000000a3b00000, 0x00000000a3c00000|  0%| F|  |TAMS 0x00000000a3b00000| PB 0x00000000a3b00000| Untracked 
|  60|0x00000000a3c00000, 0x00000000a3c00000, 0x00000000a3d00000|  0%| F|  |TAMS 0x00000000a3c00000| PB 0x00000000a3c00000| Untracked 
|  61|0x00000000a3d00000, 0x00000000a3d00000, 0x00000000a3e00000|  0%| F|  |TAMS 0x00000000a3d00000| PB 0x00000000a3d00000| Untracked 
|  62|0x00000000a3e00000, 0x00000000a3e00000, 0x00000000a3f00000|  0%| F|  |TAMS 0x00000000a3e00000| PB 0x00000000a3e00000| Untracked 
|  63|0x00000000a3f00000, 0x00000000a3f00000, 0x00000000a4000000|  0%| F|  |TAMS 0x00000000a3f00000| PB 0x00000000a3f00000| Untracked 
|  64|0x00000000a4000000, 0x00000000a4000000, 0x00000000a4100000|  0%| F|  |TAMS 0x00000000a4000000| PB 0x00000000a4000000| Untracked 
|  65|0x00000000a4100000, 0x00000000a4100000, 0x00000000a4200000|  0%| F|  |TAMS 0x00000000a4100000| PB 0x00000000a4100000| Untracked 
|  66|0x00000000a4200000, 0x00000000a4200000, 0x00000000a4300000|  0%| F|  |TAMS 0x00000000a4200000| PB 0x00000000a4200000| Untracked 
|  67|0x00000000a4300000, 0x00000000a4300000, 0x00000000a4400000|  0%| F|  |TAMS 0x00000000a4300000| PB 0x00000000a4300000| Untracked 
|  68|0x00000000a4400000, 0x00000000a4400000, 0x00000000a4500000|  0%| F|  |TAMS 0x00000000a4400000| PB 0x00000000a4400000| Untracked 
|  69|0x00000000a4500000, 0x00000000a4500000, 0x00000000a4600000|  0%| F|  |TAMS 0x00000000a4500000| PB 0x00000000a4500000| Untracked 
|  70|0x00000000a4600000, 0x00000000a4700000, 0x00000000a4700000|100%| E|  |TAMS 0x00000000a4600000| PB 0x00000000a4600000| Complete 
|  71|0x00000000a4700000, 0x00000000a4800000, 0x00000000a4800000|100%| E|CS|TAMS 0x00000000a4700000| PB 0x00000000a4700000| Complete 
|  72|0x00000000a4800000, 0x00000000a4900000, 0x00000000a4900000|100%| E|CS|TAMS 0x00000000a4800000| PB 0x00000000a4800000| Complete 
|  73|0x00000000a4900000, 0x00000000a4a00000, 0x00000000a4a00000|100%| E|CS|TAMS 0x00000000a4900000| PB 0x00000000a4900000| Complete 
|  74|0x00000000a4a00000, 0x00000000a4b00000, 0x00000000a4b00000|100%| E|CS|TAMS 0x00000000a4a00000| PB 0x00000000a4a00000| Complete 
|  75|0x00000000a4b00000, 0x00000000a4c00000, 0x00000000a4c00000|100%| E|CS|TAMS 0x00000000a4b00000| PB 0x00000000a4b00000| Complete 
|  76|0x00000000a4c00000, 0x00000000a4d00000, 0x00000000a4d00000|100%| E|CS|TAMS 0x00000000a4c00000| PB 0x00000000a4c00000| Complete 
|  77|0x00000000a4d00000, 0x00000000a4e00000, 0x00000000a4e00000|100%| E|CS|TAMS 0x00000000a4d00000| PB 0x00000000a4d00000| Complete 
|  78|0x00000000a4e00000, 0x00000000a4f00000, 0x00000000a4f00000|100%| E|CS|TAMS 0x00000000a4e00000| PB 0x00000000a4e00000| Complete 
|  79|0x00000000a4f00000, 0x00000000a5000000, 0x00000000a5000000|100%| E|CS|TAMS 0x00000000a4f00000| PB 0x00000000a4f00000| Complete 
|  80|0x00000000a5000000, 0x00000000a5100000, 0x00000000a5100000|100%| E|CS|TAMS 0x00000000a5000000| PB 0x00000000a5000000| Complete 
|  81|0x00000000a5100000, 0x00000000a5200000, 0x00000000a5200000|100%| E|CS|TAMS 0x00000000a5100000| PB 0x00000000a5100000| Complete 
|  82|0x00000000a5200000, 0x00000000a5300000, 0x00000000a5300000|100%| E|  |TAMS 0x00000000a5200000| PB 0x00000000a5200000| Complete 
|  83|0x00000000a5300000, 0x00000000a5400000, 0x00000000a5400000|100%| E|CS|TAMS 0x00000000a5300000| PB 0x00000000a5300000| Complete 
|  84|0x00000000a5400000, 0x00000000a5500000, 0x00000000a5500000|100%| E|CS|TAMS 0x00000000a5400000| PB 0x00000000a5400000| Complete 
|  85|0x00000000a5500000, 0x00000000a5600000, 0x00000000a5600000|100%| E|CS|TAMS 0x00000000a5500000| PB 0x00000000a5500000| Complete 
|  86|0x00000000a5600000, 0x00000000a5700000, 0x00000000a5700000|100%| E|CS|TAMS 0x00000000a5600000| PB 0x00000000a5600000| Complete 
|  87|0x00000000a5700000, 0x00000000a5800000, 0x00000000a5800000|100%| E|CS|TAMS 0x00000000a5700000| PB 0x00000000a5700000| Complete 
| 244|0x00000000af400000, 0x00000000af500000, 0x00000000af500000|100%| E|CS|TAMS 0x00000000af400000| PB 0x00000000af400000| Complete 
| 245|0x00000000af500000, 0x00000000af600000, 0x00000000af600000|100%| E|CS|TAMS 0x00000000af500000| PB 0x00000000af500000| Complete 
| 247|0x00000000af700000, 0x00000000af800000, 0x00000000af800000|100%| E|CS|TAMS 0x00000000af700000| PB 0x00000000af700000| Complete 

Card table byte_map: [0x00000241414f0000,0x00000241417f0000] _byte_map_base: 0x0000024140ff0000

Marking Bits: (CMBitMap*) 0x000002412eaed000
 Bits: [0x00000241417f0000, 0x0000024142ff0000)

Polling page: 0x000002412e260000

Metaspace:

Usage:
  Non-class:     36.99 MB used.
      Class:      6.18 MB used.
       Both:     43.18 MB used.

Virtual space:
  Non-class space:       64.00 MB reserved,      37.81 MB ( 59%) committed,  1 nodes.
      Class space:        1.00 GB reserved,       6.88 MB ( <1%) committed,  1 nodes.
             Both:        1.06 GB reserved,      44.69 MB (  4%) committed. 

Chunk freelists:
   Non-Class:  10.05 MB
       Class:  8.94 MB
        Both:  18.98 MB

MaxMetaspaceSize: unlimited
CompressedClassSpaceSize: 1.00 GB
Initial GC threshold: 21.00 MB
Current GC threshold: 58.88 MB
CDS: on
 - commit_granule_bytes: 65536.
 - commit_granule_words: 8192.
 - virtual_space_node_default_size: 8388608.
 - enlarge_chunks_in_place: 1.
 - use_allocation_guard: 0.


Internal statistics:

num_allocs_failed_limit: 6.
num_arena_births: 2664.
num_arena_deaths: 0.
num_vsnodes_births: 2.
num_vsnodes_deaths: 0.
num_space_committed: 715.
num_space_uncommitted: 0.
num_chunks_returned_to_freelist: 6.
num_chunks_taken_from_freelist: 4677.
num_chunk_merges: 6.
num_chunk_splits: 3056.
num_chunks_enlarged: 1893.
num_inconsistent_stats: 0.

CodeHeap 'non-profiled nmethods': size=120000Kb used=2916Kb max_used=2916Kb free=117083Kb
 bounds [0x0000024139770000, 0x0000024139a50000, 0x0000024140ca0000]
CodeHeap 'profiled nmethods': size=120000Kb used=10209Kb max_used=10209Kb free=109790Kb
 bounds [0x0000024131ca0000, 0x00000241326a0000, 0x00000241391d0000]
CodeHeap 'non-nmethods': size=5760Kb used=2570Kb max_used=2613Kb free=3189Kb
 bounds [0x00000241391d0000, 0x0000024139470000, 0x0000024139770000]
CodeCache: size=245760Kb, used=15695Kb, max_used=15738Kb, free=230062Kb
 total_blobs=6082, nmethods=5242, adapters=745, full_count=0
Compilation: enabled, stopped_count=0, restarted_count=0

Compilation events (20 events):
Event: 224.401 Thread 0x0000024187036500 5713       3       java.util.Comparator$$Lambda/0x000002414717b110::compare (10 bytes)
Event: 224.401 Thread 0x0000024187036500 nmethod 5713 0x000002413265e290 code [0x000002413265e480, 0x000002413265e978]
Event: 224.401 Thread 0x0000024187036500 5712       3       com.sun.beans.introspect.MethodInfo::<init> (19 bytes)
Event: 224.402 Thread 0x0000024187036500 nmethod 5712 0x000002413265eb10 code [0x000002413265ed40, 0x000002413265f438]
Event: 224.403 Thread 0x0000024187036500 5720  s!   3       java.io.FileDescriptor::closeAll (163 bytes)
Event: 224.404 Thread 0x0000024187036500 nmethod 5720 0x000002413265f710 code [0x000002413265f9a0, 0x00000241326607d0]
Event: 224.409 Thread 0x0000024187036500 5721       3       org.codehaus.groovy.util.SingleKeyHashMap::<init> (5 bytes)
Event: 224.410 Thread 0x0000024187036500 nmethod 5721 0x0000024132660e10 code [0x0000024132660fc0, 0x0000024132661360]
Event: 224.410 Thread 0x0000024187036500 5722       3       org.codehaus.groovy.util.ComplexKeyHashMap::<init> (11 bytes)
Event: 224.410 Thread 0x0000024187036500 nmethod 5722 0x0000024132661490 code [0x0000024132661640, 0x0000024132661988]
Event: 224.410 Thread 0x0000024187036500 5723       3       org.codehaus.groovy.util.ComplexKeyHashMap::init (20 bytes)
Event: 224.410 Thread 0x000002418702cd70 5724       4       java.util.concurrent.atomic.AtomicInteger::incrementAndGet (14 bytes)
Event: 224.410 Thread 0x0000024187036500 nmethod 5723 0x0000024132661a90 code [0x0000024132661c40, 0x0000024132661e68]
Event: 224.411 Thread 0x000002418702cd70 nmethod 5724 0x0000024139a45290 code [0x0000024139a45420, 0x0000024139a454b8]
Event: 224.417 Thread 0x0000024187036500 5725       3       groovyjarjarasm.asm.SymbolTable::get (13 bytes)
Event: 224.417 Thread 0x0000024187036500 nmethod 5725 0x0000024132661f90 code [0x0000024132662140, 0x0000024132662298]
Event: 224.422 Thread 0x000002418702cd70 5726   !   4       jdk.internal.loader.Resource::getBytes (244 bytes)
Event: 224.437 Thread 0x0000024187036500 5728       3       sun.reflect.generics.reflectiveObjects.WildcardTypeImpl::getUpperBounds (34 bytes)
Event: 224.438 Thread 0x0000024187036500 nmethod 5728 0x0000024132662390 code [0x0000024132662580, 0x0000024132662be0]
Event: 224.438 Thread 0x0000024187036500 5729       3       java.beans.MethodRef::set (58 bytes)

GC Heap History (18 events):
Event: 1.946 GC heap before
{Heap before GC invocations=0 (full 0):
 garbage-first heap   total 253952K, used 23552K [0x00000000a0000000, 0x0000000100000000)
  region size 1024K, 23 young (23552K), 0 survivors (0K)
 Metaspace       used 894K, committed 1024K, reserved 1114112K
  class space    used 72K, committed 128K, reserved 1048576K
}
Event: 2.154 GC heap after
{Heap after GC invocations=1 (full 0):
 garbage-first heap   total 253952K, used 1536K [0x00000000a0000000, 0x0000000100000000)
  region size 1024K, 2 young (2048K), 2 survivors (2048K)
 Metaspace       used 894K, committed 1024K, reserved 1114112K
  class space    used 72K, committed 128K, reserved 1048576K
}
Event: 7.797 GC heap before
{Heap before GC invocations=1 (full 0):
 garbage-first heap   total 253952K, used 40448K [0x00000000a0000000, 0x0000000100000000)
  region size 1024K, 38 young (38912K), 2 survivors (2048K)
 Metaspace       used 4413K, committed 4608K, reserved 1114112K
  class space    used 557K, committed 640K, reserved 1048576K
}
Event: 7.807 GC heap after
{Heap after GC invocations=2 (full 0):
 garbage-first heap   total 253952K, used 10697K [0x00000000a0000000, 0x0000000100000000)
  region size 1024K, 5 young (5120K), 5 survivors (5120K)
 Metaspace       used 4413K, committed 4608K, reserved 1114112K
  class space    used 557K, committed 640K, reserved 1048576K
}
Event: 36.148 GC heap before
{Heap before GC invocations=2 (full 0):
 garbage-first heap   total 253952K, used 158153K [0x00000000a0000000, 0x0000000100000000)
  region size 1024K, 148 young (151552K), 5 survivors (5120K)
 Metaspace       used 20655K, committed 21376K, reserved 1114112K
  class space    used 3039K, committed 3392K, reserved 1048576K
}
Event: 36.229 GC heap after
{Heap after GC invocations=3 (full 0):
 garbage-first heap   total 253952K, used 24009K [0x00000000a0000000, 0x0000000100000000)
  region size 1024K, 17 young (17408K), 17 survivors (17408K)
 Metaspace       used 20655K, committed 21376K, reserved 1114112K
  class space    used 3039K, committed 3392K, reserved 1048576K
}
Event: 36.298 GC heap before
{Heap before GC invocations=3 (full 0):
 garbage-first heap   total 253952K, used 25033K [0x00000000a0000000, 0x0000000100000000)
  region size 1024K, 19 young (19456K), 17 survivors (17408K)
 Metaspace       used 20808K, committed 21504K, reserved 1114112K
  class space    used 3067K, committed 3392K, reserved 1048576K
}
Event: 36.311 GC heap after
{Heap after GC invocations=4 (full 0):
 garbage-first heap   total 253952K, used 25690K [0x00000000a0000000, 0x0000000100000000)
  region size 1024K, 2 young (2048K), 2 survivors (2048K)
 Metaspace       used 20808K, committed 21504K, reserved 1114112K
  class space    used 3067K, committed 3392K, reserved 1048576K
}
Event: 69.363 GC heap before
{Heap before GC invocations=5 (full 0):
 garbage-first heap   total 89088K, used 87130K [0x00000000a0000000, 0x0000000100000000)
  region size 1024K, 63 young (64512K), 2 survivors (2048K)
 Metaspace       used 28382K, committed 29312K, reserved 1114112K
  class space    used 4276K, committed 4736K, reserved 1048576K
}
Event: 69.369 GC heap after
{Heap after GC invocations=6 (full 0):
 garbage-first heap   total 93184K, used 27732K [0x00000000a0000000, 0x0000000100000000)
  region size 1024K, 4 young (4096K), 4 survivors (4096K)
 Metaspace       used 28382K, committed 29312K, reserved 1114112K
  class space    used 4276K, committed 4736K, reserved 1048576K
}
Event: 71.415 GC heap before
{Heap before GC invocations=6 (full 0):
 garbage-first heap   total 93184K, used 80980K [0x00000000a0000000, 0x0000000100000000)
  region size 1024K, 52 young (53248K), 4 survivors (4096K)
 Metaspace       used 34383K, committed 35392K, reserved 1114112K
  class space    used 4863K, committed 5376K, reserved 1048576K
}
Event: 71.424 GC heap after
{Heap after GC invocations=7 (full 0):
 garbage-first heap   total 93184K, used 32216K [0x00000000a0000000, 0x0000000100000000)
  region size 1024K, 7 young (7168K), 7 survivors (7168K)
 Metaspace       used 34383K, committed 35392K, reserved 1114112K
  class space    used 4863K, committed 5376K, reserved 1048576K
}
Event: 71.697 GC heap before
{Heap before GC invocations=7 (full 0):
 garbage-first heap   total 93184K, used 36312K [0x00000000a0000000, 0x0000000100000000)
  region size 1024K, 12 young (12288K), 7 survivors (7168K)
 Metaspace       used 35037K, committed 36096K, reserved 1114112K
  class space    used 4964K, committed 5504K, reserved 1048576K
}
Event: 71.706 GC heap after
{Heap after GC invocations=8 (full 0):
 garbage-first heap   total 93184K, used 33645K [0x00000000a0000000, 0x0000000100000000)
  region size 1024K, 2 young (2048K), 2 survivors (2048K)
 Metaspace       used 35037K, committed 36096K, reserved 1114112K
  class space    used 4964K, committed 5504K, reserved 1048576K
}
Event: 207.525 GC heap before
{Heap before GC invocations=9 (full 0):
 garbage-first heap   total 93184K, used 76653K [0x00000000a0000000, 0x0000000100000000)
  region size 1024K, 44 young (45056K), 2 survivors (2048K)
 Metaspace       used 37660K, committed 38848K, reserved 1114112K
  class space    used 5369K, committed 5952K, reserved 1048576K
}
Event: 207.540 GC heap after
{Heap after GC invocations=10 (full 0):
 garbage-first heap   total 93184K, used 34966K [0x00000000a0000000, 0x0000000100000000)
  region size 1024K, 3 young (3072K), 3 survivors (3072K)
 Metaspace       used 37660K, committed 38848K, reserved 1114112K
  class space    used 5369K, committed 5952K, reserved 1048576K
}
Event: 212.159 GC heap before
{Heap before GC invocations=10 (full 0):
 garbage-first heap   total 93184K, used 78998K [0x00000000a0000000, 0x0000000100000000)
  region size 1024K, 46 young (47104K), 3 survivors (3072K)
 Metaspace       used 42547K, committed 44032K, reserved 1114112K
  class space    used 6180K, committed 6912K, reserved 1048576K
}
Event: 212.172 GC heap after
{Heap after GC invocations=11 (full 0):
 garbage-first heap   total 93184K, used 37471K [0x00000000a0000000, 0x0000000100000000)
  region size 1024K, 6 young (6144K), 6 survivors (6144K)
 Metaspace       used 42547K, committed 44032K, reserved 1114112K
  class space    used 6180K, committed 6912K, reserved 1048576K
}

Dll operation events (20 events):
Event: 0.593 Attempting to load shared library C:\Users\Lucas Hernandez\.vscode\extensions\redhat.java-1.56.0-win32-x64\jre\21.0.12.1-win32-x86_64\bin\nio.dll
Event: 0.594 Loaded shared library C:\Users\Lucas Hernandez\.vscode\extensions\redhat.java-1.56.0-win32-x64\jre\21.0.12.1-win32-x86_64\bin\nio.dll
Event: 0.601 Attempting to load shared library C:\Users\Lucas Hernandez\.vscode\extensions\redhat.java-1.56.0-win32-x64\jre\21.0.12.1-win32-x86_64\bin\zip.dll
Event: 0.601 Loaded shared library C:\Users\Lucas Hernandez\.vscode\extensions\redhat.java-1.56.0-win32-x64\jre\21.0.12.1-win32-x86_64\bin\zip.dll
Event: 2.211 Attempting to load shared library C:\Users\Lucas Hernandez\.vscode\extensions\redhat.java-1.56.0-win32-x64\jre\21.0.12.1-win32-x86_64\bin\jimage.dll
Event: 2.217 Loaded shared library C:\Users\Lucas Hernandez\.vscode\extensions\redhat.java-1.56.0-win32-x64\jre\21.0.12.1-win32-x86_64\bin\jimage.dll
Event: 3.886 Attempting to load shared library C:\Users\Lucas Hernandez\.vscode\extensions\redhat.java-1.56.0-win32-x64\jre\21.0.12.1-win32-x86_64\bin\verify.dll
Event: 3.888 Loaded shared library C:\Users\Lucas Hernandez\.vscode\extensions\redhat.java-1.56.0-win32-x64\jre\21.0.12.1-win32-x86_64\bin\verify.dll
Event: 4.278 Attempting to load shared library C:\Users\Lucas Hernandez\.gradle\native\1def1411415f61bf3af743bc5b6707747c0891f09f0c88961ee8f79bc544acac\windows-amd64\native-platform.dll
Event: 4.280 Loaded shared library C:\Users\Lucas Hernandez\.gradle\native\1def1411415f61bf3af743bc5b6707747c0891f09f0c88961ee8f79bc544acac\windows-amd64\native-platform.dll
Event: 4.330 Attempting to load shared library C:\Users\Lucas Hernandez\.gradle\native\0.2.7\x86_64-windows-gnu\gradle-fileevents.dll
Event: 4.334 Loaded shared library C:\Users\Lucas Hernandez\.gradle\native\0.2.7\x86_64-windows-gnu\gradle-fileevents.dll
Event: 13.334 Attempting to load shared library C:\Users\Lucas Hernandez\.vscode\extensions\redhat.java-1.56.0-win32-x64\jre\21.0.12.1-win32-x86_64\bin\management.dll
Event: 13.334 Loaded shared library C:\Users\Lucas Hernandez\.vscode\extensions\redhat.java-1.56.0-win32-x64\jre\21.0.12.1-win32-x86_64\bin\management.dll
Event: 13.339 Attempting to load shared library C:\Users\Lucas Hernandez\.vscode\extensions\redhat.java-1.56.0-win32-x64\jre\21.0.12.1-win32-x86_64\bin\management_ext.dll
Event: 13.340 Loaded shared library C:\Users\Lucas Hernandez\.vscode\extensions\redhat.java-1.56.0-win32-x64\jre\21.0.12.1-win32-x86_64\bin\management_ext.dll
Event: 19.736 Attempting to load shared library C:\Users\Lucas Hernandez\.vscode\extensions\redhat.java-1.56.0-win32-x64\jre\21.0.12.1-win32-x86_64\bin\extnet.dll
Event: 19.739 Loaded shared library C:\Users\Lucas Hernandez\.vscode\extensions\redhat.java-1.56.0-win32-x64\jre\21.0.12.1-win32-x86_64\bin\extnet.dll
Event: 22.870 Attempting to load shared library C:\Users\Lucas Hernandez\.vscode\extensions\redhat.java-1.56.0-win32-x64\jre\21.0.12.1-win32-x86_64\bin\sunmscapi.dll
Event: 22.876 Loaded shared library C:\Users\Lucas Hernandez\.vscode\extensions\redhat.java-1.56.0-win32-x64\jre\21.0.12.1-win32-x86_64\bin\sunmscapi.dll

Deoptimization events (20 events):
Event: 212.461 Thread 0x000002418c35a4f0 Uncommon trap: trap_request=0xffffff45 fr.pc=0x0000024139831db4 relative=0x00000000000001f4
Event: 212.461 Thread 0x000002418c35a4f0 Uncommon trap: reason=unstable_if action=reinterpret pc=0x0000024139831db4 method=java.net.URI$Parser.scan(IILjava/lang/String;)I @ 26 c2
Event: 212.461 Thread 0x000002418c35a4f0 DEOPT PACKING pc=0x0000024139831db4 sp=0x0000005fd47f9440
Event: 212.461 Thread 0x000002418c35a4f0 DEOPT UNPACKING pc=0x0000024139224422 sp=0x0000005fd47f93d0 mode 2
Event: 212.462 Thread 0x000002418c35a4f0 Uncommon trap: trap_request=0xffffff45 fr.pc=0x0000024139801c5c relative=0x000000000000013c
Event: 212.462 Thread 0x000002418c35a4f0 Uncommon trap: reason=unstable_if action=reinterpret pc=0x0000024139801c5c method=java.net.URI.match(CJJ)Z @ 45 c2
Event: 212.462 Thread 0x000002418c35a4f0 DEOPT PACKING pc=0x0000024139801c5c sp=0x0000005fd47f91b0
Event: 212.462 Thread 0x000002418c35a4f0 DEOPT UNPACKING pc=0x0000024139224422 sp=0x0000005fd47f90d8 mode 2
Event: 212.463 Thread 0x000002418c35a4f0 Uncommon trap: trap_request=0xffffffde fr.pc=0x000002413990e61c relative=0x000000000000025c
Event: 212.463 Thread 0x000002418c35a4f0 Uncommon trap: reason=class_check action=maybe_recompile pc=0x000002413990e61c method=java.util.HashSet.contains(Ljava/lang/Object;)Z @ 5 c2
Event: 212.463 Thread 0x000002418c35a4f0 DEOPT PACKING pc=0x000002413990e61c sp=0x0000005fd47f97d0
Event: 212.463 Thread 0x000002418c35a4f0 DEOPT UNPACKING pc=0x0000024139224422 sp=0x0000005fd47f9778 mode 2
Event: 212.463 Thread 0x000002418c35a4f0 Uncommon trap: trap_request=0xffffffde fr.pc=0x000002413990e61c relative=0x000000000000025c
Event: 212.463 Thread 0x000002418c35a4f0 Uncommon trap: reason=class_check action=maybe_recompile pc=0x000002413990e61c method=java.util.HashSet.contains(Ljava/lang/Object;)Z @ 5 c2
Event: 212.463 Thread 0x000002418c35a4f0 DEOPT PACKING pc=0x000002413990e61c sp=0x0000005fd47f97d0
Event: 212.463 Thread 0x000002418c35a4f0 DEOPT UNPACKING pc=0x0000024139224422 sp=0x0000005fd47f9778 mode 2
Event: 212.474 Thread 0x000002418c35a4f0 Uncommon trap: trap_request=0xffffff45 fr.pc=0x00000241397aea50 relative=0x00000000000000b0
Event: 212.474 Thread 0x000002418c35a4f0 Uncommon trap: reason=unstable_if action=reinterpret pc=0x00000241397aea50 method=java.net.URI.match(CJJ)Z @ 45 c2
Event: 212.474 Thread 0x000002418c35a4f0 DEOPT PACKING pc=0x00000241397aea50 sp=0x0000005fd47f9100
Event: 212.474 Thread 0x000002418c35a4f0 DEOPT UNPACKING pc=0x0000024139224422 sp=0x0000005fd47f9068 mode 2

Classes loaded (20 events):
Event: 210.298 Loading class java/util/function/IntBinaryOperator
Event: 210.298 Loading class java/util/function/IntBinaryOperator done
Event: 210.358 Loading class sun/reflect/generics/tree/BooleanSignature
Event: 210.358 Loading class sun/reflect/generics/tree/BooleanSignature done
Event: 210.387 Loading class org/xml/sax/Locator
Event: 210.387 Loading class org/xml/sax/Locator done
Event: 210.387 Loading class org/xml/sax/SAXParseException
Event: 210.388 Loading class org/xml/sax/SAXParseException done
Event: 210.398 Loading class org/xml/sax/Attributes
Event: 210.398 Loading class org/xml/sax/Attributes done
Event: 210.958 Loading class java/util/DualPivotQuicksort
Event: 210.960 Loading class java/util/DualPivotQuicksort done
Event: 211.388 Loading class java/util/function/LongUnaryOperator
Event: 211.389 Loading class java/util/function/LongUnaryOperator done
Event: 212.010 Loading class java/util/PrimitiveIterator$OfInt
Event: 212.011 Loading class java/util/PrimitiveIterator
Event: 212.011 Loading class java/util/PrimitiveIterator done
Event: 212.012 Loading class java/util/PrimitiveIterator$OfInt done
Event: 212.027 Loading class java/util/concurrent/RecursiveAction
Event: 212.027 Loading class java/util/concurrent/RecursiveAction done

Classes unloaded (0 events):
No events

Classes redefined (0 events):
No events

Internal exceptions (20 events):
Event: 209.154 Thread 0x000002418c35a4f0 Exception <a 'java/lang/NoSuchMethodError'{0x00000000a4c57140}: 'java.lang.Object java.lang.invoke.DelegatingMethodHandle$Holder.reinvoke_L(java.lang.Object, java.lang.Object, java.lang.Object, java.lang.Object, java.lang.Object, java.lang.Object, java.lang.Object, java.lang.Object, java.lang.Object, java.lang.Object, java.lang.Object, java.lang.Object, java.lang.Object, java.lang.Object, java.lang.Object, java.lang.Object, java.lang.Object, java.lang.Object, java.lang.Object)'> (0x00000000a4c57140) 
throw
Event: 210.260 Thread 0x000002418c35a4f0 Exception <a 'java/lang/ClassNotFoundException'{0x00000000a3e61f70}: org/gradle/internal/metaobject/ConfigureDelegateBeanInfo> (0x00000000a3e61f70) 
thrown [s\src\hotspot\share\classfile\systemDictionary.cpp, line 313]
Event: 210.265 Thread 0x000002418c35a4f0 Exception <a 'java/lang/ClassNotFoundException'{0x00000000a3e6d1c0}: org/gradle/internal/metaobject/ConfigureDelegateCustomizer> (0x00000000a3e6d1c0) 
thrown [s\src\hotspot\share\classfile\systemDictionary.cpp, line 313]
Event: 210.344 Thread 0x000002418c35a4f0 Exception <a 'java/lang/ClassNotFoundException'{0x00000000a3c02888}: org/gradle/api/internal/project/DefaultProject_DecoratedBeanInfo> (0x00000000a3c02888) 
thrown [s\src\hotspot\share\classfile\systemDictionary.cpp, line 313]
Event: 210.349 Thread 0x000002418c35a4f0 Exception <a 'java/lang/ClassNotFoundException'{0x00000000a3c0e9d8}: org/gradle/api/internal/project/DefaultProjectBeanInfo> (0x00000000a3c0e9d8) 
thrown [s\src\hotspot\share\classfile\systemDictionary.cpp, line 313]
Event: 210.350 Thread 0x000002418c35a4f0 Exception <a 'java/lang/ClassNotFoundException'{0x00000000a3c1aeb0}: org/gradle/api/internal/project/DefaultProjectCustomizer> (0x00000000a3c1aeb0) 
thrown [s\src\hotspot\share\classfile\systemDictionary.cpp, line 313]
Event: 210.372 Thread 0x000002418c35a4f0 Exception <a 'java/lang/ClassNotFoundException'{0x00000000a3cd4b20}: org/gradle/api/internal/project/DefaultProject_DecoratedCustomizer> (0x00000000a3cd4b20) 
thrown [s\src\hotspot\share\classfile\systemDictionary.cpp, line 313]
Event: 210.429 Thread 0x000002418c35a4f0 Exception <a 'java/lang/ClassNotFoundException'{0x00000000a3b83d50}: org/gradle/configuration/internal/DefaultListenerBuildOperationDecorator$BuildOperationEmittingClosureBeanInfo> (0x00000000a3b83d50) 
thrown [s\src\hotspot\share\classfile\systemDictionary.cpp, line 313]
Event: 210.430 Thread 0x000002418c35a4f0 Exception <a 'java/lang/ClassNotFoundException'{0x00000000a3b90dd0}: org/gradle/configuration/internal/DefaultListenerBuildOperationDecorator$BuildOperationEmittingClosureCustomizer> (0x00000000a3b90dd0) 
thrown [s\src\hotspot\share\classfile\systemDictionary.cpp, line 313]
Event: 211.394 Thread 0x000002418c35a4f0 Exception <a 'java/lang/NoSuchMethodError'{0x00000000a34bf0b8}: 'long java.lang.invoke.DirectMethodHandle$Holder.invokeStatic(java.lang.Object, long)'> (0x00000000a34bf0b8) 
thrown [s\src\hotspot\share\interpreter\linkResolver.cpp, line 773]
Event: 212.423 Thread 0x000002418c35a4f0 Exception <a 'java/lang/NoSuchMethodError'{0x00000000af5c9be0}: 'java.lang.Object java.lang.invoke.DirectMethodHandle$Holder.invokeVirtual(java.lang.Object, java.lang.Object, java.lang.Object, java.lang.Object, java.lang.Object, java.lang.Object, java.lang.Object, java.lang.Object, java.lang.Object, java.lang.Object, java.lang.Object, java.lang.Object, java.lang.Object, java.lang.Object, java.lang.Object, java.lang.Object, java.lang.Object)'> (0x00000000af5c9be0) 
thrown [s\src\hotspot\share\interpreter\li
Event: 212.424 Thread 0x000002418c35a4f0 Exception <a 'java/lang/NoSuchMethodError'{0x00000000af5cfbe8}: 'java.lang.Object java.lang.invoke.DirectMethodHandle$Holder.invokeSpecial(java.lang.Object, java.lang.Object, java.lang.Object, java.lang.Object, java.lang.Object, java.lang.Object, java.lang.Object, java.lang.Object, java.lang.Object, java.lang.Object, java.lang.Object, java.lang.Object, java.lang.Object, java.lang.Object, java.lang.Object, java.lang.Object, java.lang.Object, java.lang.Object)'> (0x00000000af5cfbe8) 
thrown [s\src\hotspot\sh
Event: 212.424 Thread 0x000002418c35a4f0 Exception <a 'java/lang/NoSuchMethodError'{0x00000000af5d5140}: 'java.lang.Object java.lang.invoke.DelegatingMethodHandle$Holder.reinvoke_L(java.lang.Object, java.lang.Object, java.lang.Object, java.lang.Object, java.lang.Object, java.lang.Object, java.lang.Object, java.lang.Object, java.lang.Object, java.lang.Object, java.lang.Object, java.lang.Object, java.lang.Object, java.lang.Object, java.lang.Object, java.lang.Object, java.lang.Object)'> (0x00000000af5d5140) 
thrown [s\src\hotspot\share\interpreter\l
Event: 224.391 Thread 0x000002418c35a4f0 Exception <a 'java/lang/ClassNotFoundException'{0x00000000a4f3ebd0}: build_tlyuj8wr72me0qzsmealxchlBeanInfo> (0x00000000a4f3ebd0) 
thrown [s\src\hotspot\share\classfile\systemDictionary.cpp, line 313]
Event: 224.392 Thread 0x000002418c35a4f0 Exception <a 'java/lang/ClassNotFoundException'{0x00000000a4f489b8}: org/gradle/api/internal/project/ProjectScriptBeanInfo> (0x00000000a4f489b8) 
thrown [s\src\hotspot\share\classfile\systemDictionary.cpp, line 313]
Event: 224.392 Thread 0x000002418c35a4f0 Exception <a 'java/lang/ClassNotFoundException'{0x00000000a4f528f0}: org/gradle/api/internal/project/ProjectScriptCustomizer> (0x00000000a4f528f0) 
thrown [s\src\hotspot\share\classfile\systemDictionary.cpp, line 313]
Event: 224.395 Thread 0x000002418c35a4f0 Exception <a 'java/lang/ClassNotFoundException'{0x00000000a4f6a1f0}: build_tlyuj8wr72me0qzsmealxchlCustomizer> (0x00000000a4f6a1f0) 
thrown [s\src\hotspot\share\classfile\systemDictionary.cpp, line 313]
Event: 224.432 Thread 0x000002418c35a4f0 Exception <a 'java/lang/ClassNotFoundException'{0x00000000a4febe98}: org/gradle/api/internal/initialization/DefaultScriptHandler_DecoratedBeanInfo> (0x00000000a4febe98) 
thrown [s\src\hotspot\share\classfile\systemDictionary.cpp, line 313]
Event: 224.434 Thread 0x000002418c35a4f0 Exception <a 'java/lang/ClassNotFoundException'{0x00000000a4ffbc68}: org/gradle/api/internal/initialization/DefaultScriptHandlerBeanInfo> (0x00000000a4ffbc68) 
thrown [s\src\hotspot\share\classfile\systemDictionary.cpp, line 313]
Event: 224.437 Thread 0x000002418c35a4f0 Exception <a 'java/lang/ClassNotFoundException'{0x00000000a4e0b930}: org/gradle/api/internal/initialization/DefaultScriptHandlerCustomizer> (0x00000000a4e0b930) 
thrown [s\src\hotspot\share\classfile\systemDictionary.cpp, line 313]

ZGC Phase Switch (0 events):
No events

VM Operations (20 events):
Event: 208.557 Executing safepoint VM operation: Cleanup
Event: 208.558 Executing safepoint VM operation: Cleanup done
Event: 209.560 Executing safepoint VM operation: Cleanup
Event: 209.561 Executing safepoint VM operation: Cleanup done
Event: 209.857 Executing non-safepoint VM operation: HandshakeAllThreads (Deoptimize)
Event: 209.857 Executing non-safepoint VM operation: HandshakeAllThreads (Deoptimize) done
Event: 210.870 Executing safepoint VM operation: Cleanup
Event: 210.870 Executing safepoint VM operation: Cleanup done
Event: 211.719 Executing non-safepoint VM operation: HandshakeAllThreads (Deoptimize)
Event: 211.720 Executing non-safepoint VM operation: HandshakeAllThreads (Deoptimize) done
Event: 212.159 Executing safepoint VM operation: G1CollectForAllocation (G1 Evacuation Pause)
Event: 212.172 Executing safepoint VM operation: G1CollectForAllocation (G1 Evacuation Pause) done
Event: 213.176 Executing safepoint VM operation: Cleanup
Event: 213.176 Executing safepoint VM operation: Cleanup done
Event: 214.184 Executing safepoint VM operation: Cleanup
Event: 214.184 Executing safepoint VM operation: Cleanup done
Event: 223.269 Executing safepoint VM operation: Cleanup
Event: 223.269 Executing safepoint VM operation: Cleanup done
Event: 224.271 Executing safepoint VM operation: Cleanup
Event: 224.271 Executing safepoint VM operation: Cleanup done

Memory protections (0 events):
No events

Nmethod flushes (20 events):
Event: 71.730 Thread 0x0000024187008a80 flushing  nmethod 0x0000024131d3f590
Event: 71.730 Thread 0x0000024187008a80 flushing  nmethod 0x0000024131e4a210
Event: 71.730 Thread 0x0000024187008a80 flushing  nmethod 0x0000024131e4ba90
Event: 71.730 Thread 0x0000024187008a80 flushing  nmethod 0x0000024131e4c390
Event: 71.730 Thread 0x0000024187008a80 flushing  nmethod 0x0000024131e4d210
Event: 71.730 Thread 0x0000024187008a80 flushing  nmethod 0x0000024131e4ee10
Event: 71.730 Thread 0x0000024187008a80 flushing  nmethod 0x0000024131e4f290
Event: 71.730 Thread 0x0000024187008a80 flushing  nmethod 0x0000024131e50810
Event: 71.730 Thread 0x0000024187008a80 flushing  nmethod 0x0000024131ea5a10
Event: 71.730 Thread 0x0000024187008a80 flushing  nmethod 0x0000024131ea6690
Event: 71.730 Thread 0x0000024187008a80 flushing  nmethod 0x0000024131ea8f10
Event: 71.730 Thread 0x0000024187008a80 flushing  nmethod 0x0000024131ea9310
Event: 71.730 Thread 0x0000024187008a80 flushing  nmethod 0x0000024131f16b90
Event: 71.730 Thread 0x0000024187008a80 flushing  nmethod 0x0000024131fb2c90
Event: 71.730 Thread 0x0000024187008a80 flushing  nmethod 0x0000024132076810
Event: 71.730 Thread 0x0000024187008a80 flushing  nmethod 0x0000024132080b90
Event: 71.730 Thread 0x0000024187008a80 flushing  nmethod 0x0000024132081d10
Event: 71.730 Thread 0x0000024187008a80 flushing  nmethod 0x0000024132082090
Event: 71.730 Thread 0x0000024187008a80 flushing  nmethod 0x00000241320fdb10
Event: 71.730 Thread 0x0000024187008a80 flushing  nmethod 0x0000024132103890

Events (20 events):
Event: 36.756 Thread 0x000002418c35a4f0 Thread added: 0x000002418c5ef9a0
Event: 36.814 Thread 0x000002418c35a4f0 Thread added: 0x000002418c5f06c0
Event: 37.615 Thread 0x000002418ce7b430 Thread exited: 0x000002418ce7b430
Event: 37.696 Thread 0x000002418c35a4f0 Thread added: 0x000002418c5f2e20
Event: 37.713 Thread 0x000002418c35a4f0 Thread added: 0x000002418c5f0030
Event: 37.992 Thread 0x0000024187036500 Thread added: 0x000002418d5c79a0
Event: 38.302 Thread 0x000002418d5c79a0 Thread exited: 0x000002418d5c79a0
Event: 59.856 Thread 0x000002418c35a4f0 Thread added: 0x000002418c5f13e0
Event: 68.497 Thread 0x000002418c35a4f0 Thread added: 0x000002418c5f0d50
Event: 70.648 Thread 0x000002418c35a4f0 Thread added: 0x000002418c5f4860
Event: 70.895 Thread 0x000002418c35a4f0 Thread added: 0x000002418c5f34b0
Event: 75.449 Thread 0x000002418c35a4f0 Thread added: 0x000002418c5f3b40
Event: 78.788 Thread 0x000002418c35a4f0 Thread added: 0x000002418c5f41d0
Event: 116.357 Thread 0x000002418c35a4f0 Thread added: 0x000002418c5f4ef0
Event: 180.984 Thread 0x000002418c359140 Thread exited: 0x000002418c359140
Event: 203.006 Thread 0x000002418c358420 Thread added: 0x000002418c5f1a70
Event: 203.194 Thread 0x000002418c35a4f0 Thread added: 0x000002418c5f5580
Event: 207.894 Thread 0x000002418c35a4f0 Thread added: 0x000002418c5f5c10
Event: 208.446 Thread 0x000002418c35a4f0 Thread added: 0x000002418c5f62a0
Event: 223.740 Thread 0x000002418c35a4f0 Thread added: 0x000002418c359140


Dynamic libraries:
0x00007ff61a400000 - 0x00007ff61a40e000 	C:\Users\Lucas Hernandez\.vscode\extensions\redhat.java-1.56.0-win32-x64\jre\21.0.12.1-win32-x86_64\bin\java.exe
0x00007ffa77d80000 - 0x00007ffa77fe7000 	C:\WINDOWS\SYSTEM32\ntdll.dll
0x00007ffa765c0000 - 0x00007ffa7668b000 	C:\WINDOWS\System32\KERNEL32.DLL
0x00007ffa74f80000 - 0x00007ffa75382000 	C:\WINDOWS\System32\KERNELBASE.dll
0x00007ffa75940000 - 0x00007ffa75a8c000 	C:\WINDOWS\System32\ucrtbase.dll
0x00007ffa54440000 - 0x00007ffa54458000 	C:\Users\Lucas Hernandez\.vscode\extensions\redhat.java-1.56.0-win32-x64\jre\21.0.12.1-win32-x86_64\bin\jli.dll
0x00007ffa55230000 - 0x00007ffa5524e000 	C:\Users\Lucas Hernandez\.vscode\extensions\redhat.java-1.56.0-win32-x64\jre\21.0.12.1-win32-x86_64\bin\VCRUNTIME140.dll
0x00007ffa626a0000 - 0x00007ffa62930000 	C:\WINDOWS\WinSxS\amd64_microsoft.windows.common-controls_6595b64144ccf1df_6.0.26100.9278_none_3e0d1ba8e3303201\COMCTL32.dll
0x00007ffa77060000 - 0x00007ffa77109000 	C:\WINDOWS\System32\msvcrt.dll
0x00007ffa76d80000 - 0x00007ffa76f4f000 	C:\WINDOWS\System32\USER32.dll
0x00007ffa75630000 - 0x00007ffa75657000 	C:\WINDOWS\System32\win32u.dll
0x00007ffa76590000 - 0x00007ffa765bb000 	C:\WINDOWS\System32\GDI32.dll
0x00007ffa75390000 - 0x00007ffa754b9000 	C:\WINDOWS\System32\gdi32full.dll
0x00007ffa75580000 - 0x00007ffa75623000 	C:\WINDOWS\System32\msvcp_win.dll
0x00007ffa75db0000 - 0x00007ffa75de1000 	C:\WINDOWS\System32\IMM32.DLL
0x00007ffa60070000 - 0x00007ffa6007c000 	C:\Users\Lucas Hernandez\.vscode\extensions\redhat.java-1.56.0-win32-x64\jre\21.0.12.1-win32-x86_64\bin\vcruntime140_1.dll
0x00007ffa258a0000 - 0x00007ffa2592d000 	C:\Users\Lucas Hernandez\.vscode\extensions\redhat.java-1.56.0-win32-x64\jre\21.0.12.1-win32-x86_64\bin\msvcp140.dll
0x00007ff9a90d0000 - 0x00007ff9a9e72000 	C:\Users\Lucas Hernandez\.vscode\extensions\redhat.java-1.56.0-win32-x64\jre\21.0.12.1-win32-x86_64\bin\server\jvm.dll
0x00007ffa76b60000 - 0x00007ffa76c1c000 	C:\WINDOWS\System32\ADVAPI32.dll
0x00007ffa771a0000 - 0x00007ffa77249000 	C:\WINDOWS\System32\sechost.dll
0x00007ffa76a40000 - 0x00007ffa76b58000 	C:\WINDOWS\System32\RPCRT4.dll
0x00007ffa75c10000 - 0x00007ffa75c90000 	C:\WINDOWS\System32\WS2_32.dll
0x00007ffa74e00000 - 0x00007ffa74e5e000 	C:\WINDOWS\SYSTEM32\POWRPROF.dll
0x00007ffa6c150000 - 0x00007ffa6c186000 	C:\WINDOWS\SYSTEM32\WINMM.dll
0x00007ffa6cd30000 - 0x00007ffa6cd3b000 	C:\WINDOWS\SYSTEM32\VERSION.dll
0x00007ffa74de0000 - 0x00007ffa74df5000 	C:\WINDOWS\SYSTEM32\UMPDC.dll
0x00007ffa73c30000 - 0x00007ffa73c4b000 	C:\WINDOWS\SYSTEM32\kernel.appcore.dll
0x00007ffa5ff20000 - 0x00007ffa5ff2a000 	C:\Users\Lucas Hernandez\.vscode\extensions\redhat.java-1.56.0-win32-x64\jre\21.0.12.1-win32-x86_64\bin\jimage.dll
0x00007ffa68aa0000 - 0x00007ffa68cec000 	C:\WINDOWS\SYSTEM32\DBGHELP.DLL
0x00007ffa766b0000 - 0x00007ffa76a35000 	C:\WINDOWS\System32\combase.dll
0x00007ffa776e0000 - 0x00007ffa777b9000 	C:\WINDOWS\System32\OLEAUT32.dll
0x00007ffa5e7b0000 - 0x00007ffa5e7eb000 	C:\WINDOWS\SYSTEM32\dbgcore.DLL
0x00007ffa75880000 - 0x00007ffa7592c000 	C:\WINDOWS\System32\bcryptPrimitives.dll
0x00007ffa58db0000 - 0x00007ffa58dbf000 	C:\Users\Lucas Hernandez\.vscode\extensions\redhat.java-1.56.0-win32-x64\jre\21.0.12.1-win32-x86_64\bin\instrument.dll
0x00007ffa54380000 - 0x00007ffa543a0000 	C:\Users\Lucas Hernandez\.vscode\extensions\redhat.java-1.56.0-win32-x64\jre\21.0.12.1-win32-x86_64\bin\java.dll
0x00007ffa75df0000 - 0x00007ffa76588000 	C:\WINDOWS\System32\SHELL32.dll
0x00007ffa729c0000 - 0x00007ffa7326e000 	C:\WINDOWS\SYSTEM32\windows.storage.dll
0x00007ffa76f60000 - 0x00007ffa7705b000 	C:\WINDOWS\System32\SHCORE.dll
0x00007ffa77b40000 - 0x00007ffa77ba6000 	C:\WINDOWS\System32\shlwapi.dll
0x00007ffa74ea0000 - 0x00007ffa74ec9000 	C:\WINDOWS\SYSTEM32\profapi.dll
0x00007ffa54120000 - 0x00007ffa54138000 	C:\Users\Lucas Hernandez\.vscode\extensions\redhat.java-1.56.0-win32-x64\jre\21.0.12.1-win32-x86_64\bin\zip.dll
0x00007ffa5f810000 - 0x00007ffa5f820000 	C:\Users\Lucas Hernandez\.vscode\extensions\redhat.java-1.56.0-win32-x64\jre\21.0.12.1-win32-x86_64\bin\net.dll
0x00007ffa6ca10000 - 0x00007ffa6cb3a000 	C:\WINDOWS\SYSTEM32\WINHTTP.dll
0x00007ffa74210000 - 0x00007ffa7427c000 	C:\WINDOWS\system32\mswsock.dll
0x00007ffa53680000 - 0x00007ffa53696000 	C:\Users\Lucas Hernandez\.vscode\extensions\redhat.java-1.56.0-win32-x64\jre\21.0.12.1-win32-x86_64\bin\nio.dll
0x00007ffa57e70000 - 0x00007ffa57e80000 	C:\Users\Lucas Hernandez\.vscode\extensions\redhat.java-1.56.0-win32-x64\jre\21.0.12.1-win32-x86_64\bin\verify.dll
0x00007ffa47ff0000 - 0x00007ffa48017000 	C:\Users\Lucas Hernandez\.gradle\native\1def1411415f61bf3af743bc5b6707747c0891f09f0c88961ee8f79bc544acac\windows-amd64\native-platform.dll
0x00007ffa25c60000 - 0x00007ffa25cd8000 	C:\Users\Lucas Hernandez\.gradle\native\0.2.7\x86_64-windows-gnu\gradle-fileevents.dll
0x00007ffa6fe70000 - 0x00007ffa6fe7a000 	C:\Users\Lucas Hernandez\.vscode\extensions\redhat.java-1.56.0-win32-x64\jre\21.0.12.1-win32-x86_64\bin\management.dll
0x00007ffa6fe60000 - 0x00007ffa6fe6c000 	C:\Users\Lucas Hernandez\.vscode\extensions\redhat.java-1.56.0-win32-x64\jre\21.0.12.1-win32-x86_64\bin\management_ext.dll
0x00007ffa77c00000 - 0x00007ffa77c08000 	C:\WINDOWS\System32\PSAPI.DLL
0x00007ffa735d0000 - 0x00007ffa73603000 	C:\WINDOWS\SYSTEM32\IPHLPAPI.DLL
0x00007ffa77c10000 - 0x00007ffa77c1a000 	C:\WINDOWS\System32\NSI.dll
0x00007ffa60960000 - 0x00007ffa60969000 	C:\Users\Lucas Hernandez\.vscode\extensions\redhat.java-1.56.0-win32-x64\jre\21.0.12.1-win32-x86_64\bin\extnet.dll
0x00007ffa74520000 - 0x00007ffa7453b000 	C:\WINDOWS\SYSTEM32\CRYPTSP.dll
0x00007ffa73b90000 - 0x00007ffa73bc9000 	C:\WINDOWS\system32\rsaenh.dll
0x00007ffa742c0000 - 0x00007ffa742f4000 	C:\WINDOWS\SYSTEM32\USERENV.dll
0x00007ffa74e70000 - 0x00007ffa74e9a000 	C:\WINDOWS\SYSTEM32\bcrypt.dll
0x00007ffa74500000 - 0x00007ffa7450c000 	C:\WINDOWS\SYSTEM32\CRYPTBASE.dll
0x00007ffa60950000 - 0x00007ffa6095e000 	C:\Users\Lucas Hernandez\.vscode\extensions\redhat.java-1.56.0-win32-x64\jre\21.0.12.1-win32-x86_64\bin\sunmscapi.dll
0x00007ffa756f0000 - 0x00007ffa7586e000 	C:\WINDOWS\System32\CRYPT32.dll
0x00007ffa74740000 - 0x00007ffa74770000 	C:\WINDOWS\SYSTEM32\ncrypt.dll
0x00007ffa746f0000 - 0x00007ffa7472f000 	C:\WINDOWS\SYSTEM32\NTASN1.dll
0x00007ffa3a230000 - 0x00007ffa3a238000 	C:\WINDOWS\system32\wshunix.dll

JVMTI agents:
C:\Users\Lucas Hernandez\.gradle\wrapper\dists\gradle-8.14.3-all\10utluxaxniiv4wxiphsi49nj\gradle-8.14.3\lib\agents\gradle-instrumentation-agent-8.14.3.jar path:C:\Users\Lucas Hernandez\.vscode\extensions\redhat.java-1.56.0-win32-x64\jre\21.0.12.1-win32-x86_64\bin\instrument.dll, loaded, initialized, instrumentlib options:none

dbghelp: loaded successfully - version: 4.0.5 - missing functions: none
symbol engine: initialized successfully - sym options: 0x614 - pdb path: .;C:\Users\Lucas Hernandez\.vscode\extensions\redhat.java-1.56.0-win32-x64\jre\21.0.12.1-win32-x86_64\bin;C:\WINDOWS\SYSTEM32;C:\WINDOWS\WinSxS\amd64_microsoft.windows.common-controls_6595b64144ccf1df_6.0.26100.9278_none_3e0d1ba8e3303201;C:\Users\Lucas Hernandez\.vscode\extensions\redhat.java-1.56.0-win32-x64\jre\21.0.12.1-win32-x86_64\bin\server;C:\Users\Lucas Hernandez\.gradle\native\1def1411415f61bf3af743bc5b6707747c0891f09f0c88961ee8f79bc544acac\windows-amd64;C:\Users\Lucas Hernandez\.gradle\native\0.2.7\x86_64-windows-gnu

VM Arguments:
jvm_args: --add-opens=java.base/java.lang=ALL-UNNAMED --add-opens=java.base/java.lang.invoke=ALL-UNNAMED --add-opens=java.base/java.util=ALL-UNNAMED --add-opens=java.prefs/java.util.prefs=ALL-UNNAMED --add-exports=jdk.compiler/com.sun.tools.javac.api=ALL-UNNAMED --add-exports=jdk.compiler/com.sun.tools.javac.util=ALL-UNNAMED --add-opens=java.base/java.util=ALL-UNNAMED --add-opens=java.prefs/java.util.prefs=ALL-UNNAMED --add-opens=java.base/java.nio.charset=ALL-UNNAMED --add-opens=java.base/java.net=ALL-UNNAMED --add-opens=java.base/java.util.concurrent.atomic=ALL-UNNAMED --add-opens=java.xml/javax.xml.namespace=ALL-UNNAMED -Xmx1536m -Dfile.encoding=UTF-8 -Duser.country=ES -Duser.language=es -Duser.variant -javaagent:C:\Users\Lucas Hernandez\.gradle\wrapper\dists\gradle-8.14.3-all\10utluxaxniiv4wxiphsi49nj\gradle-8.14.3\lib\agents\gradle-instrumentation-agent-8.14.3.jar 
java_command: org.gradle.launcher.daemon.bootstrap.GradleDaemon 8.14.3
java_class_path (initial): C:\Users\Lucas Hernandez\.gradle\wrapper\dists\gradle-8.14.3-all\10utluxaxniiv4wxiphsi49nj\gradle-8.14.3\lib\gradle-daemon-main-8.14.3.jar
Launcher Type: SUN_STANDARD

[Global flags]
     intx CICompilerCount                          = 4                                         {product} {ergonomic}
     uint ConcGCThreads                            = 3                                         {product} {ergonomic}
     uint G1ConcRefinementThreads                  = 10                                        {product} {ergonomic}
   size_t G1HeapRegionSize                         = 1048576                                   {product} {ergonomic}
    uintx GCDrainStackTargetSize                   = 64                                        {product} {ergonomic}
   size_t InitialHeapSize                          = 260046848                                 {product} {ergonomic}
   size_t MarkStackSize                            = 4194304                                   {product} {ergonomic}
   size_t MaxHeapSize                              = 1610612736                                {product} {command line}
   size_t MaxNewSize                               = 965738496                                 {product} {ergonomic}
   size_t MinHeapDeltaBytes                        = 1048576                                   {product} {ergonomic}
   size_t MinHeapSize                              = 8388608                                   {product} {ergonomic}
    uintx NonNMethodCodeHeapSize                   = 5839372                                {pd product} {ergonomic}
    uintx NonProfiledCodeHeapSize                  = 122909434                              {pd product} {ergonomic}
    uintx ProfiledCodeHeapSize                     = 122909434                              {pd product} {ergonomic}
    uintx ReservedCodeCacheSize                    = 251658240                              {pd product} {ergonomic}
     bool SegmentedCodeCache                       = true                                      {product} {ergonomic}
   size_t SoftMaxHeapSize                          = 1610612736                             {manageable} {ergonomic}
     bool UseCompressedOops                        = true                           {product lp64_product} {ergonomic}
     bool UseG1GC                                  = true                                      {product} {ergonomic}
     bool UseLargePagesIndividualAllocation        = false                                  {pd product} {ergonomic}

Logging:
Log output configuration:
 #0: stdout all=warning uptime,level,tags foldmultilines=false
 #1: stderr all=off uptime,level,tags foldmultilines=false

Release file:
JAVA_VERSION="21.0.12.1" 
MODULES="java.base java.compiler java.datatransfer java.xml java.prefs java.desktop java.instrument java.logging java.management java.security.sasl java.naming java.rmi java.management.rmi java.net.http java.scripting java.security.jgss java.transaction.xa java.sql java.sql.rowset java.xml.crypto java.se java.smartcardio jdk.accessibility jdk.internal.jvmstat jdk.attach jdk.charsets jdk.internal.opt jdk.zipfs jdk.compiler jdk.crypto.ec jdk.crypto.cryptoki jdk.crypto.mscapi jdk.dynalink jdk.internal.ed jdk.editpad jdk.hotspot.agent jdk.httpserver jdk.internal.le jdk.internal.vm.ci jdk.internal.vm.compiler jdk.internal.vm.compiler.management jdk.jartool jdk.javadoc jdk.jcmd jdk.management jdk.management.agent jdk.jconsole jdk.jdeps jdk.jdwp.agent jdk.jdi jdk.jfr jdk.jshell jdk.jsobject jdk.jstatd jdk.localedata jdk.management.jfr jdk.naming.dns jdk.naming.rmi jdk.net jdk.nio.mapmode jdk.random jdk.sctp jdk.security.auth jdk.security.jgss jdk.unsupported jdk.unsupported.desktop jdk.xml.dom" 

Environment Variables:
JAVA_HOME=C:\Program Files\Eclipse Adoptium\jdk-17.0.20.101-hotspot\
PATH=C:\Program Files\Eclipse Adoptium\jdk-17.0.20.101-hotspot\bin;C:\Users\Lucas Hernandez\AppData\Local\Programs\Python\Python314\Scripts\;C:\Users\Lucas Hernandez\AppData\Local\Programs\Python\Python314\;C:\app\dbhomeXE\bin;C:\WINDOWS\system32;C:\WINDOWS;C:\WINDOWS\System32\Wbem;C:\WINDOWS\System32\WindowsPowerShell\v1.0\;C:\WINDOWS\System32\OpenSSH\;C:\Program Files\Docker\Docker\resources\bin;C:\Program Files\nodejs\;C:\ProgramData\chocolatey\bin;C:\Program Files\dotnet\;C:\Program Files\Git\cmd;C:\Program Files\MySQL\MySQL Shell 8.0\bin\;C:\Users\Lucas Hernandez\AppData\Local\Microsoft\WindowsApps;C:\Program Files\JetBrains\IntelliJ IDEA 2025.2.2\bin;C:\Users\Lucas Hernandez\AppData\Local\GitHubDesktop\bin;C:\Users\Lucas Hernandez\AppData\Local\Programs\Microsoft VS Code\bin;C:\Users\Lucas Hernandez\AppData\Local\Python\bin;C:\Users\Lucas Hernandez\AppData\Local\Programs\cursor\resources\app\bin;C:\Users\Lucas Hernandez\AppData\Roaming\npm;C:\src\flutter\bin;;C:\Android\sdk\platform-tools;C:\Android\sdk\cmdline-tools\latest\bin;C:\Android\sdk\emulator
USERNAME=Lucas Hernandez
OS=Windows_NT
PROCESSOR_IDENTIFIER=AMD64 Family 23 Model 104 Stepping 1, AuthenticAMD
TMP=C:\Users\LUCASH~1\AppData\Local\Temp
TEMP=C:\Users\LUCASH~1\AppData\Local\Temp




Periodic native trim disabled

---------------  S Y S T E M  ---------------

OS:
 Windows 11 , 64 bit Build 26100 (10.0.26100.9444)
OS uptime: 11 days 19:08 hours
Hyper-V role detected

CPU: total 12 (initial active 12) (12 cores per cpu, 2 threads per core) family 23 model 104 stepping 1 microcode 0x8608103, cx8, cmov, fxsr, ht, mmx, 3dnowpref, sse, sse2, sse3, ssse3, sse4a, sse4.1, sse4.2, popcnt, lzcnt, tsc, tscinvbit, avx, avx2, aes, clmul, bmi1, bmi2, adx, sha, fma, vzeroupper, clflush, clflushopt, hv, rdtscp, rdpid, f16c
Processor Information for the first 12 processors :
  Max Mhz: 2100, Current Mhz: 2100, Mhz Limit: 2100

Memory: 4k page, system-wide physical 15754M (426M free)
TotalPageFile size 64906M (AvailPageFile size 321M)
current process WorkingSet (physical memory assigned to process): 168M, peak: 284M
current process commit charge ("private bytes"): 281M, peak: 409M

vm_info: OpenJDK 64-Bit Server VM (21.0.12.1+1-LTS) for windows-amd64 JRE (21.0.12.1+1-LTS), built on 2026-08-18T00:00:00Z by "admin" with MS VC++ 17.12 (VS2022)

END.
