#
# There is insufficient memory for the Java Runtime Environment to continue.
# Native memory allocation (malloc) failed to allocate 32744 bytes. Error detail: Chunk::new
# Possible reasons:
#   The system is out of physical RAM or swap space
#   This process is running with CompressedOops enabled, and the Java Heap may be blocking the growth of the native heap
# Possible solutions:
#   Reduce memory load on the system
#   Increase physical memory or swap space
#   Check if swap backing store is full
#   Decrease Java heap size (-Xmx/-Xms)
#   Decrease number of Java threads
#   Decrease Java thread stack sizes (-Xss)
#   Set larger code cache with -XX:ReservedCodeCacheSize=
#   JVM is running with Unscaled Compressed Oops mode in which the Java heap is
#     placed in the first 4GB address space. The Java Heap base address is the
#     maximum limit for the native heap growth. Please use -XX:HeapBaseMinAddress
#     to set the Java Heap base and to place the Java Heap above 4GB virtual address.
# This output file may be truncated or incomplete.
#
#  Out of Memory Error (arena.cpp:168), pid=14968, tid=37580
#
# JRE version: OpenJDK Runtime Environment Temurin-21.0.12.1+1 (21.0.12.1+1) (build 21.0.12.1+1-LTS)
# Java VM: OpenJDK 64-Bit Server VM Temurin-21.0.12.1+1 (21.0.12.1+1-LTS, mixed mode, sharing, tiered, compressed oops, compressed class ptrs, g1 gc, windows-amd64)
# No core dump will be written. Minidumps are not enabled by default on client versions of Windows
#

---------------  S U M M A R Y ------------

Command Line: --add-opens=java.base/java.util=ALL-UNNAMED --add-opens=java.base/java.lang=ALL-UNNAMED --add-opens=java.base/java.lang.invoke=ALL-UNNAMED --add-opens=java.prefs/java.util.prefs=ALL-UNNAMED --add-exports=jdk.compiler/com.sun.tools.javac.api=ALL-UNNAMED --add-exports=jdk.compiler/com.sun.tools.javac.util=ALL-UNNAMED --add-opens=java.base/java.nio.charset=ALL-UNNAMED --add-opens=java.base/java.net=ALL-UNNAMED --add-opens=java.base/java.util.concurrent.atomic=ALL-UNNAMED -XX:MaxMetaspaceSize=384m -XX:+HeapDumpOnOutOfMemoryError -Xms256m -Xmx512m -Dfile.encoding=utf8 -Duser.country=ES -Duser.language=es -Duser.variant -javaagent:C:\Users\Lucas Hernandez\.gradle\wrapper\dists\gradle-8.9-bin\90cnw93cvbtalezasaz0blq0a\gradle-8.9\lib\agents\gradle-instrumentation-agent-8.9.jar org.gradle.launcher.daemon.bootstrap.GradleDaemon 8.9

Host: AMD Ryzen 5 7430U with Radeon Graphics, 12 cores, 15G,  Windows 11 , 64 bit Build 26100 (10.0.26100.9444)
Time: Wed Oct  7 16:08:45 2026 Hora de verano romance elapsed time: 311.754098 seconds (0d 0h 5m 11s)

---------------  T H R E A D  ---------------

Current thread (0x0000024e6c8597a0):  JavaThread "C2 CompilerThread0" daemon [_thread_in_native, id=37580, stack(0x000000dfadd00000,0x000000dfade00000) (1024K)]


Current CompileTask:
C2:311754 10040   !   4       org.gradle.cache.internal.DefaultFileLockManager$AwaitableFileLockReleasedSignal::await (78 bytes)

Stack: [0x000000dfadd00000,0x000000dfade00000]
Native frames: (J=compiled Java code, j=interpreted, Vv=VM code, C=native code)
V  [jvm.dll+0x6d83e9]
V  [jvm.dll+0x8b5736]
V  [jvm.dll+0x8b7cee]
V  [jvm.dll+0x8b83d3]
V  [jvm.dll+0x284596]
V  [jvm.dll+0xc685d]
V  [jvm.dll+0xc6da1]
V  [jvm.dll+0x1d1d63]
V  [jvm.dll+0x39ca97]
V  [jvm.dll+0x39a182]
V  [jvm.dll+0x3a37c5]
V  [jvm.dll+0x1cfa75]
V  [jvm.dll+0x6f23ee]
V  [jvm.dll+0x6ea969]
V  [jvm.dll+0x6ea069]
V  [jvm.dll+0x6e80ee]
V  [jvm.dll+0x1ce4fc]
V  [jvm.dll+0x24b919]
V  [jvm.dll+0x1cb4ae]
V  [jvm.dll+0x25baad]
V  [jvm.dll+0x25a03a]
V  [jvm.dll+0x3f8aae]
V  [jvm.dll+0x8600cd]
V  [jvm.dll+0x6d6c1d]
C  [ucrtbase.dll+0x2cd30]
C  [KERNEL32.DLL+0x2cd87]
C  [ntdll.dll+0xacaec]


---------------  P R O C E S S  ---------------

Threads class SMR info:
_java_thread_list=0x0000024e754e55d0, length=50, elements={
0x0000024e56a51c50, 0x0000024e6c8549b0, 0x0000024e6c84c2f0, 0x0000024e6c856af0,
0x0000024e6c857550, 0x0000024e6c857fb0, 0x0000024e6c858a10, 0x0000024e6c8597a0,
0x0000024e6c8632d0, 0x0000024e6caf1520, 0x0000024e6ca412f0, 0x0000024e6c9e3830,
0x0000024e726e3320, 0x0000024e7258af20, 0x0000024e6cba14b0, 0x0000024e7241d4c0,
0x0000024e7241ef00, 0x0000024e7241c110, 0x0000024e7241e1e0, 0x0000024e7241c7a0,
0x0000024e72d97550, 0x0000024e72d99620, 0x0000024e72d97be0, 0x0000024e72d98270,
0x0000024e71bf97b0, 0x0000024e71bfb1f0, 0x0000024e7358e0f0, 0x0000024e73589f50,
0x0000024e72d9a340, 0x0000024e72d99cb0, 0x0000024e72d98900, 0x0000024e72d98f90,
0x0000024e72d96ec0, 0x0000024e7358b300, 0x0000024e73587e80, 0x0000024e7358b990,
0x0000024e73588ba0, 0x0000024e7358a5e0, 0x0000024e73588510, 0x0000024e7358c6b0,
0x0000024e7358c020, 0x0000024e73589230, 0x0000024e7358cd40, 0x0000024e7358ac70,
0x0000024e735898c0, 0x0000024e7358da60, 0x0000024e7358e780, 0x0000024e7358ee10,
0x0000024e7358f4a0, 0x0000024e71bf9120
}

Java Threads: ( => current thread )
  0x0000024e56a51c50 JavaThread "main"                              [_thread_blocked, id=20404, stack(0x000000dfacf00000,0x000000dfad000000) (1024K)]
  0x0000024e6c8549b0 JavaThread "Reference Handler"          daemon [_thread_blocked, id=4528, stack(0x000000dfad700000,0x000000dfad800000) (1024K)]
  0x0000024e6c84c2f0 JavaThread "Finalizer"                  daemon [_thread_blocked, id=10624, stack(0x000000dfad800000,0x000000dfad900000) (1024K)]
  0x0000024e6c856af0 JavaThread "Signal Dispatcher"          daemon [_thread_blocked, id=16088, stack(0x000000dfad900000,0x000000dfada00000) (1024K)]
  0x0000024e6c857550 JavaThread "Attach Listener"            daemon [_thread_blocked, id=22760, stack(0x000000dfada00000,0x000000dfadb00000) (1024K)]
  0x0000024e6c857fb0 JavaThread "Service Thread"             daemon [_thread_blocked, id=29252, stack(0x000000dfadb00000,0x000000dfadc00000) (1024K)]
  0x0000024e6c858a10 JavaThread "Monitor Deflation Thread"   daemon [_thread_blocked, id=25892, stack(0x000000dfadc00000,0x000000dfadd00000) (1024K)]
=>0x0000024e6c8597a0 JavaThread "C2 CompilerThread0"         daemon [_thread_in_native, id=37580, stack(0x000000dfadd00000,0x000000dfade00000) (1024K)]
  0x0000024e6c8632d0 JavaThread "C1 CompilerThread0"         daemon [_thread_blocked, id=27812, stack(0x000000dfade00000,0x000000dfadf00000) (1024K)]
  0x0000024e6caf1520 JavaThread "Common-Cleaner"             daemon [_thread_blocked, id=6500, stack(0x000000dfadf00000,0x000000dfae000000) (1024K)]
  0x0000024e6ca412f0 JavaThread "Notification Thread"        daemon [_thread_blocked, id=9488, stack(0x000000dfae000000,0x000000dfae100000) (1024K)]
  0x0000024e6c9e3830 JavaThread "Daemon health stats"               [_thread_blocked, id=20816, stack(0x000000dfae700000,0x000000dfae800000) (1024K)]
  0x0000024e726e3320 JavaThread "Incoming local TCP Connector on port 51037"        [_thread_in_native, id=38540, stack(0x000000dfae800000,0x000000dfae900000) (1024K)]
  0x0000024e7258af20 JavaThread "Daemon periodic checks"            [_thread_blocked, id=29168, stack(0x000000dfae900000,0x000000dfaea00000) (1024K)]
  0x0000024e6cba14b0 JavaThread "Daemon"                            [_thread_blocked, id=24844, stack(0x000000dfaea00000,0x000000dfaeb00000) (1024K)]
  0x0000024e7241d4c0 JavaThread "Daemon worker"                     [_thread_blocked, id=28600, stack(0x000000dfaed00000,0x000000dfaee00000) (1024K)]
  0x0000024e7241ef00 JavaThread "Cache worker for journal cache (C:\Users\Lucas Hernandez\.gradle\caches\journal-1)"        [_thread_blocked, id=4000, stack(0x000000dfaf100000,0x000000dfaf200000) (1024K)]
  0x0000024e7241c110 JavaThread "File lock request listener"        [_thread_in_native, id=11080, stack(0x000000dfaf200000,0x000000dfaf300000) (1024K)]
  0x0000024e7241e1e0 JavaThread "Cache worker for file hash cache (C:\Users\Lucas Hernandez\.gradle\caches\8.9\fileHashes)"        [_thread_blocked, id=22656, stack(0x000000dfaf300000,0x000000dfaf400000) (1024K)]
  0x0000024e7241c7a0 JavaThread "File lock release action executor"        [_thread_blocked, id=32704, stack(0x000000dfaf400000,0x000000dfaf500000) (1024K)]
  0x0000024e72d97550 JavaThread "File watcher server"        daemon [_thread_in_native, id=12276, stack(0x000000dfaf500000,0x000000dfaf600000) (1024K)]
  0x0000024e72d99620 JavaThread "File watcher consumer"      daemon [_thread_blocked, id=14900, stack(0x000000dfafd00000,0x000000dfafe00000) (1024K)]
  0x0000024e72d97be0 JavaThread "Cache worker for file content cache (C:\Users\Lucas Hernandez\.gradle\caches\8.9\fileContent)"        [_thread_blocked, id=37136, stack(0x000000dfaff00000,0x000000dfb0000000) (1024K)]
  0x0000024e72d98270 JavaThread "jar transforms"                    [_thread_blocked, id=32132, stack(0x000000dfb0100000,0x000000dfb0200000) (1024K)]
  0x0000024e71bf97b0 JavaThread "jar transforms Thread 2"           [_thread_blocked, id=19588, stack(0x000000dfb0200000,0x000000dfb0300000) (1024K)]
  0x0000024e71bfb1f0 JavaThread "jar transforms Thread 3"           [_thread_blocked, id=1992, stack(0x000000dfb0300000,0x000000dfb0400000) (1024K)]
  0x0000024e7358e0f0 JavaThread "jar transforms Thread 4"           [_thread_blocked, id=33268, stack(0x000000dfb2400000,0x000000dfb2500000) (1024K)]
  0x0000024e73589f50 JavaThread "jar transforms Thread 5"           [_thread_blocked, id=30532, stack(0x000000dfb0000000,0x000000dfb0100000) (1024K)]
  0x0000024e72d9a340 JavaThread "jar transforms Thread 6"           [_thread_blocked, id=30124, stack(0x000000dfb1a00000,0x000000dfb1b00000) (1024K)]
  0x0000024e72d99cb0 JavaThread "Handler for socket connection from /127.0.0.1:51037 to /127.0.0.1:55635"        [_thread_in_native, id=35336, stack(0x000000dfacc00000,0x000000dfacd00000) (1024K)]
  0x0000024e72d98900 JavaThread "Cancel handler"                    [_thread_blocked, id=33292, stack(0x000000dface00000,0x000000dfacf00000) (1024K)]
  0x0000024e72d98f90 JavaThread "Asynchronous log dispatcher for DefaultDaemonConnection: socket connection from /127.0.0.1:51037 to /127.0.0.1:55635"        [_thread_blocked, id=9984, stack(0x000000dfaeb00000,0x000000dfaec00000) (1024K)]
  0x0000024e72d96ec0 JavaThread "Stdin handler"                     [_thread_blocked, id=40544, stack(0x000000dfaec00000,0x000000dfaed00000) (1024K)]
  0x0000024e7358b300 JavaThread "Daemon client event forwarder"        [_thread_blocked, id=37224, stack(0x000000dfaee00000,0x000000dfaef00000) (1024K)]
  0x0000024e73587e80 JavaThread "Cache worker for file hash cache (C:\Users\Lucas Hernandez\OneDrive - UDIT\Documents\DI\dam2-productos-archivos\node_modules\@capacitor\android\capacitor\.gradle\8.9\fileHashes)"        [_thread_blocked, id=25120, stack(0x000000dfaef00000,0x000000dfaf000000) (1024K)]
  0x0000024e7358b990 JavaThread "Cache worker for Build Output Cleanup Cache (C:\Users\Lucas Hernandez\OneDrive - UDIT\Documents\DI\dam2-productos-archivos\node_modules\@capacitor\android\capacitor\.gradle\buildOutputCleanup)"        [_thread_blocked, id=37160, stack(0x000000dfaf000000,0x000000dfaf100000) (1024K)]
  0x0000024e73588ba0 JavaThread "Cache worker for checksums cache (C:\Users\Lucas Hernandez\OneDrive - UDIT\Documents\DI\dam2-productos-archivos\node_modules\@capacitor\android\capacitor\.gradle\8.9\checksums)"        [_thread_blocked, id=6312, stack(0x000000dfafb00000,0x000000dfafc00000) (1024K)]
  0x0000024e7358a5e0 JavaThread "Cache worker for cache directory md-rule (C:\Users\Lucas Hernandez\.gradle\caches\8.9\md-rule)"        [_thread_blocked, id=10116, stack(0x000000dfafc00000,0x000000dfafd00000) (1024K)]
  0x0000024e73588510 JavaThread "Cache worker for cache directory md-supplier (C:\Users\Lucas Hernandez\.gradle\caches\8.9\md-supplier)"        [_thread_blocked, id=28616, stack(0x000000dfafe00000,0x000000dfaff00000) (1024K)]
  0x0000024e7358c6b0 JavaThread "Unconstrained build operations"        [_thread_blocked, id=3680, stack(0x000000dfacd00000,0x000000dface00000) (1024K)]
  0x0000024e7358c020 JavaThread "Unconstrained build operations Thread 2"        [_thread_blocked, id=26056, stack(0x000000dfb0400000,0x000000dfb0500000) (1024K)]
  0x0000024e73589230 JavaThread "Unconstrained build operations Thread 3"        [_thread_blocked, id=31444, stack(0x000000dfb0500000,0x000000dfb0600000) (1024K)]
  0x0000024e7358cd40 JavaThread "Unconstrained build operations Thread 4"        [_thread_blocked, id=40984, stack(0x000000dfb0600000,0x000000dfb0700000) (1024K)]
  0x0000024e7358ac70 JavaThread "Unconstrained build operations Thread 5"        [_thread_blocked, id=22752, stack(0x000000dfb0700000,0x000000dfb0800000) (1024K)]
  0x0000024e735898c0 JavaThread "Unconstrained build operations Thread 6"        [_thread_blocked, id=39036, stack(0x000000dfb0800000,0x000000dfb0900000) (1024K)]
  0x0000024e7358da60 JavaThread "Unconstrained build operations Thread 7"        [_thread_blocked, id=40992, stack(0x000000dfb0900000,0x000000dfb0a00000) (1024K)]
  0x0000024e7358e780 JavaThread "Unconstrained build operations Thread 8"        [_thread_blocked, id=40980, stack(0x000000dfb0a00000,0x000000dfb0b00000) (1024K)]
  0x0000024e7358ee10 JavaThread "Unconstrained build operations Thread 9"        [_thread_blocked, id=41008, stack(0x000000dfb0b00000,0x000000dfb0c00000) (1024K)]
  0x0000024e7358f4a0 JavaThread "Unconstrained build operations Thread 10"        [_thread_blocked, id=10468, stack(0x000000dfb0c00000,0x000000dfb0d00000) (1024K)]
  0x0000024e71bf9120 JavaThread "Unconstrained build operations Thread 11"        [_thread_blocked, id=21516, stack(0x000000dfb0d00000,0x000000dfb0e00000) (1024K)]
Total: 50

Other Threads:
  0x0000024e6c8324f0 VMThread "VM Thread"                           [id=36052, stack(0x000000dfad600000,0x000000dfad700000) (1024K)]
  0x0000024e6c823e30 WatcherThread "VM Periodic Task Thread"        [id=25836, stack(0x000000dfad500000,0x000000dfad600000) (1024K)]
  0x0000024e56a7ecc0 WorkerThread "GC Thread#0"                     [id=38564, stack(0x000000dfad000000,0x000000dfad100000) (1024K)]
  0x0000024e711de6b0 WorkerThread "GC Thread#1"                     [id=13272, stack(0x000000dfae100000,0x000000dfae200000) (1024K)]
  0x0000024e713d3de0 WorkerThread "GC Thread#2"                     [id=14732, stack(0x000000dfae200000,0x000000dfae300000) (1024K)]
  0x0000024e710fafa0 WorkerThread "GC Thread#3"                     [id=9848, stack(0x000000dfae300000,0x000000dfae400000) (1024K)]
  0x0000024e710fb350 WorkerThread "GC Thread#4"                     [id=14408, stack(0x000000dfae400000,0x000000dfae500000) (1024K)]
  0x0000024e710fb700 WorkerThread "GC Thread#5"                     [id=38996, stack(0x000000dfae500000,0x000000dfae600000) (1024K)]
  0x0000024e6ca8e110 WorkerThread "GC Thread#6"                     [id=11148, stack(0x000000dfae600000,0x000000dfae700000) (1024K)]
  0x0000024e73043250 WorkerThread "GC Thread#7"                     [id=32220, stack(0x000000dfaf600000,0x000000dfaf700000) (1024K)]
  0x0000024e730439b0 WorkerThread "GC Thread#8"                     [id=9316, stack(0x000000dfaf700000,0x000000dfaf800000) (1024K)]
  0x0000024e730409c0 WorkerThread "GC Thread#9"                     [id=37300, stack(0x000000dfaf800000,0x000000dfaf900000) (1024K)]
  0x0000024e56a83ac0 ConcurrentGCThread "G1 Main Marker"            [id=12300, stack(0x000000dfad100000,0x000000dfad200000) (1024K)]
  0x0000024e56a843e0 WorkerThread "G1 Conc#0"                       [id=11092, stack(0x000000dfad200000,0x000000dfad300000) (1024K)]
  0x0000024e73041120 WorkerThread "G1 Conc#1"                       [id=7736, stack(0x000000dfaf900000,0x000000dfafa00000) (1024K)]
  0x0000024e73040d70 WorkerThread "G1 Conc#2"                       [id=22952, stack(0x000000dfafa00000,0x000000dfafb00000) (1024K)]
  0x0000024e6c6f2d70 ConcurrentGCThread "G1 Refine#0"               [id=21012, stack(0x000000dfad300000,0x000000dfad400000) (1024K)]
  0x0000024e6c6f55b0 ConcurrentGCThread "G1 Service"                [id=32364, stack(0x000000dfad400000,0x000000dfad500000) (1024K)]
Total: 18

Threads with active compile tasks:
C2 CompilerThread0  311800 10040   !   4       org.gradle.cache.internal.DefaultFileLockManager$AwaitableFileLockReleasedSignal::await (78 bytes)
Total: 1

VM state: not at safepoint (normal execution)

VM Mutex/Monitor currently owned by a thread: None

Heap address: 0x00000000e0000000, size: 512 MB, Compressed Oops mode: 32-bit

CDS archive(s) mapped at: [0x0000024e00000000-0x0000024e00ba0000-0x0000024e00ba0000), size 12189696, SharedBaseAddress: 0x0000024e00000000, ArchiveRelocationMode: 1.
Compressed class space mapped at: 0x0000024e01000000-0x0000024e15000000, reserved size: 335544320
Narrow klass base: 0x0000024e00000000, Narrow klass shift: 0, Narrow klass range: 0x100000000

GC Precious Log:
 CardTable entry size: 512
 Card Set container configuration: InlinePtr #cards 5 size 8 Array Of Cards #cards 12 size 40 Howl #buckets 4 coarsen threshold 1843 Howl Bitmap #cards 512 size 80 coarsen threshold 460 Card regions per heap region 1 cards per card region 2048
 CPUs: 12 total, 12 available
 Memory: 15754M
 Large Page Support: Disabled
 NUMA Support: Disabled
 Compressed Oops: Enabled (32-bit)
 Heap Region Size: 1M
 Heap Min Capacity: 256M
 Heap Initial Capacity: 256M
 Heap Max Capacity: 512M
 Pre-touch: Disabled
 Parallel Workers: 10
 Concurrent Workers: 3
 Concurrent Refinement Workers: 10
 Periodic GC: Disabled

Heap:
 garbage-first heap   total 262144K, used 160939K [0x00000000e0000000, 0x0000000100000000)
  region size 1024K, 121 young (123904K), 20 survivors (20480K)
 Metaspace       used 52220K, committed 54016K, reserved 393216K
  class space    used 7375K, committed 8256K, reserved 327680K

Heap Regions: E=young(eden), S=young(survivor), O=old, HS=humongous(starts), HC=humongous(continues), CS=collection set, F=free, TAMS=top-at-mark-start, PB=parsable bottom
|   0|0x00000000e0000000, 0x00000000e0100000, 0x00000000e0100000|100%|HS|  |TAMS 0x00000000e0000000| PB 0x00000000e0000000| Complete 
|   1|0x00000000e0100000, 0x00000000e0200000, 0x00000000e0200000|100%|HC|  |TAMS 0x00000000e0100000| PB 0x00000000e0100000| Complete 
|   2|0x00000000e0200000, 0x00000000e0300000, 0x00000000e0300000|100%|HC|  |TAMS 0x00000000e0200000| PB 0x00000000e0200000| Complete 
|   3|0x00000000e0300000, 0x00000000e0400000, 0x00000000e0400000|100%|HC|  |TAMS 0x00000000e0300000| PB 0x00000000e0300000| Complete 
|   4|0x00000000e0400000, 0x00000000e0500000, 0x00000000e0500000|100%| O|  |TAMS 0x00000000e0400000| PB 0x00000000e0400000| Untracked 
|   5|0x00000000e0500000, 0x00000000e0600000, 0x00000000e0600000|100%| O|  |TAMS 0x00000000e0500000| PB 0x00000000e0500000| Untracked 
|   6|0x00000000e0600000, 0x00000000e0700000, 0x00000000e0700000|100%|HS|  |TAMS 0x00000000e0600000| PB 0x00000000e0600000| Complete 
|   7|0x00000000e0700000, 0x00000000e0800000, 0x00000000e0800000|100%| O|  |TAMS 0x00000000e0700000| PB 0x00000000e0700000| Untracked 
|   8|0x00000000e0800000, 0x00000000e0900000, 0x00000000e0900000|100%| O|  |TAMS 0x00000000e0800000| PB 0x00000000e0800000| Untracked 
|   9|0x00000000e0900000, 0x00000000e0a00000, 0x00000000e0a00000|100%| O|  |TAMS 0x00000000e0900000| PB 0x00000000e0900000| Untracked 
|  10|0x00000000e0a00000, 0x00000000e0b00000, 0x00000000e0b00000|100%|HS|  |TAMS 0x00000000e0a00000| PB 0x00000000e0a00000| Complete 
|  11|0x00000000e0b00000, 0x00000000e0c00000, 0x00000000e0c00000|100%| O|  |TAMS 0x00000000e0b00000| PB 0x00000000e0b00000| Untracked 
|  12|0x00000000e0c00000, 0x00000000e0d00000, 0x00000000e0d00000|100%| O|  |TAMS 0x00000000e0c00000| PB 0x00000000e0c00000| Untracked 
|  13|0x00000000e0d00000, 0x00000000e0e00000, 0x00000000e0e00000|100%| O|  |TAMS 0x00000000e0d00000| PB 0x00000000e0d00000| Untracked 
|  14|0x00000000e0e00000, 0x00000000e0f00000, 0x00000000e0f00000|100%| O|  |TAMS 0x00000000e0e00000| PB 0x00000000e0e00000| Untracked 
|  15|0x00000000e0f00000, 0x00000000e1000000, 0x00000000e1000000|100%| O|  |TAMS 0x00000000e0f00000| PB 0x00000000e0f00000| Untracked 
|  16|0x00000000e1000000, 0x00000000e1100000, 0x00000000e1100000|100%| O|  |TAMS 0x00000000e1000000| PB 0x00000000e1000000| Untracked 
|  17|0x00000000e1100000, 0x00000000e1200000, 0x00000000e1200000|100%| O|  |TAMS 0x00000000e1100000| PB 0x00000000e1100000| Untracked 
|  18|0x00000000e1200000, 0x00000000e1300000, 0x00000000e1300000|100%| O|  |TAMS 0x00000000e1200000| PB 0x00000000e1200000| Untracked 
|  19|0x00000000e1300000, 0x00000000e1400000, 0x00000000e1400000|100%| O|  |TAMS 0x00000000e1300000| PB 0x00000000e1300000| Untracked 
|  20|0x00000000e1400000, 0x00000000e1500000, 0x00000000e1500000|100%| O|  |TAMS 0x00000000e1400000| PB 0x00000000e1400000| Untracked 
|  21|0x00000000e1500000, 0x00000000e1600000, 0x00000000e1600000|100%| O|  |TAMS 0x00000000e1500000| PB 0x00000000e1500000| Untracked 
|  22|0x00000000e1600000, 0x00000000e1700000, 0x00000000e1700000|100%| O|  |TAMS 0x00000000e1600000| PB 0x00000000e1600000| Untracked 
|  23|0x00000000e1700000, 0x00000000e1800000, 0x00000000e1800000|100%| O|  |TAMS 0x00000000e1700000| PB 0x00000000e1700000| Untracked 
|  24|0x00000000e1800000, 0x00000000e1800000, 0x00000000e1900000|  0%| F|  |TAMS 0x00000000e1800000| PB 0x00000000e1800000| Untracked 
|  25|0x00000000e1900000, 0x00000000e1a00000, 0x00000000e1a00000|100%| O|  |TAMS 0x00000000e1900000| PB 0x00000000e1900000| Untracked 
|  26|0x00000000e1a00000, 0x00000000e1b00000, 0x00000000e1b00000|100%|HS|  |TAMS 0x00000000e1a00000| PB 0x00000000e1a00000| Complete 
|  27|0x00000000e1b00000, 0x00000000e1c00000, 0x00000000e1c00000|100%|HS|  |TAMS 0x00000000e1b00000| PB 0x00000000e1b00000| Complete 
|  28|0x00000000e1c00000, 0x00000000e1d00000, 0x00000000e1d00000|100%|HS|  |TAMS 0x00000000e1c00000| PB 0x00000000e1c00000| Complete 
|  29|0x00000000e1d00000, 0x00000000e1d00000, 0x00000000e1e00000|  0%| F|  |TAMS 0x00000000e1d00000| PB 0x00000000e1d00000| Untracked 
|  30|0x00000000e1e00000, 0x00000000e1f00000, 0x00000000e1f00000|100%|HS|  |TAMS 0x00000000e1e00000| PB 0x00000000e1e00000| Complete 
|  31|0x00000000e1f00000, 0x00000000e2000000, 0x00000000e2000000|100%| O|  |TAMS 0x00000000e1f00000| PB 0x00000000e1f00000| Untracked 
|  32|0x00000000e2000000, 0x00000000e2100000, 0x00000000e2100000|100%| O|  |TAMS 0x00000000e2000000| PB 0x00000000e2000000| Untracked 
|  33|0x00000000e2100000, 0x00000000e2200000, 0x00000000e2200000|100%| O|  |TAMS 0x00000000e2100000| PB 0x00000000e2100000| Untracked 
|  34|0x00000000e2200000, 0x00000000e2300000, 0x00000000e2300000|100%| O|  |TAMS 0x00000000e2200000| PB 0x00000000e2200000| Untracked 
|  35|0x00000000e2300000, 0x00000000e2400000, 0x00000000e2400000|100%| O|  |TAMS 0x00000000e2300000| PB 0x00000000e2300000| Untracked 
|  36|0x00000000e2400000, 0x00000000e2500000, 0x00000000e2500000|100%| O|  |TAMS 0x00000000e2400000| PB 0x00000000e2400000| Untracked 
|  37|0x00000000e2500000, 0x00000000e2600000, 0x00000000e2600000|100%| O|  |TAMS 0x00000000e2500000| PB 0x00000000e2500000| Untracked 
|  38|0x00000000e2600000, 0x00000000e2700000, 0x00000000e2700000|100%| O|  |TAMS 0x00000000e2600000| PB 0x00000000e2600000| Untracked 
|  39|0x00000000e2700000, 0x00000000e272afc0, 0x00000000e2800000| 16%| O|  |TAMS 0x00000000e2700000| PB 0x00000000e2700000| Untracked 
|  40|0x00000000e2800000, 0x00000000e2800000, 0x00000000e2900000|  0%| F|  |TAMS 0x00000000e2800000| PB 0x00000000e2800000| Untracked 
|  41|0x00000000e2900000, 0x00000000e2900000, 0x00000000e2a00000|  0%| F|  |TAMS 0x00000000e2900000| PB 0x00000000e2900000| Untracked 
|  42|0x00000000e2a00000, 0x00000000e2a00000, 0x00000000e2b00000|  0%| F|  |TAMS 0x00000000e2a00000| PB 0x00000000e2a00000| Untracked 
|  43|0x00000000e2b00000, 0x00000000e2b00000, 0x00000000e2c00000|  0%| F|  |TAMS 0x00000000e2b00000| PB 0x00000000e2b00000| Untracked 
|  44|0x00000000e2c00000, 0x00000000e2c00000, 0x00000000e2d00000|  0%| F|  |TAMS 0x00000000e2c00000| PB 0x00000000e2c00000| Untracked 
|  45|0x00000000e2d00000, 0x00000000e2d00000, 0x00000000e2e00000|  0%| F|  |TAMS 0x00000000e2d00000| PB 0x00000000e2d00000| Untracked 
|  46|0x00000000e2e00000, 0x00000000e2e00000, 0x00000000e2f00000|  0%| F|  |TAMS 0x00000000e2e00000| PB 0x00000000e2e00000| Untracked 
|  47|0x00000000e2f00000, 0x00000000e2f00000, 0x00000000e3000000|  0%| F|  |TAMS 0x00000000e2f00000| PB 0x00000000e2f00000| Untracked 
|  48|0x00000000e3000000, 0x00000000e3000000, 0x00000000e3100000|  0%| F|  |TAMS 0x00000000e3000000| PB 0x00000000e3000000| Untracked 
|  49|0x00000000e3100000, 0x00000000e3100000, 0x00000000e3200000|  0%| F|  |TAMS 0x00000000e3100000| PB 0x00000000e3100000| Untracked 
|  50|0x00000000e3200000, 0x00000000e3200000, 0x00000000e3300000|  0%| F|  |TAMS 0x00000000e3200000| PB 0x00000000e3200000| Untracked 
|  51|0x00000000e3300000, 0x00000000e3300000, 0x00000000e3400000|  0%| F|  |TAMS 0x00000000e3300000| PB 0x00000000e3300000| Untracked 
|  52|0x00000000e3400000, 0x00000000e3400000, 0x00000000e3500000|  0%| F|  |TAMS 0x00000000e3400000| PB 0x00000000e3400000| Untracked 
|  53|0x00000000e3500000, 0x00000000e3500000, 0x00000000e3600000|  0%| F|  |TAMS 0x00000000e3500000| PB 0x00000000e3500000| Untracked 
|  54|0x00000000e3600000, 0x00000000e3600000, 0x00000000e3700000|  0%| F|  |TAMS 0x00000000e3600000| PB 0x00000000e3600000| Untracked 
|  55|0x00000000e3700000, 0x00000000e3700000, 0x00000000e3800000|  0%| F|  |TAMS 0x00000000e3700000| PB 0x00000000e3700000| Untracked 
|  56|0x00000000e3800000, 0x00000000e3800000, 0x00000000e3900000|  0%| F|  |TAMS 0x00000000e3800000| PB 0x00000000e3800000| Untracked 
|  57|0x00000000e3900000, 0x00000000e3900000, 0x00000000e3a00000|  0%| F|  |TAMS 0x00000000e3900000| PB 0x00000000e3900000| Untracked 
|  58|0x00000000e3a00000, 0x00000000e3a00000, 0x00000000e3b00000|  0%| F|  |TAMS 0x00000000e3a00000| PB 0x00000000e3a00000| Untracked 
|  59|0x00000000e3b00000, 0x00000000e3b00000, 0x00000000e3c00000|  0%| F|  |TAMS 0x00000000e3b00000| PB 0x00000000e3b00000| Untracked 
|  60|0x00000000e3c00000, 0x00000000e3c00000, 0x00000000e3d00000|  0%| F|  |TAMS 0x00000000e3c00000| PB 0x00000000e3c00000| Untracked 
|  61|0x00000000e3d00000, 0x00000000e3d00000, 0x00000000e3e00000|  0%| F|  |TAMS 0x00000000e3d00000| PB 0x00000000e3d00000| Untracked 
|  62|0x00000000e3e00000, 0x00000000e3e00000, 0x00000000e3f00000|  0%| F|  |TAMS 0x00000000e3e00000| PB 0x00000000e3e00000| Untracked 
|  63|0x00000000e3f00000, 0x00000000e3f00000, 0x00000000e4000000|  0%| F|  |TAMS 0x00000000e3f00000| PB 0x00000000e3f00000| Untracked 
|  64|0x00000000e4000000, 0x00000000e4000000, 0x00000000e4100000|  0%| F|  |TAMS 0x00000000e4000000| PB 0x00000000e4000000| Untracked 
|  65|0x00000000e4100000, 0x00000000e4100000, 0x00000000e4200000|  0%| F|  |TAMS 0x00000000e4100000| PB 0x00000000e4100000| Untracked 
|  66|0x00000000e4200000, 0x00000000e4200000, 0x00000000e4300000|  0%| F|  |TAMS 0x00000000e4200000| PB 0x00000000e4200000| Untracked 
|  67|0x00000000e4300000, 0x00000000e4300000, 0x00000000e4400000|  0%| F|  |TAMS 0x00000000e4300000| PB 0x00000000e4300000| Untracked 
|  68|0x00000000e4400000, 0x00000000e4400000, 0x00000000e4500000|  0%| F|  |TAMS 0x00000000e4400000| PB 0x00000000e4400000| Untracked 
|  69|0x00000000e4500000, 0x00000000e4500000, 0x00000000e4600000|  0%| F|  |TAMS 0x00000000e4500000| PB 0x00000000e4500000| Untracked 
|  70|0x00000000e4600000, 0x00000000e4600000, 0x00000000e4700000|  0%| F|  |TAMS 0x00000000e4600000| PB 0x00000000e4600000| Untracked 
|  71|0x00000000e4700000, 0x00000000e4700000, 0x00000000e4800000|  0%| F|  |TAMS 0x00000000e4700000| PB 0x00000000e4700000| Untracked 
|  72|0x00000000e4800000, 0x00000000e4800000, 0x00000000e4900000|  0%| F|  |TAMS 0x00000000e4800000| PB 0x00000000e4800000| Untracked 
|  73|0x00000000e4900000, 0x00000000e4900000, 0x00000000e4a00000|  0%| F|  |TAMS 0x00000000e4900000| PB 0x00000000e4900000| Untracked 
|  74|0x00000000e4a00000, 0x00000000e4a00000, 0x00000000e4b00000|  0%| F|  |TAMS 0x00000000e4a00000| PB 0x00000000e4a00000| Untracked 
|  75|0x00000000e4b00000, 0x00000000e4b00000, 0x00000000e4c00000|  0%| F|  |TAMS 0x00000000e4b00000| PB 0x00000000e4b00000| Untracked 
|  76|0x00000000e4c00000, 0x00000000e4c00000, 0x00000000e4d00000|  0%| F|  |TAMS 0x00000000e4c00000| PB 0x00000000e4c00000| Untracked 
|  77|0x00000000e4d00000, 0x00000000e4d00000, 0x00000000e4e00000|  0%| F|  |TAMS 0x00000000e4d00000| PB 0x00000000e4d00000| Untracked 
|  78|0x00000000e4e00000, 0x00000000e4e00000, 0x00000000e4f00000|  0%| F|  |TAMS 0x00000000e4e00000| PB 0x00000000e4e00000| Untracked 
|  79|0x00000000e4f00000, 0x00000000e4f00000, 0x00000000e5000000|  0%| F|  |TAMS 0x00000000e4f00000| PB 0x00000000e4f00000| Untracked 
|  80|0x00000000e5000000, 0x00000000e5000000, 0x00000000e5100000|  0%| F|  |TAMS 0x00000000e5000000| PB 0x00000000e5000000| Untracked 
|  81|0x00000000e5100000, 0x00000000e5100000, 0x00000000e5200000|  0%| F|  |TAMS 0x00000000e5100000| PB 0x00000000e5100000| Untracked 
|  82|0x00000000e5200000, 0x00000000e5200000, 0x00000000e5300000|  0%| F|  |TAMS 0x00000000e5200000| PB 0x00000000e5200000| Untracked 
|  83|0x00000000e5300000, 0x00000000e5400000, 0x00000000e5400000|100%| S|CS|TAMS 0x00000000e5300000| PB 0x00000000e5300000| Complete 
|  84|0x00000000e5400000, 0x00000000e5500000, 0x00000000e5500000|100%| S|CS|TAMS 0x00000000e5400000| PB 0x00000000e5400000| Complete 
|  85|0x00000000e5500000, 0x00000000e5500000, 0x00000000e5600000|  0%| F|  |TAMS 0x00000000e5500000| PB 0x00000000e5500000| Untracked 
|  86|0x00000000e5600000, 0x00000000e5600000, 0x00000000e5700000|  0%| F|  |TAMS 0x00000000e5600000| PB 0x00000000e5600000| Untracked 
|  87|0x00000000e5700000, 0x00000000e5700000, 0x00000000e5800000|  0%| F|  |TAMS 0x00000000e5700000| PB 0x00000000e5700000| Untracked 
|  88|0x00000000e5800000, 0x00000000e5800000, 0x00000000e5900000|  0%| F|  |TAMS 0x00000000e5800000| PB 0x00000000e5800000| Untracked 
|  89|0x00000000e5900000, 0x00000000e5900000, 0x00000000e5a00000|  0%| F|  |TAMS 0x00000000e5900000| PB 0x00000000e5900000| Untracked 
|  90|0x00000000e5a00000, 0x00000000e5a00000, 0x00000000e5b00000|  0%| F|  |TAMS 0x00000000e5a00000| PB 0x00000000e5a00000| Untracked 
|  91|0x00000000e5b00000, 0x00000000e5b00000, 0x00000000e5c00000|  0%| F|  |TAMS 0x00000000e5b00000| PB 0x00000000e5b00000| Untracked 
|  92|0x00000000e5c00000, 0x00000000e5c00000, 0x00000000e5d00000|  0%| F|  |TAMS 0x00000000e5c00000| PB 0x00000000e5c00000| Untracked 
|  93|0x00000000e5d00000, 0x00000000e5d00000, 0x00000000e5e00000|  0%| F|  |TAMS 0x00000000e5d00000| PB 0x00000000e5d00000| Untracked 
|  94|0x00000000e5e00000, 0x00000000e5e00000, 0x00000000e5f00000|  0%| F|  |TAMS 0x00000000e5e00000| PB 0x00000000e5e00000| Untracked 
|  95|0x00000000e5f00000, 0x00000000e5f00000, 0x00000000e6000000|  0%| F|  |TAMS 0x00000000e5f00000| PB 0x00000000e5f00000| Untracked 
|  96|0x00000000e6000000, 0x00000000e6000000, 0x00000000e6100000|  0%| F|  |TAMS 0x00000000e6000000| PB 0x00000000e6000000| Untracked 
|  97|0x00000000e6100000, 0x00000000e6100000, 0x00000000e6200000|  0%| F|  |TAMS 0x00000000e6100000| PB 0x00000000e6100000| Untracked 
|  98|0x00000000e6200000, 0x00000000e6200000, 0x00000000e6300000|  0%| F|  |TAMS 0x00000000e6200000| PB 0x00000000e6200000| Untracked 
|  99|0x00000000e6300000, 0x00000000e6300000, 0x00000000e6400000|  0%| F|  |TAMS 0x00000000e6300000| PB 0x00000000e6300000| Untracked 
| 100|0x00000000e6400000, 0x00000000e6400000, 0x00000000e6500000|  0%| F|  |TAMS 0x00000000e6400000| PB 0x00000000e6400000| Untracked 
| 101|0x00000000e6500000, 0x00000000e6500000, 0x00000000e6600000|  0%| F|  |TAMS 0x00000000e6500000| PB 0x00000000e6500000| Untracked 
| 102|0x00000000e6600000, 0x00000000e6600000, 0x00000000e6700000|  0%| F|  |TAMS 0x00000000e6600000| PB 0x00000000e6600000| Untracked 
| 103|0x00000000e6700000, 0x00000000e6800000, 0x00000000e6800000|100%| S|CS|TAMS 0x00000000e6700000| PB 0x00000000e6700000| Complete 
| 104|0x00000000e6800000, 0x00000000e6900000, 0x00000000e6900000|100%| S|CS|TAMS 0x00000000e6800000| PB 0x00000000e6800000| Complete 
| 105|0x00000000e6900000, 0x00000000e6a00000, 0x00000000e6a00000|100%| S|CS|TAMS 0x00000000e6900000| PB 0x00000000e6900000| Complete 
| 106|0x00000000e6a00000, 0x00000000e6b00000, 0x00000000e6b00000|100%| S|CS|TAMS 0x00000000e6a00000| PB 0x00000000e6a00000| Complete 
| 107|0x00000000e6b00000, 0x00000000e6c00000, 0x00000000e6c00000|100%| S|CS|TAMS 0x00000000e6b00000| PB 0x00000000e6b00000| Complete 
| 108|0x00000000e6c00000, 0x00000000e6d00000, 0x00000000e6d00000|100%| S|CS|TAMS 0x00000000e6c00000| PB 0x00000000e6c00000| Complete 
| 109|0x00000000e6d00000, 0x00000000e6e00000, 0x00000000e6e00000|100%| S|CS|TAMS 0x00000000e6d00000| PB 0x00000000e6d00000| Complete 
| 110|0x00000000e6e00000, 0x00000000e6f00000, 0x00000000e6f00000|100%| S|CS|TAMS 0x00000000e6e00000| PB 0x00000000e6e00000| Complete 
| 111|0x00000000e6f00000, 0x00000000e7000000, 0x00000000e7000000|100%| S|CS|TAMS 0x00000000e6f00000| PB 0x00000000e6f00000| Complete 
| 112|0x00000000e7000000, 0x00000000e7100000, 0x00000000e7100000|100%| S|CS|TAMS 0x00000000e7000000| PB 0x00000000e7000000| Complete 
| 113|0x00000000e7100000, 0x00000000e7200000, 0x00000000e7200000|100%| S|CS|TAMS 0x00000000e7100000| PB 0x00000000e7100000| Complete 
| 114|0x00000000e7200000, 0x00000000e7300000, 0x00000000e7300000|100%| S|CS|TAMS 0x00000000e7200000| PB 0x00000000e7200000| Complete 
| 115|0x00000000e7300000, 0x00000000e7400000, 0x00000000e7400000|100%| S|CS|TAMS 0x00000000e7300000| PB 0x00000000e7300000| Complete 
| 116|0x00000000e7400000, 0x00000000e7500000, 0x00000000e7500000|100%| S|CS|TAMS 0x00000000e7400000| PB 0x00000000e7400000| Complete 
| 117|0x00000000e7500000, 0x00000000e7600000, 0x00000000e7600000|100%| S|CS|TAMS 0x00000000e7500000| PB 0x00000000e7500000| Complete 
| 118|0x00000000e7600000, 0x00000000e7700000, 0x00000000e7700000|100%| S|CS|TAMS 0x00000000e7600000| PB 0x00000000e7600000| Complete 
| 119|0x00000000e7700000, 0x00000000e7800000, 0x00000000e7800000|100%| S|CS|TAMS 0x00000000e7700000| PB 0x00000000e7700000| Complete 
| 120|0x00000000e7800000, 0x00000000e7900000, 0x00000000e7900000|100%| S|CS|TAMS 0x00000000e7800000| PB 0x00000000e7800000| Complete 
| 121|0x00000000e7900000, 0x00000000e7900000, 0x00000000e7a00000|  0%| F|  |TAMS 0x00000000e7900000| PB 0x00000000e7900000| Untracked 
| 122|0x00000000e7a00000, 0x00000000e7a00000, 0x00000000e7b00000|  0%| F|  |TAMS 0x00000000e7a00000| PB 0x00000000e7a00000| Untracked 
| 123|0x00000000e7b00000, 0x00000000e7b00000, 0x00000000e7c00000|  0%| F|  |TAMS 0x00000000e7b00000| PB 0x00000000e7b00000| Untracked 
| 124|0x00000000e7c00000, 0x00000000e7c00000, 0x00000000e7d00000|  0%| F|  |TAMS 0x00000000e7c00000| PB 0x00000000e7c00000| Untracked 
| 125|0x00000000e7d00000, 0x00000000e7d00000, 0x00000000e7e00000|  0%| F|  |TAMS 0x00000000e7d00000| PB 0x00000000e7d00000| Untracked 
| 126|0x00000000e7e00000, 0x00000000e7e00000, 0x00000000e7f00000|  0%| F|  |TAMS 0x00000000e7e00000| PB 0x00000000e7e00000| Untracked 
| 127|0x00000000e7f00000, 0x00000000e7f00000, 0x00000000e8000000|  0%| F|  |TAMS 0x00000000e7f00000| PB 0x00000000e7f00000| Untracked 
| 128|0x00000000e8000000, 0x00000000e8000000, 0x00000000e8100000|  0%| F|  |TAMS 0x00000000e8000000| PB 0x00000000e8000000| Untracked 
| 129|0x00000000e8100000, 0x00000000e8100000, 0x00000000e8200000|  0%| F|  |TAMS 0x00000000e8100000| PB 0x00000000e8100000| Untracked 
| 130|0x00000000e8200000, 0x00000000e8200000, 0x00000000e8300000|  0%| F|  |TAMS 0x00000000e8200000| PB 0x00000000e8200000| Untracked 
| 131|0x00000000e8300000, 0x00000000e8300000, 0x00000000e8400000|  0%| F|  |TAMS 0x00000000e8300000| PB 0x00000000e8300000| Untracked 
| 132|0x00000000e8400000, 0x00000000e8400000, 0x00000000e8500000|  0%| F|  |TAMS 0x00000000e8400000| PB 0x00000000e8400000| Untracked 
| 133|0x00000000e8500000, 0x00000000e8500000, 0x00000000e8600000|  0%| F|  |TAMS 0x00000000e8500000| PB 0x00000000e8500000| Untracked 
| 134|0x00000000e8600000, 0x00000000e8600000, 0x00000000e8700000|  0%| F|  |TAMS 0x00000000e8600000| PB 0x00000000e8600000| Untracked 
| 135|0x00000000e8700000, 0x00000000e8700000, 0x00000000e8800000|  0%| F|  |TAMS 0x00000000e8700000| PB 0x00000000e8700000| Untracked 
| 136|0x00000000e8800000, 0x00000000e8800000, 0x00000000e8900000|  0%| F|  |TAMS 0x00000000e8800000| PB 0x00000000e8800000| Untracked 
| 137|0x00000000e8900000, 0x00000000e8900000, 0x00000000e8a00000|  0%| F|  |TAMS 0x00000000e8900000| PB 0x00000000e8900000| Untracked 
| 138|0x00000000e8a00000, 0x00000000e8a00000, 0x00000000e8b00000|  0%| F|  |TAMS 0x00000000e8a00000| PB 0x00000000e8a00000| Untracked 
| 139|0x00000000e8b00000, 0x00000000e8b00000, 0x00000000e8c00000|  0%| F|  |TAMS 0x00000000e8b00000| PB 0x00000000e8b00000| Untracked 
| 140|0x00000000e8c00000, 0x00000000e8c00000, 0x00000000e8d00000|  0%| F|  |TAMS 0x00000000e8c00000| PB 0x00000000e8c00000| Untracked 
| 141|0x00000000e8d00000, 0x00000000e8d00000, 0x00000000e8e00000|  0%| F|  |TAMS 0x00000000e8d00000| PB 0x00000000e8d00000| Untracked 
| 142|0x00000000e8e00000, 0x00000000e8e00000, 0x00000000e8f00000|  0%| F|  |TAMS 0x00000000e8e00000| PB 0x00000000e8e00000| Untracked 
| 143|0x00000000e8f00000, 0x00000000e8f00000, 0x00000000e9000000|  0%| F|  |TAMS 0x00000000e8f00000| PB 0x00000000e8f00000| Untracked 
| 144|0x00000000e9000000, 0x00000000e9000000, 0x00000000e9100000|  0%| F|  |TAMS 0x00000000e9000000| PB 0x00000000e9000000| Untracked 
| 145|0x00000000e9100000, 0x00000000e9100000, 0x00000000e9200000|  0%| F|  |TAMS 0x00000000e9100000| PB 0x00000000e9100000| Untracked 
| 146|0x00000000e9200000, 0x00000000e9200000, 0x00000000e9300000|  0%| F|  |TAMS 0x00000000e9200000| PB 0x00000000e9200000| Untracked 
| 147|0x00000000e9300000, 0x00000000e9300000, 0x00000000e9400000|  0%| F|  |TAMS 0x00000000e9300000| PB 0x00000000e9300000| Untracked 
| 148|0x00000000e9400000, 0x00000000e9400000, 0x00000000e9500000|  0%| F|  |TAMS 0x00000000e9400000| PB 0x00000000e9400000| Untracked 
| 149|0x00000000e9500000, 0x00000000e9500000, 0x00000000e9600000|  0%| F|  |TAMS 0x00000000e9500000| PB 0x00000000e9500000| Untracked 
| 150|0x00000000e9600000, 0x00000000e9600000, 0x00000000e9700000|  0%| F|  |TAMS 0x00000000e9600000| PB 0x00000000e9600000| Untracked 
| 151|0x00000000e9700000, 0x00000000e9700000, 0x00000000e9800000|  0%| F|  |TAMS 0x00000000e9700000| PB 0x00000000e9700000| Untracked 
| 152|0x00000000e9800000, 0x00000000e9800000, 0x00000000e9900000|  0%| F|  |TAMS 0x00000000e9800000| PB 0x00000000e9800000| Untracked 
| 153|0x00000000e9900000, 0x00000000e9900000, 0x00000000e9a00000|  0%| F|  |TAMS 0x00000000e9900000| PB 0x00000000e9900000| Untracked 
| 154|0x00000000e9a00000, 0x00000000e9a00000, 0x00000000e9b00000|  0%| F|  |TAMS 0x00000000e9a00000| PB 0x00000000e9a00000| Untracked 
| 155|0x00000000e9b00000, 0x00000000e9bc8230, 0x00000000e9c00000| 78%| E|  |TAMS 0x00000000e9b00000| PB 0x00000000e9b00000| Complete 
| 156|0x00000000e9c00000, 0x00000000e9d00000, 0x00000000e9d00000|100%| E|CS|TAMS 0x00000000e9c00000| PB 0x00000000e9c00000| Complete 
| 157|0x00000000e9d00000, 0x00000000e9e00000, 0x00000000e9e00000|100%| E|CS|TAMS 0x00000000e9d00000| PB 0x00000000e9d00000| Complete 
| 158|0x00000000e9e00000, 0x00000000e9f00000, 0x00000000e9f00000|100%| E|CS|TAMS 0x00000000e9e00000| PB 0x00000000e9e00000| Complete 
| 159|0x00000000e9f00000, 0x00000000ea000000, 0x00000000ea000000|100%| E|CS|TAMS 0x00000000e9f00000| PB 0x00000000e9f00000| Complete 
| 160|0x00000000ea000000, 0x00000000ea100000, 0x00000000ea100000|100%| E|CS|TAMS 0x00000000ea000000| PB 0x00000000ea000000| Complete 
| 161|0x00000000ea100000, 0x00000000ea200000, 0x00000000ea200000|100%| E|CS|TAMS 0x00000000ea100000| PB 0x00000000ea100000| Complete 
| 162|0x00000000ea200000, 0x00000000ea300000, 0x00000000ea300000|100%| E|CS|TAMS 0x00000000ea200000| PB 0x00000000ea200000| Complete 
| 163|0x00000000ea300000, 0x00000000ea400000, 0x00000000ea400000|100%| E|CS|TAMS 0x00000000ea300000| PB 0x00000000ea300000| Complete 
| 164|0x00000000ea400000, 0x00000000ea500000, 0x00000000ea500000|100%| E|CS|TAMS 0x00000000ea400000| PB 0x00000000ea400000| Complete 
| 165|0x00000000ea500000, 0x00000000ea600000, 0x00000000ea600000|100%| E|CS|TAMS 0x00000000ea500000| PB 0x00000000ea500000| Complete 
| 166|0x00000000ea600000, 0x00000000ea700000, 0x00000000ea700000|100%| E|CS|TAMS 0x00000000ea600000| PB 0x00000000ea600000| Complete 
| 167|0x00000000ea700000, 0x00000000ea800000, 0x00000000ea800000|100%| E|CS|TAMS 0x00000000ea700000| PB 0x00000000ea700000| Complete 
| 168|0x00000000ea800000, 0x00000000ea900000, 0x00000000ea900000|100%| E|CS|TAMS 0x00000000ea800000| PB 0x00000000ea800000| Complete 
| 169|0x00000000ea900000, 0x00000000eaa00000, 0x00000000eaa00000|100%| E|CS|TAMS 0x00000000ea900000| PB 0x00000000ea900000| Complete 
| 170|0x00000000eaa00000, 0x00000000eab00000, 0x00000000eab00000|100%| E|CS|TAMS 0x00000000eaa00000| PB 0x00000000eaa00000| Complete 
| 171|0x00000000eab00000, 0x00000000eac00000, 0x00000000eac00000|100%| E|CS|TAMS 0x00000000eab00000| PB 0x00000000eab00000| Complete 
| 172|0x00000000eac00000, 0x00000000ead00000, 0x00000000ead00000|100%| E|CS|TAMS 0x00000000eac00000| PB 0x00000000eac00000| Complete 
| 173|0x00000000ead00000, 0x00000000eae00000, 0x00000000eae00000|100%| E|CS|TAMS 0x00000000ead00000| PB 0x00000000ead00000| Complete 
| 174|0x00000000eae00000, 0x00000000eaf00000, 0x00000000eaf00000|100%| E|CS|TAMS 0x00000000eae00000| PB 0x00000000eae00000| Complete 
| 175|0x00000000eaf00000, 0x00000000eb000000, 0x00000000eb000000|100%| E|CS|TAMS 0x00000000eaf00000| PB 0x00000000eaf00000| Complete 
| 176|0x00000000eb000000, 0x00000000eb100000, 0x00000000eb100000|100%| E|CS|TAMS 0x00000000eb000000| PB 0x00000000eb000000| Complete 
| 177|0x00000000eb100000, 0x00000000eb200000, 0x00000000eb200000|100%| E|CS|TAMS 0x00000000eb100000| PB 0x00000000eb100000| Complete 
| 178|0x00000000eb200000, 0x00000000eb300000, 0x00000000eb300000|100%| E|CS|TAMS 0x00000000eb200000| PB 0x00000000eb200000| Complete 
| 179|0x00000000eb300000, 0x00000000eb400000, 0x00000000eb400000|100%| E|CS|TAMS 0x00000000eb300000| PB 0x00000000eb300000| Complete 
| 180|0x00000000eb400000, 0x00000000eb500000, 0x00000000eb500000|100%| E|CS|TAMS 0x00000000eb400000| PB 0x00000000eb400000| Complete 
| 181|0x00000000eb500000, 0x00000000eb600000, 0x00000000eb600000|100%| E|CS|TAMS 0x00000000eb500000| PB 0x00000000eb500000| Complete 
| 182|0x00000000eb600000, 0x00000000eb700000, 0x00000000eb700000|100%| E|CS|TAMS 0x00000000eb600000| PB 0x00000000eb600000| Complete 
| 183|0x00000000eb700000, 0x00000000eb800000, 0x00000000eb800000|100%| E|CS|TAMS 0x00000000eb700000| PB 0x00000000eb700000| Complete 
| 184|0x00000000eb800000, 0x00000000eb900000, 0x00000000eb900000|100%| E|CS|TAMS 0x00000000eb800000| PB 0x00000000eb800000| Complete 
| 185|0x00000000eb900000, 0x00000000eba00000, 0x00000000eba00000|100%| E|CS|TAMS 0x00000000eb900000| PB 0x00000000eb900000| Complete 
| 186|0x00000000eba00000, 0x00000000ebb00000, 0x00000000ebb00000|100%| E|CS|TAMS 0x00000000eba00000| PB 0x00000000eba00000| Complete 
| 187|0x00000000ebb00000, 0x00000000ebc00000, 0x00000000ebc00000|100%| E|CS|TAMS 0x00000000ebb00000| PB 0x00000000ebb00000| Complete 
| 188|0x00000000ebc00000, 0x00000000ebd00000, 0x00000000ebd00000|100%| E|CS|TAMS 0x00000000ebc00000| PB 0x00000000ebc00000| Complete 
| 189|0x00000000ebd00000, 0x00000000ebe00000, 0x00000000ebe00000|100%| E|CS|TAMS 0x00000000ebd00000| PB 0x00000000ebd00000| Complete 
| 190|0x00000000ebe00000, 0x00000000ebf00000, 0x00000000ebf00000|100%| E|CS|TAMS 0x00000000ebe00000| PB 0x00000000ebe00000| Complete 
| 191|0x00000000ebf00000, 0x00000000ec000000, 0x00000000ec000000|100%| E|CS|TAMS 0x00000000ebf00000| PB 0x00000000ebf00000| Complete 
| 192|0x00000000ec000000, 0x00000000ec100000, 0x00000000ec100000|100%| E|CS|TAMS 0x00000000ec000000| PB 0x00000000ec000000| Complete 
| 193|0x00000000ec100000, 0x00000000ec200000, 0x00000000ec200000|100%| E|CS|TAMS 0x00000000ec100000| PB 0x00000000ec100000| Complete 
| 194|0x00000000ec200000, 0x00000000ec300000, 0x00000000ec300000|100%| E|CS|TAMS 0x00000000ec200000| PB 0x00000000ec200000| Complete 
| 195|0x00000000ec300000, 0x00000000ec400000, 0x00000000ec400000|100%| E|CS|TAMS 0x00000000ec300000| PB 0x00000000ec300000| Complete 
| 196|0x00000000ec400000, 0x00000000ec500000, 0x00000000ec500000|100%| E|CS|TAMS 0x00000000ec400000| PB 0x00000000ec400000| Complete 
| 197|0x00000000ec500000, 0x00000000ec600000, 0x00000000ec600000|100%| E|CS|TAMS 0x00000000ec500000| PB 0x00000000ec500000| Complete 
| 198|0x00000000ec600000, 0x00000000ec700000, 0x00000000ec700000|100%| E|CS|TAMS 0x00000000ec600000| PB 0x00000000ec600000| Complete 
| 199|0x00000000ec700000, 0x00000000ec800000, 0x00000000ec800000|100%| E|CS|TAMS 0x00000000ec700000| PB 0x00000000ec700000| Complete 
| 200|0x00000000ec800000, 0x00000000ec900000, 0x00000000ec900000|100%| E|CS|TAMS 0x00000000ec800000| PB 0x00000000ec800000| Complete 
| 201|0x00000000ec900000, 0x00000000eca00000, 0x00000000eca00000|100%| E|CS|TAMS 0x00000000ec900000| PB 0x00000000ec900000| Complete 
| 202|0x00000000eca00000, 0x00000000ecb00000, 0x00000000ecb00000|100%| E|CS|TAMS 0x00000000eca00000| PB 0x00000000eca00000| Complete 
| 203|0x00000000ecb00000, 0x00000000ecc00000, 0x00000000ecc00000|100%| E|CS|TAMS 0x00000000ecb00000| PB 0x00000000ecb00000| Complete 
| 204|0x00000000ecc00000, 0x00000000ecd00000, 0x00000000ecd00000|100%| E|CS|TAMS 0x00000000ecc00000| PB 0x00000000ecc00000| Complete 
| 205|0x00000000ecd00000, 0x00000000ece00000, 0x00000000ece00000|100%| E|CS|TAMS 0x00000000ecd00000| PB 0x00000000ecd00000| Complete 
| 206|0x00000000ece00000, 0x00000000ecf00000, 0x00000000ecf00000|100%| E|CS|TAMS 0x00000000ece00000| PB 0x00000000ece00000| Complete 
| 207|0x00000000ecf00000, 0x00000000ed000000, 0x00000000ed000000|100%| E|CS|TAMS 0x00000000ecf00000| PB 0x00000000ecf00000| Complete 
| 208|0x00000000ed000000, 0x00000000ed100000, 0x00000000ed100000|100%| E|CS|TAMS 0x00000000ed000000| PB 0x00000000ed000000| Complete 
| 209|0x00000000ed100000, 0x00000000ed200000, 0x00000000ed200000|100%| E|CS|TAMS 0x00000000ed100000| PB 0x00000000ed100000| Complete 
| 210|0x00000000ed200000, 0x00000000ed300000, 0x00000000ed300000|100%| E|CS|TAMS 0x00000000ed200000| PB 0x00000000ed200000| Complete 
| 211|0x00000000ed300000, 0x00000000ed400000, 0x00000000ed400000|100%| E|CS|TAMS 0x00000000ed300000| PB 0x00000000ed300000| Complete 
| 212|0x00000000ed400000, 0x00000000ed500000, 0x00000000ed500000|100%| E|CS|TAMS 0x00000000ed400000| PB 0x00000000ed400000| Complete 
| 213|0x00000000ed500000, 0x00000000ed600000, 0x00000000ed600000|100%| E|CS|TAMS 0x00000000ed500000| PB 0x00000000ed500000| Complete 
| 214|0x00000000ed600000, 0x00000000ed700000, 0x00000000ed700000|100%| E|CS|TAMS 0x00000000ed600000| PB 0x00000000ed600000| Complete 
| 215|0x00000000ed700000, 0x00000000ed800000, 0x00000000ed800000|100%| E|CS|TAMS 0x00000000ed700000| PB 0x00000000ed700000| Complete 
| 216|0x00000000ed800000, 0x00000000ed900000, 0x00000000ed900000|100%| E|CS|TAMS 0x00000000ed800000| PB 0x00000000ed800000| Complete 
| 217|0x00000000ed900000, 0x00000000eda00000, 0x00000000eda00000|100%| E|CS|TAMS 0x00000000ed900000| PB 0x00000000ed900000| Complete 
| 218|0x00000000eda00000, 0x00000000edb00000, 0x00000000edb00000|100%| E|CS|TAMS 0x00000000eda00000| PB 0x00000000eda00000| Complete 
| 219|0x00000000edb00000, 0x00000000edc00000, 0x00000000edc00000|100%| E|CS|TAMS 0x00000000edb00000| PB 0x00000000edb00000| Complete 
| 220|0x00000000edc00000, 0x00000000edd00000, 0x00000000edd00000|100%| E|CS|TAMS 0x00000000edc00000| PB 0x00000000edc00000| Complete 
| 221|0x00000000edd00000, 0x00000000ede00000, 0x00000000ede00000|100%| E|CS|TAMS 0x00000000edd00000| PB 0x00000000edd00000| Complete 
| 222|0x00000000ede00000, 0x00000000edf00000, 0x00000000edf00000|100%| E|CS|TAMS 0x00000000ede00000| PB 0x00000000ede00000| Complete 
| 223|0x00000000edf00000, 0x00000000ee000000, 0x00000000ee000000|100%| E|CS|TAMS 0x00000000edf00000| PB 0x00000000edf00000| Complete 
| 224|0x00000000ee000000, 0x00000000ee100000, 0x00000000ee100000|100%| E|CS|TAMS 0x00000000ee000000| PB 0x00000000ee000000| Complete 
| 225|0x00000000ee100000, 0x00000000ee200000, 0x00000000ee200000|100%| E|CS|TAMS 0x00000000ee100000| PB 0x00000000ee100000| Complete 
| 226|0x00000000ee200000, 0x00000000ee300000, 0x00000000ee300000|100%| E|CS|TAMS 0x00000000ee200000| PB 0x00000000ee200000| Complete 
| 227|0x00000000ee300000, 0x00000000ee400000, 0x00000000ee400000|100%| E|CS|TAMS 0x00000000ee300000| PB 0x00000000ee300000| Complete 
| 228|0x00000000ee400000, 0x00000000ee500000, 0x00000000ee500000|100%| E|CS|TAMS 0x00000000ee400000| PB 0x00000000ee400000| Complete 
| 229|0x00000000ee500000, 0x00000000ee600000, 0x00000000ee600000|100%| E|CS|TAMS 0x00000000ee500000| PB 0x00000000ee500000| Complete 
| 230|0x00000000ee600000, 0x00000000ee700000, 0x00000000ee700000|100%| E|CS|TAMS 0x00000000ee600000| PB 0x00000000ee600000| Complete 
| 231|0x00000000ee700000, 0x00000000ee800000, 0x00000000ee800000|100%| E|CS|TAMS 0x00000000ee700000| PB 0x00000000ee700000| Complete 
| 232|0x00000000ee800000, 0x00000000ee900000, 0x00000000ee900000|100%| E|CS|TAMS 0x00000000ee800000| PB 0x00000000ee800000| Complete 
| 233|0x00000000ee900000, 0x00000000eea00000, 0x00000000eea00000|100%| E|CS|TAMS 0x00000000ee900000| PB 0x00000000ee900000| Complete 
| 234|0x00000000eea00000, 0x00000000eeb00000, 0x00000000eeb00000|100%| E|CS|TAMS 0x00000000eea00000| PB 0x00000000eea00000| Complete 
| 235|0x00000000eeb00000, 0x00000000eec00000, 0x00000000eec00000|100%| E|CS|TAMS 0x00000000eeb00000| PB 0x00000000eeb00000| Complete 
| 236|0x00000000eec00000, 0x00000000eed00000, 0x00000000eed00000|100%| E|CS|TAMS 0x00000000eec00000| PB 0x00000000eec00000| Complete 
| 237|0x00000000eed00000, 0x00000000eee00000, 0x00000000eee00000|100%| E|CS|TAMS 0x00000000eed00000| PB 0x00000000eed00000| Complete 
| 238|0x00000000eee00000, 0x00000000eef00000, 0x00000000eef00000|100%| E|CS|TAMS 0x00000000eee00000| PB 0x00000000eee00000| Complete 
| 239|0x00000000eef00000, 0x00000000ef000000, 0x00000000ef000000|100%| E|CS|TAMS 0x00000000eef00000| PB 0x00000000eef00000| Complete 
| 240|0x00000000ef000000, 0x00000000ef100000, 0x00000000ef100000|100%| E|CS|TAMS 0x00000000ef000000| PB 0x00000000ef000000| Complete 
| 241|0x00000000ef100000, 0x00000000ef200000, 0x00000000ef200000|100%| E|CS|TAMS 0x00000000ef100000| PB 0x00000000ef100000| Complete 
| 242|0x00000000ef200000, 0x00000000ef300000, 0x00000000ef300000|100%| E|CS|TAMS 0x00000000ef200000| PB 0x00000000ef200000| Complete 
| 243|0x00000000ef300000, 0x00000000ef400000, 0x00000000ef400000|100%| E|CS|TAMS 0x00000000ef300000| PB 0x00000000ef300000| Complete 
| 244|0x00000000ef400000, 0x00000000ef500000, 0x00000000ef500000|100%| E|CS|TAMS 0x00000000ef400000| PB 0x00000000ef400000| Complete 
| 245|0x00000000ef500000, 0x00000000ef600000, 0x00000000ef600000|100%| E|CS|TAMS 0x00000000ef500000| PB 0x00000000ef500000| Complete 
| 246|0x00000000ef600000, 0x00000000ef700000, 0x00000000ef700000|100%| E|CS|TAMS 0x00000000ef600000| PB 0x00000000ef600000| Complete 
| 247|0x00000000ef700000, 0x00000000ef800000, 0x00000000ef800000|100%| E|CS|TAMS 0x00000000ef700000| PB 0x00000000ef700000| Complete 
| 248|0x00000000ef800000, 0x00000000ef900000, 0x00000000ef900000|100%| E|CS|TAMS 0x00000000ef800000| PB 0x00000000ef800000| Complete 
| 249|0x00000000ef900000, 0x00000000efa00000, 0x00000000efa00000|100%| E|CS|TAMS 0x00000000ef900000| PB 0x00000000ef900000| Complete 
| 250|0x00000000efa00000, 0x00000000efb00000, 0x00000000efb00000|100%| E|CS|TAMS 0x00000000efa00000| PB 0x00000000efa00000| Complete 
| 251|0x00000000efb00000, 0x00000000efc00000, 0x00000000efc00000|100%| E|CS|TAMS 0x00000000efb00000| PB 0x00000000efb00000| Complete 
| 252|0x00000000efc00000, 0x00000000efd00000, 0x00000000efd00000|100%| E|CS|TAMS 0x00000000efc00000| PB 0x00000000efc00000| Complete 
| 253|0x00000000efd00000, 0x00000000efe00000, 0x00000000efe00000|100%| E|CS|TAMS 0x00000000efd00000| PB 0x00000000efd00000| Complete 
| 254|0x00000000efe00000, 0x00000000eff00000, 0x00000000eff00000|100%| E|CS|TAMS 0x00000000efe00000| PB 0x00000000efe00000| Complete 
| 255|0x00000000eff00000, 0x00000000f0000000, 0x00000000f0000000|100%| E|CS|TAMS 0x00000000eff00000| PB 0x00000000eff00000| Complete 

Card table byte_map: [0x0000024e692a0000,0x0000024e693a0000] _byte_map_base: 0x0000024e68ba0000

Marking Bits: (CMBitMap*) 0x0000024e56a7f1e0
 Bits: [0x0000024e693a0000, 0x0000024e69ba0000)

Polling page: 0x0000024e54a30000

Metaspace:

Usage:
  Non-class:     43.79 MB used.
      Class:      7.20 MB used.
       Both:     51.00 MB used.

Virtual space:
  Non-class space:       64.00 MB reserved,      44.69 MB ( 70%) committed,  1 nodes.
      Class space:      320.00 MB reserved,       8.06 MB (  3%) committed,  1 nodes.
             Both:      384.00 MB reserved,      52.75 MB ( 14%) committed. 

Chunk freelists:
   Non-Class:  2.41 MB
       Class:  7.91 MB
        Both:  10.32 MB

MaxMetaspaceSize: 384.00 MB
CompressedClassSpaceSize: 320.00 MB
Initial GC threshold: 21.00 MB
Current GC threshold: 60.44 MB
CDS: on
 - commit_granule_bytes: 65536.
 - commit_granule_words: 8192.
 - virtual_space_node_default_size: 8388608.
 - enlarge_chunks_in_place: 1.
 - use_allocation_guard: 0.


Internal statistics:

num_allocs_failed_limit: 12.
num_arena_births: 3048.
num_arena_deaths: 0.
num_vsnodes_births: 2.
num_vsnodes_deaths: 0.
num_space_committed: 844.
num_space_uncommitted: 0.
num_chunks_returned_to_freelist: 12.
num_chunks_taken_from_freelist: 5564.
num_chunk_merges: 9.
num_chunk_splits: 3579.
num_chunks_enlarged: 2141.
num_inconsistent_stats: 0.

CodeHeap 'non-profiled nmethods': size=120000Kb used=5703Kb max_used=5703Kb free=114296Kb
 bounds [0x0000024e61720000, 0x0000024e61cc0000, 0x0000024e68c50000]
CodeHeap 'profiled nmethods': size=120000Kb used=18606Kb max_used=18606Kb free=101394Kb
 bounds [0x0000024e59c50000, 0x0000024e5ae80000, 0x0000024e61180000]
CodeHeap 'non-nmethods': size=5760Kb used=2603Kb max_used=2651Kb free=3157Kb
 bounds [0x0000024e61180000, 0x0000024e61430000, 0x0000024e61720000]
CodeCache: size=245760Kb, used=26912Kb, max_used=26960Kb, free=218847Kb
 total_blobs=10385, nmethods=9515, adapters=774, full_count=0
Compilation: enabled, stopped_count=0, restarted_count=0

Compilation events (20 events):
Event: 302.899 Thread 0x0000024e6c8632d0 nmethod 10030 0x0000024e5ae75d90 code [0x0000024e5ae75f40, 0x0000024e5ae76168]
Event: 303.437 Thread 0x0000024e6c8597a0 10031       4       org.gradle.internal.operations.DefaultBuildOperationRunner::assertParentRunning (47 bytes)
Event: 303.439 Thread 0x0000024e6c8597a0 nmethod 10031 0x0000024e61cada10 code [0x0000024e61cadba0, 0x0000024e61cadc58]
Event: 304.119 Thread 0x0000024e6c8597a0 10032       4       org.gradle.internal.concurrent.CompositeStoppable::toStoppable (37 bytes)
Event: 304.121 Thread 0x0000024e6c8597a0 nmethod 10032 0x0000024e61cadd10 code [0x0000024e61cadea0, 0x0000024e61cae050]
Event: 306.046 Thread 0x0000024e6c8597a0 10033       4       org.gradle.cache.internal.locklistener.DefaultFileLockContentionHandler::access$400 (7 bytes)
Event: 306.062 Thread 0x0000024e6c8632d0 10034   !   3       org.gradle.cache.internal.LockOnDemandCrossProcessCacheAccess::releaseLockIfHeld (177 bytes)
Event: 306.064 Thread 0x0000024e6c8632d0 nmethod 10034 0x0000024e5ae76210 code [0x0000024e5ae764c0, 0x0000024e5ae77280]
Event: 306.163 Thread 0x0000024e6c8632d0 10035       3       org.gradle.internal.component.external.model.DefaultModuleComponentArtifactIdentifier::getFileName (144 bytes)
Event: 306.167 Thread 0x0000024e6c8632d0 nmethod 10035 0x0000024e5ae77790 code [0x0000024e5ae77b60, 0x0000024e5ae79258]
Event: 306.167 Thread 0x0000024e6c8632d0 10036       3       org.gradle.internal.component.external.model.DefaultModuleComponentArtifactIdentifier::getDisplayName (40 bytes)
Event: 306.167 Thread 0x0000024e6c8632d0 nmethod 10036 0x0000024e5ae79b90 code [0x0000024e5ae79e00, 0x0000024e5ae7a590]
Event: 306.177 Thread 0x0000024e6c8597a0 nmethod 10033 0x0000024e61cae110 code [0x0000024e61cae520, 0x0000024e61cb06f8]
Event: 306.573 Thread 0x0000024e6c8632d0 10037       3       org.gradle.internal.logging.slf4j.OutputEventListenerBackedLogger::debug (7 bytes)
Event: 306.574 Thread 0x0000024e6c8632d0 nmethod 10037 0x0000024e5ae7a890 code [0x0000024e5ae7aa40, 0x0000024e5ae7ab80]
Event: 308.348 Thread 0x0000024e6c8632d0 10038       3       org.gradle.api.internal.artifacts.metadata.ComponentArtifactIdentifierSerializer::write (10 bytes)
Event: 308.349 Thread 0x0000024e6c8632d0 nmethod 10038 0x0000024e5ae7ac10 code [0x0000024e5ae7ae00, 0x0000024e5ae7b190]
Event: 308.349 Thread 0x0000024e6c8632d0 10039       3       org.gradle.api.internal.artifacts.metadata.ComponentArtifactIdentifierSerializer::write (24 bytes)
Event: 308.350 Thread 0x0000024e6c8632d0 nmethod 10039 0x0000024e5ae7b310 code [0x0000024e5ae7b4e0, 0x0000024e5ae7b708]
Event: 311.746 Thread 0x0000024e6c8597a0 10040   !   4       org.gradle.cache.internal.DefaultFileLockManager$AwaitableFileLockReleasedSignal::await (78 bytes)

GC Heap History (18 events):
Event: 1.170 GC heap before
{Heap before GC invocations=0 (full 0):
 garbage-first heap   total 262144K, used 26624K [0x00000000e0000000, 0x0000000100000000)
  region size 1024K, 23 young (23552K), 0 survivors (0K)
 Metaspace       used 1139K, committed 1280K, reserved 393216K
  class space    used 81K, committed 128K, reserved 327680K
}
Event: 1.198 GC heap after
{Heap after GC invocations=1 (full 0):
 garbage-first heap   total 262144K, used 9375K [0x00000000e0000000, 0x0000000100000000)
  region size 1024K, 3 young (3072K), 3 survivors (3072K)
 Metaspace       used 1139K, committed 1280K, reserved 393216K
  class space    used 81K, committed 128K, reserved 327680K
}
Event: 3.362 GC heap before
{Heap before GC invocations=1 (full 0):
 garbage-first heap   total 262144K, used 41119K [0x00000000e0000000, 0x0000000100000000)
  region size 1024K, 34 young (34816K), 3 survivors (3072K)
 Metaspace       used 4320K, committed 4480K, reserved 393216K
  class space    used 544K, committed 640K, reserved 327680K
}
Event: 3.367 GC heap after
{Heap after GC invocations=2 (full 0):
 garbage-first heap   total 262144K, used 12150K [0x00000000e0000000, 0x0000000100000000)
  region size 1024K, 3 young (3072K), 3 survivors (3072K)
 Metaspace       used 4320K, committed 4480K, reserved 393216K
  class space    used 544K, committed 640K, reserved 327680K
}
Event: 8.204 GC heap before
{Heap before GC invocations=2 (full 0):
 garbage-first heap   total 262144K, used 59254K [0x00000000e0000000, 0x0000000100000000)
  region size 1024K, 47 young (48128K), 3 survivors (3072K)
 Metaspace       used 5781K, committed 6016K, reserved 393216K
  class space    used 771K, committed 896K, reserved 327680K
}
Event: 8.214 GC heap after
{Heap after GC invocations=3 (full 0):
 garbage-first heap   total 262144K, used 18305K [0x00000000e0000000, 0x0000000100000000)
  region size 1024K, 6 young (6144K), 6 survivors (6144K)
 Metaspace       used 5781K, committed 6016K, reserved 393216K
  class space    used 771K, committed 896K, reserved 327680K
}
Event: 23.705 GC heap before
{Heap before GC invocations=3 (full 0):
 garbage-first heap   total 262144K, used 106369K [0x00000000e0000000, 0x0000000100000000)
  region size 1024K, 93 young (95232K), 6 survivors (6144K)
 Metaspace       used 20859K, committed 21504K, reserved 393216K
  class space    used 3065K, committed 3392K, reserved 327680K
}
Event: 23.723 GC heap after
{Heap after GC invocations=4 (full 0):
 garbage-first heap   total 262144K, used 25669K [0x00000000e0000000, 0x0000000100000000)
  region size 1024K, 14 young (14336K), 14 survivors (14336K)
 Metaspace       used 20859K, committed 21504K, reserved 393216K
  class space    used 3065K, committed 3392K, reserved 327680K
}
Event: 44.286 GC heap before
{Heap before GC invocations=5 (full 0):
 garbage-first heap   total 262144K, used 119877K [0x00000000e0000000, 0x0000000100000000)
  region size 1024K, 108 young (110592K), 14 survivors (14336K)
 Metaspace       used 35263K, committed 36416K, reserved 393216K
  class space    used 5200K, committed 5760K, reserved 327680K
}
Event: 44.305 GC heap after
{Heap after GC invocations=6 (full 0):
 garbage-first heap   total 262144K, used 31474K [0x00000000e0000000, 0x0000000100000000)
  region size 1024K, 13 young (13312K), 13 survivors (13312K)
 Metaspace       used 35263K, committed 36416K, reserved 393216K
  class space    used 5200K, committed 5760K, reserved 327680K
}
Event: 44.659 GC heap before
{Heap before GC invocations=6 (full 0):
 garbage-first heap   total 262144K, used 34546K [0x00000000e0000000, 0x0000000100000000)
  region size 1024K, 17 young (17408K), 13 survivors (13312K)
 Metaspace       used 35542K, committed 36736K, reserved 393216K
  class space    used 5228K, committed 5824K, reserved 327680K
}
Event: 44.672 GC heap after
{Heap after GC invocations=7 (full 0):
 garbage-first heap   total 262144K, used 32414K [0x00000000e0000000, 0x0000000100000000)
  region size 1024K, 8 young (8192K), 8 survivors (8192K)
 Metaspace       used 35542K, committed 36736K, reserved 393216K
  class space    used 5228K, committed 5824K, reserved 327680K
}
Event: 45.923 GC heap before
{Heap before GC invocations=7 (full 0):
 garbage-first heap   total 262144K, used 52894K [0x00000000e0000000, 0x0000000100000000)
  region size 1024K, 29 young (29696K), 8 survivors (8192K)
 Metaspace       used 35832K, committed 37056K, reserved 393216K
  class space    used 5249K, committed 5888K, reserved 327680K
}
Event: 45.931 GC heap after
{Heap after GC invocations=8 (full 0):
 garbage-first heap   total 262144K, used 33249K [0x00000000e0000000, 0x0000000100000000)
  region size 1024K, 9 young (9216K), 9 survivors (9216K)
 Metaspace       used 35832K, committed 37056K, reserved 393216K
  class space    used 5249K, committed 5888K, reserved 327680K
}
Event: 96.743 GC heap before
{Heap before GC invocations=9 (full 0):
 garbage-first heap   total 262144K, used 186849K [0x00000000e0000000, 0x0000000100000000)
  region size 1024K, 153 young (156672K), 9 survivors (9216K)
 Metaspace       used 48903K, committed 50496K, reserved 393216K
  class space    used 7089K, committed 7872K, reserved 327680K
}
Event: 96.768 GC heap after
{Heap after GC invocations=10 (full 0):
 garbage-first heap   total 262144K, used 43206K [0x00000000e0000000, 0x0000000100000000)
  region size 1024K, 18 young (18432K), 18 survivors (18432K)
 Metaspace       used 48903K, committed 50496K, reserved 393216K
  class space    used 7089K, committed 7872K, reserved 327680K
}
Event: 129.598 GC heap before
{Heap before GC invocations=10 (full 0):
 garbage-first heap   total 262144K, used 186566K [0x00000000e0000000, 0x0000000100000000)
  region size 1024K, 153 young (156672K), 18 survivors (18432K)
 Metaspace       used 51437K, committed 53184K, reserved 393216K
  class space    used 7363K, committed 8192K, reserved 327680K
}
Event: 129.626 GC heap after
{Heap after GC invocations=11 (full 0):
 garbage-first heap   total 262144K, used 58539K [0x00000000e0000000, 0x0000000100000000)
  region size 1024K, 20 young (20480K), 20 survivors (20480K)
 Metaspace       used 51437K, committed 53184K, reserved 393216K
  class space    used 7363K, committed 8192K, reserved 327680K
}

Dll operation events (20 events):
Event: 0.197 Attempting to load shared library C:\Users\Lucas Hernandez\.vscode\extensions\redhat.java-1.56.0-win32-x64\jre\21.0.12.1-win32-x86_64\bin\nio.dll
Event: 0.197 Loaded shared library C:\Users\Lucas Hernandez\.vscode\extensions\redhat.java-1.56.0-win32-x64\jre\21.0.12.1-win32-x86_64\bin\nio.dll
Event: 0.212 Attempting to load shared library C:\Users\Lucas Hernandez\.vscode\extensions\redhat.java-1.56.0-win32-x64\jre\21.0.12.1-win32-x86_64\bin\zip.dll
Event: 0.212 Loaded shared library C:\Users\Lucas Hernandez\.vscode\extensions\redhat.java-1.56.0-win32-x64\jre\21.0.12.1-win32-x86_64\bin\zip.dll
Event: 0.851 Attempting to load shared library C:\Users\Lucas Hernandez\.vscode\extensions\redhat.java-1.56.0-win32-x64\jre\21.0.12.1-win32-x86_64\bin\jimage.dll
Event: 0.851 Loaded shared library C:\Users\Lucas Hernandez\.vscode\extensions\redhat.java-1.56.0-win32-x64\jre\21.0.12.1-win32-x86_64\bin\jimage.dll
Event: 1.258 Attempting to load shared library C:\Users\Lucas Hernandez\.vscode\extensions\redhat.java-1.56.0-win32-x64\jre\21.0.12.1-win32-x86_64\bin\verify.dll
Event: 1.259 Loaded shared library C:\Users\Lucas Hernandez\.vscode\extensions\redhat.java-1.56.0-win32-x64\jre\21.0.12.1-win32-x86_64\bin\verify.dll
Event: 1.629 Attempting to load shared library C:\Users\Lucas Hernandez\.gradle\native\c067742578af261105cb4f569cf0c3c89f3d7b1fecec35dd04571415982c5e48\windows-amd64\native-platform.dll
Event: 1.630 Loaded shared library C:\Users\Lucas Hernandez\.gradle\native\c067742578af261105cb4f569cf0c3c89f3d7b1fecec35dd04571415982c5e48\windows-amd64\native-platform.dll
Event: 1.639 Attempting to load shared library C:\Users\Lucas Hernandez\.gradle\native\100fb08df4bc3b14c8652ba06237920a3bd2aa13389f12d3474272988ae205f9\windows-amd64\native-platform-file-events.dll
Event: 1.640 Loaded shared library C:\Users\Lucas Hernandez\.gradle\native\100fb08df4bc3b14c8652ba06237920a3bd2aa13389f12d3474272988ae205f9\windows-amd64\native-platform-file-events.dll
Event: 8.721 Attempting to load shared library C:\Users\Lucas Hernandez\.vscode\extensions\redhat.java-1.56.0-win32-x64\jre\21.0.12.1-win32-x86_64\bin\management.dll
Event: 8.722 Loaded shared library C:\Users\Lucas Hernandez\.vscode\extensions\redhat.java-1.56.0-win32-x64\jre\21.0.12.1-win32-x86_64\bin\management.dll
Event: 8.730 Attempting to load shared library C:\Users\Lucas Hernandez\.vscode\extensions\redhat.java-1.56.0-win32-x64\jre\21.0.12.1-win32-x86_64\bin\management_ext.dll
Event: 8.731 Loaded shared library C:\Users\Lucas Hernandez\.vscode\extensions\redhat.java-1.56.0-win32-x64\jre\21.0.12.1-win32-x86_64\bin\management_ext.dll
Event: 10.016 Attempting to load shared library C:\Users\Lucas Hernandez\.vscode\extensions\redhat.java-1.56.0-win32-x64\jre\21.0.12.1-win32-x86_64\bin\extnet.dll
Event: 10.019 Loaded shared library C:\Users\Lucas Hernandez\.vscode\extensions\redhat.java-1.56.0-win32-x64\jre\21.0.12.1-win32-x86_64\bin\extnet.dll
Event: 12.507 Attempting to load shared library C:\Users\Lucas Hernandez\.vscode\extensions\redhat.java-1.56.0-win32-x64\jre\21.0.12.1-win32-x86_64\bin\sunmscapi.dll
Event: 12.510 Loaded shared library C:\Users\Lucas Hernandez\.vscode\extensions\redhat.java-1.56.0-win32-x64\jre\21.0.12.1-win32-x86_64\bin\sunmscapi.dll

Deoptimization events (20 events):
Event: 159.849 Thread 0x0000024e7241d4c0 Uncommon trap: trap_request=0xffffffde fr.pc=0x0000024e6179f490 relative=0x0000000000000070
Event: 159.849 Thread 0x0000024e7241d4c0 Uncommon trap: reason=class_check action=maybe_recompile pc=0x0000024e6179f490 method=java.util.stream.StreamOpFlag.fromCharacteristics(Ljava/util/Spliterator;)I @ 14 c2
Event: 159.849 Thread 0x0000024e7241d4c0 DEOPT PACKING pc=0x0000024e6179f490 sp=0x000000dfaedfa040
Event: 159.849 Thread 0x0000024e7241d4c0 DEOPT UNPACKING pc=0x0000024e611d4422 sp=0x000000dfaedf9fd0 mode 2
Event: 220.767 Thread 0x0000024e7241d4c0 Uncommon trap: trap_request=0xffffffbe fr.pc=0x0000024e61be6590 relative=0x0000000000000470
Event: 220.767 Thread 0x0000024e7241d4c0 Uncommon trap: reason=profile_predicate action=maybe_recompile pc=0x0000024e61be6590 method=java.util.Collections.indexedBinarySearch(Ljava/util/List;Ljava/lang/Object;Ljava/util/Comparator;)I @ 15 c2
Event: 220.767 Thread 0x0000024e7241d4c0 DEOPT PACKING pc=0x0000024e61be6590 sp=0x000000dfaedf7fb0
Event: 220.767 Thread 0x0000024e7241d4c0 DEOPT UNPACKING pc=0x0000024e611d4422 sp=0x000000dfaedf7ef0 mode 2
Event: 220.794 Thread 0x0000024e7241d4c0 Uncommon trap: trap_request=0xffffffbe fr.pc=0x0000024e61be6590 relative=0x0000000000000470
Event: 220.794 Thread 0x0000024e7241d4c0 Uncommon trap: reason=profile_predicate action=maybe_recompile pc=0x0000024e61be6590 method=java.util.Collections.indexedBinarySearch(Ljava/util/List;Ljava/lang/Object;Ljava/util/Comparator;)I @ 15 c2
Event: 220.794 Thread 0x0000024e7241d4c0 DEOPT PACKING pc=0x0000024e61be6590 sp=0x000000dfaedf7fb0
Event: 220.794 Thread 0x0000024e7241d4c0 DEOPT UNPACKING pc=0x0000024e611d4422 sp=0x000000dfaedf7ef0 mode 2
Event: 220.814 Thread 0x0000024e7241d4c0 Uncommon trap: trap_request=0xffffffbe fr.pc=0x0000024e61be6590 relative=0x0000000000000470
Event: 220.814 Thread 0x0000024e7241d4c0 Uncommon trap: reason=profile_predicate action=maybe_recompile pc=0x0000024e61be6590 method=java.util.Collections.indexedBinarySearch(Ljava/util/List;Ljava/lang/Object;Ljava/util/Comparator;)I @ 15 c2
Event: 220.814 Thread 0x0000024e7241d4c0 DEOPT PACKING pc=0x0000024e61be6590 sp=0x000000dfaedf7fb0
Event: 220.814 Thread 0x0000024e7241d4c0 DEOPT UNPACKING pc=0x0000024e611d4422 sp=0x000000dfaedf7ef0 mode 2
Event: 220.814 Thread 0x0000024e7241d4c0 Uncommon trap: trap_request=0xffffffbe fr.pc=0x0000024e61be6590 relative=0x0000000000000470
Event: 220.814 Thread 0x0000024e7241d4c0 Uncommon trap: reason=profile_predicate action=maybe_recompile pc=0x0000024e61be6590 method=java.util.Collections.indexedBinarySearch(Ljava/util/List;Ljava/lang/Object;Ljava/util/Comparator;)I @ 15 c2
Event: 220.814 Thread 0x0000024e7241d4c0 DEOPT PACKING pc=0x0000024e61be6590 sp=0x000000dfaedf7fb0
Event: 220.814 Thread 0x0000024e7241d4c0 DEOPT UNPACKING pc=0x0000024e611d4422 sp=0x000000dfaedf7ef0 mode 2

Classes loaded (20 events):
Event: 116.786 Loading class java/io/ObjectStreamClass$1
Event: 116.792 Loading class java/io/ObjectStreamClass$1 done
Event: 116.792 Loading class java/io/ObjectStreamClass$MemberSignature
Event: 116.792 Loading class java/io/ObjectStreamClass$MemberSignature done
Event: 116.792 Loading class java/io/ObjectStreamClass$3
Event: 116.793 Loading class java/io/ObjectStreamClass$3 done
Event: 116.793 Loading class java/io/ObjectStreamClass$4
Event: 116.793 Loading class java/io/ObjectStreamClass$4 done
Event: 116.793 Loading class java/io/ObjectStreamClass$5
Event: 116.793 Loading class java/io/ObjectStreamClass$5 done
Event: 116.807 Loading class java/net/UrlDeserializedState
Event: 116.807 Loading class java/net/UrlDeserializedState done
Event: 116.808 Loading class java/net/Proxy
Event: 116.808 Loading class java/net/Proxy done
Event: 116.823 Loading class java/util/concurrent/CompletableFuture$AsyncRun
Event: 116.824 Loading class java/util/concurrent/CompletableFuture$AsyncRun done
Event: 118.710 Loading class jdk/internal/math/FormattedFPDecimal
Event: 118.710 Loading class jdk/internal/math/FormattedFPDecimal done
Event: 118.759 Loading class sun/text/resources/cldr/FormatData_en
Event: 118.782 Loading class sun/text/resources/cldr/FormatData_en done

Classes unloaded (0 events):
No events

Classes redefined (0 events):
No events

Internal exceptions (20 events):
Event: 116.798 Thread 0x0000024e6cba14b0 Exception <a 'java/lang/NoSuchMethodError'{0x00000000e84c6180}: static Lorg/gradle/tooling/internal/provider/serialization/WellKnownClassLoaderRegistry$KnownClassLoaderSpec;.<clinit>()V> (0x00000000e84c6180) 
thrown [s\src\hotspot\share\prims\jni.cpp, line 1111]
Event: 116.799 Thread 0x0000024e6cba14b0 Exception <a 'java/lang/NoSuchMethodError'{0x00000000e84c79c8}: static Lorg/gradle/internal/classloader/ClassLoaderSpec;.<clinit>()V> (0x00000000e84c79c8) 
thrown [s\src\hotspot\share\prims\jni.cpp, line 1111]
Event: 116.803 Thread 0x0000024e6cba14b0 Exception <a 'java/lang/NoSuchMethodError'{0x00000000e84da838}: static Lorg/gradle/internal/classloader/ClassLoaderSpec;.<clinit>()V> (0x00000000e84da838) 
thrown [s\src\hotspot\share\prims\jni.cpp, line 1111]
Event: 116.806 Thread 0x0000024e6cba14b0 Exception <a 'java/lang/NoSuchMethodError'{0x00000000e84e6bd8}: static Lorg/gradle/internal/classloader/VisitableURLClassLoader$Spec;.<clinit>()V> (0x00000000e84e6bd8) 
thrown [s\src\hotspot\share\prims\jni.cpp, line 1111]
Event: 119.407 Thread 0x0000024e6cba14b0 Exception <a 'java/lang/NoSuchMethodError'{0x00000000e8336e10}: static Lorg/gradle/internal/exceptions/LocationAwareException;.<clinit>()V> (0x00000000e8336e10) 
thrown [s\src\hotspot\share\prims\jni.cpp, line 1111]
Event: 119.408 Thread 0x0000024e6cba14b0 Exception <a 'java/lang/NoSuchMethodError'{0x00000000e8339990}: static Lorg/gradle/internal/exceptions/ContextAwareException;.<clinit>()V> (0x00000000e8339990) 
thrown [s\src\hotspot\share\prims\jni.cpp, line 1111]
Event: 119.408 Thread 0x0000024e6cba14b0 Exception <a 'java/lang/NoSuchMethodError'{0x00000000e80d1f20}: static Lorg/gradle/api/GradleException;.<clinit>()V> (0x00000000e80d1f20) 
thrown [s\src\hotspot\share\prims\jni.cpp, line 1111]
Event: 119.421 Thread 0x0000024e6cba14b0 Exception <a 'java/lang/NoSuchMethodError'{0x00000000e80dcdf8}: static [Ljava/lang/StackTraceElement;.<clinit>()V> (0x00000000e80dcdf8) 
thrown [s\src\hotspot\share\prims\jni.cpp, line 1111]
Event: 124.919 Thread 0x0000024e7241d4c0 Exception <a 'sun/nio/fs/WindowsException'{0x00000000e7b74cd0}> (0x00000000e7b74cd0) 
thrown [s\src\hotspot\share\prims\jni.cpp, line 520]
Event: 124.919 Thread 0x0000024e7241d4c0 Exception <a 'sun/nio/fs/WindowsException'{0x00000000e7b76218}> (0x00000000e7b76218) 
thrown [s\src\hotspot\share\prims\jni.cpp, line 520]
Event: 124.923 Thread 0x0000024e7241d4c0 Exception <a 'sun/nio/fs/WindowsException'{0x00000000e7b77750}> (0x00000000e7b77750) 
thrown [s\src\hotspot\share\prims\jni.cpp, line 520]
Event: 124.923 Thread 0x0000024e7241d4c0 Exception <a 'sun/nio/fs/WindowsException'{0x00000000e7b78870}> (0x00000000e7b78870) 
thrown [s\src\hotspot\share\prims\jni.cpp, line 520]
Event: 139.582 Thread 0x0000024e7241d4c0 Exception <a 'java/lang/ClassNotFoundException'{0x00000000efe79908}: build_d88hov32ofu4vsj1hxujsr8u1BeanInfo> (0x00000000efe79908) 
thrown [s\src\hotspot\share\classfile\systemDictionary.cpp, line 313]
Event: 139.583 Thread 0x0000024e7241d4c0 Exception <a 'java/lang/ClassNotFoundException'{0x00000000efd4c778}: build_d88hov32ofu4vsj1hxujsr8u1Customizer> (0x00000000efd4c778) 
thrown [s\src\hotspot\share\classfile\systemDictionary.cpp, line 313]
Event: 147.817 Thread 0x0000024e7241d4c0 Exception <a 'java/lang/ClassNotFoundException'{0x00000000ee159898}: build_d88hov32ofu4vsj1hxujsr8u1BeanInfo> (0x00000000ee159898) 
thrown [s\src\hotspot\share\classfile\systemDictionary.cpp, line 313]
Event: 147.824 Thread 0x0000024e7241d4c0 Exception <a 'java/lang/ClassNotFoundException'{0x00000000ee160238}: build_d88hov32ofu4vsj1hxujsr8u1Customizer> (0x00000000ee160238) 
thrown [s\src\hotspot\share\classfile\systemDictionary.cpp, line 313]
Event: 159.956 Thread 0x0000024e7241d4c0 Exception <a 'sun/nio/fs/WindowsException'{0x00000000ed81a728}> (0x00000000ed81a728) 
thrown [s\src\hotspot\share\prims\jni.cpp, line 520]
Event: 159.970 Thread 0x0000024e7241d4c0 Exception <a 'sun/nio/fs/WindowsException'{0x00000000ed81bc70}> (0x00000000ed81bc70) 
thrown [s\src\hotspot\share\prims\jni.cpp, line 520]
Event: 159.981 Thread 0x0000024e7241d4c0 Exception <a 'sun/nio/fs/WindowsException'{0x00000000ed81d1a8}> (0x00000000ed81d1a8) 
thrown [s\src\hotspot\share\prims\jni.cpp, line 520]
Event: 159.984 Thread 0x0000024e7241d4c0 Exception <a 'sun/nio/fs/WindowsException'{0x00000000ed81e2c8}> (0x00000000ed81e2c8) 
thrown [s\src\hotspot\share\prims\jni.cpp, line 520]

ZGC Phase Switch (0 events):
No events

VM Operations (20 events):
Event: 265.283 Executing safepoint VM operation: Cleanup
Event: 265.283 Executing safepoint VM operation: Cleanup done
Event: 267.309 Executing safepoint VM operation: Cleanup
Event: 267.309 Executing safepoint VM operation: Cleanup done
Event: 278.429 Executing safepoint VM operation: Cleanup
Event: 279.136 Executing safepoint VM operation: Cleanup done
Event: 280.136 Executing safepoint VM operation: Cleanup
Event: 280.136 Executing safepoint VM operation: Cleanup done
Event: 282.159 Executing safepoint VM operation: Cleanup
Event: 282.426 Executing safepoint VM operation: Cleanup done
Event: 293.529 Executing safepoint VM operation: Cleanup
Event: 293.530 Executing safepoint VM operation: Cleanup done
Event: 296.552 Executing safepoint VM operation: Cleanup
Event: 296.552 Executing safepoint VM operation: Cleanup done
Event: 300.809 Executing non-safepoint VM operation: HandshakeAllThreads (HandshakeForDeflation)
Event: 300.809 Executing non-safepoint VM operation: HandshakeAllThreads (HandshakeForDeflation) done
Event: 300.809 Executing non-safepoint VM operation: RendezvousGCThreads
Event: 300.809 Executing non-safepoint VM operation: RendezvousGCThreads done
Event: 307.885 Executing safepoint VM operation: Cleanup
Event: 307.885 Executing safepoint VM operation: Cleanup done

Memory protections (0 events):
No events

Nmethod flushes (20 events):
Event: 45.970 Thread 0x0000024e6c8324f0 flushing  nmethod 0x0000024e59df8990
Event: 45.970 Thread 0x0000024e6c8324f0 flushing  nmethod 0x0000024e59eefc10
Event: 45.970 Thread 0x0000024e6c8324f0 flushing  nmethod 0x0000024e59ef2010
Event: 45.970 Thread 0x0000024e6c8324f0 flushing  nmethod 0x0000024e59ef2390
Event: 45.970 Thread 0x0000024e6c8324f0 flushing  nmethod 0x0000024e59ef4410
Event: 45.970 Thread 0x0000024e6c8324f0 flushing  nmethod 0x0000024e59ef5c10
Event: 45.970 Thread 0x0000024e6c8324f0 flushing  nmethod 0x0000024e59f4ef10
Event: 45.970 Thread 0x0000024e6c8324f0 flushing  nmethod 0x0000024e59fbea90
Event: 45.970 Thread 0x0000024e6c8324f0 flushing  nmethod 0x0000024e59fc4010
Event: 45.970 Thread 0x0000024e6c8324f0 flushing  nmethod 0x0000024e5a007d90
Event: 45.970 Thread 0x0000024e6c8324f0 flushing  nmethod 0x0000024e5a00b190
Event: 45.970 Thread 0x0000024e6c8324f0 flushing  nmethod 0x0000024e5a00ba10
Event: 45.970 Thread 0x0000024e6c8324f0 flushing  nmethod 0x0000024e5a073d90
Event: 45.970 Thread 0x0000024e6c8324f0 flushing  nmethod 0x0000024e5a075f90
Event: 45.970 Thread 0x0000024e6c8324f0 flushing  nmethod 0x0000024e5a076510
Event: 45.970 Thread 0x0000024e6c8324f0 flushing  nmethod 0x0000024e5a0b0b90
Event: 45.970 Thread 0x0000024e6c8324f0 flushing  nmethod 0x0000024e5a291c10
Event: 45.970 Thread 0x0000024e6c8324f0 flushing  nmethod 0x0000024e5a11df10
Event: 45.970 Thread 0x0000024e6c8324f0 flushing  nmethod 0x0000024e5a11ea10
Event: 45.970 Thread 0x0000024e6c8324f0 flushing  nmethod 0x0000024e5a11fa90

Events (20 events):
Event: 156.672 Thread 0x0000024e7241d4c0 Thread added: 0x0000024e72d98f90
Event: 156.744 Thread 0x0000024e7241d4c0 Thread added: 0x0000024e72d96ec0
Event: 156.753 Thread 0x0000024e7241d4c0 Thread added: 0x0000024e7358b300
Event: 157.461 Thread 0x0000024e7241d4c0 Thread added: 0x0000024e73587e80
Event: 157.516 Thread 0x0000024e7241d4c0 Thread added: 0x0000024e7358b990
Event: 158.090 Thread 0x0000024e7241d4c0 Thread added: 0x0000024e73588ba0
Event: 158.972 Thread 0x0000024e7241d4c0 Thread added: 0x0000024e7358a5e0
Event: 159.262 Thread 0x0000024e7241d4c0 Thread added: 0x0000024e73588510
Event: 209.292 Thread 0x0000024e73589230 Thread exited: 0x0000024e73589230
Event: 279.182 Thread 0x0000024e7241d4c0 Thread added: 0x0000024e7358c6b0
Event: 279.184 Thread 0x0000024e7241d4c0 Thread added: 0x0000024e7358c020
Event: 279.186 Thread 0x0000024e7241d4c0 Thread added: 0x0000024e73589230
Event: 279.186 Thread 0x0000024e7241d4c0 Thread added: 0x0000024e7358cd40
Event: 279.187 Thread 0x0000024e7241d4c0 Thread added: 0x0000024e7358ac70
Event: 279.188 Thread 0x0000024e7241d4c0 Thread added: 0x0000024e735898c0
Event: 279.190 Thread 0x0000024e7241d4c0 Thread added: 0x0000024e7358da60
Event: 279.190 Thread 0x0000024e7241d4c0 Thread added: 0x0000024e7358e780
Event: 279.191 Thread 0x0000024e7241d4c0 Thread added: 0x0000024e7358ee10
Event: 279.192 Thread 0x0000024e7241d4c0 Thread added: 0x0000024e7358f4a0
Event: 279.192 Thread 0x0000024e7241d4c0 Thread added: 0x0000024e71bf9120


Dynamic libraries:
0x00007ff61a400000 - 0x00007ff61a40e000 	C:\Users\Lucas Hernandez\.vscode\extensions\redhat.java-1.56.0-win32-x64\jre\21.0.12.1-win32-x86_64\bin\java.exe
0x00007ffa77d80000 - 0x00007ffa77fe7000 	C:\WINDOWS\SYSTEM32\ntdll.dll
0x00007ffa765c0000 - 0x00007ffa7668b000 	C:\WINDOWS\System32\KERNEL32.DLL
0x00007ffa74f80000 - 0x00007ffa75382000 	C:\WINDOWS\System32\KERNELBASE.dll
0x00007ffa75940000 - 0x00007ffa75a8c000 	C:\WINDOWS\System32\ucrtbase.dll
0x00007ffa54440000 - 0x00007ffa54458000 	C:\Users\Lucas Hernandez\.vscode\extensions\redhat.java-1.56.0-win32-x64\jre\21.0.12.1-win32-x86_64\bin\jli.dll
0x00007ffa76d80000 - 0x00007ffa76f4f000 	C:\WINDOWS\System32\USER32.dll
0x00007ffa75630000 - 0x00007ffa75657000 	C:\WINDOWS\System32\win32u.dll
0x00007ffa76590000 - 0x00007ffa765bb000 	C:\WINDOWS\System32\GDI32.dll
0x00007ffa75390000 - 0x00007ffa754b9000 	C:\WINDOWS\System32\gdi32full.dll
0x00007ffa75580000 - 0x00007ffa75623000 	C:\WINDOWS\System32\msvcp_win.dll
0x00007ffa55230000 - 0x00007ffa5524e000 	C:\Users\Lucas Hernandez\.vscode\extensions\redhat.java-1.56.0-win32-x64\jre\21.0.12.1-win32-x86_64\bin\VCRUNTIME140.dll
0x00007ffa626a0000 - 0x00007ffa62930000 	C:\WINDOWS\WinSxS\amd64_microsoft.windows.common-controls_6595b64144ccf1df_6.0.26100.9278_none_3e0d1ba8e3303201\COMCTL32.dll
0x00007ffa77060000 - 0x00007ffa77109000 	C:\WINDOWS\System32\msvcrt.dll
0x00007ffa75db0000 - 0x00007ffa75de1000 	C:\WINDOWS\System32\IMM32.DLL
0x00007ffa60070000 - 0x00007ffa6007c000 	C:\Users\Lucas Hernandez\.vscode\extensions\redhat.java-1.56.0-win32-x64\jre\21.0.12.1-win32-x86_64\bin\vcruntime140_1.dll
0x00007ffa258a0000 - 0x00007ffa2592d000 	C:\Users\Lucas Hernandez\.vscode\extensions\redhat.java-1.56.0-win32-x64\jre\21.0.12.1-win32-x86_64\bin\msvcp140.dll
0x00007ff9a90d0000 - 0x00007ff9a9e72000 	C:\Users\Lucas Hernandez\.vscode\extensions\redhat.java-1.56.0-win32-x64\jre\21.0.12.1-win32-x86_64\bin\server\jvm.dll
0x00007ffa76b60000 - 0x00007ffa76c1c000 	C:\WINDOWS\System32\ADVAPI32.dll
0x00007ffa771a0000 - 0x00007ffa77249000 	C:\WINDOWS\System32\sechost.dll
0x00007ffa76a40000 - 0x00007ffa76b58000 	C:\WINDOWS\System32\RPCRT4.dll
0x00007ffa75c10000 - 0x00007ffa75c90000 	C:\WINDOWS\System32\WS2_32.dll
0x00007ffa74e00000 - 0x00007ffa74e5e000 	C:\WINDOWS\SYSTEM32\POWRPROF.dll
0x00007ffa6c150000 - 0x00007ffa6c186000 	C:\WINDOWS\SYSTEM32\WINMM.dll
0x00007ffa6cd30000 - 0x00007ffa6cd3b000 	C:\WINDOWS\SYSTEM32\VERSION.dll
0x00007ffa74de0000 - 0x00007ffa74df5000 	C:\WINDOWS\SYSTEM32\UMPDC.dll
0x00007ffa73c30000 - 0x00007ffa73c4b000 	C:\WINDOWS\SYSTEM32\kernel.appcore.dll
0x00007ffa5ff20000 - 0x00007ffa5ff2a000 	C:\Users\Lucas Hernandez\.vscode\extensions\redhat.java-1.56.0-win32-x64\jre\21.0.12.1-win32-x86_64\bin\jimage.dll
0x00007ffa68aa0000 - 0x00007ffa68cec000 	C:\WINDOWS\SYSTEM32\DBGHELP.DLL
0x00007ffa766b0000 - 0x00007ffa76a35000 	C:\WINDOWS\System32\combase.dll
0x00007ffa776e0000 - 0x00007ffa777b9000 	C:\WINDOWS\System32\OLEAUT32.dll
0x00007ffa5e7b0000 - 0x00007ffa5e7eb000 	C:\WINDOWS\SYSTEM32\dbgcore.DLL
0x00007ffa75880000 - 0x00007ffa7592c000 	C:\WINDOWS\System32\bcryptPrimitives.dll
0x00007ffa58db0000 - 0x00007ffa58dbf000 	C:\Users\Lucas Hernandez\.vscode\extensions\redhat.java-1.56.0-win32-x64\jre\21.0.12.1-win32-x86_64\bin\instrument.dll
0x00007ffa54380000 - 0x00007ffa543a0000 	C:\Users\Lucas Hernandez\.vscode\extensions\redhat.java-1.56.0-win32-x64\jre\21.0.12.1-win32-x86_64\bin\java.dll
0x00007ffa75df0000 - 0x00007ffa76588000 	C:\WINDOWS\System32\SHELL32.dll
0x00007ffa729c0000 - 0x00007ffa7326e000 	C:\WINDOWS\SYSTEM32\windows.storage.dll
0x00007ffa76f60000 - 0x00007ffa7705b000 	C:\WINDOWS\System32\SHCORE.dll
0x00007ffa77b40000 - 0x00007ffa77ba6000 	C:\WINDOWS\System32\shlwapi.dll
0x00007ffa74ea0000 - 0x00007ffa74ec9000 	C:\WINDOWS\SYSTEM32\profapi.dll
0x00007ffa54120000 - 0x00007ffa54138000 	C:\Users\Lucas Hernandez\.vscode\extensions\redhat.java-1.56.0-win32-x64\jre\21.0.12.1-win32-x86_64\bin\zip.dll
0x00007ffa5f810000 - 0x00007ffa5f820000 	C:\Users\Lucas Hernandez\.vscode\extensions\redhat.java-1.56.0-win32-x64\jre\21.0.12.1-win32-x86_64\bin\net.dll
0x00007ffa6ca10000 - 0x00007ffa6cb3a000 	C:\WINDOWS\SYSTEM32\WINHTTP.dll
0x00007ffa74210000 - 0x00007ffa7427c000 	C:\WINDOWS\system32\mswsock.dll
0x00007ffa53680000 - 0x00007ffa53696000 	C:\Users\Lucas Hernandez\.vscode\extensions\redhat.java-1.56.0-win32-x64\jre\21.0.12.1-win32-x86_64\bin\nio.dll
0x00007ffa57e70000 - 0x00007ffa57e80000 	C:\Users\Lucas Hernandez\.vscode\extensions\redhat.java-1.56.0-win32-x64\jre\21.0.12.1-win32-x86_64\bin\verify.dll
0x00007ffa3c3e0000 - 0x00007ffa3c407000 	C:\Users\Lucas Hernandez\.gradle\native\c067742578af261105cb4f569cf0c3c89f3d7b1fecec35dd04571415982c5e48\windows-amd64\native-platform.dll
0x00007ff9ff5b0000 - 0x00007ff9ff6f4000 	C:\Users\Lucas Hernandez\.gradle\native\100fb08df4bc3b14c8652ba06237920a3bd2aa13389f12d3474272988ae205f9\windows-amd64\native-platform-file-events.dll
0x00007ffa6fe70000 - 0x00007ffa6fe7a000 	C:\Users\Lucas Hernandez\.vscode\extensions\redhat.java-1.56.0-win32-x64\jre\21.0.12.1-win32-x86_64\bin\management.dll
0x00007ffa6fe60000 - 0x00007ffa6fe6c000 	C:\Users\Lucas Hernandez\.vscode\extensions\redhat.java-1.56.0-win32-x64\jre\21.0.12.1-win32-x86_64\bin\management_ext.dll
0x00007ffa77c00000 - 0x00007ffa77c08000 	C:\WINDOWS\System32\PSAPI.DLL
0x00007ffa74520000 - 0x00007ffa7453b000 	C:\WINDOWS\SYSTEM32\CRYPTSP.dll
0x00007ffa73b90000 - 0x00007ffa73bc9000 	C:\WINDOWS\system32\rsaenh.dll
0x00007ffa742c0000 - 0x00007ffa742f4000 	C:\WINDOWS\SYSTEM32\USERENV.dll
0x00007ffa74e70000 - 0x00007ffa74e9a000 	C:\WINDOWS\SYSTEM32\bcrypt.dll
0x00007ffa74500000 - 0x00007ffa7450c000 	C:\WINDOWS\SYSTEM32\CRYPTBASE.dll
0x00007ffa735d0000 - 0x00007ffa73603000 	C:\WINDOWS\SYSTEM32\IPHLPAPI.DLL
0x00007ffa77c10000 - 0x00007ffa77c1a000 	C:\WINDOWS\System32\NSI.dll
0x00007ffa60960000 - 0x00007ffa60969000 	C:\Users\Lucas Hernandez\.vscode\extensions\redhat.java-1.56.0-win32-x64\jre\21.0.12.1-win32-x86_64\bin\extnet.dll
0x00007ffa60950000 - 0x00007ffa6095e000 	C:\Users\Lucas Hernandez\.vscode\extensions\redhat.java-1.56.0-win32-x64\jre\21.0.12.1-win32-x86_64\bin\sunmscapi.dll
0x00007ffa756f0000 - 0x00007ffa7586e000 	C:\WINDOWS\System32\CRYPT32.dll
0x00007ffa74740000 - 0x00007ffa74770000 	C:\WINDOWS\SYSTEM32\ncrypt.dll
0x00007ffa746f0000 - 0x00007ffa7472f000 	C:\WINDOWS\SYSTEM32\NTASN1.dll
0x00007ffa3a230000 - 0x00007ffa3a238000 	C:\WINDOWS\system32\wshunix.dll

JVMTI agents:
C:\Users\Lucas Hernandez\.gradle\wrapper\dists\gradle-8.9-bin\90cnw93cvbtalezasaz0blq0a\gradle-8.9\lib\agents\gradle-instrumentation-agent-8.9.jar path:C:\Users\Lucas Hernandez\.vscode\extensions\redhat.java-1.56.0-win32-x64\jre\21.0.12.1-win32-x86_64\bin\instrument.dll, loaded, initialized, instrumentlib options:none

dbghelp: loaded successfully - version: 4.0.5 - missing functions: none
symbol engine: initialized successfully - sym options: 0x614 - pdb path: .;C:\Users\Lucas Hernandez\.vscode\extensions\redhat.java-1.56.0-win32-x64\jre\21.0.12.1-win32-x86_64\bin;C:\WINDOWS\SYSTEM32;C:\WINDOWS\WinSxS\amd64_microsoft.windows.common-controls_6595b64144ccf1df_6.0.26100.9278_none_3e0d1ba8e3303201;C:\Users\Lucas Hernandez\.vscode\extensions\redhat.java-1.56.0-win32-x64\jre\21.0.12.1-win32-x86_64\bin\server;C:\Users\Lucas Hernandez\.gradle\native\c067742578af261105cb4f569cf0c3c89f3d7b1fecec35dd04571415982c5e48\windows-amd64;C:\Users\Lucas Hernandez\.gradle\native\100fb08df4bc3b14c8652ba06237920a3bd2aa13389f12d3474272988ae205f9\windows-amd64

VM Arguments:
jvm_args: --add-opens=java.base/java.util=ALL-UNNAMED --add-opens=java.base/java.lang=ALL-UNNAMED --add-opens=java.base/java.lang.invoke=ALL-UNNAMED --add-opens=java.prefs/java.util.prefs=ALL-UNNAMED --add-exports=jdk.compiler/com.sun.tools.javac.api=ALL-UNNAMED --add-exports=jdk.compiler/com.sun.tools.javac.util=ALL-UNNAMED --add-opens=java.base/java.nio.charset=ALL-UNNAMED --add-opens=java.base/java.net=ALL-UNNAMED --add-opens=java.base/java.util.concurrent.atomic=ALL-UNNAMED -XX:MaxMetaspaceSize=384m -XX:+HeapDumpOnOutOfMemoryError -Xms256m -Xmx512m -Dfile.encoding=utf8 -Duser.country=ES -Duser.language=es -Duser.variant -javaagent:C:\Users\Lucas Hernandez\.gradle\wrapper\dists\gradle-8.9-bin\90cnw93cvbtalezasaz0blq0a\gradle-8.9\lib\agents\gradle-instrumentation-agent-8.9.jar 
java_command: org.gradle.launcher.daemon.bootstrap.GradleDaemon 8.9
java_class_path (initial): C:\Users\Lucas Hernandez\.gradle\wrapper\dists\gradle-8.9-bin\90cnw93cvbtalezasaz0blq0a\gradle-8.9\lib\gradle-daemon-main-8.9.jar
Launcher Type: SUN_STANDARD

[Global flags]
     intx CICompilerCount                          = 4                                         {product} {ergonomic}
   size_t CompressedClassSpaceSize                 = 335544320                                 {product} {ergonomic}
     uint ConcGCThreads                            = 3                                         {product} {ergonomic}
     uint G1ConcRefinementThreads                  = 10                                        {product} {ergonomic}
   size_t G1HeapRegionSize                         = 1048576                                   {product} {ergonomic}
    uintx GCDrainStackTargetSize                   = 64                                        {product} {ergonomic}
     bool HeapDumpOnOutOfMemoryError               = true                                   {manageable} {command line}
   size_t InitialHeapSize                          = 268435456                                 {product} {command line}
   size_t MarkStackSize                            = 4194304                                   {product} {ergonomic}
   size_t MaxHeapSize                              = 536870912                                 {product} {command line}
   size_t MaxMetaspaceSize                         = 402653184                                 {product} {command line}
   size_t MaxNewSize                               = 321912832                                 {product} {ergonomic}
   size_t MinHeapDeltaBytes                        = 1048576                                   {product} {ergonomic}
   size_t MinHeapSize                              = 268435456                                 {product} {command line}
    uintx NonNMethodCodeHeapSize                   = 5839372                                {pd product} {ergonomic}
    uintx NonProfiledCodeHeapSize                  = 122909434                              {pd product} {ergonomic}
    uintx ProfiledCodeHeapSize                     = 122909434                              {pd product} {ergonomic}
    uintx ReservedCodeCacheSize                    = 251658240                              {pd product} {ergonomic}
     bool SegmentedCodeCache                       = true                                      {product} {ergonomic}
   size_t SoftMaxHeapSize                          = 536870912                              {manageable} {ergonomic}
     bool UseCompressedOops                        = true                           {product lp64_product} {ergonomic}
     bool UseG1GC                                  = true                                      {product} {ergonomic}
     bool UseLargePagesIndividualAllocation        = false                                  {pd product} {ergonomic}

Logging:
Log output configuration:
 #0: stdout all=warning uptime,level,tags foldmultilines=false
 #1: stderr all=off uptime,level,tags foldmultilines=false

Release file:
JAVA_VERSION="21.0.12.1" 
MODULES="java.base java.compiler java.datatransfer java.xml java.prefs java.desktop java.instrument java.logging java.management java.security.sasl java.naming java.rmi java.management.rmi java.net.http java.scripting java.security.jgss java.transaction.xa java.sql java.sql.rowset java.xml.crypto java.se java.smartcardio jdk.accessibility jdk.internal.jvmstat jdk.attach jdk.charsets jdk.internal.opt jdk.zipfs jdk.compiler jdk.crypto.ec jdk.crypto.cryptoki jdk.crypto.mscapi jdk.dynalink jdk.internal.ed jdk.editpad jdk.hotspot.agent jdk.httpserver jdk.internal.le jdk.internal.vm.ci jdk.internal.vm.compiler jdk.internal.vm.compiler.management jdk.jartool jdk.javadoc jdk.jcmd jdk.management jdk.management.agent jdk.jconsole jdk.jdeps jdk.jdwp.agent jdk.jdi jdk.jfr jdk.jshell jdk.jsobject jdk.jstatd jdk.localedata jdk.management.jfr jdk.naming.dns jdk.naming.rmi jdk.net jdk.nio.mapmode jdk.random jdk.sctp jdk.security.auth jdk.security.jgss jdk.unsupported jdk.unsupported.desktop jdk.xml.dom" 

Environment Variables:
JAVA_HOME=C:\Program Files\Eclipse Adoptium\jdk-17.0.20.101-hotspot\
PATH=C:\Program Files\Eclipse Adoptium\jdk-17.0.20.101-hotspot\bin;C:\Users\Lucas Hernandez\AppData\Local\Programs\Python\Python314\Scripts\;C:\Users\Lucas Hernandez\AppData\Local\Programs\Python\Python314\;C:\app\dbhomeXE\bin;C:\WINDOWS\system32;C:\WINDOWS;C:\WINDOWS\System32\Wbem;C:\WINDOWS\System32\WindowsPowerShell\v1.0\;C:\WINDOWS\System32\OpenSSH\;C:\Program Files\Docker\Docker\resources\bin;C:\Program Files\nodejs\;C:\ProgramData\chocolatey\bin;C:\Program Files\dotnet\;C:\Program Files\Git\cmd;C:\Program Files\MySQL\MySQL Shell 8.0\bin\;C:\Users\Lucas Hernandez\AppData\Local\Microsoft\WindowsApps;C:\Program Files\JetBrains\IntelliJ IDEA 2025.2.2\bin;C:\Users\Lucas Hernandez\AppData\Local\GitHubDesktop\bin;C:\Users\Lucas Hernandez\AppData\Local\Programs\Microsoft VS Code\bin;C:\Users\Lucas Hernandez\AppData\Local\Python\bin;C:\Users\Lucas Hernandez\AppData\Local\Programs\cursor\resources\app\bin;C:\Users\Lucas Hernandez\AppData\Roaming\npm;C:\src\flutter\bin;;C:\Android\sdk\platform-tools;C:\Android\sdk\cmdline-tools\latest\bin;C:\Android\sdk\emulator
USERNAME=Lucas Hernandez
OS=Windows_NT
PROCESSOR_IDENTIFIER=AMD64 Family 23 Model 104 Stepping 1, AuthenticAMD
TMP=C:\Users\LUCASH~1\AppData\Local\Temp
TEMP=C:\Users\LUCASH~1\AppData\Local\Temp




Periodic native trim disabled

---------------  S Y S T E M  ---------------

OS:
 Windows 11 , 64 bit Build 26100 (10.0.26100.9444)
OS uptime: 11 days 19:00 hours
Hyper-V role detected

CPU: total 12 (initial active 12) (12 cores per cpu, 2 threads per core) family 23 model 104 stepping 1 microcode 0x8608103, cx8, cmov, fxsr, ht, mmx, 3dnowpref, sse, sse2, sse3, ssse3, sse4a, sse4.1, sse4.2, popcnt, lzcnt, tsc, tscinvbit, avx, avx2, aes, clmul, bmi1, bmi2, adx, sha, fma, vzeroupper, clflush, clflushopt, hv, rdtscp, rdpid, f16c
Processor Information for the first 12 processors :
  Max Mhz: 2100, Current Mhz: 2100, Mhz Limit: 2100

Memory: 4k page, system-wide physical 15754M (623M free)
TotalPageFile size 64906M (AvailPageFile size 1M)
current process WorkingSet (physical memory assigned to process): 78M, peak: 358M
current process commit charge ("private bytes"): 475M, peak: 498M

vm_info: OpenJDK 64-Bit Server VM (21.0.12.1+1-LTS) for windows-amd64 JRE (21.0.12.1+1-LTS), built on 2026-08-18T00:00:00Z by "admin" with MS VC++ 17.12 (VS2022)

END.
